[2026-05-06 12:05:31] GAME CREATED
[2026-05-06 12:05:36] PLAYER JOINED: chetan as lawn green
[2026-05-06 12:05:40] PLAYER JOINED: asha as gray0
[2026-05-06 12:05:43] GAME STARTED — turn order: ['lawn green', 'gray0']
[2026-05-06 12:05:43] MOVE chetan (lawn green): 20→18 [0.6ms]
[2026-05-06 12:05:44] MOVE asha (gray0): 75→56 [0.1ms]
[2026-05-06 12:05:44] MOVE chetan (lawn green): 22→43 [0.1ms]
[2026-05-06 12:05:44] MOVE asha (gray0): 98→77 [0.2ms]
[2026-05-06 12:05:44] MOVE chetan (lawn green): 19→17 [0.1ms]
[2026-05-06 12:05:44] MOVE asha (gray0): 65→47 [0.1ms]
[2026-05-06 12:05:45] MOVE chetan (lawn green): 33→29 [0.1ms]
[2026-05-06 12:05:45] MOVE asha (gray0): 87→48 [0.1ms]
[2026-05-06 12:05:45] MOVE chetan (lawn green): 17→40 [0.1ms]
[2026-05-06 12:05:45] MOVE asha (gray0): 47→49 [0.1ms]
[2026-05-06 12:05:45] MOVE chetan (lawn green): 29→50 [0.1ms]
[2026-05-06 12:05:45] MOVE asha (gray0): 88→47 [0.3ms]
[2026-05-06 12:05:46] MOVE chetan (lawn green): 40→57 [0.1ms]
[2026-05-06 12:05:46] MOVE asha (gray0): 56→39 [0.1ms]
[2026-05-06 12:05:46] MOVE chetan (lawn green): 50→59 [0.1ms]
[2026-05-06 12:05:46] MOVE asha (gray0): 49→28 [0.3ms]
[2026-05-06 12:05:46] MOVE chetan (lawn green): 57→56 [0.1ms]
[2026-05-06 12:05:46] MOVE asha (gray0): 39→16 [0.1ms]
[2026-05-06 12:05:47] MOVE chetan (lawn green): 56→65 [0.2ms]
[2026-05-06 12:05:47] MOVE asha (gray0): 100→60 [0.1ms]
[2026-05-06 12:05:47] MOVE chetan (lawn green): 44→15 [0.1ms]
[2026-05-06 12:05:47] MOVE asha (gray0): 47→51 [0.1ms]
[2026-05-06 12:05:47] MOVE chetan (lawn green): 59→58 [0.2ms]
[2026-05-06 12:05:47] MOVE asha (gray0): 60→41 [0.2ms]
[2026-05-06 12:05:47] MOVE chetan (lawn green): 15→14 [0.1ms]
[2026-05-06 12:05:48] MOVE asha (gray0): 51→30 [0.1ms]
[2026-05-06 12:05:48] MOVE chetan (lawn green): 58→57 [0.1ms]
[2026-05-06 12:05:48] MOVE asha (gray0): 16→17 [0.1ms]
[2026-05-06 12:05:48] MOVE chetan (lawn green): 18→39 [0.1ms]
[2026-05-06 12:05:48] MOVE asha (gray0): 17→44 [0.1ms]
[2026-05-06 12:05:48] MOVE chetan (lawn green): 57→56 [0.1ms]
[2026-05-06 12:05:49] MOVE asha (gray0): 41→18 [0.1ms]
[2026-05-06 12:05:49] MOVE chetan (lawn green): 56→98 [0.1ms]
[2026-05-06 12:05:49] MOVE asha (gray0): 18→19 [0.1ms]
[2026-05-06 12:05:49] MOVE chetan (lawn green): 45→41 [0.1ms]
[2026-05-06 12:05:49] MOVE asha (gray0): 30→18 [0.5ms]
[2026-05-06 12:05:49] MOVE chetan (lawn green): 39→38 [0.1ms]
[2026-05-06 12:05:49] MOVE asha (gray0): 18→22 [0.1ms]
[2026-05-06 12:05:50] MOVE chetan (lawn green): 14→26 [0.2ms]
[2026-05-06 12:05:50] MOVE asha (gray0): 48→29 [0.1ms]
[2026-05-06 12:05:50] MOVE chetan (lawn green): 41→37 [0.1ms]
[2026-05-06 12:05:50] MOVE asha (gray0): 28→30 [0.4ms]
[2026-05-06 12:05:50] MOVE chetan (lawn green): 26→47 [0.1ms]
[2026-05-06 12:05:50] MOVE asha (gray0): 29→33 [0.1ms]
[2026-05-06 12:05:51] MOVE chetan (lawn green): 37→75 [0.1ms]
[2026-05-06 12:05:51] MOVE asha (gray0): 30→18 [1.5ms]
[2026-05-06 12:05:51] MOVE chetan (lawn green): 47→56 [0.1ms]
[2026-05-06 12:05:51] MOVE asha (gray0): 18→45 [0.1ms]
[2026-05-06 12:05:51] MOVE chetan (lawn green): 38→37 [0.1ms]
[2026-05-06 12:05:51] MOVE asha (gray0): 76→78 [0.1ms]
[2026-05-06 12:05:52] MOVE chetan (lawn green): 32→53 [0.1ms]
[2026-05-06 12:05:52] MOVE asha (gray0): 77→79 [0.1ms]
[2026-05-06 12:05:52] MOVE chetan (lawn green): 37→47 [0.1ms]
[2026-05-06 12:05:52] MOVE asha (gray0): 78→80 [0.1ms]
[2026-05-06 12:05:52] MOVE chetan (lawn green): 43→62 [0.1ms]
[2026-05-06 12:05:52] MOVE asha (gray0): 79→81 [0.1ms]
[2026-05-06 12:05:52] MOVE chetan (lawn green): 53→69 [0.1ms]
[2026-05-06 12:05:53] MOVE asha (gray0): 80→82 [0.1ms]
[2026-05-06 12:05:53] MOVE chetan (lawn green): 62→61 [0.1ms]
[2026-05-06 12:05:53] MOVE asha (gray0): 81→83 [0.1ms]
[2026-05-06 12:05:53] MOVE chetan (lawn green): 69→68 [0.1ms]
[2026-05-06 12:05:53] MOVE asha (gray0): 82→84 [0.3ms]
[2026-05-06 12:05:53] MOVE chetan (lawn green): 61→60 [0.1ms]
[2026-05-06 12:05:54] MOVE asha (gray0): 83→73 [0.1ms]
[2026-05-06 12:05:54] MOVE chetan (lawn green): 68→67 [0.1ms]
[2026-05-06 12:05:54] MOVE asha (gray0): 84→63 [0.1ms]
[2026-05-06 12:05:54] MOVE chetan (lawn green): 60→59 [0.1ms]
[2026-05-06 12:05:54] MOVE asha (gray0): 73→64 [0.1ms]
[2026-05-06 12:05:54] MOVE chetan (lawn green): 67→66 [0.1ms]
[2026-05-06 12:05:54] MOVE asha (gray0): 63→54 [0.1ms]
[2026-05-06 12:05:55] MOVE chetan (lawn green): 66→76 [0.1ms]
[2026-05-06 12:05:55] MOVE asha (gray0): 64→43 [0.1ms]
[2026-05-06 12:05:55] MOVE chetan (lawn green): 34→53 [0.1ms]
[2026-05-06 12:05:55] MOVE asha (gray0): 43→32 [0.1ms]
[2026-05-06 12:05:55] MOVE chetan (lawn green): 59→58 [0.1ms]
[2026-05-06 12:05:55] MOVE asha (gray0): 54→43 [0.1ms]
[2026-05-06 12:05:56] MOVE chetan (lawn green): 53→52 [0.1ms]
[2026-05-06 12:05:56] MOVE asha (gray0): 43→20 [0.1ms]
[2026-05-06 12:05:56] MOVE chetan (lawn green): 58→57 [0.2ms]
[2026-05-06 12:05:56] MOVE asha (gray0): 101→89 [0.1ms]
[2026-05-06 12:05:56] MOVE chetan (lawn green): 52→51 [0.1ms]
[2026-05-06 12:05:56] MOVE asha (gray0): 86→87 [0.1ms]
[2026-05-06 12:05:56] MOVE chetan (lawn green): 57→66 [0.1ms]
[2026-05-06 12:05:57] MOVE asha (gray0): 89→78 [0.1ms]
[2026-05-06 12:05:57] MOVE chetan (lawn green): 51→50 [0.1ms]
[2026-05-06 12:05:57] MOVE asha (gray0): 87→88 [0.1ms]
[2026-05-06 12:05:57] MOVE chetan (lawn green): 56→100 [0.2ms]
[2026-05-06 12:05:57] MOVE asha (gray0): 78→68 [0.1ms]
[2026-05-06 12:05:57] MOVE chetan (lawn green): 66→87 [0.1ms]
[2026-05-06 12:05:58] MOVE asha (gray0): 99→101 [0.1ms]
[2026-05-06 12:05:58] MOVE chetan (lawn green): 47→56 [0.1ms]
[2026-05-06 12:05:58] MOVE asha (gray0): 68→59 [0.1ms]
[2026-05-06 12:05:58] MOVE chetan (lawn green): 50→68 [0.1ms]
[2026-05-06 12:05:58] MOVE asha (gray0): 88→77 [0.1ms]
[2026-05-06 12:05:58] MOVE chetan (lawn green): 56→66 [0.1ms]
[2026-05-06 12:05:58] MOVE asha (gray0): 59→50 [0.1ms]
[2026-05-06 12:05:59] MOVE chetan (lawn green): 68→67 [0.1ms]
[2026-05-06 12:05:59] MOVE asha (gray0): 77→58 [0.1ms]
[2026-05-06 12:05:59] MOVE chetan (lawn green): 66→77 [0.1ms]
[2026-05-06 12:05:59] MOVE asha (gray0): 50→40 [0.1ms]
[2026-05-06 12:05:59] MOVE chetan (lawn green): 67→86 [0.1ms]
[2026-05-06 12:05:59] MOVE asha (gray0): 58→49 [0.1ms]
[2026-05-06 12:06:00] MOVE chetan (lawn green): 77→88 [0.1ms]
[2026-05-06 12:06:00] MOVE asha (gray0): 40→29 [0.1ms]
[2026-05-06 12:06:00] MOVE chetan (lawn green): 55→54 [0.1ms]
[2026-05-06 12:06:00] MOVE asha (gray0): 49→39 [0.0ms]
[2026-05-06 12:06:00] MOVE chetan (lawn green): 21→34 [0.1ms]
[2026-05-06 12:06:00] MOVE asha (gray0): 29→17 [0.1ms]
[2026-05-06 12:06:01] MOVE chetan (lawn green): 54→53 [0.1ms]
[2026-05-06 12:06:01] MOVE asha (gray0): 39→28 [0.1ms]
[2026-05-06 12:06:01] MOVE chetan (lawn green): 34→55 [0.1ms]
[2026-05-06 12:06:01] MOVE asha (gray0): 17→18 [0.1ms]
[2026-05-06 12:06:01] MOVE chetan (lawn green): 53→52 [0.2ms]
[2026-05-06 12:06:01] MOVE asha (gray0): 28→16 [0.1ms]
[2026-05-06 12:06:01] MOVE chetan (lawn green): 55→54 [0.1ms]
[2026-05-06 12:06:02] MOVE asha (gray0): 18→31 [0.1ms]
[2026-05-06 12:06:02] MOVE chetan (lawn green): 52→51 [0.1ms]
[2026-05-06 12:06:02] MOVE asha (gray0): 16→17 [0.1ms]
[2026-05-06 12:06:02] MOVE chetan (lawn green): 54→53 [0.1ms]
[2026-05-06 12:06:02] MOVE asha (gray0): 31→43 [0.2ms]
[2026-05-06 12:06:02] MOVE chetan (lawn green): 51→50 [0.1ms]
[2026-05-06 12:06:02] MOVE asha (gray0): 17→18 [0.1ms]
[2026-05-06 12:06:03] MOVE chetan (lawn green): 53→52 [0.1ms]
[2026-05-06 12:06:03] MOVE asha (gray0): 43→54 [2.7ms]
[2026-05-06 12:06:03] MOVE chetan (lawn green): 50→49 [0.1ms]
[2026-05-06 12:06:03] MOVE asha (gray0): 54→55 [0.1ms]
[2026-05-06 12:06:03] MOVE chetan (lawn green): 52→51 [0.1ms]
[2026-05-06 12:06:03] MOVE asha (gray0): 18→31 [0.5ms]
[2026-05-06 12:06:04] MOVE chetan (lawn green): 49→48 [0.1ms]
[2026-05-06 12:06:04] MOVE asha (gray0): 101→89 [0.1ms]
[2026-05-06 12:06:04] MOVE chetan (lawn green): 51→50 [0.1ms]
[2026-05-06 12:06:04] MOVE asha (gray0): 31→43 [0.1ms]
[2026-05-06 12:06:04] MOVE chetan (lawn green): 48→47 [0.1ms]
[2026-05-06 12:06:04] MOVE asha (gray0): 89→78 [0.1ms]
[2026-05-06 12:06:05] MOVE chetan (lawn green): 50→49 [0.1ms]
[2026-05-06 12:06:05] MOVE asha (gray0): 43→54 [1.0ms]
[2026-05-06 12:06:05] MOVE chetan (lawn green): 47→56 [0.1ms]
[2026-05-06 12:06:05] MOVE asha (gray0): 78→68 [0.1ms]
[2026-05-06 12:06:05] MOVE chetan (lawn green): 49→48 [0.1ms]
[2026-05-06 12:06:05] MOVE asha (gray0): 54→64 [0.1ms]
[2026-05-06 12:06:06] MOVE chetan (lawn green): 56→66 [0.1ms]
[2026-05-06 12:06:06] MOVE asha (gray0): 68→59 [0.1ms]
[2026-05-06 12:06:06] MOVE chetan (lawn green): 48→47 [0.1ms]
[2026-05-06 12:06:06] MOVE asha (gray0): 64→63 [0.1ms]
[2026-05-06 12:06:06] MOVE chetan (lawn green): 66→77 [0.3ms]
[2026-05-06 12:06:06] MOVE asha (gray0): 59→50 [0.2ms]
[2026-05-06 12:06:06] MOVE chetan (lawn green): 47→56 [0.1ms]
[2026-05-06 12:06:07] MOVE asha (gray0): 63→53 [0.1ms]
[2026-05-06 12:06:07] MOVE chetan (lawn green): 77→89 [0.1ms]
[2026-05-06 12:06:07] MOVE asha (gray0): 50→40 [0.1ms]
[2026-05-06 12:06:07] MOVE chetan (lawn green): 89→101 [0.2ms]
[2026-05-06 12:06:07] MOVE asha (gray0): 53→43 [0.1ms]
[2026-05-06 12:06:07] MOVE chetan (lawn green): 56→66 [0.0ms]
[2026-05-06 12:06:07] MOVE asha (gray0): 40→29 [0.0ms]
[2026-05-06 12:06:08] MOVE chetan (lawn green): 66→77 [0.1ms]
[2026-05-06 12:06:08] MOVE asha (gray0): 43→31 [0.5ms]
[2026-05-06 12:06:08] MOVE chetan (lawn green): 77→89 [0.1ms]
[2026-05-06 12:06:08] MOVE asha (gray0): 29→17 [0.1ms]
[2026-05-06 12:06:08] MOVE chetan (lawn green): 89→102 [0.4ms]
[2026-05-06 12:06:08] MOVE asha (gray0): 31→18 [0.1ms]
[2026-05-06 12:06:09] MOVE chetan (lawn green): 102→90 [0.1ms]
[2026-05-06 12:06:09] MOVE asha (gray0): 17→9 [0.1ms]
[2026-05-06 12:06:09] MOVE chetan (lawn green): 90→78 [0.1ms]
[2026-05-06 12:06:09] MOVE asha (gray0): 18→17 [0.1ms]
[2026-05-06 12:06:09] MOVE chetan (lawn green): 78→67 [0.1ms]
[2026-05-06 12:06:09] MOVE asha (gray0): 9→18 [0.1ms]
[2026-05-06 12:06:10] MOVE chetan (lawn green): 67→57 [0.1ms]
[2026-05-06 12:06:10] MOVE asha (gray0): 17→9 [0.1ms]
[2026-05-06 12:06:10] MOVE chetan (lawn green): 57→56 [0.1ms]
[2026-05-06 12:06:10] MOVE asha (gray0): 18→31 [0.1ms]
[2026-05-06 12:06:10] MOVE chetan (lawn green): 56→66 [1.8ms]
[2026-05-06 12:06:10] MOVE asha (gray0): 9→18 [0.1ms]
[2026-05-06 12:06:10] MOVE chetan (lawn green): 66→77 [0.4ms]
[2026-05-06 12:06:11] MOVE asha (gray0): 31→43 [0.1ms]
[2026-05-06 12:06:11] MOVE chetan (lawn green): 77→89 [0.1ms]
[2026-05-06 12:06:11] MOVE asha (gray0): 18→31 [0.1ms]
[2026-05-06 12:06:11] MOVE chetan (lawn green): 89→102 [0.1ms]
[2026-05-06 12:06:11] MOVE asha (gray0): 43→54 [0.1ms]
[2026-05-06 12:06:11] MOVE chetan (lawn green): 102→90 [0.1ms]
[2026-05-06 12:06:12] MOVE asha (gray0): 31→43 [0.1ms]
[2026-05-06 12:06:12] MOVE chetan (lawn green): 90→78 [0.2ms]
[2026-05-06 12:06:12] MOVE asha (gray0): 54→64 [0.1ms]
[2026-05-06 12:06:12] MOVE chetan (lawn green): 78→67 [0.1ms]
[2026-05-06 12:06:12] MOVE asha (gray0): 43→54 [0.1ms]
[2026-05-06 12:06:12] MOVE chetan (lawn green): 67→57 [0.1ms]
[2026-05-06 12:06:12] MOVE asha (gray0): 64→63 [0.1ms]
[2026-05-06 12:06:13] MOVE chetan (lawn green): 57→56 [0.1ms]
[2026-05-06 12:06:13] MOVE asha (gray0): 54→64 [0.1ms]
[2026-05-06 12:06:13] MOVE chetan (lawn green): 56→66 [0.1ms]
[2026-05-06 12:06:13] MOVE asha (gray0): 63→53 [0.1ms]
[2026-05-06 12:06:13] MOVE chetan (lawn green): 66→77 [0.1ms]
[2026-05-06 12:06:13] MOVE asha (gray0): 64→63 [0.1ms]
[2026-05-06 12:06:14] MOVE chetan (lawn green): 77→89 [0.1ms]
[2026-05-06 12:06:14] MOVE asha (gray0): 53→43 [0.1ms]
[2026-05-06 12:06:14] MOVE chetan (lawn green): 89→102 [0.1ms]
[2026-05-06 12:06:14] MOVE asha (gray0): 63→53 [0.1ms]
[2026-05-06 12:06:14] MOVE chetan (lawn green): 102→90 [0.1ms]
[2026-05-06 12:06:14] MOVE asha (gray0): 43→31 [0.1ms]
[2026-05-06 12:06:15] MOVE chetan (lawn green): 90→78 [0.1ms]
[2026-05-06 12:06:15] MOVE asha (gray0): 53→43 [0.2ms]
[2026-05-06 12:06:15] MOVE chetan (lawn green): 78→67 [0.1ms]
[2026-05-06 12:06:15] MOVE asha (gray0): 31→54 [0.1ms]
[2026-05-06 12:06:15] MOVE chetan (lawn green): 67→57 [0.1ms]
[2026-05-06 12:06:15] MOVE asha (gray0): 43→31 [0.1ms]
[2026-05-06 12:06:15] MOVE chetan (lawn green): 57→56 [0.1ms]
[2026-05-06 12:06:16] MOVE asha (gray0): 54→64 [0.1ms]
[2026-05-06 12:06:16] MOVE chetan (lawn green): 56→66 [0.1ms]
[2026-05-06 12:06:16] MOVE asha (gray0): 31→18 [0.1ms]
[2026-05-06 12:06:16] MOVE chetan (lawn green): 66→77 [0.1ms]
[2026-05-06 12:06:16] MOVE asha (gray0): 64→63 [0.1ms]
[2026-05-06 12:06:16] MOVE chetan (lawn green): 77→89 [0.3ms]
[2026-05-06 12:06:17] MOVE asha (gray0): 18→9 [0.1ms]
[2026-05-06 12:06:17] MOVE chetan (lawn green): 89→102 [0.4ms]
[2026-05-06 12:06:17] MOVE asha (gray0): 63→53 [0.1ms]
[2026-05-06 12:06:17] MOVE chetan (lawn green): 102→90 [0.1ms]
[2026-05-06 12:06:17] MOVE asha (gray0): 9→17 [0.2ms]
[2026-05-06 12:06:17] MOVE chetan (lawn green): 90→78 [0.1ms]
[2026-05-06 12:06:18] MOVE asha (gray0): 53→43 [12.3ms]
[2026-05-06 12:06:18] MOVE chetan (lawn green): 78→67 [0.3ms]
[2026-05-06 12:06:18] MOVE asha (gray0): 17→30 [0.1ms]
[2026-05-06 12:06:18] MOVE chetan (lawn green): 67→57 [0.1ms]
[2026-05-06 12:06:18] MOVE asha (gray0): 43→31 [0.5ms]
[2026-05-06 12:06:18] MOVE chetan (lawn green): 57→56 [0.1ms]
[2026-05-06 12:06:19] MOVE asha (gray0): 30→42 [0.1ms]
[2026-05-06 12:06:19] MOVE chetan (lawn green): 56→66 [0.1ms]
[2026-05-06 12:06:19] MOVE asha (gray0): 31→18 [0.1ms]
[2026-05-06 12:06:19] MOVE chetan (lawn green): 66→77 [0.1ms]
[2026-05-06 12:06:19] MOVE asha (gray0): 42→31 [0.1ms]
[2026-05-06 12:06:19] MOVE chetan (lawn green): 77→89 [0.1ms]
[2026-05-06 12:06:20] MOVE asha (gray0): 18→9 [0.2ms]
[2026-05-06 12:06:20] MOVE chetan (lawn green): 89→102 [0.1ms]
[2026-05-06 12:06:20] MOVE asha (gray0): 31→18 [13.3ms]
[2026-05-06 12:06:20] MOVE chetan (lawn green): 102→90 [2.9ms]
[2026-05-06 12:06:21] MOVE asha (gray0): 9→31 [26.9ms]
[2026-05-06 12:06:21] MOVE chetan (lawn green): 90→78 [0.2ms]
[2026-05-06 12:06:21] MOVE asha (gray0): 18→43 [9.8ms]
[2026-05-06 12:06:21] MOVE chetan (lawn green): 78→67 [0.4ms]
[2026-05-06 12:06:21] MOVE asha (gray0): 31→54 [0.1ms]
[2026-05-06 12:06:21] MOVE chetan (lawn green): 67→57 [0.1ms]
[2026-05-06 12:06:22] MOVE asha (gray0): 43→64 [0.1ms]
[2026-05-06 12:06:22] MOVE chetan (lawn green): 57→56 [0.2ms]
[2026-05-06 12:06:22] MOVE asha (gray0): 54→43 [0.4ms]
[2026-05-06 12:06:22] MOVE chetan (lawn green): 56→66 [0.1ms]
[2026-05-06 12:06:22] MOVE asha (gray0): 64→54 [0.1ms]
[2026-05-06 12:06:22] MOVE chetan (lawn green): 66→77 [0.1ms]
[2026-05-06 12:06:23] MOVE asha (gray0): 43→64 [0.1ms]
[2026-05-06 12:06:23] MOVE chetan (lawn green): 77→89 [0.2ms]
[2026-05-06 12:06:23] MOVE asha (gray0): 54→74 [0.1ms]
[2026-05-06 12:06:23] MOVE chetan (lawn green): 89→102 [0.1ms]
[2026-05-06 12:06:23] MOVE asha (gray0): 64→63 [0.1ms]
[2026-05-06 12:06:23] MOVE chetan (lawn green): 102→90 [0.1ms]
[2026-05-06 12:06:24] MOVE asha (gray0): 74→73 [0.1ms]
[2026-05-06 12:06:24] MOVE chetan (lawn green): 90→78 [0.1ms]
[2026-05-06 12:06:24] MOVE asha (gray0): 63→53 [0.1ms]
[2026-05-06 12:06:24] MOVE chetan (lawn green): 78→67 [0.3ms]
[2026-05-06 12:06:24] MOVE asha (gray0): 73→63 [0.1ms]
[2026-05-06 12:06:24] MOVE chetan (lawn green): 67→57 [0.1ms]
[2026-05-06 12:06:24] MOVE asha (gray0): 53→54 [0.1ms]
[2026-05-06 12:06:25] MOVE chetan (lawn green): 57→56 [0.1ms]
[2026-05-06 12:06:25] MOVE asha (gray0): 63→64 [0.1ms]
[2026-05-06 12:06:25] MOVE chetan (lawn green): 56→66 [0.1ms]
[2026-05-06 12:06:25] MOVE asha (gray0): 54→43 [0.1ms]
[2026-05-06 12:06:25] MOVE chetan (lawn green): 66→77 [0.2ms]
[2026-05-06 12:06:25] MOVE asha (gray0): 64→54 [0.1ms]
[2026-05-06 12:06:26] MOVE chetan (lawn green): 77→89 [0.1ms]
[2026-05-06 12:06:26] MOVE asha (gray0): 43→64 [0.1ms]
[2026-05-06 12:06:26] MOVE chetan (lawn green): 89→102 [0.1ms]
[2026-05-06 12:06:26] MOVE asha (gray0): 54→43 [0.1ms]
[2026-05-06 12:06:26] MOVE chetan (lawn green): 102→90 [0.1ms]
[2026-05-06 12:06:26] MOVE asha (gray0): 64→63 [0.1ms]
[2026-05-06 12:06:26] MOVE chetan (lawn green): 90→78 [0.1ms]
[2026-05-06 12:06:27] MOVE asha (gray0): 43→31 [0.1ms]
[2026-05-06 12:06:27] MOVE chetan (lawn green): 78→67 [0.1ms]
[2026-05-06 12:06:27] MOVE asha (gray0): 63→53 [0.1ms]
[2026-05-06 12:06:27] MOVE chetan (lawn green): 67→57 [0.1ms]
[2026-05-06 12:06:27] MOVE asha (gray0): 31→18 [0.1ms]
[2026-05-06 12:06:27] MOVE chetan (lawn green): 57→56 [0.1ms]
[2026-05-06 12:06:28] MOVE asha (gray0): 53→54 [0.1ms]
[2026-05-06 12:06:28] MOVE chetan (lawn green): 56→66 [0.1ms]
[2026-05-06 12:06:28] MOVE asha (gray0): 18→9 [0.1ms]
[2026-05-06 12:06:28] MOVE chetan (lawn green): 66→77 [0.1ms]
[2026-05-06 12:06:28] MOVE asha (gray0): 54→43 [0.1ms]
[2026-05-06 12:06:28] MOVE chetan (lawn green): 77→89 [0.1ms]
[2026-05-06 12:06:29] MOVE asha (gray0): 9→17 [0.1ms]
[2026-05-06 12:06:29] MOVE chetan (lawn green): 89→102 [0.1ms]
[2026-05-06 12:06:29] MOVE asha (gray0): 43→31 [0.1ms]
[2026-05-06 12:06:29] MOVE chetan (lawn green): 102→90 [0.2ms]
[2026-05-06 12:06:29] MOVE asha (gray0): 17→30 [0.1ms]
[2026-05-06 12:06:29] MOVE chetan (lawn green): 90→78 [0.5ms]
[2026-05-06 12:06:30] MOVE asha (gray0): 31→18 [0.1ms]
[2026-05-06 12:06:30] MOVE chetan (lawn green): 78→67 [0.1ms]
[2026-05-06 12:06:30] MOVE asha (gray0): 30→31 [0.1ms]
[2026-05-06 12:06:30] MOVE chetan (lawn green): 67→57 [0.1ms]
[2026-05-06 12:06:30] MOVE asha (gray0): 18→9 [0.1ms]
[2026-05-06 12:06:30] MOVE chetan (lawn green): 57→56 [0.1ms]
[2026-05-06 12:06:31] MOVE asha (gray0): 31→18 [0.1ms]
[2026-05-06 12:06:31] MOVE chetan (lawn green): 56→66 [0.2ms]
[2026-05-06 12:06:31] MOVE asha (gray0): 9→31 [0.1ms]
[2026-05-06 12:06:31] MOVE chetan (lawn green): 66→77 [0.1ms]
[2026-05-06 12:06:31] MOVE asha (gray0): 18→43 [0.1ms]
[2026-05-06 12:06:31] MOVE chetan (lawn green): 77→89 [0.1ms]
[2026-05-06 12:06:32] MOVE asha (gray0): 31→54 [0.1ms]
[2026-05-06 12:06:32] MOVE chetan (lawn green): 89→102 [0.1ms]
[2026-05-06 12:06:32] MOVE asha (gray0): 43→64 [0.1ms]
[2026-05-06 12:06:32] MOVE chetan (lawn green): 102→90 [0.4ms]
[2026-05-06 12:06:32] MOVE asha (gray0): 54→43 [0.1ms]
[2026-05-06 12:06:32] MOVE chetan (lawn green): 90→78 [0.1ms]
[2026-05-06 12:06:32] MOVE asha (gray0): 64→54 [0.1ms]
[2026-05-06 12:06:33] MOVE chetan (lawn green): 78→67 [0.1ms]
[2026-05-06 12:06:33] MOVE asha (gray0): 43→64 [0.1ms]
[2026-05-06 12:06:33] MOVE chetan (lawn green): 67→57 [0.2ms]
[2026-05-06 12:06:33] MOVE asha (gray0): 54→74 [0.1ms]
[2026-05-06 12:06:33] MOVE chetan (lawn green): 57→56 [0.1ms]
[2026-05-06 12:06:33] MOVE asha (gray0): 64→63 [0.1ms]
[2026-05-06 12:06:34] MOVE chetan (lawn green): 56→66 [0.1ms]
[2026-05-06 12:06:34] MOVE asha (gray0): 74→73 [0.1ms]
[2026-05-06 12:06:34] MOVE chetan (lawn green): 66→77 [0.5ms]
[2026-05-06 12:06:34] MOVE asha (gray0): 63→53 [0.1ms]
[2026-05-06 12:06:34] MOVE chetan (lawn green): 77→89 [0.1ms]
[2026-05-06 12:06:34] MOVE asha (gray0): 73→63 [0.1ms]
[2026-05-06 12:06:34] MOVE chetan (lawn green): 89→102 [0.1ms]
[2026-05-06 12:06:35] MOVE asha (gray0): 53→54 [0.1ms]
[2026-05-06 12:06:35] MOVE chetan (lawn green): 102→90 [0.1ms]
[2026-05-06 12:06:35] MOVE asha (gray0): 63→64 [0.1ms]
[2026-05-06 12:06:35] MOVE chetan (lawn green): 90→78 [0.1ms]
[2026-05-06 12:06:35] MOVE asha (gray0): 54→43 [0.1ms]
[2026-05-06 12:06:35] MOVE chetan (lawn green): 78→67 [0.1ms]
[2026-05-06 12:06:36] MOVE asha (gray0): 64→54 [0.1ms]
[2026-05-06 12:06:36] MOVE chetan (lawn green): 67→57 [0.1ms]
[2026-05-06 12:06:36] MOVE asha (gray0): 43→64 [0.1ms]
[2026-05-06 12:06:36] MOVE chetan (lawn green): 57→56 [0.1ms]
[2026-05-06 12:06:36] MOVE asha (gray0): 54→43 [0.1ms]
[2026-05-06 12:06:36] MOVE chetan (lawn green): 56→66 [0.1ms]
[2026-05-06 12:06:37] MOVE asha (gray0): 64→63 [0.3ms]
[2026-05-06 12:06:37] MOVE chetan (lawn green): 66→77 [0.1ms]
[2026-05-06 12:06:37] MOVE asha (gray0): 43→31 [0.3ms]
[2026-05-06 12:06:37] MOVE chetan (lawn green): 77→89 [0.9ms]
[2026-05-06 12:06:37] MOVE asha (gray0): 63→53 [0.2ms]
[2026-05-06 12:06:37] MOVE chetan (lawn green): 89→102 [0.1ms]
[2026-05-06 12:06:38] MOVE asha (gray0): 31→18 [0.1ms]
[2026-05-06 12:06:38] MOVE chetan (lawn green): 102→90 [0.1ms]
[2026-05-06 12:06:38] MOVE asha (gray0): 53→54 [0.1ms]
[2026-05-06 12:06:38] MOVE chetan (lawn green): 90→78 [0.1ms]
[2026-05-06 12:06:38] MOVE asha (gray0): 18→9 [0.1ms]
[2026-05-06 12:06:38] MOVE chetan (lawn green): 78→67 [0.1ms]
[2026-05-06 12:06:38] MOVE asha (gray0): 54→43 [0.1ms]
[2026-05-06 12:06:39] MOVE chetan (lawn green): 67→57 [0.1ms]
[2026-05-06 12:06:39] MOVE asha (gray0): 9→17 [0.1ms]
[2026-05-06 12:06:39] MOVE chetan (lawn green): 57→56 [0.1ms]
[2026-05-06 12:06:39] MOVE asha (gray0): 43→31 [0.1ms]
[2026-05-06 12:06:39] MOVE chetan (lawn green): 56→66 [0.1ms]
[2026-05-06 12:06:39] MOVE asha (gray0): 17→30 [0.1ms]
[2026-05-06 12:06:39] MOVE chetan (lawn green): 66→77 [0.1ms]
[2026-05-06 12:06:40] MOVE asha (gray0): 31→18 [0.1ms]
[2026-05-06 12:06:40] MOVE chetan (lawn green): 77→89 [0.3ms]
[2026-05-06 12:06:40] MOVE asha (gray0): 30→31 [0.1ms]
[2026-05-06 12:06:40] MOVE chetan (lawn green): 89→102 [0.1ms]
[2026-05-06 12:06:40] MOVE asha (gray0): 18→9 [0.3ms]
[2026-05-06 12:06:40] MOVE chetan (lawn green): 102→90 [0.3ms]
[2026-05-06 12:06:41] MOVE asha (gray0): 31→18 [0.1ms]
[2026-05-06 12:06:41] MOVE chetan (lawn green): 90→78 [0.1ms]
[2026-05-06 12:06:41] MOVE asha (gray0): 9→31 [3.4ms]
[2026-05-06 12:06:41] MOVE chetan (lawn green): 78→67 [0.1ms]
[2026-05-06 12:06:41] MOVE asha (gray0): 18→43 [0.1ms]
[2026-05-06 12:06:41] MOVE chetan (lawn green): 67→57 [4.1ms]
[2026-05-06 12:06:42] MOVE asha (gray0): 31→54 [0.6ms]
[2026-05-06 12:06:42] MOVE chetan (lawn green): 57→56 [0.1ms]
[2026-05-06 12:06:42] MOVE asha (gray0): 43→64 [0.1ms]
[2026-05-06 12:06:42] MOVE chetan (lawn green): 56→66 [0.1ms]
[2026-05-06 12:06:42] MOVE asha (gray0): 54→43 [0.1ms]
[2026-05-06 12:06:42] MOVE chetan (lawn green): 66→77 [0.1ms]
[2026-05-06 12:06:43] MOVE asha (gray0): 64→54 [0.2ms]
[2026-05-06 12:06:43] MOVE chetan (lawn green): 77→89 [0.1ms]
[2026-05-06 12:06:43] MOVE asha (gray0): 43→64 [0.1ms]
[2026-05-06 12:06:43] MOVE chetan (lawn green): 89→102 [0.3ms]
[2026-05-06 12:06:43] MOVE asha (gray0): 54→74 [0.1ms]
[2026-05-06 12:06:43] MOVE chetan (lawn green): 102→90 [0.1ms]
[2026-05-06 12:06:44] MOVE asha (gray0): 64→63 [0.1ms]
[2026-05-06 12:06:44] MOVE chetan (lawn green): 90→78 [0.1ms]
[2026-05-06 12:06:44] MOVE asha (gray0): 74→73 [0.2ms]
[2026-05-06 12:06:44] MOVE chetan (lawn green): 78→67 [0.2ms]
[2026-05-06 12:06:44] MOVE asha (gray0): 63→53 [0.1ms]
[2026-05-06 12:06:44] MOVE chetan (lawn green): 67→57 [0.1ms]
[2026-05-06 12:06:44] MOVE asha (gray0): 73→63 [0.1ms]
[2026-05-06 12:06:45] MOVE chetan (lawn green): 57→56 [0.1ms]
[2026-05-06 12:06:45] MOVE asha (gray0): 53→54 [0.1ms]
[2026-05-06 12:06:45] MOVE chetan (lawn green): 56→66 [0.1ms]
[2026-05-06 12:06:45] MOVE asha (gray0): 63→64 [0.1ms]
[2026-05-06 12:06:45] MOVE chetan (lawn green): 66→77 [0.1ms]
[2026-05-06 12:06:45] MOVE asha (gray0): 54→43 [0.1ms]
[2026-05-06 12:06:45] MOVE chetan (lawn green): 77→89 [0.4ms]
[2026-05-06 12:06:46] MOVE asha (gray0): 64→54 [0.1ms]
[2026-05-06 12:06:46] MOVE chetan (lawn green): 89→102 [0.1ms]
[2026-05-06 12:06:46] MOVE asha (gray0): 43→64 [0.1ms]
[2026-05-06 12:06:46] MOVE chetan (lawn green): 102→90 [0.1ms]
[2026-05-06 12:06:46] MOVE asha (gray0): 54→43 [0.1ms]
[2026-05-06 12:06:46] MOVE chetan (lawn green): 90→78 [1.0ms]
[2026-05-06 12:06:47] MOVE asha (gray0): 64→63 [0.1ms]
[2026-05-06 12:06:47] MOVE chetan (lawn green): 78→67 [0.1ms]
[2026-05-06 12:06:47] MOVE asha (gray0): 43→31 [0.1ms]
[2026-05-06 12:06:47] MOVE chetan (lawn green): 67→57 [0.1ms]
[2026-05-06 12:06:47] MOVE asha (gray0): 63→53 [0.3ms]
[2026-05-06 12:06:47] MOVE chetan (lawn green): 57→56 [0.3ms]
[2026-05-06 12:06:48] MOVE asha (gray0): 31→18 [0.1ms]
[2026-05-06 12:06:48] MOVE chetan (lawn green): 56→66 [0.1ms]
[2026-05-06 12:06:48] MOVE asha (gray0): 53→54 [0.1ms]
[2026-05-06 12:06:48] MOVE chetan (lawn green): 66→77 [0.1ms]
[2026-05-06 12:06:48] MOVE asha (gray0): 18→9 [0.2ms]
[2026-05-06 12:06:49] MOVE chetan (lawn green): 77→89 [0.1ms]
[2026-05-06 12:06:49] MOVE asha (gray0): 54→43 [0.1ms]
[2026-05-06 12:06:49] MOVE chetan (lawn green): 89→102 [0.2ms]
[2026-05-06 12:06:49] MOVE asha (gray0): 9→17 [0.1ms]
[2026-05-06 12:06:49] MOVE chetan (lawn green): 102→90 [0.1ms]
[2026-05-06 12:06:49] MOVE asha (gray0): 43→31 [0.1ms]
[2026-05-06 12:06:50] MOVE chetan (lawn green): 90→78 [0.1ms]
[2026-05-06 12:06:50] MOVE asha (gray0): 17→30 [0.1ms]
[2026-05-06 12:06:50] MOVE chetan (lawn green): 78→67 [0.1ms]
[2026-05-06 12:06:50] MOVE asha (gray0): 31→18 [0.5ms]
[2026-05-06 12:06:50] MOVE chetan (lawn green): 67→57 [0.1ms]
[2026-05-06 12:06:50] MOVE asha (gray0): 30→31 [0.1ms]
[2026-05-06 12:06:51] MOVE chetan (lawn green): 57→56 [0.1ms]
[2026-05-06 12:06:51] MOVE asha (gray0): 18→9 [0.3ms]
[2026-05-06 12:06:51] MOVE chetan (lawn green): 56→66 [0.1ms]
[2026-05-06 12:06:51] MOVE asha (gray0): 31→18 [0.5ms]
[2026-05-06 12:06:51] MOVE chetan (lawn green): 66→77 [0.1ms]
[2026-05-06 12:06:51] MOVE asha (gray0): 9→31 [0.1ms]
[2026-05-06 12:06:51] MOVE chetan (lawn green): 77→89 [0.1ms]
[2026-05-06 12:06:52] MOVE asha (gray0): 18→43 [0.1ms]
[2026-05-06 12:06:52] MOVE chetan (lawn green): 89→102 [0.1ms]
[2026-05-06 12:06:52] MOVE asha (gray0): 31→54 [0.1ms]
[2026-05-06 12:06:52] MOVE chetan (lawn green): 102→90 [0.1ms]
[2026-05-06 12:06:52] MOVE asha (gray0): 43→64 [0.1ms]
[2026-05-06 12:06:52] MOVE chetan (lawn green): 90→78 [1.5ms]
[2026-05-06 12:06:53] MOVE asha (gray0): 54→43 [0.1ms]
[2026-05-06 12:06:53] MOVE chetan (lawn green): 78→67 [0.1ms]
[2026-05-06 12:06:53] MOVE asha (gray0): 64→54 [0.2ms]
[2026-05-06 12:06:53] MOVE chetan (lawn green): 67→57 [3.5ms]
[2026-05-06 12:06:53] MOVE asha (gray0): 43→64 [0.1ms]
[2026-05-06 12:06:53] MOVE chetan (lawn green): 57→56 [0.1ms]
[2026-05-06 12:06:54] MOVE asha (gray0): 54→74 [0.1ms]
[2026-05-06 12:06:54] MOVE chetan (lawn green): 56→66 [0.1ms]
[2026-05-06 12:06:54] MOVE asha (gray0): 64→63 [0.1ms]
[2026-05-06 12:06:54] MOVE chetan (lawn green): 66→77 [0.1ms]
[2026-05-06 12:06:54] MOVE asha (gray0): 74→73 [0.1ms]
[2026-05-06 12:06:54] MOVE chetan (lawn green): 77→89 [0.1ms]
[2026-05-06 12:06:54] MOVE asha (gray0): 63→53 [0.1ms]
[2026-05-06 12:06:55] MOVE chetan (lawn green): 89→102 [0.1ms]
[2026-05-06 12:06:55] MOVE asha (gray0): 73→63 [0.1ms]
[2026-05-06 12:06:55] MOVE chetan (lawn green): 102→90 [0.1ms]
[2026-05-06 12:06:55] MOVE asha (gray0): 53→54 [0.1ms]
[2026-05-06 12:06:55] MOVE chetan (lawn green): 90→78 [0.1ms]
[2026-05-06 12:06:55] MOVE asha (gray0): 63→64 [0.1ms]
[2026-05-06 12:06:56] MOVE chetan (lawn green): 78→67 [0.1ms]
[2026-05-06 12:06:56] MOVE asha (gray0): 54→43 [0.1ms]
[2026-05-06 12:06:56] MOVE chetan (lawn green): 67→57 [0.1ms]
[2026-05-06 12:06:56] MOVE asha (gray0): 64→54 [0.1ms]
[2026-05-06 12:06:56] MOVE chetan (lawn green): 57→56 [0.1ms]
[2026-05-06 12:06:56] MOVE asha (gray0): 43→64 [0.4ms]
[2026-05-06 12:06:57] MOVE chetan (lawn green): 56→66 [0.1ms]
[2026-05-06 12:06:57] MOVE asha (gray0): 54→43 [0.1ms]
[2026-05-06 12:06:57] MOVE chetan (lawn green): 66→77 [0.2ms]
[2026-05-06 12:06:57] MOVE asha (gray0): 64→63 [0.1ms]
[2026-05-06 12:06:57] MOVE chetan (lawn green): 77→89 [0.7ms]
[2026-05-06 12:06:57] MOVE asha (gray0): 43→31 [0.2ms]
[2026-05-06 12:06:57] MOVE chetan (lawn green): 89→102 [0.1ms]
[2026-05-06 12:06:58] MOVE asha (gray0): 63→53 [0.1ms]
[2026-05-06 12:06:58] MOVE chetan (lawn green): 102→90 [0.1ms]
[2026-05-06 12:06:58] MOVE asha (gray0): 31→18 [0.1ms]
[2026-05-06 12:06:58] MOVE chetan (lawn green): 90→78 [0.5ms]
[2026-05-06 12:06:58] MOVE asha (gray0): 53→54 [0.1ms]
[2026-05-06 12:06:58] MOVE chetan (lawn green): 78→67 [0.3ms]
[2026-05-06 12:06:59] MOVE asha (gray0): 18→9 [0.1ms]
[2026-05-06 12:06:59] MOVE chetan (lawn green): 67→57 [0.1ms]
[2026-05-06 12:06:59] MOVE asha (gray0): 54→43 [0.1ms]
[2026-05-06 12:06:59] MOVE chetan (lawn green): 57→56 [0.1ms]
[2026-05-06 12:06:59] MOVE asha (gray0): 9→17 [0.1ms]
[2026-05-06 12:06:59] MOVE chetan (lawn green): 56→66 [0.1ms]
[2026-05-06 12:07:00] MOVE asha (gray0): 43→31 [2.5ms]
[2026-05-06 12:07:00] MOVE chetan (lawn green): 66→77 [0.1ms]
[2026-05-06 12:07:00] MOVE asha (gray0): 17→30 [0.1ms]
[2026-05-06 12:07:00] MOVE chetan (lawn green): 77→89 [0.1ms]
[2026-05-06 12:07:00] MOVE asha (gray0): 31→18 [0.3ms]
[2026-05-06 12:07:00] MOVE chetan (lawn green): 89→102 [0.1ms]
[2026-05-06 12:07:01] MOVE asha (gray0): 30→31 [0.1ms]
[2026-05-06 12:07:01] MOVE chetan (lawn green): 102→90 [0.2ms]
[2026-05-06 12:07:01] MOVE asha (gray0): 18→9 [0.1ms]
[2026-05-06 12:07:01] MOVE chetan (lawn green): 90→78 [0.1ms]
[2026-05-06 12:07:01] MOVE asha (gray0): 31→18 [0.3ms]
[2026-05-06 12:07:01] MOVE chetan (lawn green): 78→67 [0.1ms]
[2026-05-06 12:07:02] MOVE asha (gray0): 9→31 [0.1ms]
[2026-05-06 12:07:02] MOVE chetan (lawn green): 67→57 [0.1ms]
[2026-05-06 12:07:02] MOVE asha (gray0): 18→43 [0.1ms]
[2026-05-06 12:07:02] MOVE chetan (lawn green): 57→56 [0.3ms]
[2026-05-06 12:07:02] MOVE asha (gray0): 31→54 [0.1ms]
[2026-05-06 12:07:02] MOVE chetan (lawn green): 56→66 [0.1ms]
[2026-05-06 12:07:02] MOVE asha (gray0): 43→64 [0.1ms]
[2026-05-06 12:07:03] MOVE chetan (lawn green): 66→77 [0.2ms]
[2026-05-06 12:07:03] MOVE asha (gray0): 54→43 [0.1ms]
[2026-05-06 12:07:03] MOVE chetan (lawn green): 77→89 [0.1ms]
[2026-05-06 12:07:03] MOVE asha (gray0): 64→54 [0.1ms]
[2026-05-06 12:07:03] MOVE chetan (lawn green): 89→102 [0.1ms]
[2026-05-06 12:07:03] MOVE asha (gray0): 43→64 [0.1ms]
[2026-05-06 12:07:03] MOVE chetan (lawn green): 102→90 [0.1ms]
[2026-05-06 12:07:04] MOVE asha (gray0): 54→74 [0.2ms]
[2026-05-06 12:07:04] MOVE chetan (lawn green): 90→78 [0.1ms]
[2026-05-06 12:07:04] MOVE asha (gray0): 64→63 [0.2ms]
[2026-05-06 12:07:04] MOVE chetan (lawn green): 78→67 [0.1ms]
[2026-05-06 12:07:04] MOVE asha (gray0): 74→73 [0.1ms]
[2026-05-06 12:07:04] MOVE chetan (lawn green): 67→57 [0.1ms]
[2026-05-06 12:07:05] MOVE asha (gray0): 63→53 [0.1ms]
[2026-05-06 12:07:05] MOVE chetan (lawn green): 57→56 [0.1ms]
[2026-05-06 12:07:05] MOVE asha (gray0): 73→63 [0.1ms]
[2026-05-06 12:07:05] MOVE chetan (lawn green): 56→66 [0.1ms]
[2026-05-06 12:07:05] MOVE asha (gray0): 53→54 [0.1ms]
[2026-05-06 12:07:05] MOVE chetan (lawn green): 66→77 [0.1ms]
[2026-05-06 12:07:06] MOVE asha (gray0): 63→64 [0.2ms]
[2026-05-06 12:07:06] MOVE chetan (lawn green): 77→89 [0.1ms]
[2026-05-06 12:07:06] MOVE asha (gray0): 54→43 [0.1ms]
[2026-05-06 12:07:06] MOVE chetan (lawn green): 89→102 [0.1ms]
[2026-05-06 12:07:06] MOVE asha (gray0): 64→54 [0.2ms]
[2026-05-06 12:07:07] MOVE chetan (lawn green): 102→90 [0.1ms]
[2026-05-06 12:07:07] MOVE asha (gray0): 43→64 [0.1ms]
[2026-05-06 12:07:07] MOVE chetan (lawn green): 90→78 [0.2ms]
[2026-05-06 12:07:07] MOVE asha (gray0): 54→43 [0.1ms]
[2026-05-06 12:07:07] MOVE chetan (lawn green): 78→67 [0.1ms]
[2026-05-06 12:07:07] MOVE asha (gray0): 64→63 [0.1ms]
[2026-05-06 12:07:08] MOVE chetan (lawn green): 67→57 [0.1ms]
[2026-05-06 12:07:08] MOVE asha (gray0): 43→31 [0.1ms]
[2026-05-06 12:07:08] MOVE chetan (lawn green): 57→56 [0.1ms]
[2026-05-06 12:07:09] MOVE asha (gray0): 63→53 [0.3ms]
[2026-05-06 12:07:09] MOVE chetan (lawn green): 56→66 [0.1ms]
[2026-05-06 12:07:09] MOVE asha (gray0): 31→18 [0.1ms]
[2026-05-06 12:07:09] MOVE chetan (lawn green): 66→77 [0.1ms]
[2026-05-06 12:07:09] MOVE asha (gray0): 53→54 [0.1ms]
[2026-05-06 12:07:09] MOVE chetan (lawn green): 77→89 [0.1ms]
[2026-05-06 12:07:09] MOVE asha (gray0): 18→9 [0.1ms]
[2026-05-06 12:07:10] MOVE chetan (lawn green): 89→102 [0.1ms]
[2026-05-06 12:07:10] MOVE asha (gray0): 54→43 [0.1ms]
[2026-05-06 12:07:10] MOVE chetan (lawn green): 102→90 [0.1ms]
[2026-05-06 12:07:10] MOVE asha (gray0): 9→17 [0.1ms]
[2026-05-06 12:07:10] MOVE chetan (lawn green): 90→78 [0.1ms]
[2026-05-06 12:07:10] MOVE asha (gray0): 43→31 [0.1ms]
[2026-05-06 12:07:11] MOVE chetan (lawn green): 78→67 [0.2ms]
[2026-05-06 12:07:11] MOVE asha (gray0): 17→30 [0.1ms]
[2026-05-06 12:07:11] MOVE chetan (lawn green): 67→57 [0.1ms]
[2026-05-06 12:07:11] MOVE asha (gray0): 31→18 [0.1ms]
[2026-05-06 12:07:11] MOVE chetan (lawn green): 57→56 [0.1ms]
[2026-05-06 12:07:11] MOVE asha (gray0): 30→31 [0.1ms]
[2026-05-06 12:07:12] MOVE chetan (lawn green): 56→66 [0.1ms]
[2026-05-06 12:07:12] MOVE asha (gray0): 18→9 [0.1ms]
[2026-05-06 12:07:12] MOVE chetan (lawn green): 66→77 [0.1ms]
[2026-05-06 12:07:12] MOVE asha (gray0): 31→18 [0.1ms]
[2026-05-06 12:07:12] MOVE chetan (lawn green): 77→89 [0.1ms]
[2026-05-06 12:07:13] MOVE asha (gray0): 9→31 [0.1ms]
[2026-05-06 12:07:13] MOVE chetan (lawn green): 89→102 [0.1ms]
[2026-05-06 12:07:13] MOVE asha (gray0): 18→43 [0.1ms]
[2026-05-06 12:07:13] MOVE chetan (lawn green): 102→90 [0.1ms]
[2026-05-06 12:07:13] MOVE asha (gray0): 31→54 [0.1ms]
[2026-05-06 12:07:14] MOVE chetan (lawn green): 90→78 [0.1ms]
[2026-05-06 12:07:14] MOVE asha (gray0): 43→64 [0.1ms]
[2026-05-06 12:07:14] MOVE chetan (lawn green): 78→67 [0.6ms]
[2026-05-06 12:07:14] MOVE asha (gray0): 54→43 [0.1ms]
[2026-05-06 12:07:14] MOVE chetan (lawn green): 67→57 [0.1ms]
[2026-05-06 12:07:14] MOVE asha (gray0): 64→54 [0.1ms]
[2026-05-06 12:07:15] MOVE chetan (lawn green): 57→56 [0.1ms]
[2026-05-06 12:07:15] MOVE asha (gray0): 43→64 [0.1ms]
[2026-05-06 12:07:15] MOVE chetan (lawn green): 56→66 [0.4ms]
[2026-05-06 12:07:15] MOVE asha (gray0): 54→74 [0.3ms]
[2026-05-06 12:07:15] MOVE chetan (lawn green): 66→77 [0.1ms]
[2026-05-06 12:07:15] MOVE asha (gray0): 64→63 [0.1ms]
[2026-05-06 12:07:15] MOVE chetan (lawn green): 77→89 [0.1ms]
[2026-05-06 12:07:15] MOVE asha (gray0): 74→73 [0.1ms]
[2026-05-06 12:07:16] MOVE chetan (lawn green): 89→102 [0.1ms]
[2026-05-06 12:07:16] MOVE asha (gray0): 63→53 [0.1ms]
[2026-05-06 12:07:16] MOVE chetan (lawn green): 102→90 [0.1ms]
[2026-05-06 12:07:16] MOVE asha (gray0): 73→63 [0.2ms]
[2026-05-06 12:07:16] MOVE chetan (lawn green): 90→78 [0.1ms]
[2026-05-06 12:07:16] MOVE asha (gray0): 53→54 [0.1ms]
[2026-05-06 12:07:17] MOVE chetan (lawn green): 78→67 [0.5ms]
[2026-05-06 12:07:17] MOVE asha (gray0): 63→64 [0.1ms]
[2026-05-06 12:07:17] MOVE chetan (lawn green): 67→57 [0.1ms]
[2026-05-06 12:07:17] MOVE asha (gray0): 54→43 [0.2ms]
[2026-05-06 12:07:17] MOVE chetan (lawn green): 57→56 [0.1ms]
[2026-05-06 12:07:17] MOVE asha (gray0): 64→54 [0.1ms]
[2026-05-06 12:07:18] MOVE chetan (lawn green): 56→66 [0.4ms]
[2026-05-06 12:07:18] MOVE asha (gray0): 43→64 [0.1ms]
[2026-05-06 12:07:18] MOVE chetan (lawn green): 66→77 [0.1ms]
[2026-05-06 12:07:18] MOVE asha (gray0): 54→43 [0.1ms]
[2026-05-06 12:07:18] MOVE chetan (lawn green): 77→89 [0.1ms]
[2026-05-06 12:07:18] MOVE asha (gray0): 64→63 [0.1ms]
[2026-05-06 12:07:19] MOVE chetan (lawn green): 89→102 [0.1ms]
[2026-05-06 12:07:19] MOVE asha (gray0): 43→31 [0.1ms]
[2026-05-06 12:07:19] MOVE chetan (lawn green): 102→90 [0.1ms]
[2026-05-06 12:07:19] MOVE asha (gray0): 63→53 [0.1ms]
[2026-05-06 12:07:19] MOVE chetan (lawn green): 90→78 [0.1ms]
[2026-05-06 12:07:19] MOVE asha (gray0): 31→18 [0.1ms]
[2026-05-06 12:07:20] MOVE chetan (lawn green): 78→67 [0.5ms]
[2026-05-06 12:07:20] MOVE asha (gray0): 53→54 [0.1ms]
[2026-05-06 12:07:20] MOVE chetan (lawn green): 67→57 [0.1ms]
[2026-05-06 12:07:20] MOVE asha (gray0): 18→9 [0.1ms]
[2026-05-06 12:07:20] MOVE chetan (lawn green): 57→56 [0.2ms]
[2026-05-06 12:07:20] MOVE asha (gray0): 54→43 [0.1ms]
[2026-05-06 12:07:20] MOVE chetan (lawn green): 56→66 [0.1ms]
[2026-05-06 12:07:20] MOVE asha (gray0): 9→17 [0.1ms]
[2026-05-06 12:07:21] MOVE chetan (lawn green): 66→77 [0.5ms]
[2026-05-06 12:07:21] MOVE asha (gray0): 43→31 [0.1ms]
[2026-05-06 12:07:21] MOVE chetan (lawn green): 77→89 [0.1ms]
[2026-05-06 12:07:21] MOVE asha (gray0): 17→30 [0.1ms]
[2026-05-06 12:07:21] MOVE chetan (lawn green): 89→102 [0.1ms]
[2026-05-06 12:07:22] MOVE asha (gray0): 31→18 [0.1ms]
[2026-05-06 12:07:22] MOVE chetan (lawn green): 102→90 [0.1ms]
[2026-05-06 12:07:22] MOVE asha (gray0): 30→31 [0.1ms]
[2026-05-06 12:07:22] MOVE chetan (lawn green): 90→78 [0.1ms]
[2026-05-06 12:07:23] MOVE asha (gray0): 18→9 [0.1ms]
[2026-05-06 12:07:23] MOVE chetan (lawn green): 78→67 [0.1ms]
[2026-05-06 12:07:23] MOVE asha (gray0): 31→18 [0.1ms]
[2026-05-06 12:07:23] MOVE chetan (lawn green): 67→57 [0.1ms]
[2026-05-06 12:07:23] MOVE asha (gray0): 9→31 [0.1ms]
[2026-05-06 12:07:23] MOVE chetan (lawn green): 57→56 [0.1ms]
[2026-05-06 12:07:24] MOVE asha (gray0): 18→43 [0.1ms]
[2026-05-06 12:07:24] MOVE chetan (lawn green): 56→66 [0.1ms]
[2026-05-06 12:07:24] MOVE asha (gray0): 31→54 [0.1ms]
[2026-05-06 12:07:24] MOVE chetan (lawn green): 66→77 [0.1ms]
[2026-05-06 12:07:25] MOVE asha (gray0): 43→64 [0.1ms]
[2026-05-06 12:07:25] MOVE chetan (lawn green): 77→89 [0.1ms]
[2026-05-06 12:07:25] MOVE asha (gray0): 54→43 [0.1ms]
[2026-05-06 12:07:25] MOVE chetan (lawn green): 89→102 [0.4ms]
[2026-05-06 12:07:25] MOVE asha (gray0): 64→54 [0.1ms]
[2026-05-06 12:07:25] MOVE chetan (lawn green): 102→90 [0.1ms]
[2026-05-06 12:07:26] MOVE asha (gray0): 43→64 [0.2ms]
[2026-05-06 12:07:26] MOVE chetan (lawn green): 90→78 [0.1ms]
[2026-05-06 12:07:26] MOVE asha (gray0): 54→74 [0.3ms]
[2026-05-06 12:07:26] MOVE chetan (lawn green): 78→67 [0.2ms]
[2026-05-06 12:07:26] MOVE asha (gray0): 64→63 [0.1ms]
[2026-05-06 12:07:26] MOVE chetan (lawn green): 67→57 [0.1ms]
[2026-05-06 12:07:27] MOVE asha (gray0): 74→73 [0.1ms]
[2026-05-06 12:07:27] MOVE chetan (lawn green): 57→56 [0.1ms]
[2026-05-06 12:07:27] MOVE asha (gray0): 63→53 [1.6ms]
[2026-05-06 12:07:27] MOVE chetan (lawn green): 56→66 [0.1ms]
[2026-05-06 12:07:27] MOVE asha (gray0): 73→63 [0.1ms]
[2026-05-06 12:07:27] MOVE chetan (lawn green): 66→77 [0.1ms]
[2026-05-06 12:07:28] MOVE asha (gray0): 53→54 [1.2ms]
[2026-05-06 12:07:28] MOVE chetan (lawn green): 77→89 [0.1ms]
[2026-05-06 12:07:28] MOVE asha (gray0): 63→64 [0.2ms]
[2026-05-06 12:07:28] MOVE chetan (lawn green): 89→102 [0.1ms]
[2026-05-06 12:07:28] MOVE asha (gray0): 54→43 [0.2ms]
[2026-05-06 12:07:29] MOVE chetan (lawn green): 102→90 [0.1ms]
[2026-05-06 12:07:29] MOVE asha (gray0): 64→54 [0.1ms]
[2026-05-06 12:07:29] MOVE chetan (lawn green): 90→78 [0.1ms]
[2026-05-06 12:07:29] MOVE asha (gray0): 43→64 [0.1ms]
[2026-05-06 12:07:29] MOVE chetan (lawn green): 78→67 [0.1ms]
[2026-05-06 12:07:29] MOVE asha (gray0): 54→43 [0.1ms]
[2026-05-06 12:07:30] MOVE chetan (lawn green): 67→57 [0.1ms]
[2026-05-06 12:07:30] MOVE asha (gray0): 64→63 [0.2ms]
[2026-05-06 12:07:30] MOVE chetan (lawn green): 57→56 [0.1ms]
[2026-05-06 12:07:30] MOVE asha (gray0): 43→31 [0.1ms]
[2026-05-06 12:07:30] MOVE chetan (lawn green): 56→66 [0.1ms]
[2026-05-06 12:07:30] MOVE asha (gray0): 63→53 [0.2ms]
[2026-05-06 12:07:31] MOVE chetan (lawn green): 66→77 [0.1ms]
[2026-05-06 12:07:31] MOVE asha (gray0): 31→18 [0.1ms]
[2026-05-06 12:07:31] MOVE chetan (lawn green): 77→89 [0.1ms]
[2026-05-06 12:07:31] MOVE asha (gray0): 53→54 [0.1ms]
[2026-05-06 12:07:31] MOVE chetan (lawn green): 89→102 [0.1ms]
[2026-05-06 12:07:31] MOVE asha (gray0): 18→9 [0.1ms]
[2026-05-06 12:07:31] MOVE chetan (lawn green): 102→90 [0.1ms]
[2026-05-06 12:07:32] MOVE asha (gray0): 54→43 [0.1ms]
[2026-05-06 12:07:32] MOVE chetan (lawn green): 90→78 [0.6ms]
[2026-05-06 12:07:32] MOVE asha (gray0): 9→17 [0.1ms]
[2026-05-06 12:07:32] MOVE chetan (lawn green): 78→67 [0.1ms]
[2026-05-06 12:07:32] MOVE asha (gray0): 43→31 [0.1ms]
[2026-05-06 12:07:32] MOVE chetan (lawn green): 67→57 [0.1ms]
[2026-05-06 12:07:32] MOVE asha (gray0): 17→30 [0.1ms]
[2026-05-06 12:07:33] MOVE chetan (lawn green): 57→56 [0.1ms]
[2026-05-06 12:07:33] MOVE asha (gray0): 31→18 [0.1ms]
[2026-05-06 12:07:33] MOVE chetan (lawn green): 56→66 [0.1ms]
[2026-05-06 12:07:33] MOVE asha (gray0): 30→31 [0.1ms]
[2026-05-06 12:07:34] MOVE chetan (lawn green): 66→77 [0.1ms]
[2026-05-06 12:07:34] MOVE asha (gray0): 18→9 [0.1ms]
[2026-05-06 12:07:34] MOVE chetan (lawn green): 77→89 [0.1ms]
[2026-05-06 12:07:34] MOVE asha (gray0): 31→18 [0.2ms]
[2026-05-06 12:07:34] MOVE chetan (lawn green): 89→102 [0.1ms]
[2026-05-06 12:07:34] MOVE asha (gray0): 9→31 [0.1ms]
[2026-05-06 12:07:35] MOVE chetan (lawn green): 102→90 [0.3ms]
[2026-05-06 12:07:35] MOVE asha (gray0): 18→43 [0.1ms]
[2026-05-06 12:07:35] MOVE chetan (lawn green): 90→78 [0.1ms]
[2026-05-06 12:07:35] MOVE asha (gray0): 31→54 [0.1ms]
[2026-05-06 12:07:35] MOVE chetan (lawn green): 78→67 [0.1ms]
[2026-05-06 12:07:35] MOVE asha (gray0): 43→64 [0.1ms]
[2026-05-06 12:07:36] MOVE chetan (lawn green): 67→57 [0.1ms]
[2026-05-06 12:07:36] MOVE asha (gray0): 54→43 [0.2ms]
[2026-05-06 12:07:36] MOVE chetan (lawn green): 57→56 [0.1ms]
[2026-05-06 12:07:36] MOVE asha (gray0): 64→54 [0.1ms]
[2026-05-06 12:07:36] MOVE chetan (lawn green): 56→66 [0.1ms]
[2026-05-06 12:07:36] MOVE asha (gray0): 43→64 [0.1ms]
[2026-05-06 12:07:36] MOVE chetan (lawn green): 66→77 [0.1ms]
[2026-05-06 12:07:37] MOVE asha (gray0): 54→74 [0.1ms]
[2026-05-06 12:07:37] MOVE chetan (lawn green): 77→89 [0.1ms]
[2026-05-06 12:07:37] MOVE asha (gray0): 64→63 [0.1ms]
[2026-05-06 12:07:37] MOVE chetan (lawn green): 89→102 [0.1ms]
[2026-05-06 12:07:37] MOVE asha (gray0): 74→73 [0.2ms]
[2026-05-06 12:07:37] MOVE chetan (lawn green): 102→90 [0.1ms]
[2026-05-06 12:07:38] MOVE asha (gray0): 63→53 [0.1ms]
[2026-05-06 12:07:38] MOVE chetan (lawn green): 90→78 [0.1ms]
[2026-05-06 12:07:38] MOVE asha (gray0): 73→63 [0.1ms]
[2026-05-06 12:07:38] MOVE chetan (lawn green): 78→67 [0.1ms]
[2026-05-06 12:07:38] MOVE asha (gray0): 53→54 [0.1ms]
[2026-05-06 12:07:38] MOVE chetan (lawn green): 67→57 [0.1ms]
[2026-05-06 12:07:38] MOVE asha (gray0): 63→64 [0.1ms]
[2026-05-06 12:07:39] MOVE chetan (lawn green): 57→56 [0.1ms]
[2026-05-06 12:07:39] MOVE asha (gray0): 54→43 [0.1ms]
[2026-05-06 12:07:39] MOVE chetan (lawn green): 56→66 [0.1ms]
[2026-05-06 12:07:39] MOVE asha (gray0): 64→54 [0.1ms]
[2026-05-06 12:07:39] MOVE chetan (lawn green): 66→77 [0.1ms]
[2026-05-06 12:07:39] MOVE asha (gray0): 43→64 [0.1ms]
[2026-05-06 12:07:40] MOVE chetan (lawn green): 77→89 [0.1ms]
[2026-05-06 12:07:40] MOVE asha (gray0): 54→43 [0.2ms]
[2026-05-06 12:07:40] MOVE chetan (lawn green): 89→102 [0.1ms]
[2026-05-06 12:07:40] MOVE asha (gray0): 64→63 [0.1ms]
[2026-05-06 12:07:40] MOVE chetan (lawn green): 102→90 [0.6ms]
[2026-05-06 12:07:40] MOVE asha (gray0): 43→31 [0.1ms]
[2026-05-06 12:07:41] MOVE chetan (lawn green): 90→78 [0.2ms]
[2026-05-06 12:07:41] MOVE asha (gray0): 63→53 [0.1ms]
[2026-05-06 12:07:41] MOVE chetan (lawn green): 78→67 [0.1ms]
[2026-05-06 12:07:41] MOVE asha (gray0): 31→18 [0.1ms]
[2026-05-06 12:07:41] MOVE chetan (lawn green): 67→57 [0.1ms]
[2026-05-06 12:07:41] MOVE asha (gray0): 53→54 [0.1ms]
[2026-05-06 12:07:42] MOVE chetan (lawn green): 57→56 [0.1ms]
[2026-05-06 12:07:42] MOVE asha (gray0): 18→9 [0.1ms]
[2026-05-06 12:07:42] MOVE chetan (lawn green): 56→66 [0.1ms]
[2026-05-06 12:07:42] MOVE asha (gray0): 54→43 [0.1ms]
[2026-05-06 12:07:42] MOVE chetan (lawn green): 66→77 [0.1ms]
[2026-05-06 12:07:42] MOVE asha (gray0): 9→17 [0.1ms]
[2026-05-06 12:07:42] MOVE chetan (lawn green): 77→89 [0.1ms]
[2026-05-06 12:07:43] MOVE asha (gray0): 43→31 [0.1ms]
[2026-05-06 12:07:43] MOVE chetan (lawn green): 89→102 [0.2ms]
[2026-05-06 12:07:43] MOVE asha (gray0): 17→30 [0.1ms]
[2026-05-06 12:07:43] MOVE chetan (lawn green): 102→90 [0.1ms]
[2026-05-06 12:07:43] MOVE asha (gray0): 31→18 [0.1ms]
[2026-05-06 12:07:43] MOVE chetan (lawn green): 90→78 [0.1ms]
[2026-05-06 12:07:43] MOVE asha (gray0): 30→31 [0.1ms]
[2026-05-06 12:07:44] MOVE chetan (lawn green): 78→67 [0.1ms]
[2026-05-06 12:07:44] MOVE asha (gray0): 18→9 [0.1ms]
[2026-05-06 12:07:44] MOVE chetan (lawn green): 67→57 [0.1ms]
[2026-05-06 12:07:44] MOVE asha (gray0): 31→18 [0.1ms]
[2026-05-06 12:07:44] MOVE chetan (lawn green): 57→56 [0.1ms]
[2026-05-06 12:07:44] MOVE asha (gray0): 9→31 [0.1ms]
[2026-05-06 12:07:45] MOVE chetan (lawn green): 56→66 [0.1ms]
[2026-05-06 12:07:45] MOVE asha (gray0): 18→43 [0.1ms]
[2026-05-06 12:07:45] MOVE chetan (lawn green): 66→77 [0.1ms]
[2026-05-06 12:07:45] MOVE asha (gray0): 31→54 [0.1ms]
[2026-05-06 12:07:45] MOVE chetan (lawn green): 77→89 [0.1ms]
[2026-05-06 12:07:45] MOVE asha (gray0): 43→64 [0.1ms]
[2026-05-06 12:07:46] MOVE chetan (lawn green): 89→102 [0.3ms]
[2026-05-06 12:07:46] MOVE asha (gray0): 54→43 [0.1ms]
[2026-05-06 12:07:46] MOVE chetan (lawn green): 102→90 [0.1ms]
[2026-05-06 12:07:46] MOVE asha (gray0): 64→54 [0.1ms]
[2026-05-06 12:07:46] MOVE chetan (lawn green): 90→78 [0.1ms]
[2026-05-06 12:07:46] MOVE asha (gray0): 43→64 [0.1ms]
[2026-05-06 12:07:46] MOVE chetan (lawn green): 78→67 [0.1ms]
[2026-05-06 12:07:47] MOVE asha (gray0): 54→74 [0.4ms]
[2026-05-06 12:07:47] MOVE chetan (lawn green): 67→57 [0.1ms]
[2026-05-06 12:07:47] MOVE asha (gray0): 64→63 [0.1ms]
[2026-05-06 12:07:47] MOVE chetan (lawn green): 57→56 [0.1ms]
[2026-05-06 12:07:47] MOVE asha (gray0): 74→73 [0.1ms]
[2026-05-06 12:07:47] MOVE chetan (lawn green): 56→66 [0.1ms]
[2026-05-06 12:07:47] MOVE asha (gray0): 63→53 [0.1ms]
[2026-05-06 12:07:48] MOVE chetan (lawn green): 66→77 [0.1ms]
[2026-05-06 12:07:48] MOVE asha (gray0): 73→63 [0.1ms]
[2026-05-06 12:07:48] MOVE chetan (lawn green): 77→89 [0.1ms]
[2026-05-06 12:07:48] MOVE asha (gray0): 53→54 [0.8ms]
[2026-05-06 12:07:48] MOVE chetan (lawn green): 89→102 [0.1ms]
[2026-05-06 12:07:48] MOVE asha (gray0): 63→64 [0.1ms]
[2026-05-06 12:07:49] MOVE chetan (lawn green): 102→90 [0.3ms]
[2026-05-06 12:07:49] MOVE asha (gray0): 54→43 [0.1ms]
[2026-05-06 12:07:49] MOVE chetan (lawn green): 90→78 [0.1ms]
[2026-05-06 12:07:49] MOVE asha (gray0): 64→54 [0.1ms]
[2026-05-06 12:07:49] MOVE chetan (lawn green): 78→67 [0.1ms]
[2026-05-06 12:07:49] MOVE asha (gray0): 43→64 [0.1ms]
[2026-05-06 12:07:50] MOVE chetan (lawn green): 67→57 [0.1ms]
[2026-05-06 12:07:50] MOVE asha (gray0): 54→43 [0.1ms]
[2026-05-06 12:07:50] MOVE chetan (lawn green): 57→56 [0.1ms]
[2026-05-06 12:07:50] MOVE asha (gray0): 64→63 [0.1ms]
[2026-05-06 12:07:50] MOVE chetan (lawn green): 56→66 [0.1ms]
[2026-05-06 12:07:50] MOVE asha (gray0): 43→31 [0.1ms]
[2026-05-06 12:07:51] MOVE chetan (lawn green): 66→77 [0.1ms]
[2026-05-06 12:07:51] MOVE asha (gray0): 63→53 [0.3ms]
[2026-05-06 12:07:51] MOVE chetan (lawn green): 77→89 [0.1ms]
[2026-05-06 12:07:51] MOVE asha (gray0): 31→18 [0.1ms]
[2026-05-06 12:07:51] MOVE chetan (lawn green): 89→102 [0.1ms]
[2026-05-06 12:07:51] MOVE asha (gray0): 53→54 [0.1ms]
[2026-05-06 12:07:52] MOVE chetan (lawn green): 102→90 [0.1ms]
[2026-05-06 12:07:52] MOVE asha (gray0): 18→9 [0.1ms]
[2026-05-06 12:07:52] MOVE chetan (lawn green): 90→78 [0.2ms]
[2026-05-06 12:07:52] MOVE asha (gray0): 54→43 [0.1ms]
[2026-05-06 12:07:52] MOVE chetan (lawn green): 78→67 [0.1ms]
[2026-05-06 12:07:52] MOVE asha (gray0): 9→17 [0.1ms]
[2026-05-06 12:07:53] MOVE chetan (lawn green): 67→57 [0.1ms]
[2026-05-06 12:07:53] MOVE asha (gray0): 43→31 [0.1ms]
[2026-05-06 12:07:53] MOVE chetan (lawn green): 57→56 [0.1ms]
[2026-05-06 12:07:53] MOVE asha (gray0): 17→30 [0.1ms]
[2026-05-06 12:07:53] MOVE chetan (lawn green): 56→66 [0.1ms]
[2026-05-06 12:07:53] MOVE asha (gray0): 31→18 [0.1ms]
[2026-05-06 12:07:53] MOVE chetan (lawn green): 66→77 [0.1ms]
[2026-05-06 12:07:54] MOVE asha (gray0): 30→31 [0.1ms]
[2026-05-06 12:07:54] MOVE chetan (lawn green): 77→89 [0.1ms]
[2026-05-06 12:07:54] MOVE asha (gray0): 18→9 [0.1ms]
[2026-05-06 12:07:54] MOVE chetan (lawn green): 89→102 [0.1ms]
[2026-05-06 12:07:54] MOVE asha (gray0): 31→18 [0.2ms]
[2026-05-06 12:07:54] MOVE chetan (lawn green): 102→90 [0.1ms]
[2026-05-06 12:07:55] MOVE asha (gray0): 9→31 [0.7ms]
[2026-05-06 12:07:55] MOVE chetan (lawn green): 90→78 [0.1ms]
[2026-05-06 12:07:55] MOVE asha (gray0): 18→43 [0.1ms]
[2026-05-06 12:07:55] MOVE chetan (lawn green): 78→67 [0.1ms]
[2026-05-06 12:07:55] MOVE asha (gray0): 31→54 [0.1ms]
[2026-05-06 12:07:55] MOVE chetan (lawn green): 67→57 [0.4ms]
[2026-05-06 12:07:56] MOVE asha (gray0): 43→64 [0.1ms]
[2026-05-06 12:07:56] MOVE chetan (lawn green): 57→56 [0.1ms]
[2026-05-06 12:07:56] MOVE asha (gray0): 54→43 [0.1ms]
[2026-05-06 12:07:56] MOVE chetan (lawn green): 56→66 [1.9ms]
[2026-05-06 12:07:56] MOVE asha (gray0): 64→54 [0.1ms]
[2026-05-06 12:07:56] MOVE chetan (lawn green): 66→77 [0.1ms]
[2026-05-06 12:07:56] MOVE asha (gray0): 43→64 [0.1ms]
[2026-05-06 12:07:57] MOVE chetan (lawn green): 77→89 [0.1ms]
[2026-05-06 12:07:57] MOVE asha (gray0): 54→74 [0.2ms]
[2026-05-06 12:07:57] MOVE chetan (lawn green): 89→102 [0.3ms]
[2026-05-06 12:07:57] MOVE asha (gray0): 64→63 [0.1ms]
[2026-05-06 12:07:57] MOVE chetan (lawn green): 102→90 [0.1ms]
[2026-05-06 12:07:57] MOVE asha (gray0): 74→73 [3.8ms]
[2026-05-06 12:07:58] MOVE chetan (lawn green): 90→78 [0.1ms]
[2026-05-06 12:07:58] MOVE asha (gray0): 63→53 [0.1ms]
[2026-05-06 12:07:58] MOVE chetan (lawn green): 78→67 [1.9ms]
[2026-05-06 12:07:58] MOVE asha (gray0): 73→63 [0.1ms]
[2026-05-06 12:07:58] MOVE chetan (lawn green): 67→57 [0.1ms]
[2026-05-06 12:07:58] MOVE asha (gray0): 53→54 [0.1ms]
[2026-05-06 12:07:59] MOVE chetan (lawn green): 57→56 [0.1ms]
[2026-05-06 12:07:59] MOVE asha (gray0): 63→64 [0.1ms]
[2026-05-06 12:07:59] MOVE chetan (lawn green): 56→66 [0.2ms]
[2026-05-06 12:07:59] MOVE asha (gray0): 54→43 [0.1ms]
[2026-05-06 12:07:59] MOVE chetan (lawn green): 66→77 [0.1ms]
[2026-05-06 12:07:59] MOVE asha (gray0): 64→54 [0.1ms]
[2026-05-06 12:08:00] MOVE chetan (lawn green): 77→89 [0.1ms]
[2026-05-06 12:08:00] MOVE asha (gray0): 43→64 [0.1ms]
[2026-05-06 12:08:00] MOVE chetan (lawn green): 89→102 [0.1ms]
[2026-05-06 12:08:00] MOVE asha (gray0): 54→43 [0.1ms]
[2026-05-06 12:08:00] MOVE chetan (lawn green): 102→90 [0.1ms]
[2026-05-06 12:08:00] MOVE asha (gray0): 64→63 [0.1ms]
[2026-05-06 12:08:01] MOVE chetan (lawn green): 90→78 [0.3ms]
[2026-05-06 12:08:01] MOVE asha (gray0): 43→31 [0.1ms]
[2026-05-06 12:08:01] MOVE chetan (lawn green): 78→67 [0.1ms]
[2026-05-06 12:08:01] MOVE asha (gray0): 63→53 [0.1ms]
[2026-05-06 12:08:01] MOVE chetan (lawn green): 67→57 [0.1ms]
[2026-05-06 12:08:01] MOVE asha (gray0): 31→18 [0.3ms]
[2026-05-06 12:08:01] MOVE chetan (lawn green): 57→56 [0.1ms]
[2026-05-06 12:08:02] MOVE asha (gray0): 53→54 [0.4ms]
[2026-05-06 12:08:02] MOVE chetan (lawn green): 56→66 [0.1ms]
[2026-05-06 12:08:02] MOVE asha (gray0): 18→9 [0.1ms]
[2026-05-06 12:08:02] MOVE chetan (lawn green): 66→77 [0.1ms]
[2026-05-06 12:08:02] MOVE asha (gray0): 54→43 [0.1ms]
[2026-05-06 12:08:02] MOVE chetan (lawn green): 77→89 [0.1ms]
[2026-05-06 12:08:03] MOVE asha (gray0): 9→17 [0.1ms]
[2026-05-06 12:08:03] MOVE chetan (lawn green): 89→102 [0.1ms]
[2026-05-06 12:08:03] MOVE asha (gray0): 43→31 [0.1ms]
[2026-05-06 12:08:03] MOVE chetan (lawn green): 102→90 [0.6ms]
[2026-05-06 12:08:03] MOVE asha (gray0): 17→30 [0.1ms]
[2026-05-06 12:08:03] MOVE chetan (lawn green): 90→78 [0.1ms]
[2026-05-06 12:08:04] MOVE asha (gray0): 31→18 [0.1ms]
[2026-05-06 12:08:04] MOVE chetan (lawn green): 78→67 [0.1ms]
[2026-05-06 12:08:04] MOVE asha (gray0): 30→31 [0.1ms]
[2026-05-06 12:08:04] MOVE chetan (lawn green): 67→57 [0.1ms]
[2026-05-06 12:08:04] MOVE asha (gray0): 18→9 [0.2ms]
[2026-05-06 12:08:04] MOVE chetan (lawn green): 57→56 [0.1ms]
[2026-05-06 12:08:04] MOVE asha (gray0): 31→18 [0.1ms]
[2026-05-06 12:08:05] MOVE chetan (lawn green): 56→66 [0.1ms]
[2026-05-06 12:08:05] MOVE asha (gray0): 9→31 [0.4ms]
[2026-05-06 12:08:05] MOVE chetan (lawn green): 66→77 [0.1ms]
[2026-05-06 12:08:05] MOVE asha (gray0): 18→43 [0.1ms]
[2026-05-06 12:08:05] MOVE chetan (lawn green): 77→89 [0.1ms]
[2026-05-06 12:08:05] MOVE asha (gray0): 31→54 [0.1ms]
[2026-05-06 12:08:06] MOVE chetan (lawn green): 89→102 [0.1ms]
[2026-05-06 12:08:06] MOVE asha (gray0): 43→64 [0.2ms]
[2026-05-06 12:08:06] MOVE chetan (lawn green): 102→90 [0.4ms]
[2026-05-06 12:08:06] MOVE asha (gray0): 54→43 [0.1ms]
[2026-05-06 12:08:06] MOVE chetan (lawn green): 90→78 [0.2ms]
[2026-05-06 12:08:06] MOVE asha (gray0): 64→54 [0.1ms]
[2026-05-06 12:08:06] MOVE chetan (lawn green): 78→67 [0.1ms]
[2026-05-06 12:08:07] MOVE asha (gray0): 43→64 [0.1ms]
[2026-05-06 12:08:07] MOVE chetan (lawn green): 67→57 [0.1ms]
[2026-05-06 12:08:07] MOVE asha (gray0): 54→74 [0.2ms]
[2026-05-06 12:08:07] MOVE chetan (lawn green): 57→56 [0.1ms]
[2026-05-06 12:08:07] MOVE asha (gray0): 64→63 [0.1ms]
[2026-05-06 12:08:07] MOVE chetan (lawn green): 56→66 [0.1ms]
[2026-05-06 12:08:08] MOVE asha (gray0): 74→73 [0.8ms]
[2026-05-06 12:08:08] MOVE chetan (lawn green): 66→77 [0.1ms]
[2026-05-06 12:08:08] MOVE asha (gray0): 63→53 [0.5ms]
[2026-05-06 12:08:08] MOVE chetan (lawn green): 77→89 [0.1ms]
[2026-05-06 12:08:08] MOVE asha (gray0): 73→63 [0.1ms]
[2026-05-06 12:08:08] MOVE chetan (lawn green): 89→102 [0.1ms]
[2026-05-06 12:08:09] MOVE asha (gray0): 53→54 [0.1ms]
[2026-05-06 12:08:09] MOVE chetan (lawn green): 102→90 [0.1ms]
[2026-05-06 12:08:09] MOVE asha (gray0): 63→64 [0.1ms]
[2026-05-06 12:08:09] MOVE chetan (lawn green): 90→78 [0.4ms]
[2026-05-06 12:08:09] MOVE asha (gray0): 54→43 [0.1ms]
[2026-05-06 12:08:10] MOVE chetan (lawn green): 78→67 [0.3ms]
[2026-05-06 12:08:10] MOVE asha (gray0): 64→54 [1.4ms]
[2026-05-06 12:08:10] MOVE chetan (lawn green): 67→57 [0.1ms]
[2026-05-06 12:08:10] MOVE asha (gray0): 43→64 [0.1ms]
[2026-05-06 12:08:11] MOVE chetan (lawn green): 57→56 [0.1ms]
[2026-05-06 12:08:11] MOVE asha (gray0): 54→43 [0.2ms]
[2026-05-06 12:08:11] MOVE chetan (lawn green): 56→66 [0.2ms]
[2026-05-06 12:08:11] MOVE asha (gray0): 64→63 [0.1ms]
[2026-05-06 12:08:11] MOVE chetan (lawn green): 66→77 [1.9ms]
[2026-05-06 12:08:11] MOVE asha (gray0): 43→31 [0.1ms]
[2026-05-06 12:08:12] MOVE chetan (lawn green): 77→89 [0.1ms]
[2026-05-06 12:08:12] MOVE asha (gray0): 63→53 [0.1ms]
[2026-05-06 12:08:12] MOVE chetan (lawn green): 89→102 [0.1ms]
[2026-05-06 12:08:12] MOVE asha (gray0): 31→18 [0.1ms]
[2026-05-06 12:08:12] MOVE chetan (lawn green): 102→90 [0.2ms]
[2026-05-06 12:08:12] MOVE asha (gray0): 53→54 [0.1ms]
[2026-05-06 12:08:12] MOVE chetan (lawn green): 90→78 [0.1ms]
[2026-05-06 12:08:13] MOVE asha (gray0): 18→9 [0.1ms]
[2026-05-06 12:08:13] MOVE chetan (lawn green): 78→67 [0.1ms]
[2026-05-06 12:08:13] MOVE asha (gray0): 54→43 [0.1ms]
[2026-05-06 12:08:13] MOVE chetan (lawn green): 67→57 [0.1ms]
[2026-05-06 12:08:13] MOVE asha (gray0): 9→17 [0.2ms]
[2026-05-06 12:08:13] MOVE chetan (lawn green): 57→56 [0.1ms]
[2026-05-06 12:08:14] MOVE asha (gray0): 43→31 [0.1ms]
[2026-05-06 12:08:14] MOVE chetan (lawn green): 56→66 [0.1ms]
[2026-05-06 12:08:14] MOVE asha (gray0): 17→30 [0.1ms]
[2026-05-06 12:08:14] MOVE chetan (lawn green): 66→77 [0.2ms]
[2026-05-06 12:08:14] MOVE asha (gray0): 31→18 [0.1ms]
[2026-05-06 12:08:14] MOVE chetan (lawn green): 77→89 [0.1ms]
[2026-05-06 12:08:15] MOVE asha (gray0): 30→31 [0.2ms]
[2026-05-06 12:08:15] MOVE chetan (lawn green): 89→102 [0.1ms]
[2026-05-06 12:08:15] MOVE asha (gray0): 18→9 [0.1ms]
[2026-05-06 12:08:15] MOVE chetan (lawn green): 102→90 [0.2ms]
[2026-05-06 12:08:15] MOVE asha (gray0): 31→18 [0.1ms]
[2026-05-06 12:08:15] MOVE chetan (lawn green): 90→78 [0.1ms]
[2026-05-06 12:08:16] MOVE asha (gray0): 9→31 [0.1ms]
[2026-05-06 12:08:16] MOVE chetan (lawn green): 78→67 [0.2ms]
[2026-05-06 12:08:16] MOVE asha (gray0): 18→43 [0.3ms]
[2026-05-06 12:08:16] MOVE chetan (lawn green): 67→57 [0.3ms]
[2026-05-06 12:08:16] MOVE asha (gray0): 31→54 [0.1ms]
[2026-05-06 12:08:16] MOVE chetan (lawn green): 57→56 [0.3ms]
[2026-05-06 12:08:17] MOVE asha (gray0): 43→64 [0.1ms]
[2026-05-06 12:08:17] MOVE chetan (lawn green): 56→66 [0.1ms]
[2026-05-06 12:08:17] MOVE asha (gray0): 54→43 [0.1ms]
[2026-05-06 12:08:17] MOVE chetan (lawn green): 66→77 [0.1ms]
[2026-05-06 12:08:17] MOVE asha (gray0): 64→54 [0.1ms]
[2026-05-06 12:08:17] MOVE chetan (lawn green): 77→89 [0.1ms]
[2026-05-06 12:08:17] MOVE asha (gray0): 43→64 [0.1ms]
[2026-05-06 12:08:18] MOVE chetan (lawn green): 89→102 [0.1ms]
[2026-05-06 12:08:18] MOVE asha (gray0): 54→74 [0.2ms]
[2026-05-06 12:08:18] MOVE chetan (lawn green): 102→90 [0.1ms]
[2026-05-06 12:08:18] MOVE asha (gray0): 64→63 [0.1ms]
[2026-05-06 12:08:18] MOVE chetan (lawn green): 90→78 [0.2ms]
[2026-05-06 12:08:19] MOVE asha (gray0): 74→73 [0.2ms]
[2026-05-06 12:08:19] MOVE chetan (lawn green): 78→67 [0.1ms]
[2026-05-06 12:08:19] MOVE asha (gray0): 63→53 [0.1ms]
[2026-05-06 12:08:19] MOVE chetan (lawn green): 67→57 [0.1ms]
[2026-05-06 12:08:19] MOVE asha (gray0): 73→63 [0.1ms]
[2026-05-06 12:08:19] MOVE chetan (lawn green): 57→56 [0.2ms]
[2026-05-06 12:08:19] MOVE asha (gray0): 53→54 [0.2ms]
[2026-05-06 12:08:19] MOVE chetan (lawn green): 56→66 [0.1ms]
[2026-05-06 12:08:20] MOVE asha (gray0): 63→64 [0.2ms]
[2026-05-06 12:08:20] MOVE chetan (lawn green): 66→77 [0.1ms]
[2026-05-06 12:08:20] MOVE asha (gray0): 54→43 [0.1ms]
[2026-05-06 12:08:20] MOVE chetan (lawn green): 77→89 [0.1ms]
[2026-05-06 12:08:20] MOVE asha (gray0): 64→54 [0.1ms]
[2026-05-06 12:08:20] MOVE chetan (lawn green): 89→102 [0.1ms]
[2026-05-06 12:08:21] MOVE asha (gray0): 43→64 [0.1ms]
[2026-05-06 12:08:21] MOVE chetan (lawn green): 102→90 [0.1ms]
[2026-05-06 12:08:21] MOVE asha (gray0): 54→43 [0.1ms]
[2026-05-06 12:08:21] MOVE chetan (lawn green): 90→78 [0.1ms]
[2026-05-06 12:08:21] MOVE asha (gray0): 64→63 [0.1ms]
[2026-05-06 12:08:22] MOVE chetan (lawn green): 78→67 [0.1ms]
[2026-05-06 12:08:22] MOVE asha (gray0): 43→31 [0.3ms]
[2026-05-06 12:08:22] MOVE chetan (lawn green): 67→57 [0.1ms]
[2026-05-06 12:08:22] MOVE asha (gray0): 63→53 [0.1ms]
[2026-05-06 12:08:22] MOVE chetan (lawn green): 57→56 [4.6ms]
[2026-05-06 12:08:23] MOVE asha (gray0): 31→18 [0.1ms]
[2026-05-06 12:08:23] MOVE chetan (lawn green): 56→66 [0.3ms]
[2026-05-06 12:08:23] MOVE asha (gray0): 53→54 [0.1ms]
[2026-05-06 12:08:23] MOVE chetan (lawn green): 66→77 [0.1ms]
[2026-05-06 12:08:23] MOVE asha (gray0): 18→9 [0.1ms]
[2026-05-06 12:08:23] MOVE chetan (lawn green): 77→89 [0.1ms]
[2026-05-06 12:08:24] MOVE asha (gray0): 54→43 [0.1ms]
[2026-05-06 12:08:24] MOVE chetan (lawn green): 89→102 [0.1ms]
[2026-05-06 12:08:24] MOVE asha (gray0): 9→17 [0.4ms]
[2026-05-06 12:08:24] MOVE chetan (lawn green): 102→90 [0.1ms]
[2026-05-06 12:08:24] MOVE asha (gray0): 43→31 [0.2ms]
[2026-05-06 12:08:25] MOVE chetan (lawn green): 90→78 [0.1ms]
[2026-05-06 12:08:25] MOVE asha (gray0): 17→30 [0.1ms]
[2026-05-06 12:08:25] MOVE chetan (lawn green): 78→67 [0.1ms]
[2026-05-06 12:08:25] MOVE asha (gray0): 31→18 [0.1ms]
[2026-05-06 12:08:25] MOVE chetan (lawn green): 67→57 [0.1ms]
[2026-05-06 12:08:25] MOVE asha (gray0): 30→31 [0.1ms]
[2026-05-06 12:08:25] MOVE chetan (lawn green): 57→56 [0.1ms]
[2026-05-06 12:08:26] MOVE asha (gray0): 18→9 [0.1ms]
[2026-05-06 12:08:26] MOVE chetan (lawn green): 56→66 [0.1ms]
[2026-05-06 12:08:26] MOVE asha (gray0): 31→18 [0.1ms]
[2026-05-06 12:08:26] MOVE chetan (lawn green): 66→77 [0.1ms]
[2026-05-06 12:08:26] MOVE asha (gray0): 9→31 [0.1ms]
[2026-05-06 12:08:26] MOVE chetan (lawn green): 77→89 [0.1ms]
[2026-05-06 12:08:26] MOVE asha (gray0): 18→43 [0.1ms]
[2026-05-06 12:08:27] MOVE chetan (lawn green): 89→102 [0.1ms]
[2026-05-06 12:08:27] MOVE asha (gray0): 31→54 [0.1ms]
[2026-05-06 12:08:27] MOVE chetan (lawn green): 102→90 [0.3ms]
[2026-05-06 12:08:27] MOVE asha (gray0): 43→64 [0.1ms]
[2026-05-06 12:08:27] MOVE chetan (lawn green): 90→78 [0.4ms]
[2026-05-06 12:08:28] MOVE asha (gray0): 54→43 [0.1ms]
[2026-05-06 12:08:28] MOVE chetan (lawn green): 78→67 [0.1ms]
[2026-05-06 12:08:28] MOVE asha (gray0): 64→54 [0.1ms]
[2026-05-06 12:08:28] MOVE chetan (lawn green): 67→57 [0.1ms]
[2026-05-06 12:08:28] MOVE asha (gray0): 43→64 [0.1ms]
[2026-05-06 12:08:28] MOVE chetan (lawn green): 57→56 [0.1ms]
[2026-05-06 12:08:29] MOVE asha (gray0): 54→74 [0.1ms]
[2026-05-06 12:08:29] MOVE chetan (lawn green): 56→66 [0.1ms]
[2026-05-06 12:08:29] MOVE asha (gray0): 64→63 [0.1ms]
[2026-05-06 12:08:29] MOVE chetan (lawn green): 66→77 [0.1ms]
[2026-05-06 12:08:29] MOVE asha (gray0): 74→73 [0.1ms]
[2026-05-06 12:08:29] MOVE chetan (lawn green): 77→89 [0.1ms]
[2026-05-06 12:08:30] MOVE asha (gray0): 63→53 [0.1ms]
[2026-05-06 12:08:30] MOVE chetan (lawn green): 89→102 [0.1ms]
[2026-05-06 12:08:30] MOVE asha (gray0): 73→63 [0.1ms]
[2026-05-06 12:08:30] MOVE chetan (lawn green): 102→90 [0.1ms]
[2026-05-06 12:08:30] MOVE asha (gray0): 53→54 [0.1ms]
[2026-05-06 12:08:30] MOVE chetan (lawn green): 90→78 [0.1ms]
[2026-05-06 12:08:31] MOVE asha (gray0): 63→64 [0.1ms]
[2026-05-06 12:08:31] MOVE chetan (lawn green): 78→67 [0.1ms]
[2026-05-06 12:08:31] MOVE asha (gray0): 54→43 [0.1ms]
[2026-05-06 12:08:31] MOVE chetan (lawn green): 67→57 [0.1ms]
[2026-05-06 12:08:31] MOVE asha (gray0): 64→54 [0.2ms]
[2026-05-06 12:08:31] MOVE chetan (lawn green): 57→56 [0.1ms]
[2026-05-06 12:08:31] MOVE asha (gray0): 43→64 [0.1ms]
[2026-05-06 12:08:32] MOVE chetan (lawn green): 56→66 [0.3ms]
[2026-05-06 12:08:32] MOVE asha (gray0): 54→43 [0.1ms]
[2026-05-06 12:08:32] MOVE chetan (lawn green): 66→77 [0.1ms]
[2026-05-06 12:08:32] MOVE asha (gray0): 64→63 [0.1ms]
[2026-05-06 12:08:32] MOVE chetan (lawn green): 77→89 [0.1ms]
[2026-05-06 12:08:32] MOVE asha (gray0): 43→31 [0.2ms]
[2026-05-06 12:08:33] MOVE chetan (lawn green): 89→102 [0.1ms]
[2026-05-06 12:08:33] MOVE asha (gray0): 63→53 [0.1ms]
[2026-05-06 12:08:33] MOVE chetan (lawn green): 102→90 [0.1ms]
[2026-05-06 12:08:33] MOVE asha (gray0): 31→18 [0.1ms]
[2026-05-06 12:08:33] MOVE chetan (lawn green): 90→78 [0.1ms]
[2026-05-06 12:08:33] MOVE asha (gray0): 53→54 [0.1ms]
[2026-05-06 12:08:34] MOVE chetan (lawn green): 78→67 [0.1ms]
[2026-05-06 12:08:34] MOVE asha (gray0): 18→9 [0.1ms]
[2026-05-06 12:08:34] MOVE chetan (lawn green): 67→57 [0.1ms]
[2026-05-06 12:08:34] MOVE asha (gray0): 54→43 [0.1ms]
[2026-05-06 12:08:34] MOVE chetan (lawn green): 57→56 [0.1ms]
[2026-05-06 12:08:34] MOVE asha (gray0): 9→17 [0.1ms]
[2026-05-06 12:08:35] MOVE chetan (lawn green): 56→66 [0.1ms]
[2026-05-06 12:08:35] MOVE asha (gray0): 43→31 [0.1ms]
[2026-05-06 12:08:35] MOVE chetan (lawn green): 66→77 [0.1ms]
[2026-05-06 12:08:35] MOVE asha (gray0): 17→30 [0.2ms]
[2026-05-06 12:08:35] MOVE chetan (lawn green): 77→89 [0.1ms]
[2026-05-06 12:08:35] MOVE asha (gray0): 31→18 [0.1ms]
[2026-05-06 12:08:35] MOVE chetan (lawn green): 89→102 [0.1ms]
[2026-05-06 12:08:36] MOVE asha (gray0): 30→31 [0.1ms]
[2026-05-06 12:08:36] MOVE chetan (lawn green): 102→90 [0.5ms]
[2026-05-06 12:08:36] MOVE asha (gray0): 18→9 [0.3ms]
[2026-05-06 12:08:36] MOVE chetan (lawn green): 90→78 [0.1ms]
[2026-05-06 12:08:36] MOVE asha (gray0): 31→18 [0.1ms]
[2026-05-06 12:08:36] MOVE chetan (lawn green): 78→67 [0.1ms]
[2026-05-06 12:08:37] MOVE asha (gray0): 9→31 [0.7ms]
[2026-05-06 12:08:37] MOVE chetan (lawn green): 67→57 [0.1ms]
[2026-05-06 12:08:37] MOVE asha (gray0): 18→43 [0.1ms]
[2026-05-06 12:08:37] MOVE chetan (lawn green): 57→56 [0.1ms]
[2026-05-06 12:08:37] MOVE asha (gray0): 31→54 [0.1ms]
[2026-05-06 12:08:37] MOVE chetan (lawn green): 56→66 [0.1ms]
[2026-05-06 12:08:37] MOVE asha (gray0): 43→64 [0.1ms]
[2026-05-06 12:08:38] MOVE chetan (lawn green): 66→77 [0.1ms]
[2026-05-06 12:08:38] MOVE asha (gray0): 54→43 [0.1ms]
[2026-05-06 12:08:38] MOVE chetan (lawn green): 77→89 [0.1ms]
[2026-05-06 12:08:38] MOVE asha (gray0): 64→54 [0.1ms]
[2026-05-06 12:08:38] MOVE chetan (lawn green): 89→102 [0.1ms]
[2026-05-06 12:08:38] MOVE asha (gray0): 43→64 [0.3ms]
[2026-05-06 12:08:39] MOVE chetan (lawn green): 102→90 [0.1ms]
[2026-05-06 12:08:39] MOVE asha (gray0): 54→74 [0.1ms]
[2026-05-06 12:08:39] MOVE chetan (lawn green): 90→78 [0.1ms]
[2026-05-06 12:08:39] MOVE asha (gray0): 64→63 [0.1ms]
[2026-05-06 12:08:39] MOVE chetan (lawn green): 78→67 [0.1ms]
[2026-05-06 12:08:39] MOVE asha (gray0): 74→73 [0.1ms]
[2026-05-06 12:08:40] MOVE chetan (lawn green): 67→57 [0.1ms]
[2026-05-06 12:08:40] MOVE asha (gray0): 63→53 [0.1ms]
[2026-05-06 12:08:40] MOVE chetan (lawn green): 57→56 [0.1ms]
[2026-05-06 12:08:40] MOVE asha (gray0): 73→63 [0.1ms]
[2026-05-06 12:08:40] MOVE chetan (lawn green): 56→66 [0.1ms]
[2026-05-06 12:08:40] MOVE asha (gray0): 53→54 [0.1ms]
[2026-05-06 12:08:40] MOVE chetan (lawn green): 66→77 [0.1ms]
