[2026-05-08 20:01:43] GAME CREATED
[2026-05-08 20:01:48] PLAYER JOINED: chetan as lawn green
[2026-05-08 20:01:52] PLAYER JOINED: asha as gray0
[2026-05-08 20:01:55] GAME STARTED — turn order: ['lawn green', 'gray0']
[2026-05-08 20:01:57] MOVE chetan (lawn green): 44→54 [0.1ms]
[2026-05-08 20:01:59] MOVE asha (gray0): 87→66 [0.1ms]
[2026-05-08 20:02:00] MOVE chetan (lawn green): 45→64 [0.4ms]
[2026-05-08 20:02:02] MOVE asha (gray0): 65→67 [0.1ms]
[2026-05-08 20:02:04] MOVE chetan (lawn green): 20→43 [0.1ms]
[2026-05-08 20:02:05] MOVE asha (gray0): 100→102 [0.1ms]
[2026-05-08 20:02:07] MOVE chetan (lawn green): 19→42 [0.1ms]
[2026-05-08 20:02:09] MOVE asha (gray0): 101→103 [0.1ms]
[2026-05-08 20:02:10] MOVE chetan (lawn green): 64→73 [0.1ms]
[2026-05-08 20:02:12] MOVE asha (gray0): 103→104 [0.1ms]
[2026-05-08 20:02:14] MOVE chetan (lawn green): 55→64 [0.1ms]
[2026-05-08 20:02:16] MOVE asha (gray0): 104→105 [0.1ms]
[2026-05-08 20:02:17] MOVE chetan (lawn green): 33→52 [0.1ms]
[2026-05-08 20:02:19] MOVE asha (gray0): 105→93 [0.1ms]
[2026-05-08 20:02:21] MOVE chetan (lawn green): 34→33 [0.1ms]
[2026-05-08 20:02:23] MOVE asha (gray0): 93→94 [0.1ms]
[2026-05-08 20:02:24] MOVE chetan (lawn green): 64→106 [0.1ms]
[2026-05-08 20:02:26] MOVE asha (gray0): 66→68 [0.1ms]
[2026-05-08 20:02:28] MOVE chetan (lawn green): 33→31 [0.1ms]
[2026-05-08 20:02:29] MOVE asha (gray0): 75→77 [0.1ms]
[2026-05-08 20:02:31] MOVE chetan (lawn green): 73→72 [0.1ms]
[2026-05-08 20:02:33] MOVE asha (gray0): 86→87 [0.1ms]
[2026-05-08 20:02:34] MOVE chetan (lawn green): 106→105 [0.1ms]
[2026-05-08 20:02:36] MOVE asha (gray0): 67→69 [0.1ms]
[2026-05-08 20:02:38] MOVE chetan (lawn green): 31→30 [0.1ms]
[2026-05-08 20:02:39] MOVE asha (gray0): 98→86 [0.1ms]
[2026-05-08 20:02:41] MOVE chetan (lawn green): 105→104 [0.1ms]
[2026-05-08 20:02:43] MOVE asha (gray0): 77→78 [0.1ms]
[2026-05-08 20:02:45] MOVE chetan (lawn green): 52→51 [0.1ms]
[2026-05-08 20:02:46] MOVE asha (gray0): 87→66 [0.1ms]
[2026-05-08 20:02:48] MOVE chetan (lawn green): 104→103 [0.1ms]
[2026-05-08 20:02:50] MOVE asha (gray0): 76→77 [0.1ms]
[2026-05-08 20:02:51] MOVE chetan (lawn green): 21→20 [0.1ms]
[2026-05-08 20:02:53] MOVE asha (gray0): 78→80 [0.1ms]
[2026-05-08 20:02:55] MOVE chetan (lawn green): 54→50 [0.1ms]
[2026-05-08 20:02:56] MOVE asha (gray0): 102→90 [0.1ms]
[2026-05-08 20:02:58] MOVE chetan (lawn green): 43→102 [0.1ms]
[2026-05-08 20:03:00] MOVE asha (gray0): 66→70 [0.1ms]
[2026-05-08 20:03:01] MOVE chetan (lawn green): 103→101 [0.1ms]
[2026-05-08 20:03:03] MOVE asha (gray0): 94→83 [0.1ms]
[2026-05-08 20:03:05] MOVE chetan (lawn green): 51→49 [0.1ms]
[2026-05-08 20:03:06] MOVE asha (gray0): 69→94 [0.1ms]
[2026-05-08 20:03:08] MOVE chetan (lawn green): 72→71 [0.1ms]
[2026-05-08 20:03:10] MOVE asha (gray0): 88→92 [0.1ms]
[2026-05-08 20:03:11] MOVE chetan (lawn green): 20→43 [0.1ms]
[2026-05-08 20:03:13] MOVE asha (gray0): 92→93 [0.1ms]
[2026-05-08 20:03:15] MOVE chetan (lawn green): 49→58 [0.1ms]
[2026-05-08 20:03:16] MOVE asha (gray0): 90→79 [0.1ms]
[2026-05-08 20:03:18] MOVE chetan (lawn green): 71→49 [0.1ms]
[2026-05-08 20:03:20] MOVE asha (gray0): 86→75 [0.2ms]
[2026-05-08 20:03:21] MOVE chetan (lawn green): 22→21 [0.1ms]
[2026-05-08 20:03:23] MOVE asha (gray0): 70→71 [0.1ms]
[2026-05-08 20:03:25] MOVE chetan (lawn green): 49→88 [0.1ms]
[2026-05-08 20:03:26] MOVE asha (gray0): 68→59 [0.1ms]
[2026-05-08 20:03:28] MOVE chetan (lawn green): 102→98 [0.1ms]
[2026-05-08 20:03:30] MOVE asha (gray0): 75→65 [0.1ms]
[2026-05-08 20:03:31] MOVE chetan (lawn green): 30→41 [0.1ms]
[2026-05-08 20:03:33] MOVE asha (gray0): 93→82 [0.1ms]
[2026-05-08 20:03:35] MOVE chetan (lawn green): 50→68 [0.1ms]
[2026-05-08 20:03:36] MOVE asha (gray0): 77→67 [0.1ms]
[2026-05-08 20:03:38] MOVE chetan (lawn green): 42→52 [0.1ms]
[2026-05-08 20:03:40] MOVE asha (gray0): 80→81 [0.1ms]
[2026-05-08 20:03:42] MOVE chetan (lawn green): 68→78 [0.1ms]
[2026-05-08 20:03:43] MOVE asha (gray0): 99→100 [0.1ms]
[2026-05-08 20:03:45] MOVE chetan (lawn green): 32→51 [0.1ms]
[2026-05-08 20:03:46] MOVE asha (gray0): 100→102 [0.1ms]
[2026-05-08 20:03:48] MOVE chetan (lawn green): 43→53 [0.2ms]
[2026-05-08 20:03:50] MOVE asha (gray0): 65→66 [0.1ms]
[2026-05-08 20:03:52] MOVE chetan (lawn green): 41→60 [0.1ms]
[2026-05-08 20:03:53] MOVE asha (gray0): 66→48 [0.1ms]
[2026-05-08 20:03:55] MOVE chetan (lawn green): 52→70 [0.1ms]
[2026-05-08 20:03:57] MOVE asha (gray0): 67→49 [0.2ms]
[2026-05-08 20:03:58] MOVE chetan (lawn green): 51→67 [0.1ms]
[2026-05-08 20:04:00] MOVE asha (gray0): 94→73 [0.1ms]
[2026-05-08 20:04:02] MOVE chetan (lawn green): 70→91 [0.1ms]
[2026-05-08 20:04:03] MOVE asha (gray0): 48→50 [0.1ms]
[2026-05-08 20:04:05] MOVE chetan (lawn green): 21→33 [0.1ms]
[2026-05-08 20:04:07] MOVE asha (gray0): 79→80 [1.3ms]
[2026-05-08 20:04:09] MOVE chetan (lawn green): 67→77 [0.1ms]
[2026-05-08 20:04:10] MOVE asha (gray0): 82→84 [0.2ms]
[2026-05-08 20:04:12] MOVE chetan (lawn green): 33→32 [0.1ms]
[2026-05-08 20:04:14] MOVE asha (gray0): 84→42 [0.1ms]
[2026-05-08 20:04:16] MOVE chetan (lawn green): 77→100 [0.4ms]
[2026-05-08 20:04:17] MOVE asha (gray0): 102→103 [0.1ms]
[2026-05-08 20:04:19] MOVE chetan (lawn green): 91→90 [0.1ms]
[2026-05-08 20:04:21] MOVE asha (gray0): 59→63 [0.1ms]
[2026-05-08 20:04:23] MOVE chetan (lawn green): 90→89 [0.1ms]
[2026-05-08 20:04:24] MOVE asha (gray0): 81→43 [0.1ms]
[2026-05-08 20:04:26] MOVE chetan (lawn green): 53→52 [0.4ms]
[2026-05-08 20:04:27] MOVE asha (gray0): 83→64 [0.1ms]
[2026-05-08 20:04:29] MOVE chetan (lawn green): 58→67 [0.1ms]
[2026-05-08 20:04:31] MOVE asha (gray0): 80→70 [0.1ms]
[2026-05-08 20:04:33] MOVE chetan (lawn green): 32→69 [0.1ms]
[2026-05-08 20:04:34] MOVE asha (gray0): 103→104 [0.1ms]
[2026-05-08 20:04:36] MOVE chetan (lawn green): 52→61 [0.1ms]
[2026-05-08 20:04:38] MOVE asha (gray0): 73→32 [0.1ms]
[2026-05-08 20:04:39] MOVE chetan (lawn green): 89→87 [0.1ms]
[2026-05-08 20:04:41] MOVE asha (gray0): 70→54 [0.1ms]
[2026-05-08 20:04:43] MOVE chetan (lawn green): 61→80 [0.1ms]
[2026-05-08 20:04:44] MOVE asha (gray0): 71→62 [0.1ms]
[2026-05-08 20:04:46] MOVE chetan (lawn green): 80→79 [0.1ms]
[2026-05-08 20:04:48] MOVE asha (gray0): 63→44 [0.1ms]
[2026-05-08 20:04:49] MOVE chetan (lawn green): 60→58 [0.1ms]
[2026-05-08 20:04:51] MOVE asha (gray0): 62→53 [0.1ms]
[2026-05-08 20:04:53] MOVE chetan (lawn green): 69→68 [0.1ms]
[2026-05-08 20:04:54] MOVE asha (gray0): 104→105 [0.1ms]
[2026-05-08 20:04:56] MOVE chetan (lawn green): 79→77 [0.1ms]
[2026-05-08 20:04:57] MOVE asha (gray0): 43→45 [0.1ms]
[2026-05-08 20:04:58] MOVE chetan (lawn green): 58→57 [0.1ms]
[2026-05-08 20:04:59] MOVE asha (gray0): 50→40 [0.1ms]
[2026-05-08 20:05:00] MOVE chetan (lawn green): 78→99 [0.1ms]
[2026-05-08 20:05:01] MOVE asha (gray0): 53→34 [0.1ms]
[2026-05-08 20:05:02] MOVE chetan (lawn green): 57→76 [0.1ms]
[2026-05-08 20:05:03] MOVE asha (gray0): 42→31 [0.1ms]
[2026-05-08 20:05:04] MOVE chetan (lawn green): 77→75 [0.1ms]
[2026-05-08 20:05:05] MOVE asha (gray0): 31→33 [0.1ms]
[2026-05-08 20:05:06] MOVE chetan (lawn green): 68→66 [0.1ms]
[2026-05-08 20:05:06] MOVE asha (gray0): 64→20 [0.1ms]
[2026-05-08 20:05:06] MOVE chetan (lawn green): 67→86 [0.1ms]
[2026-05-08 20:05:07] MOVE asha (gray0): 40→29 [0.1ms]
[2026-05-08 20:05:07] MOVE chetan (lawn green): 66→65 [0.3ms]
[2026-05-08 20:05:07] SCORE chetan (lawn green): Final=1201.6, Time=1.0, Moves(61)=0.7, Pins(10)=1000.0, Dist=200.0
[2026-05-08 20:05:07] SCORE asha (gray0): Final=793.1, Time=8.4, Moves(60)=0.7, Pins(6)=600.0, Dist=184.0
[2026-05-08 20:05:07] WIN: chetan (lawn green)
