[2026-05-15 22:49:20] GAME CREATED
[2026-05-15 22:49:44] PLAYER JOINED: chetan as red
[2026-05-15 22:49:56] PLAYER JOINED: asha as blue
[2026-05-15 22:50:00] GAME STARTED — turn order: ['red', 'blue']
[2026-05-15 22:50:00] MOVE chetan (red): 111→103 [0.2ms]
[2026-05-15 22:50:02] MOVE asha (blue): 8→17 [0.3ms]
[2026-05-15 22:50:03] MOVE chetan (red): 117→102 [0.4ms]
[2026-05-15 22:50:04] MOVE asha (blue): 6→30 [0.3ms]
[2026-05-15 22:50:05] MOVE chetan (red): 113→91 [0.2ms]
[2026-05-15 22:50:06] MOVE asha (blue): 1→6 [0.3ms]
[2026-05-15 22:50:07] MOVE chetan (red): 118→89 [0.2ms]
[2026-05-15 22:50:08] MOVE asha (blue): 5→16 [0.2ms]
[2026-05-15 22:50:09] MOVE chetan (red): 120→106 [0.3ms]
[2026-05-15 22:50:10] MOVE asha (blue): 16→41 [0.8ms]
[2026-05-15 22:50:12] MOVE chetan (red): 114→94 [0.2ms]
[2026-05-15 22:50:13] MOVE asha (blue): 0→16 [0.3ms]
[2026-05-15 22:50:14] MOVE chetan (red): 115→79 [0.3ms]
[2026-05-15 22:50:15] MOVE asha (blue): 3→18 [0.5ms]
[2026-05-15 22:50:16] MOVE chetan (red): 103→78 [0.3ms]
[2026-05-15 22:50:17] MOVE asha (blue): 7→52 [0.3ms]
[2026-05-15 22:50:18] MOVE chetan (red): 102→77 [0.2ms]
[2026-05-15 22:50:20] MOVE asha (blue): 30→51 [0.4ms]
[2026-05-15 22:50:21] MOVE chetan (red): 89→68 [0.3ms]
[2026-05-15 22:50:22] MOVE asha (blue): 9→29 [0.3ms]
[2026-05-15 22:50:23] MOVE chetan (red): 79→58 [0.2ms]
[2026-05-15 22:50:24] MOVE asha (blue): 2→7 [0.3ms]
[2026-05-15 22:50:25] MOVE chetan (red): 77→79 [0.2ms]
[2026-05-15 22:50:26] MOVE asha (blue): 17→15 [0.3ms]
[2026-05-15 22:50:28] MOVE chetan (red): 116→103 [0.2ms]
[2026-05-15 22:50:29] MOVE asha (blue): 6→30 [0.3ms]
[2026-05-15 22:50:30] MOVE chetan (red): 112→90 [0.3ms]
[2026-05-15 22:50:31] MOVE asha (blue): 15→42 [0.4ms]
[2026-05-15 22:50:32] MOVE chetan (red): 78→80 [0.3ms]
[2026-05-15 22:50:33] MOVE asha (blue): 4→61 [0.4ms]
[2026-05-15 22:50:34] MOVE chetan (red): 80→59 [0.3ms]
[2026-05-15 22:50:35] MOVE asha (blue): 51→71 [0.2ms]
[2026-05-15 22:50:37] MOVE chetan (red): 90→49 [0.3ms]
[2026-05-15 22:50:37] MOVE asha (blue): 61→82 [0.2ms]
[2026-05-15 22:50:39] MOVE chetan (red): 103→80 [0.3ms]
[2026-05-15 22:50:40] MOVE asha (blue): 42→40 [0.3ms]
[2026-05-15 22:50:41] MOVE chetan (red): 106→62 [1.1ms]
[2026-05-15 22:50:42] MOVE asha (blue): 52→93 [0.2ms]
[2026-05-15 22:50:43] MOVE chetan (red): 68→50 [0.3ms]
[2026-05-15 22:50:44] MOVE asha (blue): 30→51 [0.3ms]
[2026-05-15 22:50:45] MOVE chetan (red): 91→70 [0.4ms]
[2026-05-15 22:50:46] MOVE asha (blue): 41→81 [0.4ms]
[2026-05-15 22:50:48] MOVE chetan (red): 70→48 [2.6ms]
[2026-05-15 22:50:49] MOVE asha (blue): 16→41 [0.2ms]
[2026-05-15 22:50:50] MOVE chetan (red): 48→52 [0.2ms]
[2026-05-15 22:50:51] MOVE asha (blue): 71→69 [0.3ms]
[2026-05-15 22:50:52] MOVE chetan (red): 59→38 [0.3ms]
[2026-05-15 22:50:53] MOVE asha (blue): 40→61 [0.3ms]
[2026-05-15 22:50:54] MOVE chetan (red): 38→19 [0.2ms]
[2026-05-15 22:50:55] MOVE asha (blue): 93→91 [0.2ms]
[2026-05-15 22:50:57] MOVE chetan (red): 80→42 [0.3ms]
[2026-05-15 22:50:58] MOVE asha (blue): 69→90 [0.4ms]
[2026-05-15 22:50:59] MOVE chetan (red): 19→38 [0.3ms]
[2026-05-15 22:50:59] MOVE asha (blue): 51→71 [1.0ms]
[2026-05-15 22:51:01] MOVE chetan (red): 49→30 [0.3ms]
[2026-05-15 22:51:02] MOVE asha (blue): 82→80 [0.3ms]
[2026-05-15 22:51:03] MOVE chetan (red): 30→17 [0.2ms]
[2026-05-15 22:51:04] MOVE asha (blue): 91→95 [0.3ms]
[2026-05-15 22:51:05] MOVE chetan (red): 52→53 [0.3ms]
[2026-05-15 22:51:06] MOVE asha (blue): 29→91 [0.4ms]
[2026-05-15 22:51:08] MOVE chetan (red): 53→43 [0.4ms]
[2026-05-15 22:51:09] MOVE asha (blue): 80→84 [0.8ms]
[2026-05-15 22:51:10] MOVE chetan (red): 62→60 [0.2ms]
[2026-05-15 22:51:11] MOVE asha (blue): 84→78 [0.4ms]
[2026-05-15 22:51:12] MOVE chetan (red): 50→54 [0.4ms]
[2026-05-15 22:51:13] MOVE asha (blue): 61→103 [0.3ms]
[2026-05-15 22:51:14] MOVE chetan (red): 79→69 [0.3ms]
[2026-05-15 22:51:15] MOVE asha (blue): 71→92 [0.3ms]
[2026-05-15 22:51:17] MOVE chetan (red): 69→32 [0.2ms]
[2026-05-15 22:51:18] MOVE asha (blue): 95→93 [0.4ms]
[2026-05-15 22:51:19] MOVE chetan (red): 32→30 [0.2ms]
[2026-05-15 22:51:20] MOVE asha (blue): 18→16 [0.3ms]
[2026-05-15 22:51:21] MOVE chetan (red): 30→29 [0.2ms]
[2026-05-15 22:51:22] MOVE asha (blue): 81→104 [0.3ms]
[2026-05-15 22:51:23] MOVE chetan (red): 54→31 [0.3ms]
[2026-05-15 22:51:24] MOVE asha (blue): 91→79 [0.2ms]
[2026-05-15 22:51:25] MOVE chetan (red): 43→18 [0.3ms]
[2026-05-15 22:51:26] MOVE asha (blue): 93→89 [0.7ms]
[2026-05-15 22:51:28] MOVE chetan (red): 94→82 [0.2ms]
[2026-05-15 22:51:29] MOVE asha (blue): 78→105 [0.3ms]
[2026-05-15 22:51:30] MOVE chetan (red): 82→71 [0.3ms]
[2026-05-15 22:51:31] MOVE asha (blue): 105→101 [5.7ms]
[2026-05-15 22:51:32] MOVE chetan (red): 42→40 [0.8ms]
[2026-05-15 22:51:33] MOVE asha (blue): 89→93 [0.2ms]
[2026-05-15 22:51:34] MOVE chetan (red): 71→61 [0.3ms]
[2026-05-15 22:51:35] MOVE asha (blue): 79→102 [0.4ms]
[2026-05-15 22:51:37] MOVE chetan (red): 61→51 [0.7ms]
[2026-05-15 22:51:38] MOVE asha (blue): 41→52 [0.3ms]
[2026-05-15 22:51:39] MOVE chetan (red): 60→37 [0.4ms]
[2026-05-15 22:51:40] MOVE asha (blue): 16→60 [0.3ms]
[2026-05-15 22:51:41] MOVE chetan (red): 37→39 [0.2ms]
[2026-05-15 22:51:42] MOVE asha (blue): 52→48 [0.3ms]
[2026-05-15 22:51:43] MOVE chetan (red): 29→27 [0.3ms]
[2026-05-15 22:51:44] MOVE asha (blue): 93→105 [0.5ms]
[2026-05-15 22:51:46] MOVE chetan (red): 51→26 [1.1ms]
[2026-05-15 22:51:47] MOVE asha (blue): 48→57 [0.2ms]
[2026-05-15 22:51:48] MOVE chetan (red): 38→15 [0.2ms]
[2026-05-15 22:51:49] MOVE asha (blue): 60→69 [0.3ms]
[2026-05-15 22:51:50] MOVE chetan (red): 39→37 [0.2ms]
[2026-05-15 22:51:51] MOVE asha (blue): 92→91 [0.2ms]
[2026-05-15 22:51:52] MOVE chetan (red): 37→14 [0.2ms]
[2026-05-15 22:51:53] MOVE asha (blue): 91→93 [0.3ms]
[2026-05-15 22:51:55] MOVE chetan (red): 26→32 [0.3ms]
[2026-05-15 22:51:56] MOVE asha (blue): 93→106 [0.2ms]
[2026-05-15 22:51:57] MOVE chetan (red): 58→56 [0.5ms]
[2026-05-15 22:51:58] MOVE asha (blue): 69→79 [0.4ms]
[2026-05-15 22:51:59] MOVE chetan (red): 32→51 [0.3ms]
[2026-05-15 22:52:00] MOVE asha (blue): 57→67 [0.3ms]
[2026-05-15 22:52:01] MOVE chetan (red): 51→32 [0.2ms]
[2026-05-15 22:52:02] MOVE asha (blue): 90→78 [0.3ms]
[2026-05-15 22:52:04] MOVE chetan (red): 32→26 [0.3ms]
[2026-05-15 22:52:05] MOVE asha (blue): 67→90 [0.3ms]
[2026-05-15 22:52:06] MOVE chetan (red): 26→32 [0.3ms]
[2026-05-15 22:52:07] MOVE asha (blue): 79→91 [0.2ms]
[2026-05-15 22:52:08] MOVE chetan (red): 32→51 [0.4ms]
[2026-05-15 22:52:09] MOVE asha (blue): 91→93 [0.5ms]
[2026-05-15 22:52:10] MOVE chetan (red): 51→30 [0.2ms]
[2026-05-15 22:52:11] MOVE asha (blue): 93→89 [0.3ms]
[2026-05-15 22:52:13] MOVE chetan (red): 30→41 [0.4ms]
[2026-05-15 22:52:14] MOVE asha (blue): 90→92 [0.2ms]
[2026-05-15 22:52:15] MOVE chetan (red): 31→29 [0.6ms]
[2026-05-15 22:52:16] MOVE asha (blue): 89→93 [0.3ms]
[2026-05-15 22:52:17] MOVE chetan (red): 17→19 [0.4ms]
[2026-05-15 22:52:18] MOVE asha (blue): 92→90 [6.7ms]
[2026-05-15 22:52:19] MOVE chetan (red): 40→17 [2.6ms]
[2026-05-15 22:52:20] MOVE asha (blue): 93→94 [0.3ms]
[2026-05-15 22:52:21] MOVE chetan (red): 15→13 [0.3ms]
[2026-05-15 22:52:23] MOVE asha (blue): 7→16 [0.2ms]
[2026-05-15 22:52:24] MOVE chetan (red): 13→15 [0.2ms]
[2026-05-15 22:52:25] MOVE asha (blue): 94→107 [0.4ms]
[2026-05-15 22:52:26] MOVE chetan (red): 56→47 [0.4ms]
[2026-05-15 22:52:27] MOVE asha (blue): 78→89 [0.3ms]
[2026-05-15 22:52:28] MOVE chetan (red): 41→30 [0.3ms]
[2026-05-15 22:52:29] MOVE asha (blue): 16→41 [0.2ms]
[2026-05-15 22:52:30] MOVE chetan (red): 30→26 [0.3ms]
[2026-05-15 22:52:31] MOVE asha (blue): 41→52 [0.3ms]
[2026-05-15 22:52:33] MOVE chetan (red): 29→16 [0.2ms]
[2026-05-15 22:52:34] MOVE asha (blue): 90→94 [0.3ms]
[2026-05-15 22:52:35] MOVE chetan (red): 27→29 [0.2ms]
[2026-05-15 22:52:36] MOVE asha (blue): 89→95 [0.3ms]
[2026-05-15 22:52:37] MOVE chetan (red): 26→30 [0.2ms]
[2026-05-15 22:52:38] MOVE asha (blue): 52→61 [0.3ms]
[2026-05-15 22:52:39] MOVE chetan (red): 30→26 [0.2ms]
[2026-05-15 22:52:40] MOVE asha (blue): 61→70 [0.2ms]
[2026-05-15 22:52:41] MOVE chetan (red): 26→30 [0.3ms]
[2026-05-15 22:52:43] MOVE asha (blue): 70→81 [0.5ms]
[2026-05-15 22:52:44] MOVE chetan (red): 30→26 [0.2ms]
[2026-05-15 22:52:45] MOVE asha (blue): 95→91 [0.2ms]
[2026-05-15 22:52:46] MOVE chetan (red): 26→30 [0.3ms]
[2026-05-15 22:52:47] MOVE asha (blue): 94→90 [0.4ms]
[2026-05-15 22:52:48] MOVE chetan (red): 30→26 [0.2ms]
[2026-05-15 22:52:49] MOVE asha (blue): 90→94 [0.3ms]
[2026-05-15 22:52:50] MOVE chetan (red): 26→30 [0.5ms]
[2026-05-15 22:52:51] MOVE asha (blue): 94→90 [0.3ms]
[2026-05-15 22:52:52] MOVE chetan (red): 30→26 [0.5ms]
[2026-05-15 22:52:53] MOVE asha (blue): 90→94 [0.3ms]
[2026-05-15 22:52:55] MOVE chetan (red): 26→30 [0.2ms]
[2026-05-15 22:52:56] MOVE asha (blue): 94→90 [0.3ms]
[2026-05-15 22:52:57] MOVE chetan (red): 30→26 [0.2ms]
[2026-05-15 22:52:58] MOVE asha (blue): 90→94 [0.2ms]
[2026-05-15 22:52:59] MOVE chetan (red): 26→30 [0.2ms]
[2026-05-15 22:53:00] MOVE asha (blue): 107→80 [0.2ms]
[2026-05-15 22:53:01] MOVE chetan (red): 30→26 [0.4ms]
[2026-05-15 22:53:02] MOVE asha (blue): 94→90 [0.4ms]
[2026-05-15 22:53:03] MOVE chetan (red): 29→25 [0.4ms]
[2026-05-15 22:53:05] MOVE asha (blue): 90→94 [0.5ms]
[2026-05-15 22:53:06] MOVE chetan (red): 25→29 [0.3ms]
[2026-05-15 22:53:07] MOVE asha (blue): 94→90 [0.5ms]
[2026-05-15 22:53:08] MOVE chetan (red): 29→25 [0.3ms]
[2026-05-15 22:53:09] MOVE asha (blue): 90→94 [0.3ms]
[2026-05-15 22:53:10] MOVE chetan (red): 25→29 [0.3ms]
[2026-05-15 22:53:11] MOVE asha (blue): 94→90 [0.3ms]
[2026-05-15 22:53:12] MOVE chetan (red): 29→25 [0.5ms]
[2026-05-15 22:53:13] MOVE asha (blue): 90→94 [0.3ms]
[2026-05-15 22:53:15] MOVE chetan (red): 25→29 [0.2ms]
[2026-05-15 22:53:16] MOVE asha (blue): 94→90 [0.2ms]
[2026-05-15 22:53:17] MOVE chetan (red): 29→25 [0.2ms]
[2026-05-15 22:53:18] MOVE asha (blue): 90→94 [2.2ms]
[2026-05-15 22:53:19] MOVE chetan (red): 25→29 [0.2ms]
[2026-05-15 22:53:20] MOVE asha (blue): 94→90 [0.2ms]
[2026-05-15 22:53:21] MOVE chetan (red): 29→25 [1.0ms]
[2026-05-15 22:53:22] MOVE asha (blue): 90→94 [0.4ms]
[2026-05-15 22:53:24] MOVE chetan (red): 25→27 [0.3ms]
[2026-05-15 22:53:25] MOVE asha (blue): 94→90 [0.4ms]
[2026-05-15 22:53:26] MOVE chetan (red): 26→28 [0.3ms]
[2026-05-15 22:53:27] MOVE asha (blue): 90→94 [0.3ms]
[2026-05-15 22:53:28] MOVE chetan (red): 47→37 [0.3ms]
[2026-05-15 22:53:29] MOVE asha (blue): 94→90 [0.3ms]
[2026-05-15 22:53:30] MOVE chetan (red): 37→26 [0.3ms]
[2026-05-15 22:53:31] MOVE asha (blue): 90→94 [0.2ms]
[2026-05-15 22:53:32] MOVE chetan (red): 28→30 [0.2ms]
[2026-05-15 22:53:34] MOVE asha (blue): 94→90 [0.3ms]
[2026-05-15 22:53:35] MOVE chetan (red): 30→28 [0.3ms]
[2026-05-15 22:53:36] MOVE asha (blue): 90→94 [0.2ms]
[2026-05-15 22:53:37] MOVE chetan (red): 28→30 [0.2ms]
[2026-05-15 22:53:38] MOVE asha (blue): 94→90 [0.6ms]
[2026-05-15 22:53:39] MOVE chetan (red): 26→28 [0.5ms]
[2026-05-15 22:53:40] MOVE asha (blue): 90→94 [0.3ms]
[2026-05-15 22:53:41] MOVE chetan (red): 27→31 [0.5ms]
[2026-05-15 22:53:42] MOVE asha (blue): 94→90 [0.2ms]
[2026-05-15 22:53:44] MOVE chetan (red): 31→27 [0.3ms]
[2026-05-15 22:53:45] MOVE asha (blue): 90→94 [0.2ms]
[2026-05-15 22:53:46] MOVE chetan (red): 27→31 [0.4ms]
[2026-05-15 22:53:47] MOVE asha (blue): 94→90 [0.3ms]
[2026-05-15 22:53:48] MOVE chetan (red): 31→27 [0.5ms]
[2026-05-15 22:53:49] MOVE asha (blue): 90→94 [0.8ms]
[2026-05-15 22:53:50] MOVE chetan (red): 27→31 [0.9ms]
[2026-05-15 22:53:52] MOVE asha (blue): 94→90 [0.2ms]
[2026-05-15 22:53:53] MOVE chetan (red): 31→27 [0.3ms]
[2026-05-15 22:53:54] MOVE asha (blue): 90→94 [0.3ms]
[2026-05-15 22:53:55] MOVE chetan (red): 27→31 [0.3ms]
[2026-05-15 22:53:56] MOVE asha (blue): 94→90 [1.3ms]
[2026-05-15 22:53:57] MOVE chetan (red): 31→27 [0.2ms]
[2026-05-15 22:53:58] MOVE asha (blue): 90→94 [0.2ms]
[2026-05-15 22:53:59] MOVE chetan (red): 27→31 [0.2ms]
[2026-05-15 22:54:01] MOVE asha (blue): 94→90 [0.3ms]
[2026-05-15 22:54:02] MOVE chetan (red): 31→27 [0.2ms]
[2026-05-15 22:54:03] MOVE asha (blue): 90→94 [13.9ms]
[2026-05-15 22:54:04] MOVE chetan (red): 27→31 [0.4ms]
[2026-05-15 22:54:05] MOVE asha (blue): 94→90 [0.3ms]
[2026-05-15 22:54:06] MOVE chetan (red): 31→27 [0.3ms]
[2026-05-15 22:54:08] MOVE asha (blue): 90→94 [0.3ms]
[2026-05-15 22:54:09] MOVE chetan (red): 27→31 [0.2ms]
[2026-05-15 22:54:10] MOVE asha (blue): 94→90 [0.5ms]
[2026-05-15 22:54:11] MOVE chetan (red): 31→27 [0.2ms]
[2026-05-15 22:54:12] MOVE asha (blue): 90→94 [0.3ms]
[2026-05-15 22:54:13] MOVE chetan (red): 27→31 [0.3ms]
[2026-05-15 22:54:14] MOVE asha (blue): 94→90 [0.2ms]
[2026-05-15 22:54:15] MOVE chetan (red): 31→27 [0.3ms]
[2026-05-15 22:54:16] MOVE asha (blue): 90→94 [0.2ms]
[2026-05-15 22:54:17] MOVE chetan (red): 27→31 [0.3ms]
[2026-05-15 22:54:18] MOVE asha (blue): 94→90 [0.3ms]
[2026-05-15 22:54:20] MOVE chetan (red): 31→27 [0.2ms]
[2026-05-15 22:54:21] MOVE asha (blue): 90→94 [0.3ms]
[2026-05-15 22:54:22] MOVE chetan (red): 27→31 [0.3ms]
[2026-05-15 22:54:23] MOVE asha (blue): 94→90 [0.3ms]
[2026-05-15 22:54:24] MOVE chetan (red): 31→27 [0.2ms]
[2026-05-15 22:54:25] MOVE asha (blue): 90→94 [0.2ms]
[2026-05-15 22:54:26] MOVE chetan (red): 27→31 [0.4ms]
[2026-05-15 22:54:27] MOVE asha (blue): 94→90 [0.4ms]
[2026-05-15 22:54:28] MOVE chetan (red): 31→27 [0.3ms]
[2026-05-15 22:54:30] MOVE asha (blue): 90→94 [0.5ms]
[2026-05-15 22:54:31] MOVE chetan (red): 27→31 [0.3ms]
[2026-05-15 22:54:32] MOVE asha (blue): 94→90 [0.2ms]
[2026-05-15 22:54:33] MOVE chetan (red): 31→27 [0.5ms]
[2026-05-15 22:54:34] MOVE asha (blue): 90→94 [0.2ms]
[2026-05-15 22:54:35] MOVE chetan (red): 27→31 [0.3ms]
[2026-05-15 22:54:36] MOVE asha (blue): 94→90 [0.2ms]
[2026-05-15 22:54:37] MOVE chetan (red): 31→27 [0.2ms]
[2026-05-15 22:54:38] MOVE asha (blue): 90→94 [0.3ms]
[2026-05-15 22:54:39] MOVE chetan (red): 27→31 [0.3ms]
[2026-05-15 22:54:41] MOVE asha (blue): 94→90 [0.4ms]
[2026-05-15 22:54:42] MOVE chetan (red): 31→27 [0.3ms]
[2026-05-15 22:54:43] MOVE asha (blue): 90→94 [0.4ms]
[2026-05-15 22:54:44] MOVE chetan (red): 27→31 [0.8ms]
[2026-05-15 22:54:45] MOVE asha (blue): 94→90 [0.6ms]
[2026-05-15 22:54:46] MOVE chetan (red): 31→27 [0.2ms]
[2026-05-15 22:54:47] MOVE asha (blue): 90→94 [0.4ms]
[2026-05-15 22:54:48] MOVE chetan (red): 27→31 [0.5ms]
[2026-05-15 22:54:49] MOVE asha (blue): 94→90 [0.2ms]
[2026-05-15 22:54:51] MOVE chetan (red): 31→27 [0.2ms]
[2026-05-15 22:54:52] MOVE asha (blue): 90→94 [0.3ms]
[2026-05-15 22:54:53] MOVE chetan (red): 27→31 [0.2ms]
[2026-05-15 22:54:54] MOVE asha (blue): 94→90 [0.3ms]
[2026-05-15 22:54:55] MOVE chetan (red): 31→27 [0.3ms]
[2026-05-15 22:54:56] MOVE asha (blue): 90→94 [0.5ms]
[2026-05-15 22:54:57] MOVE chetan (red): 27→31 [0.3ms]
[2026-05-15 22:54:58] MOVE asha (blue): 94→90 [0.2ms]
[2026-05-15 22:55:00] MOVE chetan (red): 31→27 [0.4ms]
[2026-05-15 22:55:01] MOVE asha (blue): 90→94 [0.3ms]
[2026-05-15 22:55:02] MOVE chetan (red): 27→31 [0.2ms]
[2026-05-15 22:55:03] MOVE asha (blue): 94→90 [0.5ms]
[2026-05-15 22:55:04] MOVE chetan (red): 31→27 [0.3ms]
[2026-05-15 22:55:05] MOVE asha (blue): 90→94 [0.3ms]
[2026-05-15 22:55:06] MOVE chetan (red): 27→31 [0.5ms]
[2026-05-15 22:55:07] MOVE asha (blue): 94→90 [0.2ms]
[2026-05-15 22:55:08] MOVE chetan (red): 31→27 [0.3ms]
[2026-05-15 22:55:10] MOVE asha (blue): 90→94 [0.8ms]
[2026-05-15 22:55:11] MOVE chetan (red): 27→31 [0.3ms]
[2026-05-15 22:55:12] MOVE asha (blue): 94→90 [0.4ms]
[2026-05-15 22:55:13] MOVE chetan (red): 31→27 [0.2ms]
[2026-05-15 22:55:14] MOVE asha (blue): 90→94 [0.4ms]
[2026-05-15 22:55:15] MOVE chetan (red): 27→31 [0.4ms]
[2026-05-15 22:55:16] MOVE asha (blue): 94→90 [0.3ms]
[2026-05-15 22:55:17] MOVE chetan (red): 31→27 [0.4ms]
[2026-05-15 22:55:18] MOVE asha (blue): 90→94 [0.2ms]
[2026-05-15 22:55:20] MOVE chetan (red): 27→31 [0.3ms]
[2026-05-15 22:55:21] MOVE asha (blue): 94→90 [0.3ms]
[2026-05-15 22:55:22] MOVE chetan (red): 31→27 [0.2ms]
[2026-05-15 22:55:23] MOVE asha (blue): 90→94 [0.4ms]
[2026-05-15 22:55:24] MOVE chetan (red): 27→31 [0.4ms]
[2026-05-15 22:55:25] MOVE asha (blue): 94→90 [0.3ms]
[2026-05-15 22:55:26] MOVE chetan (red): 31→27 [0.4ms]
[2026-05-15 22:55:27] MOVE asha (blue): 90→94 [0.2ms]
[2026-05-15 22:55:28] MOVE chetan (red): 27→31 [0.3ms]
[2026-05-15 22:55:29] MOVE asha (blue): 94→90 [0.2ms]
[2026-05-15 22:55:31] MOVE chetan (red): 31→27 [0.3ms]
[2026-05-15 22:55:32] MOVE asha (blue): 90→94 [0.2ms]
[2026-05-15 22:55:33] MOVE chetan (red): 27→31 [0.3ms]
[2026-05-15 22:55:34] MOVE asha (blue): 94→90 [0.4ms]
[2026-05-15 22:55:35] MOVE chetan (red): 31→27 [0.3ms]
[2026-05-15 22:55:36] MOVE asha (blue): 90→94 [0.2ms]
[2026-05-15 22:55:37] MOVE chetan (red): 27→31 [0.2ms]
[2026-05-15 22:55:38] MOVE asha (blue): 94→90 [0.3ms]
[2026-05-15 22:55:39] MOVE chetan (red): 31→27 [0.7ms]
[2026-05-15 22:55:41] MOVE asha (blue): 90→94 [0.2ms]
[2026-05-15 22:55:42] MOVE chetan (red): 27→31 [0.2ms]
[2026-05-15 22:55:43] MOVE asha (blue): 94→90 [0.2ms]
[2026-05-15 22:55:44] MOVE chetan (red): 31→27 [0.2ms]
[2026-05-15 22:55:45] MOVE asha (blue): 90→94 [0.4ms]
[2026-05-15 22:55:46] MOVE chetan (red): 27→31 [0.7ms]
[2026-05-15 22:55:47] MOVE asha (blue): 94→90 [0.2ms]
[2026-05-15 22:55:48] MOVE chetan (red): 31→27 [0.4ms]
[2026-05-15 22:55:49] MOVE asha (blue): 90→94 [0.4ms]
[2026-05-15 22:55:51] MOVE chetan (red): 27→31 [0.2ms]
[2026-05-15 22:55:52] MOVE asha (blue): 94→90 [0.3ms]
[2026-05-15 22:55:53] MOVE chetan (red): 31→27 [0.3ms]
[2026-05-15 22:55:54] MOVE asha (blue): 90→94 [0.4ms]
[2026-05-15 22:55:55] MOVE chetan (red): 27→31 [0.3ms]
[2026-05-15 22:55:56] MOVE asha (blue): 94→90 [0.5ms]
[2026-05-15 22:55:57] MOVE chetan (red): 31→27 [0.4ms]
[2026-05-15 22:55:58] MOVE asha (blue): 90→94 [0.3ms]
[2026-05-15 22:55:59] MOVE chetan (red): 27→31 [0.3ms]
[2026-05-15 22:56:01] MOVE asha (blue): 94→90 [0.2ms]
[2026-05-15 22:56:02] MOVE chetan (red): 31→27 [0.3ms]
[2026-05-15 22:56:03] MOVE asha (blue): 90→94 [0.3ms]
[2026-05-15 22:56:04] MOVE chetan (red): 27→31 [0.4ms]
[2026-05-15 22:56:05] MOVE asha (blue): 94→90 [0.3ms]
[2026-05-15 22:56:06] MOVE chetan (red): 31→27 [0.3ms]
[2026-05-15 22:56:07] MOVE asha (blue): 90→94 [0.3ms]
[2026-05-15 22:56:08] MOVE chetan (red): 27→31 [0.2ms]
[2026-05-15 22:56:09] MOVE asha (blue): 94→90 [0.2ms]
[2026-05-15 22:56:11] MOVE chetan (red): 31→27 [0.3ms]
[2026-05-15 22:56:12] MOVE asha (blue): 90→94 [0.2ms]
[2026-05-15 22:56:13] MOVE chetan (red): 27→31 [0.2ms]
[2026-05-15 22:56:14] MOVE asha (blue): 94→90 [0.3ms]
[2026-05-15 22:56:15] MOVE chetan (red): 31→27 [0.3ms]
[2026-05-15 22:56:16] MOVE asha (blue): 90→94 [0.8ms]
[2026-05-15 22:56:18] MOVE chetan (red): 27→31 [0.2ms]
[2026-05-15 22:56:19] MOVE asha (blue): 94→90 [0.3ms]
[2026-05-15 22:56:20] MOVE chetan (red): 31→27 [0.3ms]
[2026-05-15 22:56:21] MOVE asha (blue): 90→94 [1.2ms]
[2026-05-15 22:56:22] MOVE chetan (red): 27→31 [0.3ms]
[2026-05-15 22:56:23] MOVE asha (blue): 94→90 [0.3ms]
[2026-05-15 22:56:25] MOVE chetan (red): 31→27 [0.3ms]
[2026-05-15 22:56:26] MOVE asha (blue): 90→94 [0.2ms]
[2026-05-15 22:56:27] MOVE chetan (red): 27→31 [0.3ms]
[2026-05-15 22:56:28] MOVE asha (blue): 94→90 [0.3ms]
[2026-05-15 22:56:29] MOVE chetan (red): 31→27 [0.3ms]
[2026-05-15 22:56:30] MOVE asha (blue): 90→94 [0.3ms]
[2026-05-15 22:56:31] MOVE chetan (red): 27→31 [0.2ms]
[2026-05-15 22:56:32] MOVE asha (blue): 94→90 [0.2ms]
[2026-05-15 22:56:34] MOVE chetan (red): 31→27 [0.3ms]
[2026-05-15 22:56:35] MOVE asha (blue): 90→94 [0.4ms]
[2026-05-15 22:56:36] MOVE chetan (red): 27→31 [0.2ms]
[2026-05-15 22:56:37] MOVE asha (blue): 94→90 [0.3ms]
[2026-05-15 22:56:38] MOVE chetan (red): 31→27 [0.3ms]
[2026-05-15 22:56:39] MOVE asha (blue): 90→94 [0.2ms]
[2026-05-15 22:56:40] SCORE chetan (red): Final=175.0, Time=0.0, Moves(179)=0.0, Pins(0)=0.0, Dist=175.0
[2026-05-15 22:56:40] SCORE asha (blue): Final=183.0, Time=0.0, Moves(179)=0.0, Pins(0)=0.0, Dist=183.0
[2026-05-15 22:56:40] GAME TIME LIMIT REACHED.
[2026-05-15 22:56:40] SCORE chetan (red): Final=175.0, Time=0.0, Moves(179)=0.0, Pins(0)=0.0, Dist=175.0
[2026-05-15 22:56:40] SCORE asha (blue): Final=183.0, Time=0.0, Moves(179)=0.0, Pins(0)=0.0, Dist=183.0
[2026-05-15 22:56:40] GAME TIME LIMIT REACHED.
[2026-05-15 22:56:40] SCORE chetan (red): Final=175.0, Time=0.0, Moves(179)=0.0, Pins(0)=0.0, Dist=175.0
[2026-05-15 22:56:40] SCORE asha (blue): Final=183.0, Time=0.0, Moves(179)=0.0, Pins(0)=0.0, Dist=183.0
[2026-05-15 22:56:40] GAME TIME LIMIT REACHED.
