[2026-05-06 14:30:08] GAME CREATED
[2026-05-06 14:30:15] PLAYER JOINED: chetan as lawn green
[2026-05-06 14:30:20] PLAYER JOINED: asha as gray0
[2026-05-06 14:30:24] GAME STARTED — turn order: ['lawn green', 'gray0']
[2026-05-06 14:30:24] MOVE chetan (lawn green): 20→18 [0.7ms]
[2026-05-06 14:30:24] MOVE asha (gray0): 75→56 [0.3ms]
[2026-05-06 14:30:24] MOVE chetan (lawn green): 22→43 [0.1ms]
[2026-05-06 14:30:24] MOVE asha (gray0): 98→77 [0.1ms]
[2026-05-06 14:30:24] MOVE chetan (lawn green): 19→17 [0.1ms]
[2026-05-06 14:30:24] MOVE asha (gray0): 65→47 [0.1ms]
[2026-05-06 14:30:25] MOVE chetan (lawn green): 33→29 [0.1ms]
[2026-05-06 14:30:25] MOVE asha (gray0): 87→48 [0.1ms]
[2026-05-06 14:30:25] MOVE chetan (lawn green): 17→40 [0.1ms]
[2026-05-06 14:30:25] MOVE asha (gray0): 47→49 [0.1ms]
[2026-05-06 14:30:25] MOVE chetan (lawn green): 29→50 [0.1ms]
[2026-05-06 14:30:25] MOVE asha (gray0): 88→47 [0.1ms]
[2026-05-06 14:30:26] MOVE chetan (lawn green): 40→57 [0.1ms]
[2026-05-06 14:30:26] MOVE asha (gray0): 56→39 [0.2ms]
[2026-05-06 14:30:26] MOVE chetan (lawn green): 50→59 [0.1ms]
[2026-05-06 14:30:26] MOVE asha (gray0): 49→28 [0.2ms]
[2026-05-06 14:30:26] MOVE chetan (lawn green): 57→56 [0.2ms]
[2026-05-06 14:30:26] MOVE asha (gray0): 39→16 [0.1ms]
[2026-05-06 14:30:27] MOVE chetan (lawn green): 56→65 [0.2ms]
[2026-05-06 14:30:27] MOVE asha (gray0): 100→60 [0.1ms]
[2026-05-06 14:30:27] MOVE chetan (lawn green): 65→75 [0.1ms]
[2026-05-06 14:30:27] MOVE asha (gray0): 47→51 [0.1ms]
[2026-05-06 14:30:27] MOVE chetan (lawn green): 75→98 [0.1ms]
[2026-05-06 14:30:27] MOVE asha (gray0): 60→41 [0.1ms]
[2026-05-06 14:30:27] MOVE chetan (lawn green): 98→75 [0.1ms]
[2026-05-06 14:30:28] MOVE asha (gray0): 51→30 [0.2ms]
[2026-05-06 14:30:28] MOVE chetan (lawn green): 75→98 [0.1ms]
[2026-05-06 14:30:28] MOVE asha (gray0): 16→17 [0.1ms]
[2026-05-06 14:30:28] MOVE chetan (lawn green): 98→75 [0.1ms]
[2026-05-06 14:30:28] MOVE asha (gray0): 17→19 [0.1ms]
[2026-05-06 14:30:28] MOVE chetan (lawn green): 75→98 [0.1ms]
[2026-05-06 14:30:29] MOVE asha (gray0): 19→20 [0.1ms]
[2026-05-06 14:30:29] MOVE chetan (lawn green): 98→75 [0.1ms]
[2026-05-06 14:30:29] MOVE asha (gray0): 20→22 [0.1ms]
[2026-05-06 14:30:29] MOVE chetan (lawn green): 75→98 [0.1ms]
[2026-05-06 14:30:29] MOVE asha (gray0): 22→20 [0.1ms]
[2026-05-06 14:30:29] MOVE chetan (lawn green): 98→75 [0.1ms]
[2026-05-06 14:30:30] MOVE asha (gray0): 20→22 [0.1ms]
[2026-05-06 14:30:30] MOVE chetan (lawn green): 75→98 [0.1ms]
[2026-05-06 14:30:30] MOVE asha (gray0): 22→20 [0.2ms]
[2026-05-06 14:30:30] MOVE chetan (lawn green): 98→75 [0.1ms]
[2026-05-06 14:30:30] MOVE asha (gray0): 20→22 [0.2ms]
[2026-05-06 14:30:30] MOVE chetan (lawn green): 75→98 [0.1ms]
[2026-05-06 14:30:31] MOVE asha (gray0): 22→20 [0.1ms]
[2026-05-06 14:30:31] MOVE chetan (lawn green): 98→75 [0.2ms]
[2026-05-06 14:30:31] MOVE asha (gray0): 20→22 [0.1ms]
[2026-05-06 14:30:31] MOVE chetan (lawn green): 75→98 [0.1ms]
[2026-05-06 14:30:31] MOVE asha (gray0): 22→20 [0.1ms]
[2026-05-06 14:30:31] MOVE chetan (lawn green): 98→75 [0.1ms]
[2026-05-06 14:30:32] MOVE asha (gray0): 20→22 [0.1ms]
[2026-05-06 14:30:32] MOVE chetan (lawn green): 75→98 [0.1ms]
[2026-05-06 14:30:32] MOVE asha (gray0): 22→20 [0.1ms]
[2026-05-06 14:30:32] MOVE chetan (lawn green): 98→75 [0.1ms]
[2026-05-06 14:30:32] MOVE asha (gray0): 20→22 [0.1ms]
[2026-05-06 14:30:32] MOVE chetan (lawn green): 75→98 [0.1ms]
[2026-05-06 14:30:32] MOVE asha (gray0): 22→20 [0.1ms]
[2026-05-06 14:30:33] MOVE chetan (lawn green): 98→75 [0.1ms]
[2026-05-06 14:30:33] MOVE asha (gray0): 20→22 [0.1ms]
[2026-05-06 14:30:33] MOVE chetan (lawn green): 75→98 [0.2ms]
[2026-05-06 14:30:33] MOVE asha (gray0): 22→20 [0.1ms]
[2026-05-06 14:30:33] MOVE chetan (lawn green): 98→75 [0.1ms]
[2026-05-06 14:30:33] MOVE asha (gray0): 20→22 [0.1ms]
[2026-05-06 14:30:34] MOVE chetan (lawn green): 75→98 [0.1ms]
[2026-05-06 14:30:34] MOVE asha (gray0): 22→20 [0.1ms]
[2026-05-06 14:30:34] MOVE chetan (lawn green): 98→75 [0.1ms]
[2026-05-06 14:30:34] MOVE asha (gray0): 20→22 [0.1ms]
[2026-05-06 14:30:34] MOVE chetan (lawn green): 75→98 [0.1ms]
[2026-05-06 14:30:34] MOVE asha (gray0): 22→20 [0.4ms]
[2026-05-06 14:30:35] MOVE chetan (lawn green): 98→75 [0.1ms]
[2026-05-06 14:30:35] MOVE asha (gray0): 20→22 [0.1ms]
[2026-05-06 14:30:35] MOVE chetan (lawn green): 75→98 [0.1ms]
[2026-05-06 14:30:35] MOVE asha (gray0): 22→20 [0.1ms]
[2026-05-06 14:30:35] MOVE chetan (lawn green): 98→75 [0.3ms]
[2026-05-06 14:30:35] MOVE asha (gray0): 20→22 [0.1ms]
[2026-05-06 14:30:36] MOVE chetan (lawn green): 75→98 [0.2ms]
[2026-05-06 14:30:36] MOVE asha (gray0): 22→20 [0.1ms]
[2026-05-06 14:30:36] MOVE chetan (lawn green): 98→75 [0.1ms]
[2026-05-06 14:30:36] MOVE asha (gray0): 20→22 [0.1ms]
[2026-05-06 14:30:36] MOVE chetan (lawn green): 75→98 [0.1ms]
[2026-05-06 14:30:36] MOVE asha (gray0): 22→20 [0.1ms]
[2026-05-06 14:30:37] MOVE chetan (lawn green): 98→75 [0.2ms]
[2026-05-06 14:30:37] MOVE asha (gray0): 20→22 [0.1ms]
[2026-05-06 14:30:37] MOVE chetan (lawn green): 75→98 [0.1ms]
[2026-05-06 14:30:37] MOVE asha (gray0): 22→20 [0.1ms]
[2026-05-06 14:30:37] MOVE chetan (lawn green): 98→75 [0.1ms]
[2026-05-06 14:30:37] MOVE asha (gray0): 20→22 [0.1ms]
[2026-05-06 14:30:37] MOVE chetan (lawn green): 75→98 [0.1ms]
[2026-05-06 14:30:38] MOVE asha (gray0): 22→20 [0.1ms]
[2026-05-06 14:30:38] MOVE chetan (lawn green): 98→75 [0.1ms]
[2026-05-06 14:30:38] MOVE asha (gray0): 20→22 [0.1ms]
[2026-05-06 14:30:38] MOVE chetan (lawn green): 75→98 [0.2ms]
[2026-05-06 14:30:38] MOVE asha (gray0): 22→20 [0.1ms]
[2026-05-06 14:30:38] MOVE chetan (lawn green): 98→75 [0.1ms]
[2026-05-06 14:30:39] MOVE asha (gray0): 20→22 [0.1ms]
[2026-05-06 14:30:39] MOVE chetan (lawn green): 75→98 [0.1ms]
[2026-05-06 14:30:39] MOVE asha (gray0): 22→20 [0.1ms]
[2026-05-06 14:30:39] MOVE chetan (lawn green): 98→75 [0.1ms]
[2026-05-06 14:30:39] MOVE asha (gray0): 20→22 [0.1ms]
[2026-05-06 14:30:39] MOVE chetan (lawn green): 75→98 [0.2ms]
[2026-05-06 14:30:39] MOVE asha (gray0): 22→20 [0.1ms]
[2026-05-06 14:30:40] MOVE chetan (lawn green): 98→75 [0.1ms]
[2026-05-06 14:30:40] MOVE asha (gray0): 20→22 [0.1ms]
[2026-05-06 14:30:40] MOVE chetan (lawn green): 75→98 [0.1ms]
[2026-05-06 14:30:40] MOVE asha (gray0): 22→20 [0.1ms]
[2026-05-06 14:30:40] MOVE chetan (lawn green): 98→75 [0.1ms]
[2026-05-06 14:30:40] MOVE asha (gray0): 20→22 [0.1ms]
[2026-05-06 14:30:41] MOVE chetan (lawn green): 75→98 [0.1ms]
[2026-05-06 14:30:41] MOVE asha (gray0): 22→20 [0.1ms]
[2026-05-06 14:30:41] MOVE chetan (lawn green): 98→75 [0.1ms]
[2026-05-06 14:30:41] MOVE asha (gray0): 20→22 [0.1ms]
[2026-05-06 14:30:41] MOVE chetan (lawn green): 75→98 [0.1ms]
[2026-05-06 14:30:41] MOVE asha (gray0): 22→20 [0.1ms]
[2026-05-06 14:30:42] MOVE chetan (lawn green): 98→75 [0.1ms]
[2026-05-06 14:30:42] MOVE asha (gray0): 20→22 [0.2ms]
[2026-05-06 14:30:42] MOVE chetan (lawn green): 75→98 [0.2ms]
[2026-05-06 14:30:42] MOVE asha (gray0): 22→20 [0.1ms]
[2026-05-06 14:30:42] MOVE chetan (lawn green): 98→75 [0.1ms]
[2026-05-06 14:30:42] MOVE asha (gray0): 20→22 [0.1ms]
[2026-05-06 14:30:43] MOVE chetan (lawn green): 75→98 [0.1ms]
[2026-05-06 14:30:43] MOVE asha (gray0): 22→20 [0.3ms]
[2026-05-06 14:30:43] MOVE chetan (lawn green): 98→75 [0.1ms]
[2026-05-06 14:30:43] MOVE asha (gray0): 20→22 [0.1ms]
[2026-05-06 14:30:43] MOVE chetan (lawn green): 75→98 [0.1ms]
[2026-05-06 14:30:43] MOVE asha (gray0): 22→20 [0.2ms]
[2026-05-06 14:30:44] MOVE chetan (lawn green): 98→75 [0.1ms]
[2026-05-06 14:30:44] MOVE asha (gray0): 20→22 [0.1ms]
[2026-05-06 14:30:44] MOVE chetan (lawn green): 75→98 [0.1ms]
[2026-05-06 14:30:44] MOVE asha (gray0): 22→20 [0.1ms]
[2026-05-06 14:30:44] MOVE chetan (lawn green): 98→75 [0.2ms]
[2026-05-06 14:30:44] MOVE asha (gray0): 20→22 [0.1ms]
[2026-05-06 14:30:45] MOVE chetan (lawn green): 75→98 [0.1ms]
[2026-05-06 14:30:45] MOVE asha (gray0): 22→20 [0.1ms]
[2026-05-06 14:30:45] MOVE chetan (lawn green): 98→75 [0.1ms]
[2026-05-06 14:30:45] MOVE asha (gray0): 20→22 [0.1ms]
[2026-05-06 14:30:45] MOVE chetan (lawn green): 75→98 [0.1ms]
[2026-05-06 14:30:45] MOVE asha (gray0): 22→20 [0.2ms]
[2026-05-06 14:30:45] MOVE chetan (lawn green): 98→75 [0.1ms]
[2026-05-06 14:30:46] MOVE asha (gray0): 20→22 [0.1ms]
[2026-05-06 14:30:46] MOVE chetan (lawn green): 75→98 [0.4ms]
[2026-05-06 14:30:46] MOVE asha (gray0): 22→20 [0.1ms]
[2026-05-06 14:30:46] MOVE chetan (lawn green): 98→75 [0.1ms]
[2026-05-06 14:30:46] MOVE asha (gray0): 20→22 [0.1ms]
[2026-05-06 14:30:46] MOVE chetan (lawn green): 75→98 [0.2ms]
[2026-05-06 14:30:47] MOVE asha (gray0): 22→20 [0.1ms]
[2026-05-06 14:30:47] MOVE chetan (lawn green): 98→75 [0.1ms]
[2026-05-06 14:30:47] MOVE asha (gray0): 20→22 [0.1ms]
[2026-05-06 14:30:47] MOVE chetan (lawn green): 75→98 [0.1ms]
[2026-05-06 14:30:47] MOVE asha (gray0): 22→20 [0.1ms]
[2026-05-06 14:30:47] MOVE chetan (lawn green): 98→75 [2.5ms]
[2026-05-06 14:30:48] MOVE asha (gray0): 20→22 [0.2ms]
[2026-05-06 14:30:48] MOVE chetan (lawn green): 75→98 [0.3ms]
[2026-05-06 14:30:48] MOVE asha (gray0): 22→20 [0.2ms]
[2026-05-06 14:30:48] MOVE chetan (lawn green): 98→75 [0.1ms]
[2026-05-06 14:30:48] MOVE asha (gray0): 20→22 [0.2ms]
[2026-05-06 14:30:48] MOVE chetan (lawn green): 75→98 [0.2ms]
[2026-05-06 14:30:49] MOVE asha (gray0): 22→20 [0.1ms]
[2026-05-06 14:30:49] MOVE chetan (lawn green): 98→75 [0.2ms]
[2026-05-06 14:30:49] MOVE asha (gray0): 20→22 [0.2ms]
[2026-05-06 14:30:49] MOVE chetan (lawn green): 75→98 [0.2ms]
[2026-05-06 14:30:49] MOVE asha (gray0): 22→20 [0.2ms]
[2026-05-06 14:30:49] MOVE chetan (lawn green): 98→75 [0.2ms]
[2026-05-06 14:30:50] MOVE asha (gray0): 20→22 [0.2ms]
[2026-05-06 14:30:50] MOVE chetan (lawn green): 75→98 [0.6ms]
[2026-05-06 14:30:50] MOVE asha (gray0): 22→20 [0.2ms]
[2026-05-06 14:30:50] MOVE chetan (lawn green): 98→75 [0.2ms]
[2026-05-06 14:30:50] MOVE asha (gray0): 20→22 [0.2ms]
[2026-05-06 14:30:50] MOVE chetan (lawn green): 75→98 [0.2ms]
[2026-05-06 14:30:51] MOVE asha (gray0): 22→20 [0.1ms]
[2026-05-06 14:30:51] MOVE chetan (lawn green): 98→75 [0.1ms]
[2026-05-06 14:30:51] MOVE asha (gray0): 20→22 [0.2ms]
[2026-05-06 14:30:51] MOVE chetan (lawn green): 75→98 [0.3ms]
[2026-05-06 14:30:51] MOVE asha (gray0): 22→20 [0.2ms]
[2026-05-06 14:30:51] MOVE chetan (lawn green): 98→75 [1.4ms]
[2026-05-06 14:30:52] MOVE asha (gray0): 20→22 [0.2ms]
[2026-05-06 14:30:52] MOVE chetan (lawn green): 75→98 [0.5ms]
[2026-05-06 14:30:52] MOVE asha (gray0): 22→20 [0.4ms]
[2026-05-06 14:30:52] MOVE chetan (lawn green): 98→75 [0.2ms]
[2026-05-06 14:30:52] MOVE asha (gray0): 20→22 [0.2ms]
[2026-05-06 14:30:52] MOVE chetan (lawn green): 75→98 [0.1ms]
[2026-05-06 14:30:53] MOVE asha (gray0): 22→20 [0.1ms]
[2026-05-06 14:30:53] MOVE chetan (lawn green): 98→75 [0.2ms]
[2026-05-06 14:30:53] MOVE asha (gray0): 20→22 [0.2ms]
[2026-05-06 14:30:53] MOVE chetan (lawn green): 75→98 [0.2ms]
[2026-05-06 14:30:53] MOVE asha (gray0): 22→20 [0.2ms]
[2026-05-06 14:30:53] MOVE chetan (lawn green): 98→75 [0.2ms]
[2026-05-06 14:30:53] MOVE asha (gray0): 20→22 [0.2ms]
[2026-05-06 14:30:54] MOVE chetan (lawn green): 75→98 [0.2ms]
[2026-05-06 14:30:54] MOVE asha (gray0): 22→20 [0.2ms]
[2026-05-06 14:30:54] MOVE chetan (lawn green): 98→75 [0.2ms]
[2026-05-06 14:30:54] MOVE asha (gray0): 20→22 [0.2ms]
[2026-05-06 14:30:54] MOVE chetan (lawn green): 75→98 [0.2ms]
[2026-05-06 14:30:54] MOVE asha (gray0): 22→20 [0.2ms]
[2026-05-06 14:30:55] MOVE chetan (lawn green): 98→75 [0.2ms]
[2026-05-06 14:30:55] MOVE asha (gray0): 20→22 [0.2ms]
[2026-05-06 14:30:55] MOVE chetan (lawn green): 75→98 [0.2ms]
[2026-05-06 14:30:55] MOVE asha (gray0): 22→20 [0.2ms]
[2026-05-06 14:30:55] MOVE chetan (lawn green): 98→75 [0.2ms]
[2026-05-06 14:30:55] MOVE asha (gray0): 20→22 [0.2ms]
[2026-05-06 14:30:56] MOVE chetan (lawn green): 75→98 [0.2ms]
[2026-05-06 14:30:56] MOVE asha (gray0): 22→20 [0.1ms]
[2026-05-06 14:30:56] MOVE chetan (lawn green): 98→75 [0.3ms]
[2026-05-06 14:30:56] MOVE asha (gray0): 20→22 [0.2ms]
[2026-05-06 14:30:56] MOVE chetan (lawn green): 75→98 [0.2ms]
[2026-05-06 14:30:56] MOVE asha (gray0): 22→20 [0.2ms]
[2026-05-06 14:30:57] MOVE chetan (lawn green): 98→75 [0.2ms]
[2026-05-06 14:30:57] MOVE asha (gray0): 20→22 [0.2ms]
[2026-05-06 14:30:57] MOVE chetan (lawn green): 75→98 [0.2ms]
[2026-05-06 14:30:57] MOVE asha (gray0): 22→20 [0.2ms]
[2026-05-06 14:30:57] MOVE chetan (lawn green): 98→75 [0.2ms]
[2026-05-06 14:30:58] MOVE asha (gray0): 20→22 [0.2ms]
[2026-05-06 14:30:58] MOVE chetan (lawn green): 75→98 [0.3ms]
[2026-05-06 14:30:58] MOVE asha (gray0): 22→20 [0.3ms]
[2026-05-06 14:30:58] MOVE chetan (lawn green): 98→75 [0.2ms]
[2026-05-06 14:30:58] MOVE asha (gray0): 20→22 [0.2ms]
[2026-05-06 14:30:58] MOVE chetan (lawn green): 75→98 [0.2ms]
[2026-05-06 14:30:59] MOVE asha (gray0): 22→20 [0.2ms]
[2026-05-06 14:30:59] MOVE chetan (lawn green): 98→75 [0.2ms]
[2026-05-06 14:30:59] MOVE asha (gray0): 20→22 [0.2ms]
[2026-05-06 14:30:59] MOVE chetan (lawn green): 75→98 [0.6ms]
[2026-05-06 14:30:59] MOVE asha (gray0): 22→20 [0.1ms]
[2026-05-06 14:31:00] MOVE chetan (lawn green): 98→75 [0.2ms]
[2026-05-06 14:31:00] MOVE asha (gray0): 20→22 [0.2ms]
[2026-05-06 14:31:00] MOVE chetan (lawn green): 75→98 [0.1ms]
[2026-05-06 14:31:00] MOVE asha (gray0): 22→20 [0.1ms]
[2026-05-06 14:31:00] MOVE chetan (lawn green): 98→75 [0.1ms]
[2026-05-06 14:31:01] MOVE asha (gray0): 20→22 [0.2ms]
[2026-05-06 14:31:01] MOVE chetan (lawn green): 75→98 [0.1ms]
[2026-05-06 14:31:01] MOVE asha (gray0): 22→20 [0.2ms]
[2026-05-06 14:31:01] MOVE chetan (lawn green): 98→75 [0.2ms]
[2026-05-06 14:31:01] MOVE asha (gray0): 20→22 [0.2ms]
[2026-05-06 14:31:02] MOVE chetan (lawn green): 75→98 [0.2ms]
[2026-05-06 14:31:02] MOVE asha (gray0): 22→20 [0.2ms]
[2026-05-06 14:31:02] MOVE chetan (lawn green): 98→75 [0.2ms]
[2026-05-06 14:31:02] MOVE asha (gray0): 20→22 [0.2ms]
[2026-05-06 14:31:02] MOVE chetan (lawn green): 75→98 [0.2ms]
[2026-05-06 14:31:02] MOVE asha (gray0): 22→20 [0.2ms]
[2026-05-06 14:31:03] MOVE chetan (lawn green): 98→75 [0.6ms]
[2026-05-06 14:31:03] MOVE asha (gray0): 20→22 [0.1ms]
[2026-05-06 14:31:03] MOVE chetan (lawn green): 75→98 [1.1ms]
[2026-05-06 14:31:03] MOVE asha (gray0): 22→20 [0.2ms]
[2026-05-06 14:31:03] MOVE chetan (lawn green): 98→75 [0.2ms]
[2026-05-06 14:31:03] MOVE asha (gray0): 20→22 [0.1ms]
[2026-05-06 14:31:04] MOVE chetan (lawn green): 75→98 [0.2ms]
[2026-05-06 14:31:04] MOVE asha (gray0): 22→20 [0.2ms]
[2026-05-06 14:31:04] MOVE chetan (lawn green): 98→75 [0.2ms]
[2026-05-06 14:31:04] MOVE asha (gray0): 20→22 [0.2ms]
[2026-05-06 14:31:04] MOVE chetan (lawn green): 75→98 [0.2ms]
[2026-05-06 14:31:04] MOVE asha (gray0): 22→20 [0.1ms]
[2026-05-06 14:31:05] MOVE chetan (lawn green): 98→75 [0.3ms]
[2026-05-06 14:31:05] MOVE asha (gray0): 20→22 [0.2ms]
[2026-05-06 14:31:05] MOVE chetan (lawn green): 75→98 [0.1ms]
[2026-05-06 14:31:05] MOVE asha (gray0): 22→20 [0.1ms]
[2026-05-06 14:31:05] MOVE chetan (lawn green): 98→75 [0.7ms]
[2026-05-06 14:31:06] MOVE asha (gray0): 20→22 [0.7ms]
[2026-05-06 14:31:06] MOVE chetan (lawn green): 75→98 [0.2ms]
[2026-05-06 14:31:06] MOVE asha (gray0): 22→20 [0.2ms]
[2026-05-06 14:31:06] MOVE chetan (lawn green): 98→75 [1.9ms]
[2026-05-06 14:31:07] MOVE asha (gray0): 20→22 [0.2ms]
[2026-05-06 14:31:07] MOVE chetan (lawn green): 75→98 [0.2ms]
[2026-05-06 14:31:07] MOVE asha (gray0): 22→20 [0.2ms]
[2026-05-06 14:31:07] MOVE chetan (lawn green): 98→75 [0.1ms]
[2026-05-06 14:31:07] MOVE asha (gray0): 20→22 [0.2ms]
[2026-05-06 14:31:08] MOVE chetan (lawn green): 75→98 [0.1ms]
[2026-05-06 14:31:08] MOVE asha (gray0): 22→20 [0.1ms]
[2026-05-06 14:31:08] MOVE chetan (lawn green): 98→75 [0.3ms]
[2026-05-06 14:31:08] MOVE asha (gray0): 20→22 [0.1ms]
[2026-05-06 14:31:08] MOVE chetan (lawn green): 75→98 [0.2ms]
[2026-05-06 14:31:08] MOVE asha (gray0): 22→20 [0.2ms]
[2026-05-06 14:31:09] MOVE chetan (lawn green): 98→75 [0.3ms]
[2026-05-06 14:31:09] MOVE asha (gray0): 20→22 [0.2ms]
[2026-05-06 14:31:09] MOVE chetan (lawn green): 75→98 [0.2ms]
[2026-05-06 14:31:09] MOVE asha (gray0): 22→20 [0.1ms]
[2026-05-06 14:31:09] MOVE chetan (lawn green): 98→75 [0.4ms]
[2026-05-06 14:31:09] MOVE asha (gray0): 20→22 [0.2ms]
[2026-05-06 14:31:10] MOVE chetan (lawn green): 75→98 [0.2ms]
[2026-05-06 14:31:10] MOVE asha (gray0): 22→20 [0.1ms]
[2026-05-06 14:31:10] MOVE chetan (lawn green): 98→75 [0.1ms]
[2026-05-06 14:31:10] MOVE asha (gray0): 20→22 [0.2ms]
[2026-05-06 14:31:10] MOVE chetan (lawn green): 75→98 [0.2ms]
[2026-05-06 14:31:10] MOVE asha (gray0): 22→20 [0.1ms]
[2026-05-06 14:31:10] MOVE chetan (lawn green): 98→75 [0.2ms]
[2026-05-06 14:31:11] MOVE asha (gray0): 20→22 [0.2ms]
[2026-05-06 14:31:11] MOVE chetan (lawn green): 75→98 [0.2ms]
[2026-05-06 14:31:11] MOVE asha (gray0): 22→20 [0.3ms]
[2026-05-06 14:31:11] MOVE chetan (lawn green): 98→75 [0.1ms]
[2026-05-06 14:31:11] MOVE asha (gray0): 20→22 [0.2ms]
[2026-05-06 14:31:11] MOVE chetan (lawn green): 75→98 [0.2ms]
[2026-05-06 14:31:12] MOVE asha (gray0): 22→20 [0.2ms]
[2026-05-06 14:31:12] MOVE chetan (lawn green): 98→75 [0.2ms]
[2026-05-06 14:31:12] MOVE asha (gray0): 20→22 [0.2ms]
[2026-05-06 14:31:12] MOVE chetan (lawn green): 75→98 [0.2ms]
[2026-05-06 14:31:12] MOVE asha (gray0): 22→20 [0.6ms]
[2026-05-06 14:31:12] MOVE chetan (lawn green): 98→75 [0.2ms]
[2026-05-06 14:31:13] MOVE asha (gray0): 20→22 [0.2ms]
[2026-05-06 14:31:13] MOVE chetan (lawn green): 75→98 [0.2ms]
[2026-05-06 14:31:13] MOVE asha (gray0): 22→20 [0.3ms]
[2026-05-06 14:31:13] MOVE chetan (lawn green): 98→75 [0.2ms]
[2026-05-06 14:31:13] MOVE asha (gray0): 20→22 [0.2ms]
[2026-05-06 14:31:14] MOVE chetan (lawn green): 75→98 [0.2ms]
[2026-05-06 14:31:14] MOVE asha (gray0): 22→20 [0.2ms]
[2026-05-06 14:31:14] MOVE chetan (lawn green): 98→75 [0.1ms]
[2026-05-06 14:31:14] MOVE asha (gray0): 20→22 [0.1ms]
[2026-05-06 14:31:14] MOVE chetan (lawn green): 75→98 [0.1ms]
[2026-05-06 14:31:14] MOVE asha (gray0): 22→20 [0.1ms]
[2026-05-06 14:31:15] MOVE chetan (lawn green): 98→75 [0.1ms]
[2026-05-06 14:31:15] MOVE asha (gray0): 20→22 [0.1ms]
[2026-05-06 14:31:15] MOVE chetan (lawn green): 75→98 [0.1ms]
[2026-05-06 14:31:15] MOVE asha (gray0): 22→20 [0.1ms]
[2026-05-06 14:31:15] MOVE chetan (lawn green): 98→75 [0.1ms]
[2026-05-06 14:31:16] MOVE asha (gray0): 20→22 [0.1ms]
[2026-05-06 14:31:16] MOVE chetan (lawn green): 75→98 [0.1ms]
[2026-05-06 14:31:16] MOVE asha (gray0): 22→20 [0.1ms]
[2026-05-06 14:31:16] MOVE chetan (lawn green): 98→75 [0.1ms]
[2026-05-06 14:31:16] MOVE asha (gray0): 20→22 [0.1ms]
[2026-05-06 14:31:16] MOVE chetan (lawn green): 75→98 [0.2ms]
[2026-05-06 14:31:17] MOVE asha (gray0): 22→20 [0.2ms]
[2026-05-06 14:31:17] MOVE chetan (lawn green): 98→75 [0.1ms]
[2026-05-06 14:31:17] MOVE asha (gray0): 20→22 [0.2ms]
[2026-05-06 14:31:17] MOVE chetan (lawn green): 75→98 [0.1ms]
[2026-05-06 14:31:17] MOVE asha (gray0): 22→20 [0.1ms]
[2026-05-06 14:31:17] MOVE chetan (lawn green): 98→75 [0.1ms]
[2026-05-06 14:31:18] MOVE asha (gray0): 20→22 [0.1ms]
[2026-05-06 14:31:18] MOVE chetan (lawn green): 75→98 [0.1ms]
[2026-05-06 14:31:18] MOVE asha (gray0): 22→20 [0.1ms]
[2026-05-06 14:31:18] MOVE chetan (lawn green): 98→75 [0.1ms]
[2026-05-06 14:31:18] MOVE asha (gray0): 20→22 [0.1ms]
[2026-05-06 14:31:18] MOVE chetan (lawn green): 75→98 [0.1ms]
[2026-05-06 14:31:19] MOVE asha (gray0): 22→20 [0.2ms]
[2026-05-06 14:31:19] MOVE chetan (lawn green): 98→75 [0.1ms]
[2026-05-06 14:31:19] MOVE asha (gray0): 20→22 [0.1ms]
[2026-05-06 14:31:19] MOVE chetan (lawn green): 75→98 [0.1ms]
[2026-05-06 14:31:19] MOVE asha (gray0): 22→20 [0.1ms]
[2026-05-06 14:31:19] MOVE chetan (lawn green): 98→75 [0.1ms]
[2026-05-06 14:31:19] MOVE asha (gray0): 20→22 [0.1ms]
[2026-05-06 14:31:20] MOVE chetan (lawn green): 75→98 [0.1ms]
[2026-05-06 14:31:20] MOVE asha (gray0): 22→20 [0.1ms]
[2026-05-06 14:31:20] MOVE chetan (lawn green): 98→75 [0.1ms]
[2026-05-06 14:31:20] MOVE asha (gray0): 20→22 [0.2ms]
[2026-05-06 14:31:20] MOVE chetan (lawn green): 75→98 [0.1ms]
[2026-05-06 14:31:20] MOVE asha (gray0): 22→20 [0.1ms]
[2026-05-06 14:31:21] MOVE chetan (lawn green): 98→75 [0.1ms]
[2026-05-06 14:31:21] MOVE asha (gray0): 20→22 [0.1ms]
[2026-05-06 14:31:21] MOVE chetan (lawn green): 75→98 [0.1ms]
[2026-05-06 14:31:21] MOVE asha (gray0): 22→20 [0.1ms]
[2026-05-06 14:31:21] MOVE chetan (lawn green): 98→75 [0.1ms]
[2026-05-06 14:31:21] MOVE asha (gray0): 20→22 [0.1ms]
[2026-05-06 14:31:22] MOVE chetan (lawn green): 75→98 [0.2ms]
[2026-05-06 14:31:22] MOVE asha (gray0): 22→20 [0.1ms]
[2026-05-06 14:31:22] MOVE chetan (lawn green): 98→75 [0.1ms]
[2026-05-06 14:31:22] MOVE asha (gray0): 20→22 [0.1ms]
[2026-05-06 14:31:22] MOVE chetan (lawn green): 75→98 [0.1ms]
[2026-05-06 14:31:22] MOVE asha (gray0): 22→20 [0.1ms]
[2026-05-06 14:31:23] MOVE chetan (lawn green): 98→75 [0.1ms]
[2026-05-06 14:31:23] MOVE asha (gray0): 20→22 [0.1ms]
[2026-05-06 14:31:23] MOVE chetan (lawn green): 75→98 [0.1ms]
[2026-05-06 14:31:23] MOVE asha (gray0): 22→20 [0.4ms]
[2026-05-06 14:31:23] MOVE chetan (lawn green): 98→75 [0.1ms]
[2026-05-06 14:31:23] MOVE asha (gray0): 20→22 [0.2ms]
[2026-05-06 14:31:24] MOVE chetan (lawn green): 75→98 [0.2ms]
[2026-05-06 14:31:24] MOVE asha (gray0): 22→20 [0.2ms]
[2026-05-06 14:31:24] MOVE chetan (lawn green): 98→75 [0.2ms]
[2026-05-06 14:31:24] MOVE asha (gray0): 20→22 [0.2ms]
[2026-05-06 14:31:24] MOVE chetan (lawn green): 75→98 [0.3ms]
[2026-05-06 14:31:24] MOVE asha (gray0): 22→20 [0.1ms]
[2026-05-06 14:31:25] MOVE chetan (lawn green): 98→75 [0.1ms]
[2026-05-06 14:31:25] MOVE asha (gray0): 20→22 [0.1ms]
[2026-05-06 14:31:25] MOVE chetan (lawn green): 75→98 [0.1ms]
[2026-05-06 14:31:25] MOVE asha (gray0): 22→20 [3.7ms]
[2026-05-06 14:31:25] MOVE chetan (lawn green): 98→75 [0.4ms]
[2026-05-06 14:31:25] MOVE asha (gray0): 20→22 [0.1ms]
[2026-05-06 14:31:25] MOVE chetan (lawn green): 75→98 [0.1ms]
[2026-05-06 14:31:26] MOVE asha (gray0): 22→20 [0.4ms]
[2026-05-06 14:31:26] MOVE chetan (lawn green): 98→75 [0.2ms]
[2026-05-06 14:31:26] MOVE asha (gray0): 20→22 [0.1ms]
[2026-05-06 14:31:26] MOVE chetan (lawn green): 75→98 [0.1ms]
[2026-05-06 14:31:26] MOVE asha (gray0): 22→20 [0.2ms]
[2026-05-06 14:31:26] MOVE chetan (lawn green): 98→75 [0.1ms]
[2026-05-06 14:31:27] MOVE asha (gray0): 20→22 [0.1ms]
[2026-05-06 14:31:27] MOVE chetan (lawn green): 75→98 [0.1ms]
[2026-05-06 14:31:27] MOVE asha (gray0): 22→20 [0.1ms]
[2026-05-06 14:31:27] MOVE chetan (lawn green): 98→75 [0.1ms]
[2026-05-06 14:31:27] MOVE asha (gray0): 20→22 [0.1ms]
[2026-05-06 14:31:27] MOVE chetan (lawn green): 75→98 [0.1ms]
[2026-05-06 14:31:28] MOVE asha (gray0): 22→20 [0.1ms]
[2026-05-06 14:31:28] MOVE chetan (lawn green): 98→75 [0.1ms]
[2026-05-06 14:31:28] MOVE asha (gray0): 20→22 [0.2ms]
[2026-05-06 14:31:28] MOVE chetan (lawn green): 75→98 [0.1ms]
[2026-05-06 14:31:28] MOVE asha (gray0): 22→20 [0.1ms]
[2026-05-06 14:31:28] MOVE chetan (lawn green): 98→75 [0.2ms]
[2026-05-06 14:31:29] MOVE asha (gray0): 20→22 [0.2ms]
[2026-05-06 14:31:29] MOVE chetan (lawn green): 75→98 [0.1ms]
[2026-05-06 14:31:29] MOVE asha (gray0): 22→20 [0.1ms]
[2026-05-06 14:31:29] MOVE chetan (lawn green): 98→75 [0.1ms]
[2026-05-06 14:31:29] MOVE asha (gray0): 20→22 [0.2ms]
[2026-05-06 14:31:29] MOVE chetan (lawn green): 75→98 [0.1ms]
[2026-05-06 14:31:30] MOVE asha (gray0): 22→20 [0.2ms]
[2026-05-06 14:31:30] MOVE chetan (lawn green): 98→75 [0.1ms]
[2026-05-06 14:31:30] MOVE asha (gray0): 20→22 [0.1ms]
[2026-05-06 14:31:30] MOVE chetan (lawn green): 75→98 [0.1ms]
[2026-05-06 14:31:30] MOVE asha (gray0): 22→20 [0.1ms]
[2026-05-06 14:31:30] MOVE chetan (lawn green): 98→75 [0.1ms]
[2026-05-06 14:31:31] MOVE asha (gray0): 20→22 [0.2ms]
[2026-05-06 14:31:31] MOVE chetan (lawn green): 75→98 [0.1ms]
[2026-05-06 14:31:31] MOVE asha (gray0): 22→20 [0.1ms]
[2026-05-06 14:31:31] MOVE chetan (lawn green): 98→75 [0.1ms]
[2026-05-06 14:31:31] MOVE asha (gray0): 20→22 [0.1ms]
[2026-05-06 14:31:32] MOVE chetan (lawn green): 75→98 [0.2ms]
[2026-05-06 14:31:32] MOVE asha (gray0): 22→20 [0.1ms]
[2026-05-06 14:31:32] MOVE chetan (lawn green): 98→75 [0.1ms]
[2026-05-06 14:31:32] MOVE asha (gray0): 20→22 [0.1ms]
[2026-05-06 14:31:32] MOVE chetan (lawn green): 75→98 [0.1ms]
[2026-05-06 14:31:33] MOVE asha (gray0): 22→20 [0.2ms]
[2026-05-06 14:31:33] MOVE chetan (lawn green): 98→75 [0.1ms]
[2026-05-06 14:31:33] MOVE asha (gray0): 20→22 [0.1ms]
[2026-05-06 14:31:33] MOVE chetan (lawn green): 75→98 [0.1ms]
[2026-05-06 14:31:33] MOVE asha (gray0): 22→20 [0.1ms]
[2026-05-06 14:31:34] MOVE chetan (lawn green): 98→75 [0.1ms]
[2026-05-06 14:31:34] MOVE asha (gray0): 20→22 [0.2ms]
[2026-05-06 14:31:34] MOVE chetan (lawn green): 75→98 [0.1ms]
[2026-05-06 14:31:34] MOVE asha (gray0): 22→20 [0.1ms]
[2026-05-06 14:31:35] MOVE chetan (lawn green): 98→75 [0.1ms]
[2026-05-06 14:31:35] MOVE asha (gray0): 20→22 [0.2ms]
[2026-05-06 14:31:35] MOVE chetan (lawn green): 75→98 [0.1ms]
[2026-05-06 14:31:35] MOVE asha (gray0): 22→20 [0.1ms]
[2026-05-06 14:31:36] MOVE chetan (lawn green): 98→75 [0.1ms]
[2026-05-06 14:31:36] MOVE asha (gray0): 20→22 [0.1ms]
[2026-05-06 14:31:36] MOVE chetan (lawn green): 75→98 [0.1ms]
[2026-05-06 14:31:36] MOVE asha (gray0): 22→20 [0.2ms]
[2026-05-06 14:31:36] MOVE chetan (lawn green): 98→75 [0.2ms]
[2026-05-06 14:31:37] MOVE asha (gray0): 20→22 [0.2ms]
[2026-05-06 14:31:37] MOVE chetan (lawn green): 75→98 [0.1ms]
[2026-05-06 14:31:37] MOVE asha (gray0): 22→20 [0.1ms]
[2026-05-06 14:31:37] MOVE chetan (lawn green): 98→75 [0.1ms]
[2026-05-06 14:31:37] MOVE asha (gray0): 20→22 [0.2ms]
[2026-05-06 14:31:37] MOVE chetan (lawn green): 75→98 [0.1ms]
[2026-05-06 14:31:38] MOVE asha (gray0): 22→20 [0.4ms]
[2026-05-06 14:31:38] MOVE chetan (lawn green): 98→75 [0.1ms]
[2026-05-06 14:31:38] MOVE asha (gray0): 20→22 [0.2ms]
[2026-05-06 14:31:38] MOVE chetan (lawn green): 75→98 [0.1ms]
[2026-05-06 14:31:38] MOVE asha (gray0): 22→20 [0.1ms]
[2026-05-06 14:31:38] MOVE chetan (lawn green): 98→75 [0.1ms]
[2026-05-06 14:31:39] MOVE asha (gray0): 20→22 [0.1ms]
[2026-05-06 14:31:39] MOVE chetan (lawn green): 75→98 [0.1ms]
[2026-05-06 14:31:39] MOVE asha (gray0): 22→20 [0.3ms]
[2026-05-06 14:31:39] MOVE chetan (lawn green): 98→75 [0.1ms]
[2026-05-06 14:31:39] MOVE asha (gray0): 20→22 [0.1ms]
[2026-05-06 14:31:39] MOVE chetan (lawn green): 75→98 [0.1ms]
[2026-05-06 14:31:40] MOVE asha (gray0): 22→20 [0.1ms]
[2026-05-06 14:31:40] MOVE chetan (lawn green): 98→75 [0.1ms]
[2026-05-06 14:31:40] MOVE asha (gray0): 20→22 [0.2ms]
[2026-05-06 14:31:40] MOVE chetan (lawn green): 75→98 [0.1ms]
[2026-05-06 14:31:40] MOVE asha (gray0): 22→20 [0.1ms]
[2026-05-06 14:31:41] MOVE chetan (lawn green): 98→75 [0.1ms]
[2026-05-06 14:31:41] MOVE asha (gray0): 20→22 [0.1ms]
[2026-05-06 14:31:41] MOVE chetan (lawn green): 75→98 [0.1ms]
[2026-05-06 14:31:41] MOVE asha (gray0): 22→20 [0.1ms]
[2026-05-06 14:31:41] MOVE chetan (lawn green): 98→75 [0.1ms]
[2026-05-06 14:31:41] MOVE asha (gray0): 20→22 [0.1ms]
[2026-05-06 14:31:42] MOVE chetan (lawn green): 75→98 [0.1ms]
[2026-05-06 14:31:42] MOVE asha (gray0): 22→20 [0.1ms]
[2026-05-06 14:31:42] MOVE chetan (lawn green): 98→75 [0.1ms]
[2026-05-06 14:31:42] MOVE asha (gray0): 20→22 [0.1ms]
[2026-05-06 14:31:43] MOVE chetan (lawn green): 75→98 [0.1ms]
[2026-05-06 14:31:43] MOVE asha (gray0): 22→20 [0.2ms]
[2026-05-06 14:31:43] MOVE chetan (lawn green): 98→75 [0.1ms]
[2026-05-06 14:31:43] MOVE asha (gray0): 20→22 [0.1ms]
[2026-05-06 14:31:43] MOVE chetan (lawn green): 75→98 [0.2ms]
[2026-05-06 14:31:43] MOVE asha (gray0): 22→20 [0.3ms]
[2026-05-06 14:31:44] MOVE chetan (lawn green): 98→75 [0.2ms]
[2026-05-06 14:31:44] MOVE asha (gray0): 20→22 [0.1ms]
[2026-05-06 14:31:44] MOVE chetan (lawn green): 75→98 [0.1ms]
[2026-05-06 14:31:44] MOVE asha (gray0): 22→20 [0.1ms]
[2026-05-06 14:31:45] MOVE chetan (lawn green): 98→75 [0.1ms]
[2026-05-06 14:31:45] MOVE asha (gray0): 20→22 [0.1ms]
[2026-05-06 14:31:45] MOVE chetan (lawn green): 75→98 [0.1ms]
[2026-05-06 14:31:45] MOVE asha (gray0): 22→20 [0.1ms]
[2026-05-06 14:31:45] MOVE chetan (lawn green): 98→75 [0.1ms]
[2026-05-06 14:31:45] MOVE asha (gray0): 20→22 [0.1ms]
[2026-05-06 14:31:46] MOVE chetan (lawn green): 75→98 [0.1ms]
[2026-05-06 14:31:46] MOVE asha (gray0): 22→20 [0.1ms]
[2026-05-06 14:31:46] MOVE chetan (lawn green): 98→75 [0.2ms]
[2026-05-06 14:31:46] MOVE asha (gray0): 20→22 [0.1ms]
[2026-05-06 14:31:46] MOVE chetan (lawn green): 75→98 [0.2ms]
[2026-05-06 14:31:47] MOVE asha (gray0): 22→20 [0.2ms]
[2026-05-06 14:31:47] MOVE chetan (lawn green): 98→75 [0.1ms]
[2026-05-06 14:31:47] MOVE asha (gray0): 20→22 [0.1ms]
[2026-05-06 14:31:47] MOVE chetan (lawn green): 75→98 [0.2ms]
[2026-05-06 14:31:47] MOVE asha (gray0): 22→20 [0.2ms]
[2026-05-06 14:31:47] MOVE chetan (lawn green): 98→75 [0.1ms]
[2026-05-06 14:31:48] MOVE asha (gray0): 20→22 [0.1ms]
[2026-05-06 14:31:48] MOVE chetan (lawn green): 75→98 [0.2ms]
[2026-05-06 14:31:48] MOVE asha (gray0): 22→20 [0.2ms]
[2026-05-06 14:31:48] MOVE chetan (lawn green): 98→75 [0.1ms]
[2026-05-06 14:31:48] MOVE asha (gray0): 20→22 [0.1ms]
[2026-05-06 14:31:48] MOVE chetan (lawn green): 75→98 [0.1ms]
[2026-05-06 14:31:49] MOVE asha (gray0): 22→20 [0.1ms]
[2026-05-06 14:31:49] MOVE chetan (lawn green): 98→75 [0.1ms]
[2026-05-06 14:31:49] MOVE asha (gray0): 20→22 [0.1ms]
[2026-05-06 14:31:49] MOVE chetan (lawn green): 75→98 [0.1ms]
[2026-05-06 14:31:49] MOVE asha (gray0): 22→20 [0.1ms]
[2026-05-06 14:31:49] MOVE chetan (lawn green): 98→75 [0.2ms]
[2026-05-06 14:31:49] MOVE asha (gray0): 20→22 [0.1ms]
[2026-05-06 14:31:50] MOVE chetan (lawn green): 75→98 [0.2ms]
[2026-05-06 14:31:50] MOVE asha (gray0): 22→20 [0.1ms]
[2026-05-06 14:31:50] MOVE chetan (lawn green): 98→75 [0.2ms]
[2026-05-06 14:31:50] MOVE asha (gray0): 20→22 [0.1ms]
[2026-05-06 14:31:50] MOVE chetan (lawn green): 75→98 [0.1ms]
[2026-05-06 14:31:50] MOVE asha (gray0): 22→20 [0.1ms]
[2026-05-06 14:31:51] MOVE chetan (lawn green): 98→75 [0.1ms]
[2026-05-06 14:31:51] MOVE asha (gray0): 20→22 [0.3ms]
[2026-05-06 14:31:51] MOVE chetan (lawn green): 75→98 [0.2ms]
[2026-05-06 14:31:51] MOVE asha (gray0): 22→20 [0.1ms]
[2026-05-06 14:31:51] MOVE chetan (lawn green): 98→75 [0.1ms]
[2026-05-06 14:31:51] MOVE asha (gray0): 20→22 [0.1ms]
[2026-05-06 14:31:52] MOVE chetan (lawn green): 75→98 [0.1ms]
[2026-05-06 14:31:52] MOVE asha (gray0): 22→20 [0.1ms]
[2026-05-06 14:31:52] MOVE chetan (lawn green): 98→75 [0.2ms]
[2026-05-06 14:31:52] MOVE asha (gray0): 20→22 [0.1ms]
[2026-05-06 14:31:52] MOVE chetan (lawn green): 75→98 [0.1ms]
[2026-05-06 14:31:52] MOVE asha (gray0): 22→20 [0.1ms]
[2026-05-06 14:31:53] MOVE chetan (lawn green): 98→75 [0.1ms]
[2026-05-06 14:31:53] MOVE asha (gray0): 20→22 [0.1ms]
[2026-05-06 14:31:53] MOVE chetan (lawn green): 75→98 [0.1ms]
[2026-05-06 14:31:53] MOVE asha (gray0): 22→20 [0.2ms]
[2026-05-06 14:31:53] MOVE chetan (lawn green): 98→75 [0.1ms]
[2026-05-06 14:31:53] MOVE asha (gray0): 20→22 [0.2ms]
[2026-05-06 14:31:53] MOVE chetan (lawn green): 75→98 [0.1ms]
[2026-05-06 14:31:54] MOVE asha (gray0): 22→20 [0.1ms]
[2026-05-06 14:31:54] MOVE chetan (lawn green): 98→75 [0.3ms]
[2026-05-06 14:31:54] MOVE asha (gray0): 20→22 [0.1ms]
[2026-05-06 14:31:54] MOVE chetan (lawn green): 75→98 [0.1ms]
[2026-05-06 14:31:54] MOVE asha (gray0): 22→20 [0.1ms]
[2026-05-06 14:31:54] MOVE chetan (lawn green): 98→75 [0.2ms]
[2026-05-06 14:31:55] MOVE asha (gray0): 20→22 [0.1ms]
[2026-05-06 14:31:55] MOVE chetan (lawn green): 75→98 [0.1ms]
[2026-05-06 14:31:55] MOVE asha (gray0): 22→20 [0.2ms]
[2026-05-06 14:31:55] MOVE chetan (lawn green): 98→75 [0.1ms]
[2026-05-06 14:31:55] MOVE asha (gray0): 20→22 [0.1ms]
[2026-05-06 14:31:55] MOVE chetan (lawn green): 75→98 [0.1ms]
[2026-05-06 14:31:56] MOVE asha (gray0): 22→20 [0.1ms]
[2026-05-06 14:31:56] MOVE chetan (lawn green): 98→75 [0.1ms]
[2026-05-06 14:31:56] MOVE asha (gray0): 20→22 [0.2ms]
[2026-05-06 14:31:56] MOVE chetan (lawn green): 75→98 [0.1ms]
[2026-05-06 14:31:56] MOVE asha (gray0): 22→20 [0.1ms]
[2026-05-06 14:31:56] MOVE chetan (lawn green): 98→75 [0.1ms]
[2026-05-06 14:31:57] MOVE asha (gray0): 20→22 [0.1ms]
[2026-05-06 14:31:57] MOVE chetan (lawn green): 75→98 [0.1ms]
[2026-05-06 14:31:57] MOVE asha (gray0): 22→20 [0.2ms]
[2026-05-06 14:31:57] MOVE chetan (lawn green): 98→75 [0.1ms]
[2026-05-06 14:31:57] MOVE asha (gray0): 20→22 [0.1ms]
[2026-05-06 14:31:57] MOVE chetan (lawn green): 75→98 [0.1ms]
[2026-05-06 14:31:58] MOVE asha (gray0): 22→20 [0.2ms]
[2026-05-06 14:31:58] MOVE chetan (lawn green): 98→75 [0.1ms]
[2026-05-06 14:31:58] MOVE asha (gray0): 20→22 [0.1ms]
[2026-05-06 14:31:58] MOVE chetan (lawn green): 75→98 [0.2ms]
[2026-05-06 14:31:58] MOVE asha (gray0): 22→20 [0.2ms]
[2026-05-06 14:31:58] MOVE chetan (lawn green): 98→75 [0.1ms]
[2026-05-06 14:31:59] MOVE asha (gray0): 20→22 [0.1ms]
[2026-05-06 14:31:59] MOVE chetan (lawn green): 75→98 [0.1ms]
[2026-05-06 14:31:59] MOVE asha (gray0): 22→20 [0.1ms]
[2026-05-06 14:31:59] MOVE chetan (lawn green): 98→75 [0.1ms]
[2026-05-06 14:31:59] MOVE asha (gray0): 20→22 [0.1ms]
[2026-05-06 14:31:59] MOVE chetan (lawn green): 75→98 [0.1ms]
[2026-05-06 14:31:59] MOVE asha (gray0): 22→20 [0.1ms]
[2026-05-06 14:32:00] MOVE chetan (lawn green): 98→75 [0.1ms]
[2026-05-06 14:32:00] MOVE asha (gray0): 20→22 [0.1ms]
[2026-05-06 14:32:00] MOVE chetan (lawn green): 75→98 [0.1ms]
[2026-05-06 14:32:00] MOVE asha (gray0): 22→20 [0.2ms]
[2026-05-06 14:32:00] MOVE chetan (lawn green): 98→75 [0.1ms]
[2026-05-06 14:32:00] MOVE asha (gray0): 20→22 [0.1ms]
[2026-05-06 14:32:01] MOVE chetan (lawn green): 75→98 [0.2ms]
[2026-05-06 14:32:01] MOVE asha (gray0): 22→20 [0.1ms]
[2026-05-06 14:32:01] MOVE chetan (lawn green): 98→75 [0.2ms]
[2026-05-06 14:32:01] MOVE asha (gray0): 20→22 [0.2ms]
[2026-05-06 14:32:01] MOVE chetan (lawn green): 75→98 [0.1ms]
[2026-05-06 14:32:01] MOVE asha (gray0): 22→20 [0.1ms]
[2026-05-06 14:32:01] MOVE chetan (lawn green): 98→75 [0.2ms]
[2026-05-06 14:32:02] MOVE asha (gray0): 20→22 [0.1ms]
[2026-05-06 14:32:02] MOVE chetan (lawn green): 75→98 [0.1ms]
[2026-05-06 14:32:02] MOVE asha (gray0): 22→20 [0.1ms]
[2026-05-06 14:32:03] MOVE chetan (lawn green): 98→75 [0.4ms]
[2026-05-06 14:32:03] MOVE asha (gray0): 20→22 [0.1ms]
[2026-05-06 14:32:03] MOVE chetan (lawn green): 75→98 [0.1ms]
[2026-05-06 14:32:03] MOVE asha (gray0): 22→20 [0.2ms]
[2026-05-06 14:32:04] SCORE chetan (lawn green): Final=267.1, Time=54.1, Moves(292)=0.0, Pins(1)=100.0, Dist=113.0
[2026-05-06 14:32:04] SCORE asha (gray0): Final=279.7, Time=48.7, Moves(292)=0.0, Pins(1)=100.0, Dist=131.0
[2026-05-06 14:32:04] GAME TIME LIMIT REACHED.
[2026-05-06 14:32:04] SCORE chetan (lawn green): Final=267.1, Time=54.1, Moves(292)=0.0, Pins(1)=100.0, Dist=113.0
[2026-05-06 14:32:04] SCORE asha (gray0): Final=279.7, Time=48.7, Moves(292)=0.0, Pins(1)=100.0, Dist=131.0
[2026-05-06 14:32:04] GAME TIME LIMIT REACHED.
[2026-05-06 14:32:04] SCORE chetan (lawn green): Final=267.1, Time=54.1, Moves(292)=0.0, Pins(1)=100.0, Dist=113.0
[2026-05-06 14:32:04] SCORE asha (gray0): Final=279.7, Time=48.7, Moves(292)=0.0, Pins(1)=100.0, Dist=131.0
[2026-05-06 14:32:04] GAME TIME LIMIT REACHED.
