[2026-05-06 10:32:32] GAME CREATED
[2026-05-06 10:32:39] PLAYER JOINED: chetan as red
[2026-05-06 10:32:46] PLAYER JOINED: asha as blue
[2026-05-06 10:32:50] GAME STARTED — turn order: ['red', 'blue']
[2026-05-06 10:32:50] MOVE chetan (red): 115→102 [0.1ms]
[2026-05-06 10:32:50] MOVE asha (blue): 3→14 [0.1ms]
[2026-05-06 10:32:50] MOVE chetan (red): 120→104 [0.2ms]
[2026-05-06 10:32:50] MOVE asha (blue): 0→16 [0.1ms]
[2026-05-06 10:32:50] MOVE chetan (red): 111→89 [0.1ms]
[2026-05-06 10:32:51] MOVE asha (blue): 6→26 [0.1ms]
[2026-05-06 10:32:51] MOVE chetan (red): 116→78 [0.1ms]
[2026-05-06 10:32:51] MOVE asha (blue): 4→38 [0.2ms]
[2026-05-06 10:32:51] MOVE chetan (red): 89→68 [0.1ms]
[2026-05-06 10:32:51] MOVE asha (blue): 26→49 [0.2ms]
[2026-05-06 10:32:52] MOVE chetan (red): 78→59 [0.1ms]
[2026-05-06 10:32:52] MOVE asha (blue): 8→26 [0.1ms]
[2026-05-06 10:32:52] MOVE chetan (red): 68→27 [0.1ms]
[2026-05-06 10:32:52] MOVE asha (blue): 14→58 [0.1ms]
[2026-05-06 10:32:52] MOVE chetan (red): 59→50 [0.1ms]
[2026-05-06 10:32:52] MOVE asha (blue): 49→67 [0.1ms]
[2026-05-06 10:32:52] MOVE chetan (red): 27→14 [0.1ms]
[2026-05-06 10:32:53] MOVE asha (blue): 58→77 [0.1ms]
[2026-05-06 10:32:53] MOVE chetan (red): 14→6 [0.1ms]
[2026-05-06 10:32:53] MOVE asha (blue): 5→60 [0.1ms]
[2026-05-06 10:32:53] MOVE chetan (red): 113→66 [0.2ms]
[2026-05-06 10:32:53] MOVE asha (blue): 26→69 [0.1ms]
[2026-05-06 10:32:53] MOVE chetan (red): 50→39 [0.7ms]
[2026-05-06 10:32:54] MOVE asha (blue): 60→79 [0.1ms]
[2026-05-06 10:32:54] MOVE chetan (red): 66→56 [0.1ms]
[2026-05-06 10:32:54] MOVE asha (blue): 69→90 [0.1ms]
[2026-05-06 10:32:54] MOVE chetan (red): 39→27 [0.1ms]
[2026-05-06 10:32:54] MOVE asha (blue): 77→89 [0.1ms]
[2026-05-06 10:32:54] MOVE chetan (red): 102→58 [0.1ms]
[2026-05-06 10:32:54] MOVE asha (blue): 89→113 [0.1ms]
[2026-05-06 10:32:55] MOVE chetan (red): 27→14 [0.1ms]
[2026-05-06 10:32:55] MOVE asha (blue): 79→102 [0.2ms]
[2026-05-06 10:32:55] MOVE chetan (red): 14→0 [0.1ms]
[2026-05-06 10:32:55] MOVE asha (blue): 102→111 [0.2ms]
[2026-05-06 10:32:55] MOVE chetan (red): 117→79 [0.1ms]
[2026-05-06 10:32:55] MOVE asha (blue): 90→102 [0.1ms]
[2026-05-06 10:32:56] MOVE chetan (red): 56→47 [0.1ms]
[2026-05-06 10:32:56] MOVE asha (blue): 102→120 [0.1ms]
[2026-05-06 10:32:56] MOVE chetan (red): 58→48 [0.2ms]
[2026-05-06 10:32:56] MOVE asha (blue): 38→78 [0.1ms]
[2026-05-06 10:32:56] MOVE chetan (red): 79→37 [0.2ms]
[2026-05-06 10:32:56] MOVE asha (blue): 67→90 [0.1ms]
[2026-05-06 10:32:57] MOVE chetan (red): 47→26 [0.3ms]
[2026-05-06 10:32:57] MOVE asha (blue): 78→116 [0.2ms]
[2026-05-06 10:32:57] MOVE chetan (red): 37→3 [0.1ms]
[2026-05-06 10:32:57] MOVE asha (blue): 90→102 [0.3ms]
[2026-05-06 10:32:57] MOVE chetan (red): 26→14 [0.1ms]
[2026-05-06 10:32:57] MOVE asha (blue): 102→117 [0.1ms]
[2026-05-06 10:32:58] MOVE chetan (red): 48→37 [0.1ms]
[2026-05-06 10:32:58] MOVE asha (blue): 7→29 [0.1ms]
[2026-05-06 10:32:58] MOVE chetan (red): 112→92 [0.1ms]
[2026-05-06 10:32:58] MOVE asha (blue): 16→41 [0.1ms]
[2026-05-06 10:32:58] MOVE chetan (red): 37→26 [0.1ms]
[2026-05-06 10:32:58] MOVE asha (blue): 29→52 [0.1ms]
[2026-05-06 10:32:59] MOVE chetan (red): 104→81 [0.2ms]
[2026-05-06 10:32:59] MOVE asha (blue): 41→62 [0.1ms]
[2026-05-06 10:32:59] MOVE chetan (red): 92→51 [0.1ms]
[2026-05-06 10:32:59] MOVE asha (blue): 52→72 [0.1ms]
[2026-05-06 10:32:59] MOVE chetan (red): 81→70 [0.1ms]
[2026-05-06 10:32:59] MOVE asha (blue): 62→83 [0.2ms]
[2026-05-06 10:33:00] MOVE chetan (red): 51→40 [0.1ms]
[2026-05-06 10:33:00] MOVE asha (blue): 72→95 [0.1ms]
[2026-05-06 10:33:00] MOVE chetan (red): 70→60 [0.1ms]
[2026-05-06 10:33:00] MOVE asha (blue): 83→94 [0.1ms]
[2026-05-06 10:33:00] MOVE chetan (red): 40→28 [0.1ms]
[2026-05-06 10:33:00] MOVE asha (blue): 95→93 [0.1ms]
[2026-05-06 10:33:00] MOVE chetan (red): 60→50 [0.1ms]
[2026-05-06 10:33:01] MOVE asha (blue): 94→106 [0.1ms]
[2026-05-06 10:33:01] MOVE chetan (red): 28→15 [0.1ms]
[2026-05-06 10:33:01] MOVE asha (blue): 93→105 [0.1ms]
[2026-05-06 10:33:01] MOVE chetan (red): 15→7 [0.1ms]
[2026-05-06 10:33:01] MOVE asha (blue): 106→104 [0.1ms]
[2026-05-06 10:33:01] MOVE chetan (red): 119→92 [0.1ms]
[2026-05-06 10:33:01] MOVE asha (blue): 104→112 [0.1ms]
[2026-05-06 10:33:02] MOVE chetan (red): 50→39 [0.1ms]
[2026-05-06 10:33:02] MOVE asha (blue): 105→104 [0.1ms]
[2026-05-06 10:33:02] MOVE chetan (red): 92→80 [0.2ms]
[2026-05-06 10:33:02] MOVE asha (blue): 104→115 [0.1ms]
[2026-05-06 10:33:02] MOVE chetan (red): 39→27 [0.1ms]
[2026-05-06 10:33:02] MOVE asha (blue): 9→17 [0.2ms]
[2026-05-06 10:33:03] MOVE chetan (red): 80→69 [0.1ms]
[2026-05-06 10:33:03] MOVE asha (blue): 1→4 [0.1ms]
[2026-05-06 10:33:03] MOVE chetan (red): 27→15 [0.2ms]
[2026-05-06 10:33:03] MOVE asha (blue): 17→29 [0.1ms]
[2026-05-06 10:33:03] MOVE chetan (red): 69→59 [0.2ms]
[2026-05-06 10:33:03] MOVE asha (blue): 4→8 [0.2ms]
[2026-05-06 10:33:04] MOVE chetan (red): 14→5 [0.1ms]
[2026-05-06 10:33:04] MOVE asha (blue): 29→40 [0.1ms]
[2026-05-06 10:33:04] MOVE chetan (red): 15→4 [0.1ms]
[2026-05-06 10:33:04] MOVE asha (blue): 2→9 [0.1ms]
[2026-05-06 10:33:04] MOVE chetan (red): 26→14 [0.1ms]
[2026-05-06 10:33:04] MOVE asha (blue): 40→50 [0.1ms]
[2026-05-06 10:33:05] MOVE chetan (red): 59→40 [0.1ms]
[2026-05-06 10:33:05] MOVE asha (blue): 8→16 [0.2ms]
[2026-05-06 10:33:05] MOVE chetan (red): 14→15 [0.2ms]
[2026-05-06 10:33:05] MOVE asha (blue): 50→59 [0.1ms]
[2026-05-06 10:33:05] MOVE chetan (red): 40→28 [0.2ms]
[2026-05-06 10:33:05] MOVE asha (blue): 16→39 [0.1ms]
[2026-05-06 10:33:06] MOVE chetan (red): 15→16 [0.1ms]
[2026-05-06 10:33:06] MOVE asha (blue): 59→68 [0.2ms]
[2026-05-06 10:33:06] MOVE chetan (red): 28→1 [0.2ms]
[2026-05-06 10:33:06] MOVE asha (blue): 39→49 [0.1ms]
[2026-05-06 10:33:06] MOVE chetan (red): 16→8 [0.1ms]
[2026-05-06 10:33:06] MOVE asha (blue): 68→78 [0.2ms]
[2026-05-06 10:33:07] MOVE chetan (red): 114→105 [0.2ms]
[2026-05-06 10:33:07] MOVE asha (blue): 49→58 [0.1ms]
[2026-05-06 10:33:07] MOVE chetan (red): 118→119 [0.1ms]
[2026-05-06 10:33:07] MOVE asha (blue): 78→89 [0.1ms]
[2026-05-06 10:33:07] MOVE chetan (red): 105→92 [0.2ms]
[2026-05-06 10:33:07] MOVE asha (blue): 58→67 [0.1ms]
[2026-05-06 10:33:08] MOVE chetan (red): 119→114 [0.1ms]
[2026-05-06 10:33:08] MOVE asha (blue): 89→102 [0.1ms]
[2026-05-06 10:33:08] MOVE chetan (red): 92→80 [0.2ms]
[2026-05-06 10:33:08] MOVE asha (blue): 67→77 [0.1ms]
[2026-05-06 10:33:08] MOVE chetan (red): 114→105 [0.1ms]
[2026-05-06 10:33:08] MOVE asha (blue): 102→103 [0.1ms]
[2026-05-06 10:33:09] MOVE chetan (red): 80→69 [0.2ms]
[2026-05-06 10:33:09] MOVE asha (blue): 77→89 [0.1ms]
[2026-05-06 10:33:09] MOVE chetan (red): 105→92 [0.3ms]
[2026-05-06 10:33:09] MOVE asha (blue): 103→104 [0.1ms]
[2026-05-06 10:33:09] MOVE chetan (red): 69→59 [0.1ms]
[2026-05-06 10:33:10] MOVE asha (blue): 89→102 [0.2ms]
[2026-05-06 10:33:10] MOVE chetan (red): 92→80 [0.1ms]
[2026-05-06 10:33:10] MOVE asha (blue): 104→105 [0.1ms]
[2026-05-06 10:33:10] MOVE chetan (red): 59→49 [0.1ms]
[2026-05-06 10:33:11] MOVE asha (blue): 105→114 [0.1ms]
[2026-05-06 10:33:11] MOVE chetan (red): 80→69 [0.6ms]
[2026-05-06 10:33:11] MOVE asha (blue): 102→103 [0.1ms]
[2026-05-06 10:33:11] MOVE chetan (red): 49→38 [0.1ms]
[2026-05-06 10:33:11] MOVE asha (blue): 9→17 [0.1ms]
[2026-05-06 10:33:12] MOVE chetan (red): 69→59 [0.1ms]
[2026-05-06 10:33:12] MOVE asha (blue): 103→104 [0.1ms]
[2026-05-06 10:33:12] MOVE chetan (red): 38→26 [0.1ms]
[2026-05-06 10:33:12] MOVE asha (blue): 17→29 [0.1ms]
[2026-05-06 10:33:13] MOVE chetan (red): 59→49 [0.1ms]
[2026-05-06 10:33:13] MOVE asha (blue): 104→105 [0.1ms]
[2026-05-06 10:33:13] MOVE chetan (red): 26→14 [0.2ms]
[2026-05-06 10:33:13] MOVE asha (blue): 29→40 [0.1ms]
[2026-05-06 10:33:13] MOVE chetan (red): 49→38 [0.1ms]
[2026-05-06 10:33:14] MOVE asha (blue): 105→106 [0.1ms]
[2026-05-06 10:33:14] MOVE chetan (red): 14→15 [0.1ms]
[2026-05-06 10:33:14] MOVE asha (blue): 40→50 [0.2ms]
[2026-05-06 10:33:14] MOVE chetan (red): 38→26 [0.1ms]
[2026-05-06 10:33:15] MOVE asha (blue): 106→93 [0.3ms]
[2026-05-06 10:33:15] MOVE chetan (red): 15→16 [0.1ms]
[2026-05-06 10:33:15] MOVE asha (blue): 50→59 [0.1ms]
[2026-05-06 10:33:15] MOVE chetan (red): 26→14 [0.1ms]
[2026-05-06 10:33:15] MOVE asha (blue): 93→92 [0.1ms]
[2026-05-06 10:33:16] MOVE chetan (red): 16→17 [0.2ms]
[2026-05-06 10:33:16] MOVE asha (blue): 59→68 [0.1ms]
[2026-05-06 10:33:16] MOVE chetan (red): 17→9 [0.1ms]
[2026-05-06 10:33:16] MOVE asha (blue): 92→104 [0.1ms]
[2026-05-06 10:33:17] MOVE chetan (red): 14→15 [0.2ms]
[2026-05-06 10:33:17] MOVE asha (blue): 68→78 [0.2ms]
[2026-05-06 10:33:17] MOVE chetan (red): 15→16 [0.1ms]
[2026-05-06 10:33:17] MOVE asha (blue): 104→103 [0.1ms]
[2026-05-06 10:33:17] MOVE chetan (red): 16→17 [0.1ms]
[2026-05-06 10:33:17] MOVE asha (blue): 78→89 [0.1ms]
[2026-05-06 10:33:17] MOVE chetan (red): 17→18 [0.1ms]
[2026-05-06 10:33:18] MOVE asha (blue): 103→102 [0.2ms]
[2026-05-06 10:33:18] MOVE chetan (red): 18→19 [0.1ms]
[2026-05-06 10:33:18] MOVE asha (blue): 89→90 [0.1ms]
[2026-05-06 10:33:18] MOVE chetan (red): 19→31 [0.1ms]
[2026-05-06 10:33:18] MOVE asha (blue): 102→89 [0.1ms]
[2026-05-06 10:33:18] MOVE chetan (red): 31→30 [0.1ms]
[2026-05-06 10:33:19] MOVE asha (blue): 90→102 [0.1ms]
[2026-05-06 10:33:19] MOVE chetan (red): 30→29 [0.1ms]
[2026-05-06 10:33:19] MOVE asha (blue): 89→90 [0.1ms]
[2026-05-06 10:33:19] MOVE chetan (red): 29→28 [0.1ms]
[2026-05-06 10:33:19] MOVE asha (blue): 102→103 [0.1ms]
[2026-05-06 10:33:20] MOVE chetan (red): 28→15 [0.1ms]
[2026-05-06 10:33:20] MOVE asha (blue): 90→91 [0.2ms]
[2026-05-06 10:33:20] MOVE chetan (red): 15→14 [0.1ms]
[2026-05-06 10:33:20] MOVE asha (blue): 103→104 [0.1ms]
[2026-05-06 10:33:20] MOVE chetan (red): 14→13 [0.1ms]
[2026-05-06 10:33:21] MOVE asha (blue): 91→103 [0.1ms]
[2026-05-06 10:33:21] MOVE chetan (red): 13→26 [0.1ms]
[2026-05-06 10:33:21] MOVE asha (blue): 104→105 [0.2ms]
[2026-05-06 10:33:21] MOVE chetan (red): 26→27 [0.1ms]
[2026-05-06 10:33:21] MOVE asha (blue): 103→102 [0.1ms]
[2026-05-06 10:33:22] MOVE chetan (red): 27→14 [0.1ms]
[2026-05-06 10:33:22] MOVE asha (blue): 105→106 [0.1ms]
[2026-05-06 10:33:22] MOVE chetan (red): 14→15 [0.1ms]
[2026-05-06 10:33:22] MOVE asha (blue): 102→89 [0.1ms]
[2026-05-06 10:33:22] MOVE chetan (red): 15→16 [0.1ms]
[2026-05-06 10:33:22] MOVE asha (blue): 106→93 [0.2ms]
[2026-05-06 10:33:23] MOVE chetan (red): 16→17 [0.1ms]
[2026-05-06 10:33:23] MOVE asha (blue): 89→90 [0.1ms]
[2026-05-06 10:33:23] MOVE chetan (red): 17→18 [0.2ms]
[2026-05-06 10:33:23] MOVE asha (blue): 93→92 [0.1ms]
[2026-05-06 10:33:23] MOVE chetan (red): 18→19 [0.1ms]
[2026-05-06 10:33:24] MOVE asha (blue): 90→91 [0.2ms]
[2026-05-06 10:33:24] MOVE chetan (red): 19→31 [0.2ms]
[2026-05-06 10:33:24] MOVE asha (blue): 92→104 [0.1ms]
[2026-05-06 10:33:24] MOVE chetan (red): 31→30 [0.1ms]
[2026-05-06 10:33:24] MOVE asha (blue): 91→103 [0.1ms]
[2026-05-06 10:33:25] MOVE chetan (red): 30→29 [0.1ms]
[2026-05-06 10:33:25] MOVE asha (blue): 104→102 [0.2ms]
[2026-05-06 10:33:25] MOVE chetan (red): 29→28 [0.1ms]
[2026-05-06 10:33:25] MOVE asha (blue): 103→104 [0.1ms]
[2026-05-06 10:33:25] MOVE chetan (red): 28→15 [0.1ms]
[2026-05-06 10:33:25] MOVE asha (blue): 102→103 [0.1ms]
[2026-05-06 10:33:25] MOVE chetan (red): 15→14 [0.1ms]
[2026-05-06 10:33:26] MOVE asha (blue): 104→102 [0.1ms]
[2026-05-06 10:33:26] MOVE chetan (red): 14→13 [0.1ms]
[2026-05-06 10:33:26] MOVE asha (blue): 103→101 [0.1ms]
[2026-05-06 10:33:26] MOVE chetan (red): 13→26 [0.1ms]
[2026-05-06 10:33:26] MOVE asha (blue): 102→89 [0.1ms]
[2026-05-06 10:33:26] MOVE chetan (red): 26→27 [0.1ms]
[2026-05-06 10:33:26] MOVE asha (blue): 101→78 [0.1ms]
[2026-05-06 10:33:27] MOVE chetan (red): 27→14 [0.1ms]
[2026-05-06 10:33:27] MOVE asha (blue): 89→90 [0.1ms]
[2026-05-06 10:33:27] MOVE chetan (red): 14→15 [0.1ms]
[2026-05-06 10:33:27] MOVE asha (blue): 78→89 [0.1ms]
[2026-05-06 10:33:27] MOVE chetan (red): 15→16 [0.1ms]
[2026-05-06 10:33:27] MOVE asha (blue): 90→103 [0.1ms]
[2026-05-06 10:33:28] MOVE chetan (red): 16→17 [0.1ms]
[2026-05-06 10:33:28] MOVE asha (blue): 89→102 [0.1ms]
[2026-05-06 10:33:28] MOVE chetan (red): 17→18 [0.1ms]
[2026-05-06 10:33:28] MOVE asha (blue): 103→104 [0.1ms]
[2026-05-06 10:33:28] MOVE chetan (red): 18→19 [0.1ms]
[2026-05-06 10:33:28] MOVE asha (blue): 102→103 [0.2ms]
[2026-05-06 10:33:29] MOVE chetan (red): 19→31 [0.1ms]
[2026-05-06 10:33:29] MOVE asha (blue): 104→102 [0.3ms]
[2026-05-06 10:33:29] MOVE chetan (red): 31→30 [0.2ms]
[2026-05-06 10:33:29] MOVE asha (blue): 103→104 [0.2ms]
[2026-05-06 10:33:29] MOVE chetan (red): 30→29 [0.1ms]
[2026-05-06 10:33:29] MOVE asha (blue): 102→89 [0.1ms]
[2026-05-06 10:33:30] MOVE chetan (red): 29→28 [0.1ms]
[2026-05-06 10:33:30] MOVE asha (blue): 104→105 [0.1ms]
[2026-05-06 10:33:30] MOVE chetan (red): 28→15 [0.1ms]
[2026-05-06 10:33:30] MOVE asha (blue): 89→90 [0.1ms]
[2026-05-06 10:33:30] MOVE chetan (red): 15→14 [0.1ms]
[2026-05-06 10:33:30] MOVE asha (blue): 105→106 [0.1ms]
[2026-05-06 10:33:31] MOVE chetan (red): 14→13 [0.1ms]
[2026-05-06 10:33:31] MOVE asha (blue): 90→103 [0.1ms]
[2026-05-06 10:33:31] MOVE chetan (red): 13→26 [0.2ms]
[2026-05-06 10:33:31] MOVE asha (blue): 106→93 [0.1ms]
[2026-05-06 10:33:31] MOVE chetan (red): 26→27 [0.1ms]
[2026-05-06 10:33:31] MOVE asha (blue): 103→104 [0.1ms]
[2026-05-06 10:33:32] MOVE chetan (red): 27→14 [0.2ms]
[2026-05-06 10:33:32] MOVE asha (blue): 93→92 [0.1ms]
[2026-05-06 10:33:32] MOVE chetan (red): 14→15 [0.1ms]
[2026-05-06 10:33:32] MOVE asha (blue): 104→105 [0.2ms]
[2026-05-06 10:33:32] MOVE chetan (red): 15→16 [0.1ms]
[2026-05-06 10:33:32] MOVE asha (blue): 92→104 [0.1ms]
[2026-05-06 10:33:33] MOVE chetan (red): 16→17 [0.2ms]
[2026-05-06 10:33:33] MOVE asha (blue): 105→106 [0.2ms]
[2026-05-06 10:33:33] MOVE chetan (red): 17→18 [0.1ms]
[2026-05-06 10:33:33] MOVE asha (blue): 104→103 [0.1ms]
[2026-05-06 10:33:33] MOVE chetan (red): 18→19 [0.1ms]
[2026-05-06 10:33:33] MOVE asha (blue): 106→93 [0.1ms]
[2026-05-06 10:33:34] MOVE chetan (red): 19→31 [0.2ms]
[2026-05-06 10:33:34] MOVE asha (blue): 103→102 [0.2ms]
[2026-05-06 10:33:34] MOVE chetan (red): 31→30 [0.1ms]
[2026-05-06 10:33:34] MOVE asha (blue): 93→92 [0.1ms]
[2026-05-06 10:33:34] MOVE chetan (red): 30→29 [0.1ms]
[2026-05-06 10:33:34] MOVE asha (blue): 102→89 [0.1ms]
[2026-05-06 10:33:34] MOVE chetan (red): 29→28 [0.1ms]
[2026-05-06 10:33:35] MOVE asha (blue): 92→104 [0.3ms]
[2026-05-06 10:33:35] MOVE chetan (red): 28→15 [0.1ms]
[2026-05-06 10:33:35] MOVE asha (blue): 89→90 [0.2ms]
[2026-05-06 10:33:35] MOVE chetan (red): 15→14 [0.2ms]
[2026-05-06 10:33:35] MOVE asha (blue): 104→103 [0.2ms]
[2026-05-06 10:33:35] MOVE chetan (red): 14→13 [0.1ms]
[2026-05-06 10:33:36] MOVE asha (blue): 90→91 [0.1ms]
[2026-05-06 10:33:36] MOVE chetan (red): 13→26 [0.1ms]
[2026-05-06 10:33:36] MOVE asha (blue): 103→102 [0.1ms]
[2026-05-06 10:33:36] MOVE chetan (red): 26→27 [0.1ms]
[2026-05-06 10:33:36] MOVE asha (blue): 91→103 [0.1ms]
[2026-05-06 10:33:36] MOVE chetan (red): 27→14 [0.1ms]
[2026-05-06 10:33:37] MOVE asha (blue): 102→89 [0.1ms]
[2026-05-06 10:33:37] MOVE chetan (red): 14→15 [0.1ms]
[2026-05-06 10:33:37] MOVE asha (blue): 103→102 [0.1ms]
[2026-05-06 10:33:37] MOVE chetan (red): 15→16 [0.1ms]
[2026-05-06 10:33:37] MOVE asha (blue): 89→90 [0.1ms]
[2026-05-06 10:33:37] MOVE chetan (red): 16→17 [0.1ms]
[2026-05-06 10:33:37] MOVE asha (blue): 102→89 [0.1ms]
[2026-05-06 10:33:38] MOVE chetan (red): 17→18 [0.1ms]
[2026-05-06 10:33:38] MOVE asha (blue): 90→91 [0.3ms]
[2026-05-06 10:33:38] MOVE chetan (red): 18→19 [0.1ms]
[2026-05-06 10:33:38] MOVE asha (blue): 89→90 [0.1ms]
[2026-05-06 10:33:38] MOVE chetan (red): 19→31 [0.1ms]
[2026-05-06 10:33:39] MOVE asha (blue): 91→103 [0.1ms]
[2026-05-06 10:33:39] MOVE chetan (red): 31→30 [0.1ms]
[2026-05-06 10:33:39] MOVE asha (blue): 90→91 [0.1ms]
[2026-05-06 10:33:39] MOVE chetan (red): 30→29 [0.1ms]
[2026-05-06 10:33:40] MOVE asha (blue): 103→102 [0.1ms]
[2026-05-06 10:33:40] MOVE chetan (red): 29→28 [0.1ms]
[2026-05-06 10:33:40] MOVE asha (blue): 91→103 [0.2ms]
[2026-05-06 10:33:40] MOVE chetan (red): 28→15 [0.1ms]
[2026-05-06 10:33:40] MOVE asha (blue): 102→104 [0.2ms]
[2026-05-06 10:33:41] MOVE chetan (red): 15→14 [0.1ms]
[2026-05-06 10:33:41] MOVE asha (blue): 103→105 [0.1ms]
[2026-05-06 10:33:41] MOVE chetan (red): 14→13 [0.1ms]
[2026-05-06 10:33:41] MOVE asha (blue): 104→106 [0.1ms]
[2026-05-06 10:33:41] MOVE chetan (red): 13→26 [0.1ms]
[2026-05-06 10:33:41] MOVE asha (blue): 105→104 [0.1ms]
[2026-05-06 10:33:42] MOVE chetan (red): 26→27 [0.1ms]
[2026-05-06 10:33:42] MOVE asha (blue): 106→105 [0.4ms]
[2026-05-06 10:33:42] MOVE chetan (red): 27→14 [0.1ms]
[2026-05-06 10:33:42] MOVE asha (blue): 104→106 [0.2ms]
[2026-05-06 10:33:42] MOVE chetan (red): 14→15 [0.2ms]
[2026-05-06 10:33:42] MOVE asha (blue): 105→107 [0.1ms]
[2026-05-06 10:33:43] MOVE chetan (red): 15→16 [0.3ms]
[2026-05-06 10:33:43] MOVE asha (blue): 106→93 [0.1ms]
[2026-05-06 10:33:43] MOVE chetan (red): 16→17 [0.1ms]
[2026-05-06 10:33:43] MOVE asha (blue): 107→94 [0.1ms]
[2026-05-06 10:33:43] MOVE chetan (red): 17→18 [0.2ms]
[2026-05-06 10:33:43] MOVE asha (blue): 93→92 [0.1ms]
[2026-05-06 10:33:43] MOVE chetan (red): 18→19 [0.1ms]
[2026-05-06 10:33:44] MOVE asha (blue): 94→93 [0.1ms]
[2026-05-06 10:33:44] MOVE chetan (red): 19→31 [0.1ms]
[2026-05-06 10:33:44] MOVE asha (blue): 92→105 [0.1ms]
[2026-05-06 10:33:44] MOVE chetan (red): 31→30 [0.2ms]
[2026-05-06 10:33:44] MOVE asha (blue): 93→106 [0.1ms]
[2026-05-06 10:33:44] MOVE chetan (red): 30→29 [0.1ms]
[2026-05-06 10:33:45] MOVE asha (blue): 105→104 [0.2ms]
[2026-05-06 10:33:45] MOVE chetan (red): 29→28 [0.1ms]
[2026-05-06 10:33:45] MOVE asha (blue): 106→105 [0.3ms]
[2026-05-06 10:33:45] MOVE chetan (red): 28→15 [0.1ms]
[2026-05-06 10:33:45] MOVE asha (blue): 104→106 [0.1ms]
[2026-05-06 10:33:45] MOVE chetan (red): 15→14 [0.3ms]
[2026-05-06 10:33:46] MOVE asha (blue): 105→104 [0.1ms]
[2026-05-06 10:33:46] MOVE chetan (red): 14→13 [0.1ms]
[2026-05-06 10:33:46] MOVE asha (blue): 106→93 [0.3ms]
[2026-05-06 10:33:46] MOVE chetan (red): 13→26 [0.1ms]
[2026-05-06 10:33:46] MOVE asha (blue): 104→103 [0.3ms]
[2026-05-06 10:33:46] MOVE chetan (red): 26→27 [0.1ms]
[2026-05-06 10:33:47] MOVE asha (blue): 93→92 [0.1ms]
[2026-05-06 10:33:47] MOVE chetan (red): 27→14 [0.1ms]
[2026-05-06 10:33:47] MOVE asha (blue): 103→102 [0.2ms]
[2026-05-06 10:33:47] MOVE chetan (red): 14→15 [0.2ms]
[2026-05-06 10:33:47] MOVE asha (blue): 92→105 [4.1ms]
[2026-05-06 10:33:48] MOVE chetan (red): 15→16 [0.1ms]
[2026-05-06 10:33:48] MOVE asha (blue): 102→89 [0.1ms]
[2026-05-06 10:33:48] MOVE chetan (red): 16→17 [0.1ms]
[2026-05-06 10:33:48] MOVE asha (blue): 105→104 [0.1ms]
[2026-05-06 10:33:49] MOVE chetan (red): 17→18 [0.1ms]
[2026-05-06 10:33:49] MOVE asha (blue): 89→90 [0.1ms]
[2026-05-06 10:33:49] MOVE chetan (red): 18→19 [0.1ms]
[2026-05-06 10:33:49] MOVE asha (blue): 104→103 [0.1ms]
[2026-05-06 10:33:50] MOVE chetan (red): 19→31 [0.1ms]
[2026-05-06 10:33:50] MOVE asha (blue): 90→91 [0.2ms]
[2026-05-06 10:33:50] MOVE chetan (red): 31→30 [0.2ms]
[2026-05-06 10:33:50] MOVE asha (blue): 103→102 [0.1ms]
[2026-05-06 10:33:51] MOVE chetan (red): 30→29 [0.1ms]
[2026-05-06 10:33:51] MOVE asha (blue): 91→103 [0.1ms]
[2026-05-06 10:33:51] MOVE chetan (red): 29→28 [0.1ms]
[2026-05-06 10:33:51] MOVE asha (blue): 102→89 [0.1ms]
[2026-05-06 10:33:51] MOVE chetan (red): 28→15 [0.1ms]
[2026-05-06 10:33:52] MOVE asha (blue): 103→102 [0.2ms]
[2026-05-06 10:33:52] MOVE chetan (red): 15→14 [0.1ms]
[2026-05-06 10:33:52] MOVE asha (blue): 89→90 [0.1ms]
[2026-05-06 10:33:52] MOVE chetan (red): 14→13 [0.1ms]
[2026-05-06 10:33:52] MOVE asha (blue): 102→89 [0.1ms]
[2026-05-06 10:33:52] MOVE chetan (red): 13→26 [0.2ms]
[2026-05-06 10:33:53] MOVE asha (blue): 90→91 [0.2ms]
[2026-05-06 10:33:53] MOVE chetan (red): 26→27 [0.1ms]
[2026-05-06 10:33:53] MOVE asha (blue): 89→90 [0.2ms]
[2026-05-06 10:33:53] MOVE chetan (red): 27→14 [0.1ms]
[2026-05-06 10:33:53] MOVE asha (blue): 91→103 [0.1ms]
[2026-05-06 10:33:54] MOVE chetan (red): 14→15 [0.2ms]
[2026-05-06 10:33:54] MOVE asha (blue): 90→91 [0.1ms]
[2026-05-06 10:33:54] MOVE chetan (red): 15→16 [0.1ms]
[2026-05-06 10:33:54] MOVE asha (blue): 103→102 [0.1ms]
[2026-05-06 10:33:54] MOVE chetan (red): 16→17 [0.1ms]
[2026-05-06 10:33:55] MOVE asha (blue): 91→103 [0.1ms]
[2026-05-06 10:33:55] MOVE chetan (red): 17→18 [0.2ms]
[2026-05-06 10:33:55] MOVE asha (blue): 102→104 [0.1ms]
[2026-05-06 10:33:55] MOVE chetan (red): 18→19 [0.1ms]
[2026-05-06 10:33:55] MOVE asha (blue): 103→105 [0.1ms]
[2026-05-06 10:33:55] MOVE chetan (red): 19→31 [0.1ms]
[2026-05-06 10:33:55] MOVE asha (blue): 104→106 [0.1ms]
[2026-05-06 10:33:56] MOVE chetan (red): 31→30 [1.3ms]
[2026-05-06 10:33:56] MOVE asha (blue): 105→104 [0.4ms]
[2026-05-06 10:33:56] MOVE chetan (red): 30→29 [0.4ms]
[2026-05-06 10:33:56] MOVE asha (blue): 106→105 [0.1ms]
[2026-05-06 10:33:56] MOVE chetan (red): 29→28 [0.1ms]
[2026-05-06 10:33:56] MOVE asha (blue): 104→106 [0.1ms]
[2026-05-06 10:33:57] MOVE chetan (red): 28→15 [0.2ms]
[2026-05-06 10:33:57] MOVE asha (blue): 105→107 [0.1ms]
[2026-05-06 10:33:57] MOVE chetan (red): 15→14 [0.1ms]
[2026-05-06 10:33:57] MOVE asha (blue): 106→93 [0.1ms]
[2026-05-06 10:33:57] MOVE chetan (red): 14→13 [0.1ms]
[2026-05-06 10:33:58] MOVE asha (blue): 107→94 [0.1ms]
[2026-05-06 10:33:58] MOVE chetan (red): 13→26 [0.1ms]
[2026-05-06 10:33:58] MOVE asha (blue): 93→92 [0.1ms]
[2026-05-06 10:33:58] MOVE chetan (red): 26→27 [0.3ms]
[2026-05-06 10:33:58] MOVE asha (blue): 94→93 [0.1ms]
[2026-05-06 10:33:59] MOVE chetan (red): 27→14 [0.2ms]
[2026-05-06 10:33:59] MOVE asha (blue): 92→105 [0.1ms]
[2026-05-06 10:33:59] MOVE chetan (red): 14→15 [0.1ms]
[2026-05-06 10:33:59] MOVE asha (blue): 93→106 [0.1ms]
[2026-05-06 10:33:59] MOVE chetan (red): 15→16 [0.1ms]
[2026-05-06 10:34:00] MOVE asha (blue): 105→104 [0.2ms]
[2026-05-06 10:34:00] MOVE chetan (red): 16→17 [0.1ms]
[2026-05-06 10:34:00] MOVE asha (blue): 106→105 [0.1ms]
[2026-05-06 10:34:00] MOVE chetan (red): 17→18 [0.1ms]
[2026-05-06 10:34:00] MOVE asha (blue): 104→106 [0.2ms]
[2026-05-06 10:34:00] MOVE chetan (red): 18→19 [0.1ms]
[2026-05-06 10:34:01] MOVE asha (blue): 105→104 [0.1ms]
[2026-05-06 10:34:01] MOVE chetan (red): 19→31 [0.1ms]
[2026-05-06 10:34:01] MOVE asha (blue): 106→93 [0.1ms]
[2026-05-06 10:34:01] MOVE chetan (red): 31→30 [0.1ms]
[2026-05-06 10:34:01] MOVE asha (blue): 104→103 [0.1ms]
[2026-05-06 10:34:02] MOVE chetan (red): 30→29 [0.1ms]
[2026-05-06 10:34:02] MOVE asha (blue): 93→92 [0.1ms]
[2026-05-06 10:34:02] MOVE chetan (red): 29→28 [0.1ms]
[2026-05-06 10:34:02] MOVE asha (blue): 103→102 [0.1ms]
[2026-05-06 10:34:02] MOVE chetan (red): 28→15 [0.1ms]
[2026-05-06 10:34:02] MOVE asha (blue): 92→105 [0.1ms]
[2026-05-06 10:34:03] MOVE chetan (red): 15→14 [0.1ms]
[2026-05-06 10:34:03] MOVE asha (blue): 102→89 [0.1ms]
[2026-05-06 10:34:03] MOVE chetan (red): 14→13 [0.1ms]
[2026-05-06 10:34:03] MOVE asha (blue): 105→104 [0.1ms]
[2026-05-06 10:34:03] MOVE chetan (red): 13→26 [0.2ms]
[2026-05-06 10:34:03] MOVE asha (blue): 89→90 [0.1ms]
[2026-05-06 10:34:04] MOVE chetan (red): 26→27 [0.2ms]
[2026-05-06 10:34:04] MOVE asha (blue): 104→103 [0.2ms]
[2026-05-06 10:34:04] MOVE chetan (red): 27→14 [0.1ms]
[2026-05-06 10:34:04] MOVE asha (blue): 90→91 [0.2ms]
[2026-05-06 10:34:04] MOVE chetan (red): 14→15 [0.2ms]
[2026-05-06 10:34:04] MOVE asha (blue): 103→102 [0.2ms]
[2026-05-06 10:34:04] MOVE chetan (red): 15→16 [0.1ms]
[2026-05-06 10:34:05] MOVE asha (blue): 91→103 [0.2ms]
[2026-05-06 10:34:05] MOVE chetan (red): 16→17 [0.1ms]
[2026-05-06 10:34:05] MOVE asha (blue): 102→89 [0.1ms]
[2026-05-06 10:34:05] MOVE chetan (red): 17→18 [0.1ms]
[2026-05-06 10:34:05] MOVE asha (blue): 103→102 [0.1ms]
[2026-05-06 10:34:05] MOVE chetan (red): 18→19 [0.1ms]
[2026-05-06 10:34:06] MOVE asha (blue): 89→90 [0.2ms]
[2026-05-06 10:34:06] MOVE chetan (red): 19→31 [0.5ms]
[2026-05-06 10:34:06] MOVE asha (blue): 102→89 [0.1ms]
[2026-05-06 10:34:06] MOVE chetan (red): 31→30 [0.3ms]
[2026-05-06 10:34:06] MOVE asha (blue): 90→91 [0.2ms]
[2026-05-06 10:34:06] MOVE chetan (red): 30→29 [0.1ms]
[2026-05-06 10:34:07] MOVE asha (blue): 89→90 [0.1ms]
[2026-05-06 10:34:07] MOVE chetan (red): 29→28 [0.2ms]
[2026-05-06 10:34:07] MOVE asha (blue): 91→103 [0.1ms]
[2026-05-06 10:34:07] MOVE chetan (red): 28→15 [0.1ms]
[2026-05-06 10:34:07] MOVE asha (blue): 90→91 [0.1ms]
[2026-05-06 10:34:07] MOVE chetan (red): 15→14 [0.1ms]
[2026-05-06 10:34:07] MOVE asha (blue): 103→102 [0.1ms]
[2026-05-06 10:34:08] MOVE chetan (red): 14→13 [0.2ms]
[2026-05-06 10:34:08] MOVE asha (blue): 91→103 [0.1ms]
[2026-05-06 10:34:08] MOVE chetan (red): 13→26 [0.1ms]
[2026-05-06 10:34:08] MOVE asha (blue): 102→104 [0.2ms]
[2026-05-06 10:34:08] MOVE chetan (red): 26→27 [0.1ms]
[2026-05-06 10:34:08] MOVE asha (blue): 103→105 [0.1ms]
[2026-05-06 10:34:09] MOVE chetan (red): 27→14 [0.1ms]
[2026-05-06 10:34:09] MOVE asha (blue): 104→106 [0.1ms]
[2026-05-06 10:34:09] MOVE chetan (red): 14→15 [0.1ms]
[2026-05-06 10:34:09] MOVE asha (blue): 105→104 [0.1ms]
[2026-05-06 10:34:09] MOVE chetan (red): 15→16 [0.1ms]
[2026-05-06 10:34:09] MOVE asha (blue): 106→105 [0.1ms]
[2026-05-06 10:34:10] MOVE chetan (red): 16→17 [0.1ms]
[2026-05-06 10:34:10] MOVE asha (blue): 104→106 [0.1ms]
[2026-05-06 10:34:10] MOVE chetan (red): 17→18 [0.1ms]
[2026-05-06 10:34:10] MOVE asha (blue): 105→107 [0.1ms]
[2026-05-06 10:34:10] MOVE chetan (red): 18→19 [0.1ms]
[2026-05-06 10:34:10] MOVE asha (blue): 106→93 [0.1ms]
[2026-05-06 10:34:11] MOVE chetan (red): 19→31 [0.1ms]
[2026-05-06 10:34:11] MOVE asha (blue): 107→94 [0.2ms]
[2026-05-06 10:34:11] MOVE chetan (red): 31→30 [0.2ms]
[2026-05-06 10:34:11] MOVE asha (blue): 93→92 [0.1ms]
[2026-05-06 10:34:11] MOVE chetan (red): 30→29 [0.1ms]
[2026-05-06 10:34:12] MOVE asha (blue): 94→93 [0.1ms]
[2026-05-06 10:34:12] MOVE chetan (red): 29→28 [0.1ms]
[2026-05-06 10:34:12] MOVE asha (blue): 92→105 [0.1ms]
[2026-05-06 10:34:12] MOVE chetan (red): 28→15 [0.1ms]
[2026-05-06 10:34:12] MOVE asha (blue): 93→106 [0.2ms]
[2026-05-06 10:34:13] MOVE chetan (red): 15→14 [0.1ms]
[2026-05-06 10:34:13] MOVE asha (blue): 105→104 [0.1ms]
[2026-05-06 10:34:13] MOVE chetan (red): 14→13 [0.1ms]
[2026-05-06 10:34:13] MOVE asha (blue): 106→105 [0.1ms]
[2026-05-06 10:34:13] MOVE chetan (red): 13→26 [0.1ms]
[2026-05-06 10:34:13] MOVE asha (blue): 104→106 [0.1ms]
[2026-05-06 10:34:13] MOVE chetan (red): 26→27 [0.1ms]
[2026-05-06 10:34:13] MOVE asha (blue): 105→104 [0.1ms]
[2026-05-06 10:34:14] MOVE chetan (red): 27→14 [0.2ms]
[2026-05-06 10:34:14] MOVE asha (blue): 106→93 [0.1ms]
[2026-05-06 10:34:14] MOVE chetan (red): 14→15 [0.1ms]
[2026-05-06 10:34:14] MOVE asha (blue): 104→103 [0.1ms]
[2026-05-06 10:34:14] MOVE chetan (red): 15→16 [0.1ms]
[2026-05-06 10:34:15] MOVE asha (blue): 93→92 [0.2ms]
[2026-05-06 10:34:15] MOVE chetan (red): 16→17 [0.1ms]
[2026-05-06 10:34:15] MOVE asha (blue): 103→102 [0.1ms]
[2026-05-06 10:34:15] MOVE chetan (red): 17→18 [0.1ms]
[2026-05-06 10:34:15] MOVE asha (blue): 92→105 [0.1ms]
[2026-05-06 10:34:15] MOVE chetan (red): 18→19 [0.1ms]
[2026-05-06 10:34:16] MOVE asha (blue): 102→89 [0.1ms]
[2026-05-06 10:34:16] MOVE chetan (red): 19→31 [0.1ms]
[2026-05-06 10:34:16] MOVE asha (blue): 105→104 [0.1ms]
[2026-05-06 10:34:16] MOVE chetan (red): 31→30 [0.1ms]
[2026-05-06 10:34:16] MOVE asha (blue): 89→90 [0.1ms]
[2026-05-06 10:34:16] MOVE chetan (red): 30→29 [0.2ms]
[2026-05-06 10:34:17] MOVE asha (blue): 104→103 [0.2ms]
[2026-05-06 10:34:17] MOVE chetan (red): 29→28 [0.2ms]
[2026-05-06 10:34:17] MOVE asha (blue): 90→91 [0.1ms]
[2026-05-06 10:34:17] MOVE chetan (red): 28→15 [0.1ms]
[2026-05-06 10:34:17] MOVE asha (blue): 103→102 [0.1ms]
[2026-05-06 10:34:18] MOVE chetan (red): 15→14 [0.1ms]
[2026-05-06 10:34:18] MOVE asha (blue): 91→103 [0.1ms]
[2026-05-06 10:34:18] MOVE chetan (red): 14→13 [0.1ms]
[2026-05-06 10:34:18] MOVE asha (blue): 102→89 [0.1ms]
[2026-05-06 10:34:18] MOVE chetan (red): 13→26 [0.1ms]
[2026-05-06 10:34:18] MOVE asha (blue): 103→102 [0.1ms]
[2026-05-06 10:34:19] MOVE chetan (red): 26→27 [0.1ms]
[2026-05-06 10:34:19] MOVE asha (blue): 89→90 [0.1ms]
[2026-05-06 10:34:19] MOVE chetan (red): 27→14 [0.1ms]
[2026-05-06 10:34:19] MOVE asha (blue): 102→89 [0.1ms]
[2026-05-06 10:34:19] MOVE chetan (red): 14→15 [0.3ms]
[2026-05-06 10:34:19] MOVE asha (blue): 90→91 [0.2ms]
[2026-05-06 10:34:20] MOVE chetan (red): 15→16 [0.1ms]
[2026-05-06 10:34:20] MOVE asha (blue): 89→90 [0.1ms]
[2026-05-06 10:34:20] MOVE chetan (red): 16→17 [0.1ms]
[2026-05-06 10:34:20] MOVE asha (blue): 91→103 [0.1ms]
[2026-05-06 10:34:20] MOVE chetan (red): 17→18 [0.1ms]
[2026-05-06 10:34:20] MOVE asha (blue): 90→91 [0.1ms]
[2026-05-06 10:34:21] MOVE chetan (red): 18→19 [0.1ms]
[2026-05-06 10:34:21] MOVE asha (blue): 103→102 [0.1ms]
[2026-05-06 10:34:21] MOVE chetan (red): 19→31 [0.1ms]
[2026-05-06 10:34:21] MOVE asha (blue): 91→103 [0.1ms]
[2026-05-06 10:34:21] MOVE chetan (red): 31→30 [0.2ms]
[2026-05-06 10:34:21] MOVE asha (blue): 102→104 [0.1ms]
[2026-05-06 10:34:22] MOVE chetan (red): 30→29 [0.1ms]
[2026-05-06 10:34:22] MOVE asha (blue): 103→105 [0.1ms]
[2026-05-06 10:34:22] MOVE chetan (red): 29→28 [0.1ms]
[2026-05-06 10:34:22] MOVE asha (blue): 104→106 [0.1ms]
[2026-05-06 10:34:22] MOVE chetan (red): 28→15 [0.1ms]
[2026-05-06 10:34:22] MOVE asha (blue): 105→104 [0.1ms]
[2026-05-06 10:34:23] MOVE chetan (red): 15→14 [0.2ms]
[2026-05-06 10:34:23] MOVE asha (blue): 106→105 [0.2ms]
[2026-05-06 10:34:23] MOVE chetan (red): 14→13 [0.1ms]
[2026-05-06 10:34:23] MOVE asha (blue): 104→106 [0.1ms]
[2026-05-06 10:34:23] MOVE chetan (red): 13→26 [0.1ms]
[2026-05-06 10:34:24] MOVE asha (blue): 105→107 [0.3ms]
[2026-05-06 10:34:24] MOVE chetan (red): 26→27 [0.1ms]
[2026-05-06 10:34:24] MOVE asha (blue): 106→93 [0.1ms]
[2026-05-06 10:34:24] MOVE chetan (red): 27→14 [0.1ms]
[2026-05-06 10:34:24] MOVE asha (blue): 107→94 [0.3ms]
[2026-05-06 10:34:24] MOVE chetan (red): 14→15 [0.1ms]
[2026-05-06 10:34:25] MOVE asha (blue): 93→92 [0.1ms]
[2026-05-06 10:34:25] MOVE chetan (red): 15→16 [0.1ms]
[2026-05-06 10:34:25] MOVE asha (blue): 94→93 [0.1ms]
[2026-05-06 10:34:25] MOVE chetan (red): 16→17 [0.1ms]
[2026-05-06 10:34:25] MOVE asha (blue): 92→105 [0.2ms]
[2026-05-06 10:34:25] MOVE chetan (red): 17→18 [0.1ms]
[2026-05-06 10:34:26] MOVE asha (blue): 93→106 [0.1ms]
[2026-05-06 10:34:26] MOVE chetan (red): 18→19 [0.1ms]
[2026-05-06 10:34:26] MOVE asha (blue): 105→104 [0.1ms]
[2026-05-06 10:34:26] MOVE chetan (red): 19→31 [0.1ms]
[2026-05-06 10:34:26] MOVE asha (blue): 106→105 [0.1ms]
[2026-05-06 10:34:26] MOVE chetan (red): 31→30 [0.1ms]
[2026-05-06 10:34:26] MOVE asha (blue): 104→106 [0.1ms]
[2026-05-06 10:34:27] MOVE chetan (red): 30→29 [0.3ms]
[2026-05-06 10:34:27] MOVE asha (blue): 105→104 [0.1ms]
[2026-05-06 10:34:27] MOVE chetan (red): 29→28 [0.1ms]
[2026-05-06 10:34:27] MOVE asha (blue): 106→93 [0.1ms]
[2026-05-06 10:34:27] MOVE chetan (red): 28→15 [0.1ms]
[2026-05-06 10:34:27] MOVE asha (blue): 104→103 [0.1ms]
[2026-05-06 10:34:28] MOVE chetan (red): 15→14 [0.2ms]
[2026-05-06 10:34:28] MOVE asha (blue): 93→92 [0.1ms]
[2026-05-06 10:34:28] MOVE chetan (red): 14→13 [0.1ms]
[2026-05-06 10:34:28] MOVE asha (blue): 103→102 [0.1ms]
[2026-05-06 10:34:28] MOVE chetan (red): 13→26 [0.1ms]
[2026-05-06 10:34:28] MOVE asha (blue): 92→105 [0.1ms]
[2026-05-06 10:34:29] MOVE chetan (red): 26→27 [0.1ms]
[2026-05-06 10:34:29] MOVE asha (blue): 102→89 [0.1ms]
[2026-05-06 10:34:29] MOVE chetan (red): 27→14 [0.1ms]
[2026-05-06 10:34:29] MOVE asha (blue): 105→104 [0.1ms]
[2026-05-06 10:34:29] MOVE chetan (red): 14→15 [0.1ms]
[2026-05-06 10:34:29] MOVE asha (blue): 89→90 [0.2ms]
[2026-05-06 10:34:30] MOVE chetan (red): 15→16 [0.1ms]
[2026-05-06 10:34:30] MOVE asha (blue): 104→103 [0.2ms]
[2026-05-06 10:34:30] MOVE chetan (red): 16→17 [0.2ms]
[2026-05-06 10:34:30] MOVE asha (blue): 90→91 [0.2ms]
[2026-05-06 10:34:30] MOVE chetan (red): 17→18 [0.1ms]
[2026-05-06 10:34:30] MOVE asha (blue): 103→102 [0.2ms]
[2026-05-06 10:34:31] MOVE chetan (red): 18→19 [0.1ms]
[2026-05-06 10:34:31] MOVE asha (blue): 91→103 [0.1ms]
[2026-05-06 10:34:31] MOVE chetan (red): 19→31 [0.1ms]
[2026-05-06 10:34:31] MOVE asha (blue): 102→89 [0.1ms]
[2026-05-06 10:34:31] MOVE chetan (red): 31→30 [0.1ms]
[2026-05-06 10:34:31] MOVE asha (blue): 103→102 [0.1ms]
[2026-05-06 10:34:32] MOVE chetan (red): 30→29 [0.2ms]
[2026-05-06 10:34:32] MOVE asha (blue): 89→90 [0.1ms]
[2026-05-06 10:34:32] MOVE chetan (red): 29→28 [0.1ms]
[2026-05-06 10:34:32] MOVE asha (blue): 102→89 [0.2ms]
[2026-05-06 10:34:32] MOVE chetan (red): 28→15 [0.1ms]
[2026-05-06 10:34:32] MOVE asha (blue): 90→91 [0.2ms]
[2026-05-06 10:34:33] MOVE chetan (red): 15→14 [0.1ms]
[2026-05-06 10:34:33] MOVE asha (blue): 89→90 [0.1ms]
[2026-05-06 10:34:33] MOVE chetan (red): 14→13 [0.2ms]
[2026-05-06 10:34:33] MOVE asha (blue): 91→103 [0.5ms]
[2026-05-06 10:34:33] MOVE chetan (red): 13→26 [0.1ms]
[2026-05-06 10:34:33] MOVE asha (blue): 90→91 [0.1ms]
[2026-05-06 10:34:34] MOVE chetan (red): 26→27 [0.1ms]
[2026-05-06 10:34:34] MOVE asha (blue): 103→102 [0.1ms]
[2026-05-06 10:34:34] MOVE chetan (red): 27→14 [0.8ms]
[2026-05-06 10:34:34] MOVE asha (blue): 91→103 [0.1ms]
[2026-05-06 10:34:34] MOVE chetan (red): 14→15 [0.1ms]
[2026-05-06 10:34:35] MOVE asha (blue): 102→104 [0.1ms]
[2026-05-06 10:34:35] MOVE chetan (red): 15→16 [0.2ms]
[2026-05-06 10:34:35] MOVE asha (blue): 103→105 [0.1ms]
[2026-05-06 10:34:35] MOVE chetan (red): 16→17 [0.1ms]
[2026-05-06 10:34:35] MOVE asha (blue): 104→106 [0.1ms]
[2026-05-06 10:34:35] MOVE chetan (red): 17→18 [0.1ms]
[2026-05-06 10:34:36] MOVE asha (blue): 105→104 [0.1ms]
[2026-05-06 10:34:36] MOVE chetan (red): 18→19 [0.1ms]
[2026-05-06 10:34:36] MOVE asha (blue): 106→105 [0.4ms]
[2026-05-06 10:34:36] MOVE chetan (red): 19→31 [0.1ms]
[2026-05-06 10:34:36] MOVE asha (blue): 104→106 [0.2ms]
[2026-05-06 10:34:37] MOVE chetan (red): 31→30 [0.1ms]
[2026-05-06 10:34:37] MOVE asha (blue): 105→107 [0.1ms]
[2026-05-06 10:34:37] MOVE chetan (red): 30→29 [0.1ms]
[2026-05-06 10:34:37] MOVE asha (blue): 106→93 [0.1ms]
[2026-05-06 10:34:38] MOVE chetan (red): 29→28 [0.1ms]
[2026-05-06 10:34:38] MOVE asha (blue): 107→94 [0.1ms]
[2026-05-06 10:34:38] MOVE chetan (red): 28→15 [0.1ms]
[2026-05-06 10:34:38] MOVE asha (blue): 93→92 [0.1ms]
[2026-05-06 10:34:38] MOVE chetan (red): 15→14 [0.1ms]
[2026-05-06 10:34:38] MOVE asha (blue): 94→93 [0.1ms]
[2026-05-06 10:34:39] MOVE chetan (red): 14→13 [0.1ms]
[2026-05-06 10:34:39] MOVE asha (blue): 92→105 [0.2ms]
[2026-05-06 10:34:39] MOVE chetan (red): 13→26 [0.1ms]
[2026-05-06 10:34:39] MOVE asha (blue): 93→106 [0.1ms]
[2026-05-06 10:34:39] MOVE chetan (red): 26→27 [0.1ms]
[2026-05-06 10:34:39] MOVE asha (blue): 105→104 [0.1ms]
[2026-05-06 10:34:40] MOVE chetan (red): 27→14 [0.1ms]
[2026-05-06 10:34:40] MOVE asha (blue): 106→105 [0.1ms]
[2026-05-06 10:34:40] MOVE chetan (red): 14→15 [0.2ms]
[2026-05-06 10:34:40] MOVE asha (blue): 104→106 [0.2ms]
[2026-05-06 10:34:41] MOVE chetan (red): 15→16 [0.2ms]
[2026-05-06 10:34:41] MOVE asha (blue): 105→104 [0.1ms]
[2026-05-06 10:34:41] MOVE chetan (red): 16→17 [0.1ms]
[2026-05-06 10:34:41] MOVE asha (blue): 106→93 [0.1ms]
[2026-05-06 10:34:41] MOVE chetan (red): 17→18 [0.1ms]
[2026-05-06 10:34:41] MOVE asha (blue): 104→103 [0.1ms]
[2026-05-06 10:34:41] MOVE chetan (red): 18→19 [0.1ms]
[2026-05-06 10:34:41] MOVE asha (blue): 93→92 [0.1ms]
[2026-05-06 10:34:42] MOVE chetan (red): 19→31 [0.1ms]
[2026-05-06 10:34:42] MOVE asha (blue): 103→102 [0.2ms]
[2026-05-06 10:34:42] MOVE chetan (red): 31→30 [0.1ms]
[2026-05-06 10:34:42] MOVE asha (blue): 92→105 [0.1ms]
[2026-05-06 10:34:43] MOVE chetan (red): 30→29 [0.1ms]
[2026-05-06 10:34:43] MOVE asha (blue): 102→89 [0.1ms]
[2026-05-06 10:34:43] MOVE chetan (red): 29→28 [0.1ms]
[2026-05-06 10:34:43] MOVE asha (blue): 105→104 [0.1ms]
[2026-05-06 10:34:43] MOVE chetan (red): 28→15 [0.2ms]
[2026-05-06 10:34:43] MOVE asha (blue): 89→90 [0.1ms]
[2026-05-06 10:34:44] MOVE chetan (red): 15→14 [0.1ms]
[2026-05-06 10:34:44] MOVE asha (blue): 104→103 [0.1ms]
[2026-05-06 10:34:44] MOVE chetan (red): 14→13 [0.2ms]
[2026-05-06 10:34:44] MOVE asha (blue): 90→91 [0.1ms]
[2026-05-06 10:34:44] MOVE chetan (red): 13→26 [0.1ms]
[2026-05-06 10:34:45] MOVE asha (blue): 103→102 [0.1ms]
[2026-05-06 10:34:45] MOVE chetan (red): 26→27 [0.1ms]
[2026-05-06 10:34:45] MOVE asha (blue): 91→103 [0.1ms]
[2026-05-06 10:34:45] MOVE chetan (red): 27→14 [0.1ms]
[2026-05-06 10:34:46] MOVE asha (blue): 102→89 [0.2ms]
[2026-05-06 10:34:46] MOVE chetan (red): 14→15 [0.1ms]
[2026-05-06 10:34:46] MOVE asha (blue): 103→102 [0.1ms]
[2026-05-06 10:34:46] MOVE chetan (red): 15→16 [0.2ms]
[2026-05-06 10:34:47] MOVE asha (blue): 89→90 [0.1ms]
[2026-05-06 10:34:47] MOVE chetan (red): 16→17 [0.1ms]
[2026-05-06 10:34:47] MOVE asha (blue): 102→89 [0.1ms]
[2026-05-06 10:34:47] MOVE chetan (red): 17→18 [0.1ms]
[2026-05-06 10:34:47] MOVE asha (blue): 90→91 [0.1ms]
[2026-05-06 10:34:48] MOVE chetan (red): 18→19 [0.6ms]
[2026-05-06 10:34:48] MOVE asha (blue): 89→90 [0.1ms]
[2026-05-06 10:34:48] MOVE chetan (red): 19→31 [0.2ms]
[2026-05-06 10:34:48] MOVE asha (blue): 91→103 [0.1ms]
[2026-05-06 10:34:48] MOVE chetan (red): 31→30 [0.1ms]
[2026-05-06 10:34:48] MOVE asha (blue): 90→91 [0.1ms]
[2026-05-06 10:34:48] MOVE chetan (red): 30→29 [0.1ms]
[2026-05-06 10:34:49] MOVE asha (blue): 103→102 [0.1ms]
[2026-05-06 10:34:49] MOVE chetan (red): 29→28 [0.2ms]
[2026-05-06 10:34:49] MOVE asha (blue): 91→103 [0.1ms]
[2026-05-06 10:34:49] MOVE chetan (red): 28→15 [0.1ms]
[2026-05-06 10:34:49] MOVE asha (blue): 102→104 [0.1ms]
[2026-05-06 10:34:49] MOVE chetan (red): 15→14 [0.1ms]
[2026-05-06 10:34:50] MOVE asha (blue): 103→105 [0.1ms]
[2026-05-06 10:34:50] MOVE chetan (red): 14→13 [0.2ms]
[2026-05-06 10:34:50] MOVE asha (blue): 104→106 [0.1ms]
[2026-05-06 10:34:50] MOVE chetan (red): 13→26 [0.1ms]
[2026-05-06 10:34:50] MOVE asha (blue): 105→104 [0.1ms]
[2026-05-06 10:34:50] MOVE chetan (red): 26→27 [0.1ms]
[2026-05-06 10:34:51] MOVE asha (blue): 106→105 [0.1ms]
[2026-05-06 10:34:51] MOVE chetan (red): 27→14 [0.1ms]
[2026-05-06 10:34:51] MOVE asha (blue): 104→106 [0.1ms]
[2026-05-06 10:34:51] MOVE chetan (red): 14→15 [0.1ms]
[2026-05-06 10:34:51] MOVE asha (blue): 105→107 [0.1ms]
[2026-05-06 10:34:51] MOVE chetan (red): 15→16 [0.1ms]
[2026-05-06 10:34:52] MOVE asha (blue): 106→93 [0.1ms]
[2026-05-06 10:34:52] MOVE chetan (red): 16→17 [0.1ms]
[2026-05-06 10:34:52] MOVE asha (blue): 107→94 [0.1ms]
[2026-05-06 10:34:52] MOVE chetan (red): 17→18 [0.1ms]
[2026-05-06 10:34:52] MOVE asha (blue): 93→92 [0.1ms]
[2026-05-06 10:34:53] MOVE chetan (red): 18→19 [0.3ms]
[2026-05-06 10:34:53] MOVE asha (blue): 94→93 [0.1ms]
[2026-05-06 10:34:53] MOVE chetan (red): 19→31 [0.1ms]
[2026-05-06 10:34:53] MOVE asha (blue): 92→105 [0.1ms]
[2026-05-06 10:34:53] MOVE chetan (red): 31→30 [0.2ms]
[2026-05-06 10:34:53] MOVE asha (blue): 93→106 [0.1ms]
[2026-05-06 10:34:54] MOVE chetan (red): 30→29 [0.2ms]
[2026-05-06 10:34:54] MOVE asha (blue): 105→104 [0.1ms]
[2026-05-06 10:34:54] MOVE chetan (red): 29→28 [0.1ms]
[2026-05-06 10:34:54] MOVE asha (blue): 106→105 [0.1ms]
[2026-05-06 10:34:54] MOVE chetan (red): 28→15 [0.1ms]
[2026-05-06 10:34:54] MOVE asha (blue): 104→106 [0.1ms]
[2026-05-06 10:34:54] MOVE chetan (red): 15→14 [0.2ms]
[2026-05-06 10:34:54] MOVE asha (blue): 105→104 [0.1ms]
[2026-05-06 10:34:55] MOVE chetan (red): 14→13 [0.1ms]
[2026-05-06 10:34:55] MOVE asha (blue): 106→93 [0.1ms]
[2026-05-06 10:34:55] MOVE chetan (red): 13→26 [0.1ms]
[2026-05-06 10:34:55] MOVE asha (blue): 104→103 [0.1ms]
[2026-05-06 10:34:56] MOVE chetan (red): 26→27 [0.1ms]
[2026-05-06 10:34:56] MOVE asha (blue): 93→92 [0.1ms]
[2026-05-06 10:34:56] MOVE chetan (red): 27→14 [0.1ms]
[2026-05-06 10:34:56] MOVE asha (blue): 103→102 [0.1ms]
[2026-05-06 10:34:56] MOVE chetan (red): 14→15 [0.1ms]
[2026-05-06 10:34:56] MOVE asha (blue): 92→105 [0.4ms]
[2026-05-06 10:34:57] MOVE chetan (red): 15→16 [0.1ms]
[2026-05-06 10:34:57] MOVE asha (blue): 102→89 [0.2ms]
[2026-05-06 10:34:57] MOVE chetan (red): 16→17 [0.1ms]
[2026-05-06 10:34:57] MOVE asha (blue): 105→104 [0.2ms]
[2026-05-06 10:34:57] MOVE chetan (red): 17→18 [0.1ms]
[2026-05-06 10:34:57] MOVE asha (blue): 89→90 [0.2ms]
[2026-05-06 10:34:58] MOVE chetan (red): 18→19 [0.1ms]
[2026-05-06 10:34:58] MOVE asha (blue): 104→103 [0.1ms]
[2026-05-06 10:34:58] MOVE chetan (red): 19→31 [0.2ms]
[2026-05-06 10:34:58] MOVE asha (blue): 90→91 [0.1ms]
[2026-05-06 10:34:58] MOVE chetan (red): 31→30 [0.1ms]
[2026-05-06 10:34:58] MOVE asha (blue): 103→102 [0.1ms]
[2026-05-06 10:34:59] MOVE chetan (red): 30→29 [0.1ms]
[2026-05-06 10:34:59] MOVE asha (blue): 91→103 [0.1ms]
[2026-05-06 10:34:59] MOVE chetan (red): 29→28 [0.4ms]
[2026-05-06 10:34:59] MOVE asha (blue): 102→89 [0.1ms]
[2026-05-06 10:35:00] MOVE chetan (red): 28→15 [0.6ms]
[2026-05-06 10:35:00] MOVE asha (blue): 103→102 [0.3ms]
[2026-05-06 10:35:00] MOVE chetan (red): 15→14 [0.1ms]
[2026-05-06 10:35:00] MOVE asha (blue): 89→90 [0.1ms]
[2026-05-06 10:35:00] MOVE chetan (red): 14→13 [0.1ms]
[2026-05-06 10:35:01] MOVE asha (blue): 102→89 [0.1ms]
[2026-05-06 10:35:01] MOVE chetan (red): 13→26 [0.2ms]
[2026-05-06 10:35:01] MOVE asha (blue): 90→91 [0.1ms]
[2026-05-06 10:35:01] MOVE chetan (red): 26→27 [0.1ms]
[2026-05-06 10:35:01] MOVE asha (blue): 89→90 [0.1ms]
[2026-05-06 10:35:01] MOVE chetan (red): 27→14 [0.1ms]
[2026-05-06 10:35:02] MOVE asha (blue): 91→103 [0.1ms]
[2026-05-06 10:35:02] MOVE chetan (red): 14→15 [0.1ms]
[2026-05-06 10:35:02] MOVE asha (blue): 90→91 [0.1ms]
[2026-05-06 10:35:02] MOVE chetan (red): 15→16 [0.1ms]
[2026-05-06 10:35:02] MOVE asha (blue): 103→102 [0.2ms]
[2026-05-06 10:35:02] MOVE chetan (red): 16→17 [0.1ms]
[2026-05-06 10:35:03] MOVE asha (blue): 91→103 [0.1ms]
[2026-05-06 10:35:03] MOVE chetan (red): 17→18 [0.1ms]
[2026-05-06 10:35:03] MOVE asha (blue): 102→104 [0.1ms]
[2026-05-06 10:35:03] MOVE chetan (red): 18→19 [0.1ms]
[2026-05-06 10:35:03] MOVE asha (blue): 103→105 [0.5ms]
[2026-05-06 10:35:03] MOVE chetan (red): 19→31 [0.1ms]
[2026-05-06 10:35:04] MOVE asha (blue): 104→106 [0.1ms]
[2026-05-06 10:35:04] MOVE chetan (red): 31→30 [0.1ms]
[2026-05-06 10:35:04] MOVE asha (blue): 105→104 [0.1ms]
[2026-05-06 10:35:04] MOVE chetan (red): 30→29 [0.2ms]
[2026-05-06 10:35:04] MOVE asha (blue): 106→105 [0.1ms]
[2026-05-06 10:35:04] MOVE chetan (red): 29→28 [0.1ms]
[2026-05-06 10:35:05] MOVE asha (blue): 104→106 [0.1ms]
[2026-05-06 10:35:05] MOVE chetan (red): 28→15 [0.1ms]
[2026-05-06 10:35:05] MOVE asha (blue): 105→107 [0.1ms]
[2026-05-06 10:35:05] MOVE chetan (red): 15→14 [0.2ms]
[2026-05-06 10:35:05] MOVE asha (blue): 106→93 [0.1ms]
[2026-05-06 10:35:05] MOVE chetan (red): 14→13 [0.2ms]
[2026-05-06 10:35:06] MOVE asha (blue): 107→94 [0.1ms]
[2026-05-06 10:35:06] MOVE chetan (red): 13→26 [0.1ms]
[2026-05-06 10:35:06] MOVE asha (blue): 93→92 [0.1ms]
[2026-05-06 10:35:06] MOVE chetan (red): 26→27 [0.1ms]
[2026-05-06 10:35:06] MOVE asha (blue): 94→93 [0.1ms]
[2026-05-06 10:35:06] MOVE chetan (red): 27→14 [0.2ms]
[2026-05-06 10:35:07] MOVE asha (blue): 92→105 [0.1ms]
[2026-05-06 10:35:07] MOVE chetan (red): 14→15 [0.1ms]
[2026-05-06 10:35:07] MOVE asha (blue): 93→106 [0.2ms]
[2026-05-06 10:35:07] MOVE chetan (red): 15→16 [0.1ms]
[2026-05-06 10:35:07] MOVE asha (blue): 105→104 [0.1ms]
[2026-05-06 10:35:07] MOVE chetan (red): 16→17 [0.1ms]
[2026-05-06 10:35:07] MOVE asha (blue): 106→105 [0.2ms]
[2026-05-06 10:35:08] MOVE chetan (red): 17→18 [0.1ms]
[2026-05-06 10:35:08] MOVE asha (blue): 104→106 [0.2ms]
[2026-05-06 10:35:08] MOVE chetan (red): 18→19 [0.1ms]
[2026-05-06 10:35:08] MOVE asha (blue): 105→104 [0.1ms]
[2026-05-06 10:35:08] MOVE chetan (red): 19→31 [0.1ms]
[2026-05-06 10:35:08] MOVE asha (blue): 106→93 [0.1ms]
[2026-05-06 10:35:09] MOVE chetan (red): 31→30 [0.2ms]
[2026-05-06 10:35:09] MOVE asha (blue): 104→103 [0.1ms]
[2026-05-06 10:35:09] MOVE chetan (red): 30→29 [0.2ms]
[2026-05-06 10:35:09] MOVE asha (blue): 93→92 [0.2ms]
[2026-05-06 10:35:09] MOVE chetan (red): 29→28 [0.1ms]
[2026-05-06 10:35:09] MOVE asha (blue): 103→102 [0.2ms]
[2026-05-06 10:35:10] MOVE chetan (red): 28→15 [0.1ms]
[2026-05-06 10:35:10] MOVE asha (blue): 92→105 [0.1ms]
[2026-05-06 10:35:10] MOVE chetan (red): 15→14 [0.1ms]
[2026-05-06 10:35:10] MOVE asha (blue): 102→89 [0.1ms]
[2026-05-06 10:35:10] MOVE chetan (red): 14→13 [0.1ms]
[2026-05-06 10:35:10] MOVE asha (blue): 105→104 [0.1ms]
[2026-05-06 10:35:11] MOVE chetan (red): 13→26 [0.1ms]
[2026-05-06 10:35:11] MOVE asha (blue): 89→90 [0.1ms]
[2026-05-06 10:35:11] MOVE chetan (red): 26→27 [0.1ms]
[2026-05-06 10:35:11] MOVE asha (blue): 104→103 [0.1ms]
[2026-05-06 10:35:11] MOVE chetan (red): 27→14 [0.1ms]
[2026-05-06 10:35:11] MOVE asha (blue): 90→91 [0.1ms]
[2026-05-06 10:35:12] MOVE chetan (red): 14→15 [0.1ms]
[2026-05-06 10:35:12] MOVE asha (blue): 103→102 [0.1ms]
[2026-05-06 10:35:12] MOVE chetan (red): 15→16 [0.2ms]
[2026-05-06 10:35:12] MOVE asha (blue): 91→103 [0.2ms]
[2026-05-06 10:35:12] MOVE chetan (red): 16→17 [0.1ms]
[2026-05-06 10:35:12] MOVE asha (blue): 102→89 [0.2ms]
[2026-05-06 10:35:13] MOVE chetan (red): 17→18 [0.1ms]
[2026-05-06 10:35:13] MOVE asha (blue): 103→102 [0.1ms]
[2026-05-06 10:35:13] MOVE chetan (red): 18→19 [0.1ms]
[2026-05-06 10:35:13] MOVE asha (blue): 89→90 [0.1ms]
[2026-05-06 10:35:13] MOVE chetan (red): 19→31 [0.1ms]
[2026-05-06 10:35:13] MOVE asha (blue): 102→89 [0.1ms]
[2026-05-06 10:35:14] MOVE chetan (red): 31→30 [0.2ms]
[2026-05-06 10:35:14] MOVE asha (blue): 90→91 [0.2ms]
[2026-05-06 10:35:14] MOVE chetan (red): 30→29 [0.1ms]
[2026-05-06 10:35:14] MOVE asha (blue): 89→90 [0.2ms]
[2026-05-06 10:35:14] MOVE chetan (red): 29→28 [0.1ms]
[2026-05-06 10:35:14] MOVE asha (blue): 91→103 [0.3ms]
[2026-05-06 10:35:14] MOVE chetan (red): 28→15 [0.1ms]
[2026-05-06 10:35:15] MOVE asha (blue): 90→91 [0.1ms]
[2026-05-06 10:35:15] MOVE chetan (red): 15→14 [0.1ms]
[2026-05-06 10:35:15] MOVE asha (blue): 103→102 [0.1ms]
[2026-05-06 10:35:15] MOVE chetan (red): 14→13 [0.1ms]
[2026-05-06 10:35:15] MOVE asha (blue): 91→103 [0.1ms]
[2026-05-06 10:35:15] MOVE chetan (red): 13→26 [0.2ms]
[2026-05-06 10:35:16] MOVE asha (blue): 102→104 [0.2ms]
[2026-05-06 10:35:16] MOVE chetan (red): 26→27 [0.1ms]
[2026-05-06 10:35:16] MOVE asha (blue): 103→105 [0.1ms]
[2026-05-06 10:35:16] MOVE chetan (red): 27→14 [0.1ms]
[2026-05-06 10:35:16] MOVE asha (blue): 104→106 [0.1ms]
[2026-05-06 10:35:16] MOVE chetan (red): 14→15 [0.1ms]
[2026-05-06 10:35:17] MOVE asha (blue): 105→104 [0.1ms]
[2026-05-06 10:35:17] MOVE chetan (red): 15→16 [0.1ms]
[2026-05-06 10:35:17] MOVE asha (blue): 106→105 [0.1ms]
[2026-05-06 10:35:17] MOVE chetan (red): 16→17 [0.2ms]
[2026-05-06 10:35:17] MOVE asha (blue): 104→106 [0.1ms]
[2026-05-06 10:35:17] MOVE chetan (red): 17→18 [0.1ms]
[2026-05-06 10:35:18] MOVE asha (blue): 105→107 [0.1ms]
[2026-05-06 10:35:18] MOVE chetan (red): 18→19 [0.4ms]
[2026-05-06 10:35:18] MOVE asha (blue): 106→93 [0.3ms]
[2026-05-06 10:35:18] MOVE chetan (red): 19→31 [0.3ms]
[2026-05-06 10:35:18] MOVE asha (blue): 107→94 [0.1ms]
[2026-05-06 10:35:18] MOVE chetan (red): 31→30 [0.1ms]
[2026-05-06 10:35:18] MOVE asha (blue): 93→92 [0.1ms]
[2026-05-06 10:35:19] MOVE chetan (red): 30→29 [0.1ms]
[2026-05-06 10:35:19] MOVE asha (blue): 94→93 [0.1ms]
[2026-05-06 10:35:19] MOVE chetan (red): 29→28 [0.1ms]
[2026-05-06 10:35:19] MOVE asha (blue): 92→105 [0.1ms]
[2026-05-06 10:35:19] MOVE chetan (red): 28→15 [0.1ms]
[2026-05-06 10:35:19] MOVE asha (blue): 93→106 [0.1ms]
[2026-05-06 10:35:20] MOVE chetan (red): 15→14 [0.2ms]
[2026-05-06 10:35:20] MOVE asha (blue): 105→104 [0.1ms]
[2026-05-06 10:35:20] MOVE chetan (red): 14→13 [0.1ms]
[2026-05-06 10:35:20] MOVE asha (blue): 106→105 [0.1ms]
[2026-05-06 10:35:20] MOVE chetan (red): 13→26 [0.1ms]
[2026-05-06 10:35:20] MOVE asha (blue): 104→106 [0.1ms]
[2026-05-06 10:35:21] MOVE chetan (red): 26→27 [0.1ms]
[2026-05-06 10:35:21] MOVE asha (blue): 105→104 [0.1ms]
[2026-05-06 10:35:21] MOVE chetan (red): 27→14 [0.1ms]
[2026-05-06 10:35:21] MOVE asha (blue): 106→93 [0.1ms]
[2026-05-06 10:35:21] MOVE chetan (red): 14→15 [0.1ms]
[2026-05-06 10:35:21] MOVE asha (blue): 104→103 [0.1ms]
[2026-05-06 10:35:22] MOVE chetan (red): 15→16 [0.1ms]
[2026-05-06 10:35:22] MOVE asha (blue): 93→92 [0.1ms]
[2026-05-06 10:35:22] MOVE chetan (red): 16→17 [0.1ms]
[2026-05-06 10:35:22] MOVE asha (blue): 103→102 [0.1ms]
[2026-05-06 10:35:22] MOVE chetan (red): 17→18 [0.2ms]
[2026-05-06 10:35:22] MOVE asha (blue): 92→105 [0.1ms]
[2026-05-06 10:35:23] MOVE chetan (red): 18→19 [0.1ms]
[2026-05-06 10:35:23] MOVE asha (blue): 102→89 [0.1ms]
[2026-05-06 10:35:23] MOVE chetan (red): 19→31 [0.1ms]
[2026-05-06 10:35:23] MOVE asha (blue): 105→104 [0.1ms]
[2026-05-06 10:35:23] MOVE chetan (red): 31→30 [0.1ms]
[2026-05-06 10:35:23] MOVE asha (blue): 89→90 [0.1ms]
[2026-05-06 10:35:23] MOVE chetan (red): 30→29 [0.1ms]
[2026-05-06 10:35:24] MOVE asha (blue): 104→103 [0.1ms]
[2026-05-06 10:35:24] MOVE chetan (red): 29→28 [0.1ms]
[2026-05-06 10:35:24] MOVE asha (blue): 90→91 [0.1ms]
[2026-05-06 10:35:24] MOVE chetan (red): 28→15 [0.1ms]
[2026-05-06 10:35:24] MOVE asha (blue): 103→102 [0.1ms]
[2026-05-06 10:35:24] MOVE chetan (red): 15→14 [0.1ms]
[2026-05-06 10:35:25] MOVE asha (blue): 91→103 [0.2ms]
[2026-05-06 10:35:25] MOVE chetan (red): 14→13 [0.1ms]
[2026-05-06 10:35:25] MOVE asha (blue): 102→89 [0.1ms]
[2026-05-06 10:35:25] MOVE chetan (red): 13→26 [0.2ms]
[2026-05-06 10:35:25] MOVE asha (blue): 103→102 [0.1ms]
[2026-05-06 10:35:25] MOVE chetan (red): 26→27 [0.1ms]
[2026-05-06 10:35:26] MOVE asha (blue): 89→90 [0.7ms]
[2026-05-06 10:35:26] MOVE chetan (red): 27→14 [0.2ms]
[2026-05-06 10:35:26] MOVE asha (blue): 102→89 [4.0ms]
[2026-05-06 10:35:26] MOVE chetan (red): 14→15 [0.2ms]
[2026-05-06 10:35:26] MOVE asha (blue): 90→91 [0.1ms]
[2026-05-06 10:35:26] MOVE chetan (red): 15→16 [0.1ms]
[2026-05-06 10:35:27] MOVE asha (blue): 89→90 [0.1ms]
[2026-05-06 10:35:27] MOVE chetan (red): 16→17 [0.9ms]
[2026-05-06 10:35:27] MOVE asha (blue): 91→103 [0.1ms]
[2026-05-06 10:35:27] MOVE chetan (red): 17→18 [0.1ms]
[2026-05-06 10:35:27] MOVE asha (blue): 90→91 [0.1ms]
[2026-05-06 10:35:27] MOVE chetan (red): 18→19 [0.1ms]
[2026-05-06 10:35:28] MOVE asha (blue): 103→102 [0.1ms]
[2026-05-06 10:35:28] MOVE chetan (red): 19→31 [0.1ms]
[2026-05-06 10:35:28] MOVE asha (blue): 91→103 [0.1ms]
[2026-05-06 10:35:28] MOVE chetan (red): 31→30 [0.1ms]
[2026-05-06 10:35:28] MOVE asha (blue): 102→104 [0.1ms]
[2026-05-06 10:35:28] MOVE chetan (red): 30→29 [0.1ms]
[2026-05-06 10:35:28] MOVE asha (blue): 103→105 [0.1ms]
[2026-05-06 10:35:29] MOVE chetan (red): 29→28 [0.1ms]
[2026-05-06 10:35:29] MOVE asha (blue): 104→106 [0.1ms]
[2026-05-06 10:35:29] MOVE chetan (red): 28→15 [0.1ms]
[2026-05-06 10:35:29] MOVE asha (blue): 105→104 [0.1ms]
[2026-05-06 10:35:29] MOVE chetan (red): 15→14 [0.1ms]
[2026-05-06 10:35:29] MOVE asha (blue): 106→105 [0.1ms]
[2026-05-06 10:35:30] MOVE chetan (red): 14→13 [0.2ms]
[2026-05-06 10:35:30] MOVE asha (blue): 104→106 [0.1ms]
[2026-05-06 10:35:30] MOVE chetan (red): 13→26 [0.1ms]
[2026-05-06 10:35:30] MOVE asha (blue): 105→107 [0.1ms]
[2026-05-06 10:35:30] MOVE chetan (red): 26→27 [0.1ms]
[2026-05-06 10:35:30] MOVE asha (blue): 106→93 [0.2ms]
[2026-05-06 10:35:31] MOVE chetan (red): 27→14 [0.3ms]
[2026-05-06 10:35:31] MOVE asha (blue): 107→94 [0.1ms]
[2026-05-06 10:35:31] MOVE chetan (red): 14→15 [0.1ms]
[2026-05-06 10:35:31] MOVE asha (blue): 93→92 [0.1ms]
[2026-05-06 10:35:31] MOVE chetan (red): 15→16 [0.1ms]
[2026-05-06 10:35:31] MOVE asha (blue): 94→93 [0.2ms]
[2026-05-06 10:35:32] MOVE chetan (red): 16→17 [0.1ms]
[2026-05-06 10:35:32] MOVE asha (blue): 92→105 [0.2ms]
[2026-05-06 10:35:32] MOVE chetan (red): 17→18 [0.1ms]
[2026-05-06 10:35:32] MOVE asha (blue): 93→106 [0.2ms]
[2026-05-06 10:35:32] MOVE chetan (red): 18→19 [0.1ms]
[2026-05-06 10:35:32] MOVE asha (blue): 105→104 [0.2ms]
[2026-05-06 10:35:33] MOVE chetan (red): 19→31 [0.1ms]
[2026-05-06 10:35:33] MOVE asha (blue): 106→105 [0.1ms]
[2026-05-06 10:35:33] MOVE chetan (red): 31→30 [0.1ms]
[2026-05-06 10:35:33] MOVE asha (blue): 104→106 [0.1ms]
[2026-05-06 10:35:33] MOVE chetan (red): 30→29 [0.1ms]
[2026-05-06 10:35:33] MOVE asha (blue): 105→104 [0.1ms]
[2026-05-06 10:35:34] MOVE chetan (red): 29→28 [0.1ms]
[2026-05-06 10:35:34] MOVE asha (blue): 106→93 [0.2ms]
[2026-05-06 10:35:34] MOVE chetan (red): 28→15 [0.1ms]
[2026-05-06 10:35:34] MOVE asha (blue): 104→103 [0.1ms]
[2026-05-06 10:35:34] MOVE chetan (red): 15→14 [0.1ms]
[2026-05-06 10:35:34] MOVE asha (blue): 93→92 [0.2ms]
[2026-05-06 10:35:35] MOVE chetan (red): 14→13 [0.2ms]
[2026-05-06 10:35:35] MOVE asha (blue): 103→102 [0.1ms]
[2026-05-06 10:35:35] MOVE chetan (red): 13→26 [0.1ms]
[2026-05-06 10:35:35] MOVE asha (blue): 92→105 [0.1ms]
[2026-05-06 10:35:35] MOVE chetan (red): 26→27 [0.1ms]
[2026-05-06 10:35:35] MOVE asha (blue): 102→89 [0.1ms]
[2026-05-06 10:35:35] MOVE chetan (red): 27→14 [0.1ms]
[2026-05-06 10:35:36] MOVE asha (blue): 105→104 [0.1ms]
[2026-05-06 10:35:36] MOVE chetan (red): 14→15 [0.1ms]
[2026-05-06 10:35:36] MOVE asha (blue): 89→90 [0.1ms]
[2026-05-06 10:35:36] MOVE chetan (red): 15→16 [0.1ms]
[2026-05-06 10:35:36] MOVE asha (blue): 104→103 [0.1ms]
[2026-05-06 10:35:36] MOVE chetan (red): 16→17 [0.1ms]
[2026-05-06 10:35:37] MOVE asha (blue): 90→91 [0.1ms]
[2026-05-06 10:35:37] MOVE chetan (red): 17→18 [0.1ms]
[2026-05-06 10:35:37] MOVE asha (blue): 103→102 [0.1ms]
[2026-05-06 10:35:37] MOVE chetan (red): 18→19 [0.1ms]
[2026-05-06 10:35:37] MOVE asha (blue): 91→103 [0.1ms]
[2026-05-06 10:35:37] MOVE chetan (red): 19→31 [0.1ms]
[2026-05-06 10:35:38] MOVE asha (blue): 102→89 [0.2ms]
[2026-05-06 10:35:38] MOVE chetan (red): 31→30 [0.1ms]
[2026-05-06 10:35:38] MOVE asha (blue): 103→102 [0.2ms]
[2026-05-06 10:35:38] MOVE chetan (red): 30→29 [0.1ms]
[2026-05-06 10:35:38] MOVE asha (blue): 89→90 [0.1ms]
[2026-05-06 10:35:38] MOVE chetan (red): 29→28 [0.1ms]
[2026-05-06 10:35:39] MOVE asha (blue): 102→89 [0.1ms]
[2026-05-06 10:35:39] MOVE chetan (red): 28→15 [0.2ms]
[2026-05-06 10:35:39] MOVE asha (blue): 90→91 [0.3ms]
[2026-05-06 10:35:39] MOVE chetan (red): 15→14 [0.1ms]
[2026-05-06 10:35:39] MOVE asha (blue): 89→90 [0.1ms]
[2026-05-06 10:35:39] MOVE chetan (red): 14→13 [0.1ms]
[2026-05-06 10:35:40] MOVE asha (blue): 91→103 [0.1ms]
[2026-05-06 10:35:40] MOVE chetan (red): 13→26 [0.1ms]
[2026-05-06 10:35:40] MOVE asha (blue): 90→91 [0.2ms]
[2026-05-06 10:35:40] MOVE chetan (red): 26→27 [0.1ms]
[2026-05-06 10:35:40] MOVE asha (blue): 103→102 [0.1ms]
[2026-05-06 10:35:40] MOVE chetan (red): 27→14 [0.2ms]
[2026-05-06 10:35:41] MOVE asha (blue): 91→103 [0.1ms]
[2026-05-06 10:35:41] MOVE chetan (red): 14→15 [0.1ms]
[2026-05-06 10:35:41] MOVE asha (blue): 102→104 [0.1ms]
[2026-05-06 10:35:41] MOVE chetan (red): 15→16 [0.3ms]
[2026-05-06 10:35:41] MOVE asha (blue): 103→105 [0.1ms]
[2026-05-06 10:35:41] MOVE chetan (red): 16→17 [0.5ms]
[2026-05-06 10:35:42] MOVE asha (blue): 104→106 [0.1ms]
[2026-05-06 10:35:42] MOVE chetan (red): 17→18 [0.3ms]
[2026-05-06 10:35:42] MOVE asha (blue): 105→104 [0.2ms]
[2026-05-06 10:35:42] MOVE chetan (red): 18→19 [0.2ms]
[2026-05-06 10:35:42] MOVE asha (blue): 106→105 [0.1ms]
[2026-05-06 10:35:42] MOVE chetan (red): 19→31 [0.1ms]
[2026-05-06 10:35:43] MOVE asha (blue): 104→106 [0.2ms]
[2026-05-06 10:35:43] MOVE chetan (red): 31→30 [0.1ms]
[2026-05-06 10:35:43] MOVE asha (blue): 105→107 [0.1ms]
[2026-05-06 10:35:43] MOVE chetan (red): 30→29 [0.1ms]
[2026-05-06 10:35:43] MOVE asha (blue): 106→93 [0.1ms]
[2026-05-06 10:35:43] MOVE chetan (red): 29→28 [2.0ms]
[2026-05-06 10:35:44] MOVE asha (blue): 107→94 [0.2ms]
[2026-05-06 10:35:44] MOVE chetan (red): 28→15 [0.4ms]
[2026-05-06 10:35:44] MOVE asha (blue): 93→92 [0.1ms]
[2026-05-06 10:35:44] MOVE chetan (red): 15→14 [0.1ms]
[2026-05-06 10:35:44] MOVE asha (blue): 94→93 [0.1ms]
[2026-05-06 10:35:44] MOVE chetan (red): 14→13 [0.1ms]
[2026-05-06 10:35:44] MOVE asha (blue): 92→105 [0.1ms]
[2026-05-06 10:35:45] MOVE chetan (red): 13→26 [0.1ms]
[2026-05-06 10:35:45] MOVE asha (blue): 93→106 [0.1ms]
[2026-05-06 10:35:45] MOVE chetan (red): 26→27 [0.3ms]
[2026-05-06 10:35:45] MOVE asha (blue): 105→104 [0.1ms]
[2026-05-06 10:35:45] MOVE chetan (red): 27→14 [0.2ms]
[2026-05-06 10:35:45] MOVE asha (blue): 106→105 [0.1ms]
[2026-05-06 10:35:46] MOVE chetan (red): 14→15 [0.1ms]
[2026-05-06 10:35:46] MOVE asha (blue): 104→106 [0.4ms]
[2026-05-06 10:35:46] MOVE chetan (red): 15→16 [0.4ms]
[2026-05-06 10:35:46] MOVE asha (blue): 105→104 [0.1ms]
[2026-05-06 10:35:46] MOVE chetan (red): 16→17 [0.1ms]
[2026-05-06 10:35:46] MOVE asha (blue): 106→93 [0.2ms]
[2026-05-06 10:35:47] MOVE chetan (red): 17→18 [0.1ms]
[2026-05-06 10:35:47] MOVE asha (blue): 104→103 [0.1ms]
[2026-05-06 10:35:47] MOVE chetan (red): 18→19 [0.1ms]
[2026-05-06 10:35:47] MOVE asha (blue): 93→92 [0.1ms]
[2026-05-06 10:35:47] MOVE chetan (red): 19→31 [0.1ms]
[2026-05-06 10:35:47] MOVE asha (blue): 103→102 [0.2ms]
[2026-05-06 10:35:48] MOVE chetan (red): 31→30 [0.2ms]
[2026-05-06 10:35:48] MOVE asha (blue): 92→105 [0.1ms]
[2026-05-06 10:35:48] MOVE chetan (red): 30→29 [0.1ms]
[2026-05-06 10:35:48] MOVE asha (blue): 102→89 [0.1ms]
[2026-05-06 10:35:48] MOVE chetan (red): 29→28 [0.1ms]
[2026-05-06 10:35:48] MOVE asha (blue): 105→104 [0.1ms]
[2026-05-06 10:35:48] MOVE chetan (red): 28→15 [0.1ms]
[2026-05-06 10:35:49] MOVE asha (blue): 89→90 [0.1ms]
[2026-05-06 10:35:49] MOVE chetan (red): 15→14 [0.1ms]
[2026-05-06 10:35:49] MOVE asha (blue): 104→103 [0.1ms]
[2026-05-06 10:35:49] MOVE chetan (red): 14→13 [0.1ms]
[2026-05-06 10:35:49] MOVE asha (blue): 90→91 [0.1ms]
[2026-05-06 10:35:49] MOVE chetan (red): 13→26 [0.1ms]
[2026-05-06 10:35:50] MOVE asha (blue): 103→102 [0.1ms]
[2026-05-06 10:35:50] MOVE chetan (red): 26→27 [0.1ms]
[2026-05-06 10:35:50] MOVE asha (blue): 91→103 [0.1ms]
[2026-05-06 10:35:50] MOVE chetan (red): 27→14 [0.2ms]
[2026-05-06 10:35:50] MOVE asha (blue): 102→89 [0.4ms]
[2026-05-06 10:35:50] MOVE chetan (red): 14→15 [0.1ms]
[2026-05-06 10:35:51] MOVE asha (blue): 103→102 [0.2ms]
[2026-05-06 10:35:51] MOVE chetan (red): 15→16 [0.1ms]
[2026-05-06 10:35:51] MOVE asha (blue): 89→90 [0.1ms]
[2026-05-06 10:35:51] MOVE chetan (red): 16→17 [0.1ms]
[2026-05-06 10:35:51] MOVE asha (blue): 102→89 [0.1ms]
[2026-05-06 10:35:51] MOVE chetan (red): 17→18 [0.3ms]
[2026-05-06 10:35:52] MOVE asha (blue): 90→91 [0.1ms]
[2026-05-06 10:35:52] MOVE chetan (red): 18→19 [0.1ms]
[2026-05-06 10:35:52] MOVE asha (blue): 89→90 [0.5ms]
[2026-05-06 10:35:52] MOVE chetan (red): 19→31 [0.1ms]
[2026-05-06 10:35:52] MOVE asha (blue): 91→103 [0.1ms]
[2026-05-06 10:35:52] MOVE chetan (red): 31→30 [0.1ms]
[2026-05-06 10:35:53] MOVE asha (blue): 90→91 [0.1ms]
[2026-05-06 10:35:53] MOVE chetan (red): 30→29 [0.2ms]
[2026-05-06 10:35:53] MOVE asha (blue): 103→102 [0.1ms]
[2026-05-06 10:35:53] MOVE chetan (red): 29→28 [0.1ms]
[2026-05-06 10:35:53] MOVE asha (blue): 91→103 [0.1ms]
[2026-05-06 10:35:53] MOVE chetan (red): 28→15 [0.2ms]
[2026-05-06 10:35:54] MOVE asha (blue): 102→104 [0.3ms]
[2026-05-06 10:35:54] MOVE chetan (red): 15→14 [0.1ms]
[2026-05-06 10:35:54] MOVE asha (blue): 103→105 [0.1ms]
[2026-05-06 10:35:54] MOVE chetan (red): 14→13 [0.1ms]
[2026-05-06 10:35:54] MOVE asha (blue): 104→106 [0.1ms]
[2026-05-06 10:35:54] MOVE chetan (red): 13→26 [0.1ms]
[2026-05-06 10:35:55] MOVE asha (blue): 105→104 [0.2ms]
[2026-05-06 10:35:55] MOVE chetan (red): 26→27 [0.1ms]
[2026-05-06 10:35:55] MOVE asha (blue): 106→105 [0.3ms]
[2026-05-06 10:35:55] MOVE chetan (red): 27→14 [0.2ms]
[2026-05-06 10:35:55] MOVE asha (blue): 104→106 [0.1ms]
[2026-05-06 10:35:55] MOVE chetan (red): 14→15 [0.2ms]
[2026-05-06 10:35:56] MOVE asha (blue): 105→107 [0.4ms]
[2026-05-06 10:35:56] MOVE chetan (red): 15→16 [0.3ms]
[2026-05-06 10:35:56] MOVE asha (blue): 106→93 [0.1ms]
[2026-05-06 10:35:56] MOVE chetan (red): 16→17 [0.2ms]
[2026-05-06 10:35:56] MOVE asha (blue): 107→94 [0.1ms]
[2026-05-06 10:35:56] MOVE chetan (red): 17→18 [0.1ms]
[2026-05-06 10:35:57] MOVE asha (blue): 93→92 [0.1ms]
[2026-05-06 10:35:57] MOVE chetan (red): 18→19 [0.2ms]
[2026-05-06 10:35:57] MOVE asha (blue): 94→93 [0.2ms]
[2026-05-06 10:35:57] MOVE chetan (red): 19→31 [0.3ms]
[2026-05-06 10:35:57] MOVE asha (blue): 92→105 [0.1ms]
[2026-05-06 10:35:57] MOVE chetan (red): 31→30 [0.1ms]
[2026-05-06 10:35:58] MOVE asha (blue): 93→106 [0.1ms]
[2026-05-06 10:35:58] MOVE chetan (red): 30→29 [0.1ms]
[2026-05-06 10:35:58] MOVE asha (blue): 105→104 [0.1ms]
[2026-05-06 10:35:58] MOVE chetan (red): 29→28 [0.1ms]
[2026-05-06 10:35:58] MOVE asha (blue): 106→105 [0.1ms]
[2026-05-06 10:35:58] MOVE chetan (red): 28→15 [0.1ms]
[2026-05-06 10:35:59] MOVE asha (blue): 104→106 [0.2ms]
[2026-05-06 10:35:59] MOVE chetan (red): 15→14 [0.1ms]
[2026-05-06 10:35:59] MOVE asha (blue): 105→104 [0.1ms]
[2026-05-06 10:35:59] MOVE chetan (red): 14→13 [0.1ms]
[2026-05-06 10:35:59] MOVE asha (blue): 106→93 [0.1ms]
[2026-05-06 10:35:59] MOVE chetan (red): 13→26 [0.1ms]
[2026-05-06 10:36:00] MOVE asha (blue): 104→103 [0.2ms]
[2026-05-06 10:36:00] MOVE chetan (red): 26→27 [0.1ms]
[2026-05-06 10:36:00] MOVE asha (blue): 93→92 [0.1ms]
[2026-05-06 10:36:00] MOVE chetan (red): 27→14 [0.1ms]
[2026-05-06 10:36:00] MOVE asha (blue): 103→102 [0.1ms]
[2026-05-06 10:36:00] MOVE chetan (red): 14→15 [0.1ms]
[2026-05-06 10:36:00] MOVE asha (blue): 92→105 [0.2ms]
[2026-05-06 10:36:01] MOVE chetan (red): 15→16 [0.2ms]
[2026-05-06 10:36:01] MOVE asha (blue): 102→89 [0.1ms]
[2026-05-06 10:36:01] MOVE chetan (red): 16→17 [0.1ms]
[2026-05-06 10:36:01] MOVE asha (blue): 105→104 [0.1ms]
[2026-05-06 10:36:01] MOVE chetan (red): 17→18 [0.1ms]
[2026-05-06 10:36:01] MOVE asha (blue): 89→90 [0.1ms]
[2026-05-06 10:36:01] MOVE chetan (red): 18→19 [0.1ms]
[2026-05-06 10:36:02] MOVE asha (blue): 104→103 [0.2ms]
[2026-05-06 10:36:02] MOVE chetan (red): 19→31 [0.1ms]
[2026-05-06 10:36:02] MOVE asha (blue): 90→91 [0.4ms]
[2026-05-06 10:36:02] MOVE chetan (red): 31→30 [0.1ms]
[2026-05-06 10:36:03] MOVE asha (blue): 103→102 [0.1ms]
[2026-05-06 10:36:03] MOVE chetan (red): 30→29 [0.2ms]
[2026-05-06 10:36:03] MOVE asha (blue): 91→103 [0.1ms]
[2026-05-06 10:36:03] MOVE chetan (red): 29→28 [0.3ms]
[2026-05-06 10:36:03] MOVE asha (blue): 102→89 [0.2ms]
[2026-05-06 10:36:03] MOVE chetan (red): 28→15 [0.1ms]
[2026-05-06 10:36:04] MOVE asha (blue): 103→102 [0.1ms]
[2026-05-06 10:36:04] MOVE chetan (red): 15→14 [0.1ms]
[2026-05-06 10:36:04] MOVE asha (blue): 89→90 [0.1ms]
[2026-05-06 10:36:04] MOVE chetan (red): 14→13 [0.1ms]
[2026-05-06 10:36:04] MOVE asha (blue): 102→89 [0.1ms]
[2026-05-06 10:36:04] MOVE chetan (red): 13→26 [0.1ms]
[2026-05-06 10:36:05] MOVE asha (blue): 90→91 [0.1ms]
[2026-05-06 10:36:05] MOVE chetan (red): 26→27 [0.1ms]
[2026-05-06 10:36:05] MOVE asha (blue): 89→90 [0.1ms]
[2026-05-06 10:36:05] MOVE chetan (red): 27→14 [0.1ms]
[2026-05-06 10:36:05] MOVE asha (blue): 91→103 [0.1ms]
[2026-05-06 10:36:05] MOVE chetan (red): 14→15 [0.1ms]
[2026-05-06 10:36:06] MOVE asha (blue): 90→91 [0.1ms]
[2026-05-06 10:36:06] MOVE chetan (red): 15→16 [0.1ms]
[2026-05-06 10:36:06] MOVE asha (blue): 103→102 [0.1ms]
[2026-05-06 10:36:07] MOVE chetan (red): 16→17 [0.1ms]
[2026-05-06 10:36:07] MOVE asha (blue): 91→103 [0.3ms]
[2026-05-06 10:36:07] MOVE chetan (red): 17→18 [0.1ms]
[2026-05-06 10:36:07] MOVE asha (blue): 102→104 [0.1ms]
[2026-05-06 10:36:08] MOVE chetan (red): 18→19 [0.1ms]
[2026-05-06 10:36:08] MOVE asha (blue): 103→105 [0.2ms]
[2026-05-06 10:36:08] MOVE chetan (red): 19→31 [0.1ms]
[2026-05-06 10:36:08] MOVE asha (blue): 104→106 [0.2ms]
[2026-05-06 10:36:08] MOVE chetan (red): 31→30 [0.1ms]
[2026-05-06 10:36:08] MOVE asha (blue): 105→104 [0.1ms]
[2026-05-06 10:36:09] MOVE chetan (red): 30→29 [0.1ms]
[2026-05-06 10:36:09] MOVE asha (blue): 106→105 [0.1ms]
[2026-05-06 10:36:09] MOVE chetan (red): 29→28 [0.1ms]
[2026-05-06 10:36:09] MOVE asha (blue): 104→106 [0.1ms]
[2026-05-06 10:36:09] MOVE chetan (red): 28→15 [0.1ms]
[2026-05-06 10:36:09] MOVE asha (blue): 105→107 [0.2ms]
[2026-05-06 10:36:09] MOVE chetan (red): 15→14 [0.1ms]
[2026-05-06 10:36:10] MOVE asha (blue): 106→93 [0.1ms]
[2026-05-06 10:36:10] MOVE chetan (red): 14→13 [0.1ms]
[2026-05-06 10:36:10] MOVE asha (blue): 107→94 [0.1ms]
[2026-05-06 10:36:10] MOVE chetan (red): 13→26 [0.4ms]
[2026-05-06 10:36:10] MOVE asha (blue): 93→92 [0.1ms]
[2026-05-06 10:36:10] MOVE chetan (red): 26→27 [0.1ms]
[2026-05-06 10:36:11] MOVE asha (blue): 94→93 [0.2ms]
[2026-05-06 10:36:11] MOVE chetan (red): 27→14 [0.1ms]
[2026-05-06 10:36:11] MOVE asha (blue): 92→105 [0.1ms]
[2026-05-06 10:36:11] MOVE chetan (red): 14→15 [0.4ms]
[2026-05-06 10:36:11] MOVE asha (blue): 93→106 [0.1ms]
[2026-05-06 10:36:11] MOVE chetan (red): 15→16 [0.1ms]
[2026-05-06 10:36:11] MOVE asha (blue): 105→104 [0.1ms]
[2026-05-06 10:36:12] MOVE chetan (red): 16→17 [0.2ms]
[2026-05-06 10:36:12] MOVE asha (blue): 106→105 [0.1ms]
[2026-05-06 10:36:12] MOVE chetan (red): 17→18 [0.1ms]
[2026-05-06 10:36:12] MOVE asha (blue): 104→106 [0.1ms]
[2026-05-06 10:36:12] MOVE chetan (red): 18→19 [0.1ms]
[2026-05-06 10:36:12] MOVE asha (blue): 105→104 [0.1ms]
[2026-05-06 10:36:13] MOVE chetan (red): 19→31 [0.6ms]
[2026-05-06 10:36:13] MOVE asha (blue): 106→93 [0.1ms]
[2026-05-06 10:36:13] MOVE chetan (red): 31→30 [0.1ms]
[2026-05-06 10:36:13] MOVE asha (blue): 104→103 [0.1ms]
[2026-05-06 10:36:13] MOVE chetan (red): 30→29 [0.1ms]
[2026-05-06 10:36:13] MOVE asha (blue): 93→92 [0.1ms]
[2026-05-06 10:36:14] MOVE chetan (red): 29→28 [0.1ms]
[2026-05-06 10:36:14] MOVE asha (blue): 103→102 [1.2ms]
[2026-05-06 10:36:14] MOVE chetan (red): 28→15 [0.2ms]
[2026-05-06 10:36:14] MOVE asha (blue): 92→105 [0.2ms]
[2026-05-06 10:36:14] MOVE chetan (red): 15→14 [0.1ms]
[2026-05-06 10:36:14] MOVE asha (blue): 102→89 [0.1ms]
[2026-05-06 10:36:15] MOVE chetan (red): 14→13 [0.1ms]
[2026-05-06 10:36:15] MOVE asha (blue): 105→104 [0.1ms]
[2026-05-06 10:36:15] MOVE chetan (red): 13→26 [0.1ms]
[2026-05-06 10:36:15] MOVE asha (blue): 89→90 [0.1ms]
[2026-05-06 10:36:15] MOVE chetan (red): 26→27 [0.6ms]
[2026-05-06 10:36:15] MOVE asha (blue): 104→103 [0.1ms]
[2026-05-06 10:36:16] MOVE chetan (red): 27→14 [0.3ms]
[2026-05-06 10:36:16] MOVE asha (blue): 90→91 [0.2ms]
[2026-05-06 10:36:16] MOVE chetan (red): 14→15 [0.1ms]
[2026-05-06 10:36:16] MOVE asha (blue): 103→102 [0.2ms]
[2026-05-06 10:36:16] MOVE chetan (red): 15→16 [0.1ms]
[2026-05-06 10:36:16] MOVE asha (blue): 91→103 [0.1ms]
[2026-05-06 10:36:17] MOVE chetan (red): 16→17 [0.2ms]
[2026-05-06 10:36:17] MOVE asha (blue): 102→89 [0.1ms]
[2026-05-06 10:36:17] MOVE chetan (red): 17→18 [0.1ms]
[2026-05-06 10:36:17] MOVE asha (blue): 103→102 [0.2ms]
[2026-05-06 10:36:17] MOVE chetan (red): 18→19 [0.1ms]
[2026-05-06 10:36:17] MOVE asha (blue): 89→90 [0.2ms]
[2026-05-06 10:36:18] MOVE chetan (red): 19→31 [0.1ms]
[2026-05-06 10:36:18] MOVE asha (blue): 102→89 [0.1ms]
[2026-05-06 10:36:18] MOVE chetan (red): 31→30 [0.1ms]
[2026-05-06 10:36:18] MOVE asha (blue): 90→91 [0.1ms]
[2026-05-06 10:36:18] MOVE chetan (red): 30→29 [0.2ms]
[2026-05-06 10:36:18] MOVE asha (blue): 89→90 [0.5ms]
[2026-05-06 10:36:18] MOVE chetan (red): 29→28 [0.1ms]
[2026-05-06 10:36:19] MOVE asha (blue): 91→103 [0.1ms]
[2026-05-06 10:36:19] MOVE chetan (red): 28→15 [0.1ms]
[2026-05-06 10:36:19] MOVE asha (blue): 90→91 [0.3ms]
[2026-05-06 10:36:19] MOVE chetan (red): 15→14 [0.1ms]
[2026-05-06 10:36:19] MOVE asha (blue): 103→102 [0.1ms]
[2026-05-06 10:36:19] MOVE chetan (red): 14→13 [0.1ms]
[2026-05-06 10:36:20] MOVE asha (blue): 91→103 [0.1ms]
[2026-05-06 10:36:20] MOVE chetan (red): 13→26 [0.1ms]
[2026-05-06 10:36:20] MOVE asha (blue): 102→104 [0.2ms]
[2026-05-06 10:36:20] MOVE chetan (red): 26→27 [0.1ms]
[2026-05-06 10:36:20] MOVE asha (blue): 103→105 [0.2ms]
[2026-05-06 10:36:20] MOVE chetan (red): 27→14 [0.1ms]
[2026-05-06 10:36:21] MOVE asha (blue): 104→106 [0.1ms]
[2026-05-06 10:36:21] MOVE chetan (red): 14→15 [0.2ms]
[2026-05-06 10:36:21] MOVE asha (blue): 105→104 [0.1ms]
[2026-05-06 10:36:21] MOVE chetan (red): 15→16 [0.1ms]
[2026-05-06 10:36:21] MOVE asha (blue): 106→105 [0.1ms]
[2026-05-06 10:36:21] MOVE chetan (red): 16→17 [0.2ms]
[2026-05-06 10:36:22] MOVE asha (blue): 104→106 [0.1ms]
[2026-05-06 10:36:22] MOVE chetan (red): 17→18 [0.1ms]
[2026-05-06 10:36:22] MOVE asha (blue): 105→107 [0.1ms]
[2026-05-06 10:36:22] MOVE chetan (red): 18→19 [0.1ms]
[2026-05-06 10:36:22] MOVE asha (blue): 106→93 [0.1ms]
[2026-05-06 10:36:22] MOVE chetan (red): 19→31 [0.1ms]
[2026-05-06 10:36:23] MOVE asha (blue): 107→94 [0.1ms]
[2026-05-06 10:36:23] MOVE chetan (red): 31→30 [0.1ms]
[2026-05-06 10:36:23] MOVE asha (blue): 93→92 [0.1ms]
[2026-05-06 10:36:23] MOVE chetan (red): 30→29 [0.1ms]
[2026-05-06 10:36:23] MOVE asha (blue): 94→93 [0.1ms]
[2026-05-06 10:36:23] MOVE chetan (red): 29→28 [0.1ms]
[2026-05-06 10:36:24] MOVE asha (blue): 92→105 [0.1ms]
[2026-05-06 10:36:24] MOVE chetan (red): 28→15 [0.1ms]
[2026-05-06 10:36:24] MOVE asha (blue): 93→106 [0.1ms]
[2026-05-06 10:36:24] MOVE chetan (red): 15→14 [0.1ms]
[2026-05-06 10:36:24] MOVE asha (blue): 105→104 [0.1ms]
[2026-05-06 10:36:24] MOVE chetan (red): 14→13 [0.2ms]
[2026-05-06 10:36:24] MOVE asha (blue): 106→105 [0.1ms]
[2026-05-06 10:36:25] MOVE chetan (red): 13→26 [0.1ms]
[2026-05-06 10:36:25] MOVE asha (blue): 104→106 [0.1ms]
[2026-05-06 10:36:25] MOVE chetan (red): 26→27 [0.1ms]
[2026-05-06 10:36:25] MOVE asha (blue): 105→104 [0.1ms]
[2026-05-06 10:36:26] MOVE chetan (red): 27→14 [0.1ms]
[2026-05-06 10:36:26] MOVE asha (blue): 106→93 [0.3ms]
[2026-05-06 10:36:26] MOVE chetan (red): 14→15 [0.1ms]
[2026-05-06 10:36:26] MOVE asha (blue): 104→103 [0.1ms]
[2026-05-06 10:36:27] MOVE chetan (red): 15→16 [0.1ms]
[2026-05-06 10:36:27] MOVE asha (blue): 93→92 [0.1ms]
[2026-05-06 10:36:27] MOVE chetan (red): 16→17 [0.1ms]
[2026-05-06 10:36:27] MOVE asha (blue): 103→102 [0.2ms]
[2026-05-06 10:36:27] MOVE chetan (red): 17→18 [0.1ms]
[2026-05-06 10:36:27] MOVE asha (blue): 92→105 [0.2ms]
[2026-05-06 10:36:28] MOVE chetan (red): 18→19 [0.2ms]
[2026-05-06 10:36:28] MOVE asha (blue): 102→89 [0.1ms]
[2026-05-06 10:36:28] MOVE chetan (red): 19→31 [0.1ms]
[2026-05-06 10:36:28] MOVE asha (blue): 105→104 [0.1ms]
[2026-05-06 10:36:28] MOVE chetan (red): 31→30 [0.1ms]
[2026-05-06 10:36:29] MOVE asha (blue): 89→90 [0.1ms]
[2026-05-06 10:36:29] MOVE chetan (red): 30→29 [0.1ms]
[2026-05-06 10:36:29] MOVE asha (blue): 104→103 [0.1ms]
[2026-05-06 10:36:29] MOVE chetan (red): 29→28 [0.1ms]
[2026-05-06 10:36:30] MOVE asha (blue): 90→91 [0.2ms]
[2026-05-06 10:36:30] MOVE chetan (red): 28→15 [0.1ms]
[2026-05-06 10:36:30] MOVE asha (blue): 103→102 [0.1ms]
[2026-05-06 10:36:30] MOVE chetan (red): 15→14 [0.1ms]
[2026-05-06 10:36:30] MOVE asha (blue): 91→103 [0.3ms]
[2026-05-06 10:36:30] MOVE chetan (red): 14→13 [0.1ms]
[2026-05-06 10:36:31] MOVE asha (blue): 102→89 [0.1ms]
[2026-05-06 10:36:31] MOVE chetan (red): 13→26 [0.1ms]
[2026-05-06 10:36:31] MOVE asha (blue): 103→102 [0.1ms]
[2026-05-06 10:36:31] MOVE chetan (red): 26→27 [0.1ms]
[2026-05-06 10:36:31] MOVE asha (blue): 89→90 [0.1ms]
[2026-05-06 10:36:32] MOVE chetan (red): 27→14 [0.2ms]
[2026-05-06 10:36:32] MOVE asha (blue): 102→89 [0.1ms]
[2026-05-06 10:36:32] MOVE chetan (red): 14→15 [0.2ms]
[2026-05-06 10:36:32] MOVE asha (blue): 90→91 [0.1ms]
[2026-05-06 10:36:32] MOVE chetan (red): 15→16 [0.1ms]
[2026-05-06 10:36:32] MOVE asha (blue): 89→90 [0.1ms]
[2026-05-06 10:36:33] MOVE chetan (red): 16→17 [0.7ms]
[2026-05-06 10:36:33] MOVE asha (blue): 91→103 [0.2ms]
[2026-05-06 10:36:33] MOVE chetan (red): 17→18 [0.1ms]
[2026-05-06 10:36:33] MOVE asha (blue): 90→91 [0.1ms]
[2026-05-06 10:36:33] MOVE chetan (red): 18→19 [0.1ms]
[2026-05-06 10:36:33] MOVE asha (blue): 103→102 [0.2ms]
[2026-05-06 10:36:34] MOVE chetan (red): 19→31 [0.2ms]
[2026-05-06 10:36:34] MOVE asha (blue): 91→103 [0.2ms]
[2026-05-06 10:36:34] MOVE chetan (red): 31→30 [0.1ms]
[2026-05-06 10:36:34] MOVE asha (blue): 102→104 [0.3ms]
[2026-05-06 10:36:34] MOVE chetan (red): 30→29 [0.1ms]
[2026-05-06 10:36:34] MOVE asha (blue): 103→105 [0.1ms]
[2026-05-06 10:36:35] MOVE chetan (red): 29→28 [0.2ms]
[2026-05-06 10:36:35] MOVE asha (blue): 104→106 [0.1ms]
[2026-05-06 10:36:35] MOVE chetan (red): 28→15 [0.1ms]
[2026-05-06 10:36:35] MOVE asha (blue): 105→104 [0.3ms]
[2026-05-06 10:36:36] MOVE chetan (red): 15→14 [0.1ms]
[2026-05-06 10:36:36] MOVE asha (blue): 106→105 [0.1ms]
[2026-05-06 10:36:36] MOVE chetan (red): 14→13 [0.1ms]
[2026-05-06 10:36:36] MOVE asha (blue): 104→106 [0.5ms]
[2026-05-06 10:36:36] MOVE chetan (red): 13→26 [0.1ms]
[2026-05-06 10:36:37] MOVE asha (blue): 105→107 [0.1ms]
[2026-05-06 10:36:37] MOVE chetan (red): 26→27 [0.1ms]
[2026-05-06 10:36:37] MOVE asha (blue): 106→93 [0.1ms]
[2026-05-06 10:36:37] MOVE chetan (red): 27→14 [0.1ms]
[2026-05-06 10:36:37] MOVE asha (blue): 107→94 [0.1ms]
[2026-05-06 10:36:37] MOVE chetan (red): 14→15 [0.1ms]
[2026-05-06 10:36:38] MOVE asha (blue): 93→92 [0.5ms]
[2026-05-06 10:36:38] MOVE chetan (red): 15→16 [0.1ms]
[2026-05-06 10:36:38] MOVE asha (blue): 94→93 [0.3ms]
[2026-05-06 10:36:38] MOVE chetan (red): 16→17 [0.2ms]
[2026-05-06 10:36:38] MOVE asha (blue): 92→105 [0.1ms]
[2026-05-06 10:36:38] MOVE chetan (red): 17→18 [0.1ms]
[2026-05-06 10:36:39] MOVE asha (blue): 93→106 [0.2ms]
[2026-05-06 10:36:39] MOVE chetan (red): 18→19 [0.1ms]
[2026-05-06 10:36:39] MOVE asha (blue): 105→104 [0.1ms]
[2026-05-06 10:36:39] MOVE chetan (red): 19→31 [0.1ms]
[2026-05-06 10:36:39] MOVE asha (blue): 106→105 [0.2ms]
[2026-05-06 10:36:39] MOVE chetan (red): 31→30 [0.1ms]
[2026-05-06 10:36:40] MOVE asha (blue): 104→106 [0.6ms]
[2026-05-06 10:36:40] MOVE chetan (red): 30→29 [0.1ms]
[2026-05-06 10:36:40] MOVE asha (blue): 105→104 [0.2ms]
[2026-05-06 10:36:40] MOVE chetan (red): 29→28 [0.1ms]
[2026-05-06 10:36:40] MOVE asha (blue): 106→93 [0.1ms]
[2026-05-06 10:36:41] MOVE chetan (red): 28→15 [0.2ms]
[2026-05-06 10:36:41] MOVE asha (blue): 104→103 [0.1ms]
[2026-05-06 10:36:41] MOVE chetan (red): 15→14 [0.1ms]
[2026-05-06 10:36:41] MOVE asha (blue): 93→92 [0.2ms]
[2026-05-06 10:36:42] MOVE chetan (red): 14→13 [0.1ms]
[2026-05-06 10:36:42] MOVE asha (blue): 103→102 [0.4ms]
[2026-05-06 10:36:42] MOVE chetan (red): 13→26 [0.1ms]
[2026-05-06 10:36:42] MOVE asha (blue): 92→105 [0.2ms]
[2026-05-06 10:36:42] MOVE chetan (red): 26→27 [0.1ms]
[2026-05-06 10:36:43] MOVE asha (blue): 102→89 [0.1ms]
[2026-05-06 10:36:43] MOVE chetan (red): 27→14 [0.1ms]
[2026-05-06 10:36:43] MOVE asha (blue): 105→104 [0.1ms]
[2026-05-06 10:36:43] MOVE chetan (red): 14→15 [0.1ms]
[2026-05-06 10:36:43] MOVE asha (blue): 89→90 [0.3ms]
[2026-05-06 10:36:43] MOVE chetan (red): 15→16 [0.1ms]
[2026-05-06 10:36:44] MOVE asha (blue): 104→103 [0.1ms]
[2026-05-06 10:36:44] MOVE chetan (red): 16→17 [0.1ms]
[2026-05-06 10:36:44] MOVE asha (blue): 90→91 [0.1ms]
[2026-05-06 10:36:44] MOVE chetan (red): 17→18 [0.2ms]
[2026-05-06 10:36:44] MOVE asha (blue): 103→102 [0.1ms]
[2026-05-06 10:36:44] MOVE chetan (red): 18→19 [0.1ms]
[2026-05-06 10:36:45] MOVE asha (blue): 91→103 [0.1ms]
[2026-05-06 10:36:45] MOVE chetan (red): 19→31 [0.1ms]
[2026-05-06 10:36:45] MOVE asha (blue): 102→89 [0.1ms]
[2026-05-06 10:36:45] MOVE chetan (red): 31→30 [0.2ms]
[2026-05-06 10:36:45] MOVE asha (blue): 103→102 [0.1ms]
[2026-05-06 10:36:46] MOVE chetan (red): 30→29 [0.1ms]
[2026-05-06 10:36:46] MOVE asha (blue): 89→90 [0.2ms]
[2026-05-06 10:36:46] MOVE chetan (red): 29→28 [0.1ms]
[2026-05-06 10:36:46] MOVE asha (blue): 102→89 [0.1ms]
[2026-05-06 10:36:46] MOVE chetan (red): 28→15 [0.1ms]
[2026-05-06 10:36:46] MOVE asha (blue): 90→91 [0.1ms]
[2026-05-06 10:36:47] MOVE chetan (red): 15→14 [0.1ms]
[2026-05-06 10:36:47] MOVE asha (blue): 89→90 [0.1ms]
[2026-05-06 10:36:47] MOVE chetan (red): 14→13 [0.1ms]
[2026-05-06 10:36:48] MOVE asha (blue): 91→103 [0.1ms]
[2026-05-06 10:36:48] MOVE chetan (red): 13→26 [0.1ms]
[2026-05-06 10:36:48] MOVE asha (blue): 90→91 [0.2ms]
[2026-05-06 10:36:48] MOVE chetan (red): 26→27 [0.1ms]
[2026-05-06 10:36:48] MOVE asha (blue): 103→102 [0.1ms]
[2026-05-06 10:36:49] MOVE chetan (red): 27→14 [0.1ms]
[2026-05-06 10:36:49] MOVE asha (blue): 91→103 [0.2ms]
[2026-05-06 10:36:49] MOVE chetan (red): 14→15 [0.1ms]
[2026-05-06 10:36:49] MOVE asha (blue): 102→104 [0.1ms]
[2026-05-06 10:36:49] MOVE chetan (red): 15→16 [0.1ms]
[2026-05-06 10:36:49] MOVE asha (blue): 103→105 [0.1ms]
[2026-05-06 10:36:50] MOVE chetan (red): 16→17 [0.1ms]
[2026-05-06 10:36:50] MOVE asha (blue): 104→106 [0.1ms]
[2026-05-06 10:36:50] MOVE chetan (red): 17→18 [0.1ms]
[2026-05-06 10:36:50] MOVE asha (blue): 105→104 [0.1ms]
[2026-05-06 10:36:50] MOVE chetan (red): 18→19 [0.1ms]
[2026-05-06 10:36:50] MOVE asha (blue): 106→105 [0.1ms]
[2026-05-06 10:36:51] MOVE chetan (red): 19→31 [0.1ms]
[2026-05-06 10:36:51] MOVE asha (blue): 104→106 [0.2ms]
[2026-05-06 10:36:51] MOVE chetan (red): 31→30 [0.1ms]
[2026-05-06 10:36:51] MOVE asha (blue): 105→107 [0.1ms]
[2026-05-06 10:36:51] MOVE chetan (red): 30→29 [0.1ms]
[2026-05-06 10:36:51] MOVE asha (blue): 106→93 [0.1ms]
[2026-05-06 10:36:52] MOVE chetan (red): 29→28 [0.2ms]
[2026-05-06 10:36:52] MOVE asha (blue): 107→94 [0.1ms]
[2026-05-06 10:36:52] MOVE chetan (red): 28→15 [0.1ms]
[2026-05-06 10:36:52] MOVE asha (blue): 93→92 [0.2ms]
[2026-05-06 10:36:52] MOVE chetan (red): 15→14 [0.2ms]
[2026-05-06 10:36:52] MOVE asha (blue): 94→93 [0.1ms]
[2026-05-06 10:36:53] MOVE chetan (red): 14→13 [0.1ms]
[2026-05-06 10:36:53] MOVE asha (blue): 92→105 [0.2ms]
[2026-05-06 10:36:53] MOVE chetan (red): 13→26 [0.2ms]
[2026-05-06 10:36:53] MOVE asha (blue): 93→106 [0.1ms]
[2026-05-06 10:36:53] MOVE chetan (red): 26→27 [0.1ms]
[2026-05-06 10:36:53] MOVE asha (blue): 105→104 [0.1ms]
[2026-05-06 10:36:54] MOVE chetan (red): 27→14 [0.1ms]
[2026-05-06 10:36:54] MOVE asha (blue): 106→105 [0.1ms]
[2026-05-06 10:36:54] MOVE chetan (red): 14→15 [0.1ms]
[2026-05-06 10:36:54] MOVE asha (blue): 104→106 [0.1ms]
[2026-05-06 10:36:54] MOVE chetan (red): 15→16 [0.3ms]
[2026-05-06 10:36:54] MOVE asha (blue): 105→104 [0.2ms]
[2026-05-06 10:36:55] MOVE chetan (red): 16→17 [0.1ms]
[2026-05-06 10:36:55] MOVE asha (blue): 106→93 [0.2ms]
[2026-05-06 10:36:55] MOVE chetan (red): 17→18 [0.1ms]
[2026-05-06 10:36:55] MOVE asha (blue): 104→103 [0.3ms]
[2026-05-06 10:36:55] MOVE chetan (red): 18→19 [0.1ms]
[2026-05-06 10:36:55] MOVE asha (blue): 93→92 [0.1ms]
[2026-05-06 10:36:55] MOVE chetan (red): 19→31 [0.2ms]
[2026-05-06 10:36:56] MOVE asha (blue): 103→102 [0.1ms]
[2026-05-06 10:36:56] MOVE chetan (red): 31→30 [0.1ms]
[2026-05-06 10:36:56] MOVE asha (blue): 92→105 [0.3ms]
[2026-05-06 10:36:56] MOVE chetan (red): 30→29 [0.1ms]
[2026-05-06 10:36:57] MOVE asha (blue): 102→89 [0.1ms]
[2026-05-06 10:36:57] MOVE chetan (red): 29→28 [0.1ms]
[2026-05-06 10:36:57] MOVE asha (blue): 105→104 [0.2ms]
[2026-05-06 10:36:57] MOVE chetan (red): 28→15 [0.2ms]
[2026-05-06 10:36:57] MOVE asha (blue): 89→90 [0.1ms]
[2026-05-06 10:36:57] MOVE chetan (red): 15→14 [0.4ms]
[2026-05-06 10:36:57] MOVE asha (blue): 104→103 [0.1ms]
[2026-05-06 10:36:58] MOVE chetan (red): 14→13 [0.1ms]
[2026-05-06 10:36:58] MOVE asha (blue): 90→91 [0.1ms]
[2026-05-06 10:36:58] MOVE chetan (red): 13→26 [0.2ms]
[2026-05-06 10:36:58] MOVE asha (blue): 103→102 [0.1ms]
[2026-05-06 10:36:58] MOVE chetan (red): 26→27 [0.2ms]
[2026-05-06 10:36:59] MOVE asha (blue): 91→103 [0.1ms]
[2026-05-06 10:36:59] MOVE chetan (red): 27→14 [0.1ms]
[2026-05-06 10:36:59] MOVE asha (blue): 102→89 [0.1ms]
[2026-05-06 10:36:59] MOVE chetan (red): 14→15 [0.1ms]
[2026-05-06 10:36:59] MOVE asha (blue): 103→102 [0.5ms]
[2026-05-06 10:36:59] MOVE chetan (red): 15→16 [0.1ms]
[2026-05-06 10:37:00] MOVE asha (blue): 89→90 [0.1ms]
[2026-05-06 10:37:00] MOVE chetan (red): 16→17 [10.6ms]
[2026-05-06 10:37:00] MOVE asha (blue): 102→89 [1.1ms]
[2026-05-06 10:37:00] MOVE chetan (red): 17→18 [0.1ms]
[2026-05-06 10:37:00] MOVE asha (blue): 90→91 [0.1ms]
[2026-05-06 10:37:00] MOVE chetan (red): 18→19 [0.1ms]
[2026-05-06 10:37:01] MOVE asha (blue): 89→90 [0.1ms]
[2026-05-06 10:37:01] MOVE chetan (red): 19→31 [0.1ms]
[2026-05-06 10:37:01] MOVE asha (blue): 91→103 [0.1ms]
[2026-05-06 10:37:01] MOVE chetan (red): 31→30 [0.1ms]
[2026-05-06 10:37:01] MOVE asha (blue): 90→91 [0.3ms]
[2026-05-06 10:37:01] MOVE chetan (red): 30→29 [0.1ms]
[2026-05-06 10:37:02] MOVE asha (blue): 103→102 [0.1ms]
[2026-05-06 10:37:02] MOVE chetan (red): 29→28 [0.1ms]
[2026-05-06 10:37:02] MOVE asha (blue): 91→103 [0.1ms]
[2026-05-06 10:37:02] MOVE chetan (red): 28→15 [0.2ms]
[2026-05-06 10:37:02] MOVE asha (blue): 102→104 [0.1ms]
[2026-05-06 10:37:02] MOVE chetan (red): 15→14 [0.1ms]
[2026-05-06 10:37:03] MOVE asha (blue): 103→105 [0.1ms]
[2026-05-06 10:37:03] MOVE chetan (red): 14→13 [0.2ms]
[2026-05-06 10:37:03] MOVE asha (blue): 104→106 [0.1ms]
[2026-05-06 10:37:03] MOVE chetan (red): 13→26 [0.3ms]
[2026-05-06 10:37:03] MOVE asha (blue): 105→104 [0.1ms]
[2026-05-06 10:37:03] MOVE chetan (red): 26→27 [2.5ms]
[2026-05-06 10:37:04] MOVE asha (blue): 106→105 [0.1ms]
[2026-05-06 10:37:04] MOVE chetan (red): 27→14 [0.1ms]
[2026-05-06 10:37:04] MOVE asha (blue): 104→106 [0.1ms]
[2026-05-06 10:37:04] MOVE chetan (red): 14→15 [0.1ms]
[2026-05-06 10:37:04] MOVE asha (blue): 105→107 [0.3ms]
[2026-05-06 10:37:04] MOVE chetan (red): 15→16 [0.1ms]
[2026-05-06 10:37:05] MOVE asha (blue): 106→93 [0.2ms]
[2026-05-06 10:37:05] MOVE chetan (red): 16→17 [0.1ms]
[2026-05-06 10:37:05] MOVE asha (blue): 107→94 [0.2ms]
[2026-05-06 10:37:05] MOVE chetan (red): 17→18 [0.2ms]
[2026-05-06 10:37:05] MOVE asha (blue): 93→92 [0.1ms]
[2026-05-06 10:37:05] MOVE chetan (red): 18→19 [0.2ms]
[2026-05-06 10:37:06] MOVE asha (blue): 94→93 [0.1ms]
[2026-05-06 10:37:06] MOVE chetan (red): 19→31 [0.1ms]
[2026-05-06 10:37:06] MOVE asha (blue): 92→105 [0.1ms]
[2026-05-06 10:37:06] MOVE chetan (red): 31→30 [0.1ms]
[2026-05-06 10:37:06] MOVE asha (blue): 93→106 [0.1ms]
[2026-05-06 10:37:06] MOVE chetan (red): 30→29 [0.1ms]
[2026-05-06 10:37:07] MOVE asha (blue): 105→104 [0.3ms]
[2026-05-06 10:37:07] MOVE chetan (red): 29→28 [0.2ms]
[2026-05-06 10:37:07] MOVE asha (blue): 106→105 [0.1ms]
[2026-05-06 10:37:07] MOVE chetan (red): 28→15 [0.1ms]
[2026-05-06 10:37:07] MOVE asha (blue): 104→106 [0.1ms]
[2026-05-06 10:37:07] MOVE chetan (red): 15→14 [0.2ms]
[2026-05-06 10:37:07] MOVE asha (blue): 105→104 [0.2ms]
[2026-05-06 10:37:08] MOVE chetan (red): 14→13 [0.1ms]
[2026-05-06 10:37:08] MOVE asha (blue): 106→93 [0.1ms]
[2026-05-06 10:37:08] MOVE chetan (red): 13→26 [0.1ms]
[2026-05-06 10:37:08] MOVE asha (blue): 104→103 [0.1ms]
[2026-05-06 10:37:08] MOVE chetan (red): 26→27 [0.1ms]
[2026-05-06 10:37:08] MOVE asha (blue): 93→92 [0.1ms]
[2026-05-06 10:37:09] MOVE chetan (red): 27→14 [0.2ms]
[2026-05-06 10:37:09] MOVE asha (blue): 103→102 [0.1ms]
[2026-05-06 10:37:09] MOVE chetan (red): 14→15 [0.1ms]
[2026-05-06 10:37:09] MOVE asha (blue): 92→105 [0.1ms]
[2026-05-06 10:37:09] MOVE chetan (red): 15→16 [0.1ms]
[2026-05-06 10:37:09] MOVE asha (blue): 102→89 [0.1ms]
[2026-05-06 10:37:10] MOVE chetan (red): 16→17 [0.1ms]
[2026-05-06 10:37:10] MOVE asha (blue): 105→104 [0.1ms]
[2026-05-06 10:37:10] MOVE chetan (red): 17→18 [0.3ms]
[2026-05-06 10:37:10] MOVE asha (blue): 89→90 [0.1ms]
[2026-05-06 10:37:10] MOVE chetan (red): 18→19 [0.1ms]
[2026-05-06 10:37:11] MOVE asha (blue): 104→103 [0.1ms]
[2026-05-06 10:37:11] MOVE chetan (red): 19→31 [0.2ms]
[2026-05-06 10:37:11] MOVE asha (blue): 90→91 [0.1ms]
[2026-05-06 10:37:11] MOVE chetan (red): 31→30 [0.2ms]
[2026-05-06 10:37:12] MOVE asha (blue): 103→102 [0.1ms]
[2026-05-06 10:37:12] MOVE chetan (red): 30→29 [0.2ms]
[2026-05-06 10:37:12] MOVE asha (blue): 91→103 [0.1ms]
[2026-05-06 10:37:12] MOVE chetan (red): 29→28 [0.1ms]
[2026-05-06 10:37:12] MOVE asha (blue): 102→89 [0.2ms]
[2026-05-06 10:37:12] MOVE chetan (red): 28→15 [0.1ms]
[2026-05-06 10:37:13] MOVE asha (blue): 103→102 [0.2ms]
[2026-05-06 10:37:13] MOVE chetan (red): 15→14 [0.1ms]
[2026-05-06 10:37:13] MOVE asha (blue): 89→90 [0.2ms]
[2026-05-06 10:37:13] MOVE chetan (red): 14→13 [0.1ms]
[2026-05-06 10:37:13] MOVE asha (blue): 102→89 [0.1ms]
[2026-05-06 10:37:14] MOVE chetan (red): 13→26 [0.3ms]
[2026-05-06 10:37:14] MOVE asha (blue): 90→91 [0.1ms]
[2026-05-06 10:37:14] MOVE chetan (red): 26→27 [0.1ms]
[2026-05-06 10:37:14] MOVE asha (blue): 89→90 [0.2ms]
[2026-05-06 10:37:14] MOVE chetan (red): 27→14 [0.1ms]
[2026-05-06 10:37:15] MOVE asha (blue): 91→103 [0.1ms]
[2026-05-06 10:37:15] MOVE chetan (red): 14→15 [0.1ms]
[2026-05-06 10:37:15] MOVE asha (blue): 90→91 [0.1ms]
[2026-05-06 10:37:15] MOVE chetan (red): 15→16 [0.2ms]
[2026-05-06 10:37:15] MOVE asha (blue): 103→102 [0.1ms]
[2026-05-06 10:37:15] MOVE chetan (red): 16→17 [0.2ms]
[2026-05-06 10:37:15] MOVE asha (blue): 91→103 [0.1ms]
[2026-05-06 10:37:16] MOVE chetan (red): 17→18 [0.1ms]
[2026-05-06 10:37:16] MOVE asha (blue): 102→104 [0.1ms]
[2026-05-06 10:37:16] MOVE chetan (red): 18→19 [0.1ms]
[2026-05-06 10:37:16] MOVE asha (blue): 103→105 [0.1ms]
[2026-05-06 10:37:16] MOVE chetan (red): 19→31 [0.1ms]
[2026-05-06 10:37:17] MOVE asha (blue): 104→106 [0.1ms]
[2026-05-06 10:37:17] MOVE chetan (red): 31→30 [0.1ms]
[2026-05-06 10:37:17] MOVE asha (blue): 105→104 [0.1ms]
[2026-05-06 10:37:17] MOVE chetan (red): 30→29 [0.2ms]
[2026-05-06 10:37:17] MOVE asha (blue): 106→105 [0.2ms]
[2026-05-06 10:37:18] MOVE chetan (red): 29→28 [0.1ms]
[2026-05-06 10:37:18] MOVE asha (blue): 104→106 [0.1ms]
[2026-05-06 10:37:18] MOVE chetan (red): 28→15 [0.1ms]
[2026-05-06 10:37:18] MOVE asha (blue): 105→107 [0.1ms]
[2026-05-06 10:37:18] MOVE chetan (red): 15→14 [0.1ms]
[2026-05-06 10:37:18] MOVE asha (blue): 106→93 [0.1ms]
[2026-05-06 10:37:19] MOVE chetan (red): 14→13 [0.1ms]
[2026-05-06 10:37:19] MOVE asha (blue): 107→94 [0.1ms]
[2026-05-06 10:37:19] MOVE chetan (red): 13→26 [0.1ms]
[2026-05-06 10:37:19] MOVE asha (blue): 93→92 [0.1ms]
[2026-05-06 10:37:19] MOVE chetan (red): 26→27 [0.1ms]
[2026-05-06 10:37:20] MOVE asha (blue): 94→93 [0.2ms]
[2026-05-06 10:37:20] MOVE chetan (red): 27→14 [0.4ms]
[2026-05-06 10:37:20] MOVE asha (blue): 92→105 [0.1ms]
[2026-05-06 10:37:20] MOVE chetan (red): 14→15 [0.1ms]
[2026-05-06 10:37:21] MOVE asha (blue): 93→106 [0.1ms]
[2026-05-06 10:37:21] MOVE chetan (red): 15→16 [0.1ms]
[2026-05-06 10:37:21] MOVE asha (blue): 105→104 [0.1ms]
[2026-05-06 10:37:21] MOVE chetan (red): 16→17 [0.2ms]
[2026-05-06 10:37:21] MOVE asha (blue): 106→105 [0.2ms]
[2026-05-06 10:37:22] MOVE chetan (red): 17→18 [0.1ms]
[2026-05-06 10:37:22] MOVE asha (blue): 104→106 [0.1ms]
[2026-05-06 10:37:22] MOVE chetan (red): 18→19 [0.1ms]
[2026-05-06 10:37:22] MOVE asha (blue): 105→104 [0.2ms]
[2026-05-06 10:37:22] MOVE chetan (red): 19→31 [0.2ms]
[2026-05-06 10:37:22] MOVE asha (blue): 106→93 [0.1ms]
[2026-05-06 10:37:23] MOVE chetan (red): 31→30 [0.1ms]
[2026-05-06 10:37:23] MOVE asha (blue): 104→103 [0.1ms]
[2026-05-06 10:37:23] MOVE chetan (red): 30→29 [0.1ms]
[2026-05-06 10:37:23] MOVE asha (blue): 93→92 [0.1ms]
[2026-05-06 10:37:23] MOVE chetan (red): 29→28 [0.1ms]
[2026-05-06 10:37:23] MOVE asha (blue): 103→102 [0.1ms]
[2026-05-06 10:37:23] MOVE chetan (red): 28→15 [0.1ms]
[2026-05-06 10:37:23] MOVE asha (blue): 92→105 [0.2ms]
[2026-05-06 10:37:24] MOVE chetan (red): 15→14 [0.1ms]
[2026-05-06 10:37:24] MOVE asha (blue): 102→89 [0.2ms]
[2026-05-06 10:37:24] MOVE chetan (red): 14→13 [0.1ms]
[2026-05-06 10:37:24] MOVE asha (blue): 105→104 [0.1ms]
[2026-05-06 10:37:25] MOVE chetan (red): 13→26 [0.1ms]
[2026-05-06 10:37:25] MOVE asha (blue): 89→90 [0.1ms]
[2026-05-06 10:37:25] MOVE chetan (red): 26→27 [0.1ms]
[2026-05-06 10:37:25] MOVE asha (blue): 104→103 [0.3ms]
[2026-05-06 10:37:26] MOVE chetan (red): 27→14 [0.5ms]
[2026-05-06 10:37:26] MOVE asha (blue): 90→91 [0.1ms]
[2026-05-06 10:37:26] MOVE chetan (red): 14→15 [0.1ms]
[2026-05-06 10:37:26] MOVE asha (blue): 103→102 [0.1ms]
[2026-05-06 10:37:26] MOVE chetan (red): 15→16 [0.1ms]
[2026-05-06 10:37:26] MOVE asha (blue): 91→103 [0.1ms]
[2026-05-06 10:37:27] MOVE chetan (red): 16→17 [0.1ms]
[2026-05-06 10:37:27] MOVE asha (blue): 102→89 [0.1ms]
[2026-05-06 10:37:27] MOVE chetan (red): 17→18 [0.1ms]
[2026-05-06 10:37:27] MOVE asha (blue): 103→102 [0.1ms]
[2026-05-06 10:37:27] MOVE chetan (red): 18→19 [0.1ms]
[2026-05-06 10:37:28] MOVE asha (blue): 89→90 [0.1ms]
[2026-05-06 10:37:28] MOVE chetan (red): 19→31 [0.1ms]
[2026-05-06 10:37:28] MOVE asha (blue): 102→89 [0.3ms]
[2026-05-06 10:37:28] MOVE chetan (red): 31→30 [0.1ms]
[2026-05-06 10:37:28] MOVE asha (blue): 90→91 [0.1ms]
[2026-05-06 10:37:29] MOVE chetan (red): 30→29 [0.1ms]
[2026-05-06 10:37:29] MOVE asha (blue): 89→90 [0.1ms]
[2026-05-06 10:37:29] MOVE chetan (red): 29→28 [0.2ms]
[2026-05-06 10:37:29] MOVE asha (blue): 91→103 [0.2ms]
[2026-05-06 10:37:29] MOVE chetan (red): 28→15 [0.1ms]
[2026-05-06 10:37:29] MOVE asha (blue): 90→91 [0.1ms]
[2026-05-06 10:37:30] MOVE chetan (red): 15→14 [0.2ms]
[2026-05-06 10:37:30] MOVE asha (blue): 103→102 [0.1ms]
[2026-05-06 10:37:30] MOVE chetan (red): 14→13 [0.1ms]
[2026-05-06 10:37:30] MOVE asha (blue): 91→103 [0.1ms]
[2026-05-06 10:37:30] MOVE chetan (red): 13→26 [0.1ms]
[2026-05-06 10:37:31] MOVE asha (blue): 102→104 [0.1ms]
[2026-05-06 10:37:31] MOVE chetan (red): 26→27 [0.1ms]
[2026-05-06 10:37:31] MOVE asha (blue): 103→105 [0.1ms]
[2026-05-06 10:37:31] MOVE chetan (red): 27→14 [0.3ms]
[2026-05-06 10:37:31] MOVE asha (blue): 104→106 [0.1ms]
[2026-05-06 10:37:31] MOVE chetan (red): 14→15 [0.1ms]
[2026-05-06 10:37:32] MOVE asha (blue): 105→104 [0.1ms]
[2026-05-06 10:37:32] MOVE chetan (red): 15→16 [0.1ms]
[2026-05-06 10:37:32] MOVE asha (blue): 106→105 [0.1ms]
[2026-05-06 10:37:32] MOVE chetan (red): 16→17 [0.1ms]
