[2026-05-06 10:54:55] GAME CREATED
[2026-05-06 10:55:00] PLAYER JOINED: chetan as lawn green
[2026-05-06 10:55:05] PLAYER JOINED: asha as gray0
[2026-05-06 10:55:10] GAME STARTED — turn order: ['lawn green', 'gray0']
[2026-05-06 10:55:10] MOVE chetan (lawn green): 20→18 [0.2ms]
[2026-05-06 10:55:10] MOVE asha (gray0): 75→56 [0.2ms]
[2026-05-06 10:55:10] MOVE chetan (lawn green): 22→43 [0.2ms]
[2026-05-06 10:55:10] MOVE asha (gray0): 98→77 [0.1ms]
[2026-05-06 10:55:10] MOVE chetan (lawn green): 19→17 [0.2ms]
[2026-05-06 10:55:10] MOVE asha (gray0): 65→47 [0.1ms]
[2026-05-06 10:55:11] MOVE chetan (lawn green): 33→29 [0.3ms]
[2026-05-06 10:55:11] MOVE asha (gray0): 87→48 [0.1ms]
[2026-05-06 10:55:11] MOVE chetan (lawn green): 17→40 [0.3ms]
[2026-05-06 10:55:11] MOVE asha (gray0): 47→49 [0.1ms]
[2026-05-06 10:55:11] MOVE chetan (lawn green): 29→50 [0.1ms]
[2026-05-06 10:55:11] MOVE asha (gray0): 88→47 [0.1ms]
[2026-05-06 10:55:12] MOVE chetan (lawn green): 40→57 [0.3ms]
[2026-05-06 10:55:12] MOVE asha (gray0): 56→39 [0.2ms]
[2026-05-06 10:55:12] MOVE chetan (lawn green): 50→59 [0.1ms]
[2026-05-06 10:55:12] MOVE asha (gray0): 49→28 [0.2ms]
[2026-05-06 10:55:12] MOVE chetan (lawn green): 57→56 [0.1ms]
[2026-05-06 10:55:13] MOVE asha (gray0): 39→16 [0.2ms]
[2026-05-06 10:55:13] MOVE chetan (lawn green): 56→65 [0.1ms]
[2026-05-06 10:55:13] MOVE asha (gray0): 100→60 [0.2ms]
[2026-05-06 10:55:13] MOVE chetan (lawn green): 65→75 [0.3ms]
[2026-05-06 10:55:13] MOVE asha (gray0): 47→51 [0.1ms]
[2026-05-06 10:55:13] MOVE chetan (lawn green): 75→65 [0.3ms]
[2026-05-06 10:55:14] MOVE asha (gray0): 60→41 [0.2ms]
[2026-05-06 10:55:14] MOVE chetan (lawn green): 65→75 [0.4ms]
[2026-05-06 10:55:14] MOVE asha (gray0): 51→30 [0.2ms]
[2026-05-06 10:55:14] MOVE chetan (lawn green): 75→65 [0.1ms]
[2026-05-06 10:55:14] MOVE asha (gray0): 16→17 [0.1ms]
[2026-05-06 10:55:14] MOVE chetan (lawn green): 65→75 [0.2ms]
[2026-05-06 10:55:15] MOVE asha (gray0): 17→19 [0.1ms]
[2026-05-06 10:55:15] MOVE chetan (lawn green): 75→65 [0.1ms]
[2026-05-06 10:55:15] MOVE asha (gray0): 19→20 [0.1ms]
[2026-05-06 10:55:15] MOVE chetan (lawn green): 65→75 [0.1ms]
[2026-05-06 10:55:15] MOVE asha (gray0): 20→19 [0.1ms]
[2026-05-06 10:55:16] MOVE chetan (lawn green): 75→65 [0.1ms]
[2026-05-06 10:55:16] MOVE asha (gray0): 19→20 [0.1ms]
[2026-05-06 10:55:16] MOVE chetan (lawn green): 65→75 [0.1ms]
[2026-05-06 10:55:16] MOVE asha (gray0): 20→19 [0.3ms]
[2026-05-06 10:55:16] MOVE chetan (lawn green): 75→65 [0.1ms]
[2026-05-06 10:55:16] MOVE asha (gray0): 19→20 [0.2ms]
[2026-05-06 10:55:16] MOVE chetan (lawn green): 65→75 [0.1ms]
[2026-05-06 10:55:17] MOVE asha (gray0): 20→19 [0.2ms]
[2026-05-06 10:55:17] MOVE chetan (lawn green): 75→65 [0.1ms]
[2026-05-06 10:55:17] MOVE asha (gray0): 19→20 [0.1ms]
[2026-05-06 10:55:17] MOVE chetan (lawn green): 65→75 [0.1ms]
[2026-05-06 10:55:17] MOVE asha (gray0): 20→19 [0.3ms]
[2026-05-06 10:55:17] MOVE chetan (lawn green): 75→65 [0.2ms]
[2026-05-06 10:55:18] MOVE asha (gray0): 19→20 [0.4ms]
[2026-05-06 10:55:18] MOVE chetan (lawn green): 65→75 [0.2ms]
[2026-05-06 10:55:18] MOVE asha (gray0): 20→19 [0.4ms]
[2026-05-06 10:55:18] MOVE chetan (lawn green): 75→65 [0.1ms]
[2026-05-06 10:55:18] MOVE asha (gray0): 19→20 [0.2ms]
[2026-05-06 10:55:18] MOVE chetan (lawn green): 65→75 [0.1ms]
[2026-05-06 10:55:18] MOVE asha (gray0): 20→19 [0.1ms]
[2026-05-06 10:55:19] MOVE chetan (lawn green): 75→65 [0.1ms]
[2026-05-06 10:55:19] MOVE asha (gray0): 19→20 [0.1ms]
[2026-05-06 10:55:19] MOVE chetan (lawn green): 65→75 [0.1ms]
[2026-05-06 10:55:19] MOVE asha (gray0): 20→19 [0.1ms]
[2026-05-06 10:55:19] MOVE chetan (lawn green): 75→65 [0.1ms]
[2026-05-06 10:55:19] MOVE asha (gray0): 19→20 [0.1ms]
[2026-05-06 10:55:20] MOVE chetan (lawn green): 65→75 [0.1ms]
[2026-05-06 10:55:20] MOVE asha (gray0): 20→19 [0.3ms]
[2026-05-06 10:55:20] MOVE chetan (lawn green): 75→65 [0.1ms]
[2026-05-06 10:55:20] MOVE asha (gray0): 19→20 [0.1ms]
[2026-05-06 10:55:20] MOVE chetan (lawn green): 65→75 [0.1ms]
[2026-05-06 10:55:20] MOVE asha (gray0): 20→19 [0.1ms]
[2026-05-06 10:55:21] MOVE chetan (lawn green): 75→65 [0.1ms]
[2026-05-06 10:55:21] MOVE asha (gray0): 19→20 [0.2ms]
[2026-05-06 10:55:21] MOVE chetan (lawn green): 65→75 [0.2ms]
[2026-05-06 10:55:21] MOVE asha (gray0): 20→19 [0.1ms]
[2026-05-06 10:55:21] MOVE chetan (lawn green): 75→65 [0.1ms]
[2026-05-06 10:55:21] MOVE asha (gray0): 19→20 [0.1ms]
[2026-05-06 10:55:22] MOVE chetan (lawn green): 65→75 [0.1ms]
[2026-05-06 10:55:22] MOVE asha (gray0): 20→19 [0.1ms]
[2026-05-06 10:55:22] MOVE chetan (lawn green): 75→65 [0.1ms]
[2026-05-06 10:55:22] MOVE asha (gray0): 19→20 [0.1ms]
[2026-05-06 10:55:22] MOVE chetan (lawn green): 65→75 [0.1ms]
[2026-05-06 10:55:22] MOVE asha (gray0): 20→19 [0.1ms]
[2026-05-06 10:55:23] MOVE chetan (lawn green): 75→65 [0.2ms]
[2026-05-06 10:55:23] MOVE asha (gray0): 19→20 [0.1ms]
[2026-05-06 10:55:23] MOVE chetan (lawn green): 65→75 [0.1ms]
[2026-05-06 10:55:23] MOVE asha (gray0): 20→19 [0.1ms]
[2026-05-06 10:55:23] MOVE chetan (lawn green): 75→65 [0.1ms]
[2026-05-06 10:55:23] MOVE asha (gray0): 19→20 [0.1ms]
[2026-05-06 10:55:24] MOVE chetan (lawn green): 65→75 [0.2ms]
[2026-05-06 10:55:24] MOVE asha (gray0): 20→19 [0.1ms]
[2026-05-06 10:55:24] MOVE chetan (lawn green): 75→65 [0.1ms]
[2026-05-06 10:55:24] MOVE asha (gray0): 19→20 [0.1ms]
[2026-05-06 10:55:24] MOVE chetan (lawn green): 65→75 [0.4ms]
[2026-05-06 10:55:24] MOVE asha (gray0): 20→19 [0.1ms]
[2026-05-06 10:55:25] MOVE chetan (lawn green): 75→65 [0.1ms]
[2026-05-06 10:55:25] MOVE asha (gray0): 19→20 [0.1ms]
[2026-05-06 10:55:25] MOVE chetan (lawn green): 65→75 [0.1ms]
[2026-05-06 10:55:25] MOVE asha (gray0): 20→19 [0.1ms]
[2026-05-06 10:55:25] MOVE chetan (lawn green): 75→65 [0.1ms]
[2026-05-06 10:55:25] MOVE asha (gray0): 19→20 [0.1ms]
[2026-05-06 10:55:26] MOVE chetan (lawn green): 65→75 [0.1ms]
[2026-05-06 10:55:26] MOVE asha (gray0): 20→19 [0.1ms]
[2026-05-06 10:55:26] MOVE chetan (lawn green): 75→65 [0.1ms]
[2026-05-06 10:55:26] MOVE asha (gray0): 19→20 [0.1ms]
[2026-05-06 10:55:26] MOVE chetan (lawn green): 65→75 [0.1ms]
[2026-05-06 10:55:26] MOVE asha (gray0): 20→19 [0.2ms]
[2026-05-06 10:55:27] MOVE chetan (lawn green): 75→65 [0.1ms]
[2026-05-06 10:55:27] MOVE asha (gray0): 19→20 [0.1ms]
[2026-05-06 10:55:27] MOVE chetan (lawn green): 65→75 [0.1ms]
[2026-05-06 10:55:27] MOVE asha (gray0): 20→19 [0.1ms]
[2026-05-06 10:55:27] MOVE chetan (lawn green): 75→65 [0.1ms]
[2026-05-06 10:55:27] MOVE asha (gray0): 19→20 [0.1ms]
[2026-05-06 10:55:28] MOVE chetan (lawn green): 65→75 [0.1ms]
[2026-05-06 10:55:28] MOVE asha (gray0): 20→19 [0.1ms]
[2026-05-06 10:55:28] MOVE chetan (lawn green): 75→65 [0.1ms]
[2026-05-06 10:55:28] MOVE asha (gray0): 19→20 [0.1ms]
[2026-05-06 10:55:28] MOVE chetan (lawn green): 65→75 [0.1ms]
[2026-05-06 10:55:28] MOVE asha (gray0): 20→19 [0.1ms]
[2026-05-06 10:55:28] MOVE chetan (lawn green): 75→65 [0.2ms]
[2026-05-06 10:55:29] MOVE asha (gray0): 19→20 [0.1ms]
[2026-05-06 10:55:29] MOVE chetan (lawn green): 65→75 [0.1ms]
[2026-05-06 10:55:29] MOVE asha (gray0): 20→19 [0.1ms]
[2026-05-06 10:55:29] MOVE chetan (lawn green): 75→65 [0.2ms]
[2026-05-06 10:55:29] MOVE asha (gray0): 19→20 [0.1ms]
[2026-05-06 10:55:29] MOVE chetan (lawn green): 65→75 [0.2ms]
[2026-05-06 10:55:30] MOVE asha (gray0): 20→19 [0.4ms]
[2026-05-06 10:55:30] MOVE chetan (lawn green): 75→65 [0.1ms]
[2026-05-06 10:55:30] MOVE asha (gray0): 19→20 [0.1ms]
[2026-05-06 10:55:30] MOVE chetan (lawn green): 65→75 [0.2ms]
[2026-05-06 10:55:30] MOVE asha (gray0): 20→19 [0.1ms]
[2026-05-06 10:55:30] MOVE chetan (lawn green): 75→65 [0.2ms]
[2026-05-06 10:55:31] MOVE asha (gray0): 19→20 [0.1ms]
[2026-05-06 10:55:31] MOVE chetan (lawn green): 65→75 [0.2ms]
[2026-05-06 10:55:31] MOVE asha (gray0): 20→19 [0.1ms]
[2026-05-06 10:55:31] MOVE chetan (lawn green): 75→65 [0.2ms]
[2026-05-06 10:55:31] MOVE asha (gray0): 19→20 [0.2ms]
[2026-05-06 10:55:31] MOVE chetan (lawn green): 65→75 [0.1ms]
[2026-05-06 10:55:32] MOVE asha (gray0): 20→19 [0.1ms]
[2026-05-06 10:55:32] MOVE chetan (lawn green): 75→65 [0.1ms]
[2026-05-06 10:55:32] MOVE asha (gray0): 19→20 [0.1ms]
[2026-05-06 10:55:32] MOVE chetan (lawn green): 65→75 [0.1ms]
[2026-05-06 10:55:32] MOVE asha (gray0): 20→19 [0.2ms]
[2026-05-06 10:55:32] MOVE chetan (lawn green): 75→65 [0.2ms]
[2026-05-06 10:55:33] MOVE asha (gray0): 19→20 [0.1ms]
[2026-05-06 10:55:33] MOVE chetan (lawn green): 65→75 [0.1ms]
[2026-05-06 10:55:33] MOVE asha (gray0): 20→19 [0.1ms]
[2026-05-06 10:55:33] MOVE chetan (lawn green): 75→65 [0.1ms]
[2026-05-06 10:55:33] MOVE asha (gray0): 19→20 [0.1ms]
[2026-05-06 10:55:33] MOVE chetan (lawn green): 65→75 [0.3ms]
[2026-05-06 10:55:34] MOVE asha (gray0): 20→19 [0.1ms]
[2026-05-06 10:55:34] MOVE chetan (lawn green): 75→65 [0.2ms]
[2026-05-06 10:55:34] MOVE asha (gray0): 19→20 [0.1ms]
[2026-05-06 10:55:34] MOVE chetan (lawn green): 65→75 [0.1ms]
[2026-05-06 10:55:34] MOVE asha (gray0): 20→19 [0.2ms]
[2026-05-06 10:55:34] MOVE chetan (lawn green): 75→65 [0.1ms]
[2026-05-06 10:55:35] MOVE asha (gray0): 19→20 [0.1ms]
[2026-05-06 10:55:35] MOVE chetan (lawn green): 65→75 [0.1ms]
[2026-05-06 10:55:35] MOVE asha (gray0): 20→19 [0.1ms]
[2026-05-06 10:55:35] MOVE chetan (lawn green): 75→65 [0.1ms]
[2026-05-06 10:55:35] MOVE asha (gray0): 19→20 [0.1ms]
[2026-05-06 10:55:35] MOVE chetan (lawn green): 65→75 [0.2ms]
[2026-05-06 10:55:35] MOVE asha (gray0): 20→19 [0.3ms]
[2026-05-06 10:55:36] MOVE chetan (lawn green): 75→65 [0.1ms]
[2026-05-06 10:55:36] MOVE asha (gray0): 19→20 [0.3ms]
[2026-05-06 10:55:36] MOVE chetan (lawn green): 65→75 [0.3ms]
[2026-05-06 10:55:36] MOVE asha (gray0): 20→19 [0.2ms]
[2026-05-06 10:55:36] MOVE chetan (lawn green): 75→65 [0.1ms]
[2026-05-06 10:55:37] MOVE asha (gray0): 19→20 [0.8ms]
[2026-05-06 10:55:37] MOVE chetan (lawn green): 65→75 [0.1ms]
[2026-05-06 10:55:37] MOVE asha (gray0): 20→19 [0.2ms]
[2026-05-06 10:55:37] MOVE chetan (lawn green): 75→65 [0.1ms]
[2026-05-06 10:55:37] MOVE asha (gray0): 19→20 [0.1ms]
[2026-05-06 10:55:37] MOVE chetan (lawn green): 65→75 [0.1ms]
[2026-05-06 10:55:38] MOVE asha (gray0): 20→19 [0.2ms]
[2026-05-06 10:55:38] MOVE chetan (lawn green): 75→65 [0.2ms]
[2026-05-06 10:55:38] MOVE asha (gray0): 19→20 [0.1ms]
[2026-05-06 10:55:38] MOVE chetan (lawn green): 65→75 [0.1ms]
[2026-05-06 10:55:38] MOVE asha (gray0): 20→19 [0.2ms]
[2026-05-06 10:55:38] MOVE chetan (lawn green): 75→65 [0.1ms]
[2026-05-06 10:55:39] MOVE asha (gray0): 19→20 [0.1ms]
[2026-05-06 10:55:39] MOVE chetan (lawn green): 65→75 [0.1ms]
[2026-05-06 10:55:39] MOVE asha (gray0): 20→19 [0.1ms]
[2026-05-06 10:55:39] MOVE chetan (lawn green): 75→65 [0.1ms]
[2026-05-06 10:55:39] MOVE asha (gray0): 19→20 [0.1ms]
[2026-05-06 10:55:39] MOVE chetan (lawn green): 65→75 [0.1ms]
[2026-05-06 10:55:39] MOVE asha (gray0): 20→19 [0.1ms]
[2026-05-06 10:55:40] MOVE chetan (lawn green): 75→65 [0.1ms]
[2026-05-06 10:55:40] MOVE asha (gray0): 19→20 [0.2ms]
[2026-05-06 10:55:40] MOVE chetan (lawn green): 65→75 [0.2ms]
[2026-05-06 10:55:40] MOVE asha (gray0): 20→19 [0.3ms]
[2026-05-06 10:55:40] MOVE chetan (lawn green): 75→65 [0.3ms]
[2026-05-06 10:55:40] MOVE asha (gray0): 19→20 [0.1ms]
[2026-05-06 10:55:41] MOVE chetan (lawn green): 65→75 [0.1ms]
[2026-05-06 10:55:41] MOVE asha (gray0): 20→19 [0.2ms]
[2026-05-06 10:55:41] MOVE chetan (lawn green): 75→65 [0.1ms]
[2026-05-06 10:55:41] MOVE asha (gray0): 19→20 [0.2ms]
[2026-05-06 10:55:41] MOVE chetan (lawn green): 65→75 [0.1ms]
[2026-05-06 10:55:41] MOVE asha (gray0): 20→19 [2.4ms]
[2026-05-06 10:55:42] MOVE chetan (lawn green): 75→65 [0.5ms]
[2026-05-06 10:55:42] MOVE asha (gray0): 19→20 [0.1ms]
[2026-05-06 10:55:42] MOVE chetan (lawn green): 65→75 [0.1ms]
[2026-05-06 10:55:42] MOVE asha (gray0): 20→19 [0.2ms]
[2026-05-06 10:55:42] MOVE chetan (lawn green): 75→65 [0.1ms]
[2026-05-06 10:55:42] MOVE asha (gray0): 19→20 [0.1ms]
[2026-05-06 10:55:43] MOVE chetan (lawn green): 65→75 [0.2ms]
[2026-05-06 10:55:43] MOVE asha (gray0): 20→19 [0.1ms]
[2026-05-06 10:55:43] MOVE chetan (lawn green): 75→65 [0.1ms]
[2026-05-06 10:55:43] MOVE asha (gray0): 19→20 [0.1ms]
[2026-05-06 10:55:43] MOVE chetan (lawn green): 65→75 [0.1ms]
[2026-05-06 10:55:43] MOVE asha (gray0): 20→19 [0.1ms]
[2026-05-06 10:55:44] MOVE chetan (lawn green): 75→65 [0.1ms]
[2026-05-06 10:55:44] MOVE asha (gray0): 19→20 [0.1ms]
[2026-05-06 10:55:44] MOVE chetan (lawn green): 65→75 [0.1ms]
[2026-05-06 10:55:44] MOVE asha (gray0): 20→19 [0.2ms]
[2026-05-06 10:55:44] MOVE chetan (lawn green): 75→65 [0.1ms]
[2026-05-06 10:55:44] MOVE asha (gray0): 19→20 [0.1ms]
[2026-05-06 10:55:44] MOVE chetan (lawn green): 65→75 [0.1ms]
[2026-05-06 10:55:45] MOVE asha (gray0): 20→19 [0.1ms]
[2026-05-06 10:55:45] MOVE chetan (lawn green): 75→65 [0.2ms]
[2026-05-06 10:55:45] MOVE asha (gray0): 19→20 [0.1ms]
[2026-05-06 10:55:45] MOVE chetan (lawn green): 65→75 [0.1ms]
[2026-05-06 10:55:45] MOVE asha (gray0): 20→19 [0.1ms]
[2026-05-06 10:55:46] MOVE chetan (lawn green): 75→65 [0.1ms]
[2026-05-06 10:55:46] MOVE asha (gray0): 19→20 [0.2ms]
[2026-05-06 10:55:46] MOVE chetan (lawn green): 65→75 [0.1ms]
[2026-05-06 10:55:46] MOVE asha (gray0): 20→19 [0.1ms]
[2026-05-06 10:55:46] MOVE chetan (lawn green): 75→65 [0.1ms]
[2026-05-06 10:55:46] MOVE asha (gray0): 19→20 [0.1ms]
[2026-05-06 10:55:47] MOVE chetan (lawn green): 65→75 [0.1ms]
[2026-05-06 10:55:47] MOVE asha (gray0): 20→19 [0.1ms]
[2026-05-06 10:55:47] MOVE chetan (lawn green): 75→65 [0.1ms]
[2026-05-06 10:55:47] MOVE asha (gray0): 19→20 [0.1ms]
[2026-05-06 10:55:47] MOVE chetan (lawn green): 65→75 [0.1ms]
[2026-05-06 10:55:47] MOVE asha (gray0): 20→19 [0.1ms]
[2026-05-06 10:55:48] MOVE chetan (lawn green): 75→65 [0.1ms]
[2026-05-06 10:55:48] MOVE asha (gray0): 19→20 [0.1ms]
[2026-05-06 10:55:48] MOVE chetan (lawn green): 65→75 [0.5ms]
[2026-05-06 10:55:48] MOVE asha (gray0): 20→19 [0.1ms]
[2026-05-06 10:55:48] MOVE chetan (lawn green): 75→65 [0.1ms]
[2026-05-06 10:55:49] MOVE asha (gray0): 19→20 [0.1ms]
[2026-05-06 10:55:49] MOVE chetan (lawn green): 65→75 [0.1ms]
[2026-05-06 10:55:49] MOVE asha (gray0): 20→19 [0.1ms]
[2026-05-06 10:55:49] MOVE chetan (lawn green): 75→65 [0.1ms]
[2026-05-06 10:55:49] MOVE asha (gray0): 19→20 [0.4ms]
[2026-05-06 10:55:49] MOVE chetan (lawn green): 65→75 [0.1ms]
[2026-05-06 10:55:50] MOVE asha (gray0): 20→19 [0.1ms]
[2026-05-06 10:55:50] MOVE chetan (lawn green): 75→65 [0.1ms]
[2026-05-06 10:55:50] MOVE asha (gray0): 19→20 [0.1ms]
[2026-05-06 10:55:50] MOVE chetan (lawn green): 65→75 [0.1ms]
[2026-05-06 10:55:50] MOVE asha (gray0): 20→19 [0.1ms]
[2026-05-06 10:55:50] MOVE chetan (lawn green): 75→65 [0.2ms]
[2026-05-06 10:55:51] MOVE asha (gray0): 19→20 [0.1ms]
[2026-05-06 10:55:51] MOVE chetan (lawn green): 65→75 [0.2ms]
[2026-05-06 10:55:51] MOVE asha (gray0): 20→19 [0.1ms]
[2026-05-06 10:55:51] MOVE chetan (lawn green): 75→65 [0.1ms]
[2026-05-06 10:55:51] MOVE asha (gray0): 19→20 [0.1ms]
[2026-05-06 10:55:51] MOVE chetan (lawn green): 65→75 [0.1ms]
[2026-05-06 10:55:51] MOVE asha (gray0): 20→19 [0.1ms]
[2026-05-06 10:55:52] MOVE chetan (lawn green): 75→65 [0.1ms]
[2026-05-06 10:55:52] MOVE asha (gray0): 19→20 [0.1ms]
[2026-05-06 10:55:52] MOVE chetan (lawn green): 65→75 [0.2ms]
[2026-05-06 10:55:52] MOVE asha (gray0): 20→19 [0.1ms]
[2026-05-06 10:55:52] MOVE chetan (lawn green): 75→65 [0.1ms]
[2026-05-06 10:55:52] MOVE asha (gray0): 19→20 [0.1ms]
[2026-05-06 10:55:52] MOVE chetan (lawn green): 65→75 [0.1ms]
[2026-05-06 10:55:53] MOVE asha (gray0): 20→19 [0.1ms]
[2026-05-06 10:55:53] MOVE chetan (lawn green): 75→65 [0.3ms]
[2026-05-06 10:55:53] MOVE asha (gray0): 19→20 [0.1ms]
[2026-05-06 10:55:53] MOVE chetan (lawn green): 65→75 [0.1ms]
[2026-05-06 10:55:53] MOVE asha (gray0): 20→19 [0.1ms]
[2026-05-06 10:55:54] MOVE chetan (lawn green): 75→65 [0.2ms]
[2026-05-06 10:55:54] MOVE asha (gray0): 19→20 [0.1ms]
[2026-05-06 10:55:54] MOVE chetan (lawn green): 65→75 [0.1ms]
[2026-05-06 10:55:54] MOVE asha (gray0): 20→19 [0.2ms]
[2026-05-06 10:55:54] MOVE chetan (lawn green): 75→65 [0.1ms]
[2026-05-06 10:55:54] MOVE asha (gray0): 19→20 [0.2ms]
[2026-05-06 10:55:55] MOVE chetan (lawn green): 65→75 [0.1ms]
[2026-05-06 10:55:55] MOVE asha (gray0): 20→19 [0.2ms]
[2026-05-06 10:55:55] MOVE chetan (lawn green): 75→65 [0.1ms]
[2026-05-06 10:55:55] MOVE asha (gray0): 19→20 [0.2ms]
[2026-05-06 10:55:55] MOVE chetan (lawn green): 65→75 [0.1ms]
[2026-05-06 10:55:55] MOVE asha (gray0): 20→19 [0.2ms]
[2026-05-06 10:55:55] MOVE chetan (lawn green): 75→65 [0.1ms]
[2026-05-06 10:55:56] MOVE asha (gray0): 19→20 [0.1ms]
[2026-05-06 10:55:56] MOVE chetan (lawn green): 65→75 [0.1ms]
[2026-05-06 10:55:56] MOVE asha (gray0): 20→19 [0.1ms]
[2026-05-06 10:55:56] MOVE chetan (lawn green): 75→65 [0.1ms]
[2026-05-06 10:55:56] MOVE asha (gray0): 19→20 [0.1ms]
[2026-05-06 10:55:56] MOVE chetan (lawn green): 65→75 [0.1ms]
[2026-05-06 10:55:57] MOVE asha (gray0): 20→19 [0.1ms]
[2026-05-06 10:55:57] MOVE chetan (lawn green): 75→65 [0.1ms]
[2026-05-06 10:55:57] MOVE asha (gray0): 19→20 [0.1ms]
[2026-05-06 10:55:57] MOVE chetan (lawn green): 65→75 [0.1ms]
[2026-05-06 10:55:57] MOVE asha (gray0): 20→19 [0.2ms]
[2026-05-06 10:55:57] MOVE chetan (lawn green): 75→65 [0.1ms]
[2026-05-06 10:55:58] MOVE asha (gray0): 19→20 [0.2ms]
[2026-05-06 10:55:58] MOVE chetan (lawn green): 65→75 [0.1ms]
[2026-05-06 10:55:58] MOVE asha (gray0): 20→19 [0.1ms]
[2026-05-06 10:55:58] MOVE chetan (lawn green): 75→65 [0.1ms]
[2026-05-06 10:55:58] MOVE asha (gray0): 19→20 [0.1ms]
[2026-05-06 10:55:58] MOVE chetan (lawn green): 65→75 [0.1ms]
[2026-05-06 10:55:59] MOVE asha (gray0): 20→19 [0.1ms]
[2026-05-06 10:55:59] MOVE chetan (lawn green): 75→65 [0.1ms]
[2026-05-06 10:55:59] MOVE asha (gray0): 19→20 [0.1ms]
[2026-05-06 10:55:59] MOVE chetan (lawn green): 65→75 [0.1ms]
[2026-05-06 10:55:59] MOVE asha (gray0): 20→19 [0.1ms]
[2026-05-06 10:55:59] MOVE chetan (lawn green): 75→65 [0.1ms]
[2026-05-06 10:56:00] MOVE asha (gray0): 19→20 [0.1ms]
[2026-05-06 10:56:00] MOVE chetan (lawn green): 65→75 [0.1ms]
[2026-05-06 10:56:00] MOVE asha (gray0): 20→19 [0.1ms]
[2026-05-06 10:56:00] MOVE chetan (lawn green): 75→65 [0.3ms]
[2026-05-06 10:56:00] MOVE asha (gray0): 19→20 [0.1ms]
[2026-05-06 10:56:00] MOVE chetan (lawn green): 65→75 [0.1ms]
[2026-05-06 10:56:01] MOVE asha (gray0): 20→19 [0.2ms]
[2026-05-06 10:56:01] MOVE chetan (lawn green): 75→65 [0.1ms]
[2026-05-06 10:56:01] MOVE asha (gray0): 19→20 [0.1ms]
[2026-05-06 10:56:01] MOVE chetan (lawn green): 65→75 [0.1ms]
[2026-05-06 10:56:01] MOVE asha (gray0): 20→19 [0.1ms]
[2026-05-06 10:56:01] MOVE chetan (lawn green): 75→65 [0.2ms]
[2026-05-06 10:56:02] MOVE asha (gray0): 19→20 [0.1ms]
[2026-05-06 10:56:02] MOVE chetan (lawn green): 65→75 [0.4ms]
[2026-05-06 10:56:02] MOVE asha (gray0): 20→19 [0.2ms]
[2026-05-06 10:56:02] MOVE chetan (lawn green): 75→65 [0.2ms]
[2026-05-06 10:56:02] MOVE asha (gray0): 19→20 [0.1ms]
[2026-05-06 10:56:03] MOVE chetan (lawn green): 65→75 [0.1ms]
[2026-05-06 10:56:03] MOVE asha (gray0): 20→19 [0.1ms]
[2026-05-06 10:56:03] MOVE chetan (lawn green): 75→65 [0.1ms]
[2026-05-06 10:56:03] MOVE asha (gray0): 19→20 [0.2ms]
[2026-05-06 10:56:03] MOVE chetan (lawn green): 65→75 [0.2ms]
[2026-05-06 10:56:03] MOVE asha (gray0): 20→19 [0.1ms]
[2026-05-06 10:56:04] MOVE chetan (lawn green): 75→65 [0.1ms]
[2026-05-06 10:56:04] MOVE asha (gray0): 19→20 [0.1ms]
[2026-05-06 10:56:04] MOVE chetan (lawn green): 65→75 [0.1ms]
[2026-05-06 10:56:04] MOVE asha (gray0): 20→19 [0.1ms]
[2026-05-06 10:56:04] MOVE chetan (lawn green): 75→65 [0.1ms]
[2026-05-06 10:56:04] MOVE asha (gray0): 19→20 [0.2ms]
[2026-05-06 10:56:05] MOVE chetan (lawn green): 65→75 [0.2ms]
[2026-05-06 10:56:05] MOVE asha (gray0): 20→19 [0.1ms]
[2026-05-06 10:56:05] MOVE chetan (lawn green): 75→65 [0.1ms]
[2026-05-06 10:56:05] MOVE asha (gray0): 19→20 [0.2ms]
[2026-05-06 10:56:05] MOVE chetan (lawn green): 65→75 [0.1ms]
[2026-05-06 10:56:05] MOVE asha (gray0): 20→19 [0.2ms]
[2026-05-06 10:56:06] MOVE chetan (lawn green): 75→65 [0.1ms]
[2026-05-06 10:56:06] MOVE asha (gray0): 19→20 [0.1ms]
[2026-05-06 10:56:06] MOVE chetan (lawn green): 65→75 [0.2ms]
[2026-05-06 10:56:06] MOVE asha (gray0): 20→19 [0.1ms]
[2026-05-06 10:56:07] MOVE chetan (lawn green): 75→65 [0.1ms]
[2026-05-06 10:56:07] MOVE asha (gray0): 19→20 [0.1ms]
[2026-05-06 10:56:07] MOVE chetan (lawn green): 65→75 [0.1ms]
[2026-05-06 10:56:07] MOVE asha (gray0): 20→19 [0.1ms]
[2026-05-06 10:56:07] MOVE chetan (lawn green): 75→65 [0.1ms]
[2026-05-06 10:56:08] MOVE asha (gray0): 19→20 [0.1ms]
[2026-05-06 10:56:08] MOVE chetan (lawn green): 65→75 [0.1ms]
[2026-05-06 10:56:08] MOVE asha (gray0): 20→19 [0.2ms]
[2026-05-06 10:56:08] MOVE chetan (lawn green): 75→65 [0.1ms]
[2026-05-06 10:56:08] MOVE asha (gray0): 19→20 [0.1ms]
[2026-05-06 10:56:08] MOVE chetan (lawn green): 65→75 [0.1ms]
[2026-05-06 10:56:09] MOVE asha (gray0): 20→19 [0.1ms]
[2026-05-06 10:56:09] MOVE chetan (lawn green): 75→65 [0.1ms]
[2026-05-06 10:56:09] MOVE asha (gray0): 19→20 [0.1ms]
[2026-05-06 10:56:09] MOVE chetan (lawn green): 65→75 [0.1ms]
[2026-05-06 10:56:09] MOVE asha (gray0): 20→19 [0.1ms]
[2026-05-06 10:56:10] MOVE chetan (lawn green): 75→65 [0.1ms]
[2026-05-06 10:56:10] MOVE asha (gray0): 19→20 [0.2ms]
[2026-05-06 10:56:10] MOVE chetan (lawn green): 65→75 [0.1ms]
[2026-05-06 10:56:10] MOVE asha (gray0): 20→19 [0.3ms]
[2026-05-06 10:56:10] MOVE chetan (lawn green): 75→65 [0.1ms]
[2026-05-06 10:56:10] MOVE asha (gray0): 19→20 [0.1ms]
[2026-05-06 10:56:10] MOVE chetan (lawn green): 65→75 [0.2ms]
[2026-05-06 10:56:10] MOVE asha (gray0): 20→19 [0.1ms]
[2026-05-06 10:56:11] MOVE chetan (lawn green): 75→65 [0.1ms]
[2026-05-06 10:56:11] MOVE asha (gray0): 19→20 [0.1ms]
[2026-05-06 10:56:11] MOVE chetan (lawn green): 65→75 [0.1ms]
[2026-05-06 10:56:11] MOVE asha (gray0): 20→19 [0.1ms]
[2026-05-06 10:56:11] MOVE chetan (lawn green): 75→65 [0.1ms]
[2026-05-06 10:56:11] MOVE asha (gray0): 19→20 [0.1ms]
[2026-05-06 10:56:12] MOVE chetan (lawn green): 65→75 [0.1ms]
[2026-05-06 10:56:12] MOVE asha (gray0): 20→19 [0.1ms]
[2026-05-06 10:56:12] MOVE chetan (lawn green): 75→65 [0.1ms]
[2026-05-06 10:56:12] MOVE asha (gray0): 19→20 [0.1ms]
[2026-05-06 10:56:12] MOVE chetan (lawn green): 65→75 [0.1ms]
[2026-05-06 10:56:12] MOVE asha (gray0): 20→19 [0.1ms]
[2026-05-06 10:56:13] MOVE chetan (lawn green): 75→65 [0.1ms]
[2026-05-06 10:56:13] MOVE asha (gray0): 19→20 [0.2ms]
[2026-05-06 10:56:13] MOVE chetan (lawn green): 65→75 [0.4ms]
[2026-05-06 10:56:13] MOVE asha (gray0): 20→19 [0.1ms]
[2026-05-06 10:56:13] MOVE chetan (lawn green): 75→65 [0.1ms]
[2026-05-06 10:56:13] MOVE asha (gray0): 19→20 [0.1ms]
[2026-05-06 10:56:14] MOVE chetan (lawn green): 65→75 [0.2ms]
[2026-05-06 10:56:14] MOVE asha (gray0): 20→19 [0.1ms]
[2026-05-06 10:56:14] MOVE chetan (lawn green): 75→65 [0.3ms]
[2026-05-06 10:56:14] MOVE asha (gray0): 19→20 [0.1ms]
[2026-05-06 10:56:14] MOVE chetan (lawn green): 65→75 [0.1ms]
[2026-05-06 10:56:14] MOVE asha (gray0): 20→19 [0.1ms]
[2026-05-06 10:56:15] MOVE chetan (lawn green): 75→65 [0.1ms]
[2026-05-06 10:56:15] MOVE asha (gray0): 19→20 [0.1ms]
[2026-05-06 10:56:15] MOVE chetan (lawn green): 65→75 [0.1ms]
[2026-05-06 10:56:15] MOVE asha (gray0): 20→19 [0.2ms]
[2026-05-06 10:56:15] MOVE chetan (lawn green): 75→65 [0.1ms]
[2026-05-06 10:56:15] MOVE asha (gray0): 19→20 [0.1ms]
[2026-05-06 10:56:16] MOVE chetan (lawn green): 65→75 [0.1ms]
[2026-05-06 10:56:16] MOVE asha (gray0): 20→19 [0.1ms]
[2026-05-06 10:56:16] MOVE chetan (lawn green): 75→65 [0.1ms]
[2026-05-06 10:56:16] MOVE asha (gray0): 19→20 [0.1ms]
[2026-05-06 10:56:16] MOVE chetan (lawn green): 65→75 [0.1ms]
[2026-05-06 10:56:16] MOVE asha (gray0): 20→19 [0.1ms]
[2026-05-06 10:56:17] MOVE chetan (lawn green): 75→65 [0.1ms]
[2026-05-06 10:56:17] MOVE asha (gray0): 19→20 [0.1ms]
[2026-05-06 10:56:17] MOVE chetan (lawn green): 65→75 [0.1ms]
[2026-05-06 10:56:17] MOVE asha (gray0): 20→19 [0.1ms]
[2026-05-06 10:56:17] MOVE chetan (lawn green): 75→65 [0.2ms]
[2026-05-06 10:56:17] MOVE asha (gray0): 19→20 [0.1ms]
[2026-05-06 10:56:17] MOVE chetan (lawn green): 65→75 [0.1ms]
[2026-05-06 10:56:18] MOVE asha (gray0): 20→19 [0.1ms]
[2026-05-06 10:56:18] MOVE chetan (lawn green): 75→65 [0.1ms]
[2026-05-06 10:56:18] MOVE asha (gray0): 19→20 [0.1ms]
[2026-05-06 10:56:18] MOVE chetan (lawn green): 65→75 [0.1ms]
[2026-05-06 10:56:18] MOVE asha (gray0): 20→19 [0.1ms]
[2026-05-06 10:56:18] MOVE chetan (lawn green): 75→65 [0.1ms]
[2026-05-06 10:56:18] MOVE asha (gray0): 19→20 [0.3ms]
[2026-05-06 10:56:19] MOVE chetan (lawn green): 65→75 [0.1ms]
[2026-05-06 10:56:19] MOVE asha (gray0): 20→19 [0.1ms]
[2026-05-06 10:56:19] MOVE chetan (lawn green): 75→65 [0.1ms]
[2026-05-06 10:56:19] MOVE asha (gray0): 19→20 [0.2ms]
[2026-05-06 10:56:19] MOVE chetan (lawn green): 65→75 [0.1ms]
[2026-05-06 10:56:19] MOVE asha (gray0): 20→19 [0.1ms]
[2026-05-06 10:56:20] MOVE chetan (lawn green): 75→65 [0.1ms]
[2026-05-06 10:56:20] MOVE asha (gray0): 19→20 [0.1ms]
[2026-05-06 10:56:20] MOVE chetan (lawn green): 65→75 [0.1ms]
[2026-05-06 10:56:20] MOVE asha (gray0): 20→19 [0.1ms]
[2026-05-06 10:56:20] MOVE chetan (lawn green): 75→65 [0.1ms]
[2026-05-06 10:56:20] MOVE asha (gray0): 19→20 [0.1ms]
[2026-05-06 10:56:21] MOVE chetan (lawn green): 65→75 [0.1ms]
[2026-05-06 10:56:21] MOVE asha (gray0): 20→19 [0.1ms]
[2026-05-06 10:56:21] MOVE chetan (lawn green): 75→65 [0.1ms]
[2026-05-06 10:56:21] MOVE asha (gray0): 19→20 [0.1ms]
[2026-05-06 10:56:21] MOVE chetan (lawn green): 65→75 [0.2ms]
[2026-05-06 10:56:21] MOVE asha (gray0): 20→19 [0.1ms]
[2026-05-06 10:56:22] MOVE chetan (lawn green): 75→65 [0.1ms]
[2026-05-06 10:56:22] MOVE asha (gray0): 19→20 [0.3ms]
[2026-05-06 10:56:22] MOVE chetan (lawn green): 65→75 [0.1ms]
[2026-05-06 10:56:22] MOVE asha (gray0): 20→19 [0.1ms]
[2026-05-06 10:56:22] MOVE chetan (lawn green): 75→65 [0.1ms]
[2026-05-06 10:56:22] MOVE asha (gray0): 19→20 [0.2ms]
[2026-05-06 10:56:23] MOVE chetan (lawn green): 65→75 [0.1ms]
[2026-05-06 10:56:23] MOVE asha (gray0): 20→19 [0.1ms]
[2026-05-06 10:56:23] MOVE chetan (lawn green): 75→65 [0.1ms]
[2026-05-06 10:56:23] MOVE asha (gray0): 19→20 [0.1ms]
[2026-05-06 10:56:23] MOVE chetan (lawn green): 65→75 [0.1ms]
[2026-05-06 10:56:23] MOVE asha (gray0): 20→19 [0.1ms]
[2026-05-06 10:56:23] MOVE chetan (lawn green): 75→65 [0.1ms]
[2026-05-06 10:56:24] MOVE asha (gray0): 19→20 [0.1ms]
[2026-05-06 10:56:24] MOVE chetan (lawn green): 65→75 [0.1ms]
[2026-05-06 10:56:24] MOVE asha (gray0): 20→19 [0.1ms]
[2026-05-06 10:56:24] MOVE chetan (lawn green): 75→65 [0.1ms]
[2026-05-06 10:56:24] MOVE asha (gray0): 19→20 [0.1ms]
[2026-05-06 10:56:24] MOVE chetan (lawn green): 65→75 [0.2ms]
[2026-05-06 10:56:25] MOVE asha (gray0): 20→19 [0.1ms]
[2026-05-06 10:56:25] MOVE chetan (lawn green): 75→65 [0.1ms]
[2026-05-06 10:56:25] MOVE asha (gray0): 19→20 [0.1ms]
[2026-05-06 10:56:25] MOVE chetan (lawn green): 65→75 [0.2ms]
[2026-05-06 10:56:25] MOVE asha (gray0): 20→19 [0.1ms]
[2026-05-06 10:56:25] MOVE chetan (lawn green): 75→65 [0.1ms]
[2026-05-06 10:56:26] MOVE asha (gray0): 19→20 [0.1ms]
[2026-05-06 10:56:26] MOVE chetan (lawn green): 65→75 [0.1ms]
[2026-05-06 10:56:26] MOVE asha (gray0): 20→19 [0.1ms]
[2026-05-06 10:56:26] MOVE chetan (lawn green): 75→65 [0.1ms]
[2026-05-06 10:56:26] MOVE asha (gray0): 19→20 [0.1ms]
[2026-05-06 10:56:26] MOVE chetan (lawn green): 65→75 [0.2ms]
[2026-05-06 10:56:26] MOVE asha (gray0): 20→19 [0.1ms]
[2026-05-06 10:56:27] MOVE chetan (lawn green): 75→65 [0.3ms]
[2026-05-06 10:56:27] MOVE asha (gray0): 19→20 [0.2ms]
[2026-05-06 10:56:27] MOVE chetan (lawn green): 65→75 [0.1ms]
[2026-05-06 10:56:27] MOVE asha (gray0): 20→19 [0.1ms]
[2026-05-06 10:56:27] MOVE chetan (lawn green): 75→65 [0.1ms]
[2026-05-06 10:56:27] MOVE asha (gray0): 19→20 [0.1ms]
[2026-05-06 10:56:28] MOVE chetan (lawn green): 65→75 [0.1ms]
[2026-05-06 10:56:28] MOVE asha (gray0): 20→19 [0.1ms]
[2026-05-06 10:56:28] MOVE chetan (lawn green): 75→65 [0.1ms]
[2026-05-06 10:56:28] MOVE asha (gray0): 19→20 [0.1ms]
[2026-05-06 10:56:28] MOVE chetan (lawn green): 65→75 [0.2ms]
[2026-05-06 10:56:28] MOVE asha (gray0): 20→19 [0.1ms]
[2026-05-06 10:56:29] MOVE chetan (lawn green): 75→65 [0.1ms]
[2026-05-06 10:56:29] MOVE asha (gray0): 19→20 [0.1ms]
[2026-05-06 10:56:29] MOVE chetan (lawn green): 65→75 [0.1ms]
[2026-05-06 10:56:29] MOVE asha (gray0): 20→19 [0.1ms]
[2026-05-06 10:56:29] MOVE chetan (lawn green): 75→65 [0.1ms]
[2026-05-06 10:56:30] MOVE asha (gray0): 19→20 [0.1ms]
[2026-05-06 10:56:30] MOVE chetan (lawn green): 65→75 [0.1ms]
[2026-05-06 10:56:30] MOVE asha (gray0): 20→19 [0.1ms]
[2026-05-06 10:56:30] MOVE chetan (lawn green): 75→65 [0.1ms]
[2026-05-06 10:56:30] MOVE asha (gray0): 19→20 [0.1ms]
[2026-05-06 10:56:31] MOVE chetan (lawn green): 65→75 [0.1ms]
[2026-05-06 10:56:31] MOVE asha (gray0): 20→19 [0.1ms]
[2026-05-06 10:56:31] MOVE chetan (lawn green): 75→65 [0.1ms]
[2026-05-06 10:56:31] MOVE asha (gray0): 19→20 [0.1ms]
[2026-05-06 10:56:31] MOVE chetan (lawn green): 65→75 [0.2ms]
[2026-05-06 10:56:32] MOVE asha (gray0): 20→19 [0.1ms]
[2026-05-06 10:56:32] MOVE chetan (lawn green): 75→65 [0.1ms]
[2026-05-06 10:56:32] MOVE asha (gray0): 19→20 [0.1ms]
[2026-05-06 10:56:33] MOVE chetan (lawn green): 65→75 [0.1ms]
[2026-05-06 10:56:33] MOVE asha (gray0): 20→19 [0.1ms]
[2026-05-06 10:56:33] MOVE chetan (lawn green): 75→65 [0.2ms]
[2026-05-06 10:56:33] MOVE asha (gray0): 19→20 [0.1ms]
[2026-05-06 10:56:33] MOVE chetan (lawn green): 65→75 [0.1ms]
[2026-05-06 10:56:33] MOVE asha (gray0): 20→19 [0.1ms]
[2026-05-06 10:56:33] MOVE chetan (lawn green): 75→65 [0.1ms]
[2026-05-06 10:56:34] MOVE asha (gray0): 19→20 [0.1ms]
[2026-05-06 10:56:34] MOVE chetan (lawn green): 65→75 [0.2ms]
[2026-05-06 10:56:34] MOVE asha (gray0): 20→19 [0.2ms]
[2026-05-06 10:56:34] MOVE chetan (lawn green): 75→65 [0.1ms]
[2026-05-06 10:56:34] MOVE asha (gray0): 19→20 [0.1ms]
[2026-05-06 10:56:34] MOVE chetan (lawn green): 65→75 [0.1ms]
[2026-05-06 10:56:35] MOVE asha (gray0): 20→19 [0.1ms]
[2026-05-06 10:56:35] MOVE chetan (lawn green): 75→65 [0.2ms]
[2026-05-06 10:56:35] MOVE asha (gray0): 19→20 [0.1ms]
[2026-05-06 10:56:35] MOVE chetan (lawn green): 65→75 [0.3ms]
[2026-05-06 10:56:36] MOVE asha (gray0): 20→19 [0.1ms]
[2026-05-06 10:56:36] MOVE chetan (lawn green): 75→65 [0.1ms]
[2026-05-06 10:56:36] MOVE asha (gray0): 19→20 [0.1ms]
[2026-05-06 10:56:36] MOVE chetan (lawn green): 65→75 [0.2ms]
[2026-05-06 10:56:36] MOVE asha (gray0): 20→19 [0.1ms]
[2026-05-06 10:56:36] MOVE chetan (lawn green): 75→65 [0.1ms]
[2026-05-06 10:56:37] MOVE asha (gray0): 19→20 [0.1ms]
[2026-05-06 10:56:37] MOVE chetan (lawn green): 65→75 [0.3ms]
[2026-05-06 10:56:37] MOVE asha (gray0): 20→19 [0.1ms]
[2026-05-06 10:56:37] MOVE chetan (lawn green): 75→65 [0.1ms]
[2026-05-06 10:56:37] MOVE asha (gray0): 19→20 [0.1ms]
[2026-05-06 10:56:37] MOVE chetan (lawn green): 65→75 [0.3ms]
[2026-05-06 10:56:38] MOVE asha (gray0): 20→19 [0.1ms]
[2026-05-06 10:56:38] MOVE chetan (lawn green): 75→65 [0.1ms]
[2026-05-06 10:56:38] MOVE asha (gray0): 19→20 [0.1ms]
[2026-05-06 10:56:38] MOVE chetan (lawn green): 65→75 [0.1ms]
[2026-05-06 10:56:38] MOVE asha (gray0): 20→19 [0.1ms]
[2026-05-06 10:56:38] MOVE chetan (lawn green): 75→65 [0.1ms]
[2026-05-06 10:56:39] MOVE asha (gray0): 19→20 [0.1ms]
[2026-05-06 10:56:39] MOVE chetan (lawn green): 65→75 [0.1ms]
[2026-05-06 10:56:39] MOVE asha (gray0): 20→19 [0.1ms]
[2026-05-06 10:56:39] MOVE chetan (lawn green): 75→65 [0.1ms]
[2026-05-06 10:56:39] MOVE asha (gray0): 19→20 [0.1ms]
[2026-05-06 10:56:39] MOVE chetan (lawn green): 65→75 [0.1ms]
[2026-05-06 10:56:40] MOVE asha (gray0): 20→19 [0.1ms]
[2026-05-06 10:56:40] MOVE chetan (lawn green): 75→65 [0.3ms]
[2026-05-06 10:56:40] MOVE asha (gray0): 19→20 [0.1ms]
[2026-05-06 10:56:40] MOVE chetan (lawn green): 65→75 [0.1ms]
[2026-05-06 10:56:40] MOVE asha (gray0): 20→19 [0.1ms]
[2026-05-06 10:56:40] MOVE chetan (lawn green): 75→65 [0.1ms]
[2026-05-06 10:56:40] MOVE asha (gray0): 19→20 [0.1ms]
[2026-05-06 10:56:41] MOVE chetan (lawn green): 65→75 [0.2ms]
[2026-05-06 10:56:41] MOVE asha (gray0): 20→19 [0.1ms]
[2026-05-06 10:56:41] MOVE chetan (lawn green): 75→65 [0.1ms]
[2026-05-06 10:56:41] MOVE asha (gray0): 19→20 [0.1ms]
[2026-05-06 10:56:41] MOVE chetan (lawn green): 65→75 [0.1ms]
[2026-05-06 10:56:41] MOVE asha (gray0): 20→19 [0.1ms]
[2026-05-06 10:56:42] MOVE chetan (lawn green): 75→65 [0.1ms]
[2026-05-06 10:56:42] MOVE asha (gray0): 19→20 [0.1ms]
[2026-05-06 10:56:42] MOVE chetan (lawn green): 65→75 [0.2ms]
[2026-05-06 10:56:42] MOVE asha (gray0): 20→19 [0.1ms]
[2026-05-06 10:56:42] MOVE chetan (lawn green): 75→65 [0.1ms]
[2026-05-06 10:56:42] MOVE asha (gray0): 19→20 [0.1ms]
[2026-05-06 10:56:42] MOVE chetan (lawn green): 65→75 [0.1ms]
[2026-05-06 10:56:43] MOVE asha (gray0): 20→19 [0.1ms]
[2026-05-06 10:56:43] MOVE chetan (lawn green): 75→65 [0.1ms]
[2026-05-06 10:56:43] MOVE asha (gray0): 19→20 [0.1ms]
[2026-05-06 10:56:43] MOVE chetan (lawn green): 65→75 [0.1ms]
[2026-05-06 10:56:43] MOVE asha (gray0): 20→19 [0.1ms]
[2026-05-06 10:56:43] MOVE chetan (lawn green): 75→65 [0.1ms]
[2026-05-06 10:56:44] MOVE asha (gray0): 19→20 [0.2ms]
[2026-05-06 10:56:44] MOVE chetan (lawn green): 65→75 [0.1ms]
[2026-05-06 10:56:44] MOVE asha (gray0): 20→19 [0.1ms]
[2026-05-06 10:56:44] MOVE chetan (lawn green): 75→65 [0.1ms]
[2026-05-06 10:56:44] MOVE asha (gray0): 19→20 [0.1ms]
[2026-05-06 10:56:44] MOVE chetan (lawn green): 65→75 [0.2ms]
[2026-05-06 10:56:45] MOVE asha (gray0): 20→19 [0.1ms]
[2026-05-06 10:56:45] MOVE chetan (lawn green): 75→65 [0.1ms]
[2026-05-06 10:56:45] MOVE asha (gray0): 19→20 [0.1ms]
[2026-05-06 10:56:45] MOVE chetan (lawn green): 65→75 [0.1ms]
[2026-05-06 10:56:45] MOVE asha (gray0): 20→19 [0.1ms]
[2026-05-06 10:56:45] MOVE chetan (lawn green): 75→65 [0.1ms]
[2026-05-06 10:56:46] MOVE asha (gray0): 19→20 [0.2ms]
[2026-05-06 10:56:46] MOVE chetan (lawn green): 65→75 [0.1ms]
[2026-05-06 10:56:46] MOVE asha (gray0): 20→19 [0.1ms]
[2026-05-06 10:56:46] MOVE chetan (lawn green): 75→65 [0.1ms]
[2026-05-06 10:56:46] MOVE asha (gray0): 19→20 [0.1ms]
[2026-05-06 10:56:46] MOVE chetan (lawn green): 65→75 [0.3ms]
[2026-05-06 10:56:46] MOVE asha (gray0): 20→19 [0.1ms]
[2026-05-06 10:56:47] MOVE chetan (lawn green): 75→65 [0.1ms]
[2026-05-06 10:56:47] MOVE asha (gray0): 19→20 [0.1ms]
[2026-05-06 10:56:47] MOVE chetan (lawn green): 65→75 [0.2ms]
[2026-05-06 10:56:47] MOVE asha (gray0): 20→19 [0.1ms]
[2026-05-06 10:56:47] MOVE chetan (lawn green): 75→65 [0.1ms]
[2026-05-06 10:56:47] MOVE asha (gray0): 19→20 [0.1ms]
[2026-05-06 10:56:48] MOVE chetan (lawn green): 65→75 [0.1ms]
[2026-05-06 10:56:48] MOVE asha (gray0): 20→19 [0.1ms]
[2026-05-06 10:56:48] MOVE chetan (lawn green): 75→65 [0.1ms]
[2026-05-06 10:56:48] MOVE asha (gray0): 19→20 [0.2ms]
[2026-05-06 10:56:48] MOVE chetan (lawn green): 65→75 [0.1ms]
[2026-05-06 10:56:48] MOVE asha (gray0): 20→19 [0.1ms]
[2026-05-06 10:56:49] MOVE chetan (lawn green): 75→65 [0.1ms]
[2026-05-06 10:56:49] MOVE asha (gray0): 19→20 [0.1ms]
[2026-05-06 10:56:49] MOVE chetan (lawn green): 65→75 [0.2ms]
[2026-05-06 10:56:49] MOVE asha (gray0): 20→19 [0.2ms]
[2026-05-06 10:56:49] MOVE chetan (lawn green): 75→65 [0.1ms]
[2026-05-06 10:56:49] MOVE asha (gray0): 19→20 [0.1ms]
[2026-05-06 10:56:49] MOVE chetan (lawn green): 65→75 [0.1ms]
[2026-05-06 10:56:50] MOVE asha (gray0): 20→19 [0.2ms]
[2026-05-06 10:56:50] MOVE chetan (lawn green): 75→65 [0.1ms]
[2026-05-06 10:56:50] MOVE asha (gray0): 19→20 [0.1ms]
[2026-05-06 10:56:50] MOVE chetan (lawn green): 65→75 [0.1ms]
[2026-05-06 10:56:50] MOVE asha (gray0): 20→19 [0.2ms]
[2026-05-06 10:56:50] MOVE chetan (lawn green): 75→65 [0.1ms]
[2026-05-06 10:56:51] MOVE asha (gray0): 19→20 [0.1ms]
[2026-05-06 10:56:51] MOVE chetan (lawn green): 65→75 [0.1ms]
[2026-05-06 10:56:51] MOVE asha (gray0): 20→19 [0.1ms]
[2026-05-06 10:56:51] MOVE chetan (lawn green): 75→65 [0.1ms]
[2026-05-06 10:56:51] MOVE asha (gray0): 19→20 [0.1ms]
[2026-05-06 10:56:51] MOVE chetan (lawn green): 65→75 [0.1ms]
[2026-05-06 10:56:52] MOVE asha (gray0): 20→19 [0.2ms]
[2026-05-06 10:56:52] MOVE chetan (lawn green): 75→65 [0.1ms]
[2026-05-06 10:56:52] MOVE asha (gray0): 19→20 [0.1ms]
[2026-05-06 10:56:52] MOVE chetan (lawn green): 65→75 [0.1ms]
[2026-05-06 10:56:52] MOVE asha (gray0): 20→19 [0.1ms]
[2026-05-06 10:56:52] MOVE chetan (lawn green): 75→65 [0.1ms]
[2026-05-06 10:56:53] MOVE asha (gray0): 19→20 [0.1ms]
[2026-05-06 10:56:53] MOVE chetan (lawn green): 65→75 [0.2ms]
[2026-05-06 10:56:53] MOVE asha (gray0): 20→19 [0.1ms]
[2026-05-06 10:56:53] MOVE chetan (lawn green): 75→65 [0.1ms]
[2026-05-06 10:56:53] MOVE asha (gray0): 19→20 [0.1ms]
[2026-05-06 10:56:53] MOVE chetan (lawn green): 65→75 [0.1ms]
[2026-05-06 10:56:53] MOVE asha (gray0): 20→19 [0.1ms]
[2026-05-06 10:56:54] MOVE chetan (lawn green): 75→65 [0.2ms]
[2026-05-06 10:56:54] MOVE asha (gray0): 19→20 [0.2ms]
[2026-05-06 10:56:54] MOVE chetan (lawn green): 65→75 [0.1ms]
[2026-05-06 10:56:54] MOVE asha (gray0): 20→19 [0.1ms]
[2026-05-06 10:56:54] MOVE chetan (lawn green): 75→65 [0.2ms]
[2026-05-06 10:56:54] MOVE asha (gray0): 19→20 [0.1ms]
[2026-05-06 10:56:55] MOVE chetan (lawn green): 65→75 [0.1ms]
[2026-05-06 10:56:55] MOVE asha (gray0): 20→19 [0.1ms]
[2026-05-06 10:56:55] MOVE chetan (lawn green): 75→65 [0.1ms]
[2026-05-06 10:56:55] MOVE asha (gray0): 19→20 [0.1ms]
[2026-05-06 10:56:55] MOVE chetan (lawn green): 65→75 [0.2ms]
[2026-05-06 10:56:55] MOVE asha (gray0): 20→19 [0.1ms]
[2026-05-06 10:56:56] MOVE chetan (lawn green): 75→65 [0.1ms]
[2026-05-06 10:56:56] MOVE asha (gray0): 19→20 [0.1ms]
[2026-05-06 10:56:56] MOVE chetan (lawn green): 65→75 [0.1ms]
[2026-05-06 10:56:56] MOVE asha (gray0): 20→19 [0.1ms]
[2026-05-06 10:56:56] MOVE chetan (lawn green): 75→65 [0.1ms]
[2026-05-06 10:56:56] MOVE asha (gray0): 19→20 [0.1ms]
[2026-05-06 10:56:57] MOVE chetan (lawn green): 65→75 [0.1ms]
[2026-05-06 10:56:57] MOVE asha (gray0): 20→19 [0.1ms]
[2026-05-06 10:56:57] MOVE chetan (lawn green): 75→65 [0.3ms]
[2026-05-06 10:56:57] MOVE asha (gray0): 19→20 [0.1ms]
[2026-05-06 10:56:57] MOVE chetan (lawn green): 65→75 [0.1ms]
[2026-05-06 10:56:57] MOVE asha (gray0): 20→19 [0.2ms]
[2026-05-06 10:56:58] MOVE chetan (lawn green): 75→65 [0.1ms]
[2026-05-06 10:56:58] MOVE asha (gray0): 19→20 [0.1ms]
[2026-05-06 10:56:58] MOVE chetan (lawn green): 65→75 [0.1ms]
[2026-05-06 10:56:58] MOVE asha (gray0): 20→19 [0.1ms]
[2026-05-06 10:56:58] MOVE chetan (lawn green): 75→65 [0.1ms]
[2026-05-06 10:56:58] MOVE asha (gray0): 19→20 [0.1ms]
[2026-05-06 10:56:58] MOVE chetan (lawn green): 65→75 [0.1ms]
[2026-05-06 10:56:59] MOVE asha (gray0): 20→19 [0.1ms]
[2026-05-06 10:56:59] MOVE chetan (lawn green): 75→65 [0.1ms]
[2026-05-06 10:56:59] MOVE asha (gray0): 19→20 [0.1ms]
[2026-05-06 10:56:59] MOVE chetan (lawn green): 65→75 [1.2ms]
[2026-05-06 10:56:59] MOVE asha (gray0): 20→19 [0.6ms]
[2026-05-06 10:56:59] MOVE chetan (lawn green): 75→65 [0.1ms]
[2026-05-06 10:57:00] MOVE asha (gray0): 19→20 [2.0ms]
[2026-05-06 10:57:00] MOVE chetan (lawn green): 65→75 [0.1ms]
[2026-05-06 10:57:00] MOVE asha (gray0): 20→19 [0.1ms]
[2026-05-06 10:57:00] MOVE chetan (lawn green): 75→65 [0.2ms]
[2026-05-06 10:57:00] MOVE asha (gray0): 19→20 [0.1ms]
[2026-05-06 10:57:00] MOVE chetan (lawn green): 65→75 [0.1ms]
[2026-05-06 10:57:01] MOVE asha (gray0): 20→19 [0.2ms]
[2026-05-06 10:57:01] MOVE chetan (lawn green): 75→65 [0.1ms]
[2026-05-06 10:57:01] MOVE asha (gray0): 19→20 [0.1ms]
[2026-05-06 10:57:01] MOVE chetan (lawn green): 65→75 [0.1ms]
[2026-05-06 10:57:01] MOVE asha (gray0): 20→19 [0.1ms]
[2026-05-06 10:57:01] MOVE chetan (lawn green): 75→65 [0.2ms]
[2026-05-06 10:57:02] MOVE asha (gray0): 19→20 [0.2ms]
[2026-05-06 10:57:02] MOVE chetan (lawn green): 65→75 [0.1ms]
[2026-05-06 10:57:02] MOVE asha (gray0): 20→19 [0.1ms]
[2026-05-06 10:57:02] MOVE chetan (lawn green): 75→65 [0.2ms]
[2026-05-06 10:57:02] MOVE asha (gray0): 19→20 [0.1ms]
[2026-05-06 10:57:02] MOVE chetan (lawn green): 65→75 [0.1ms]
[2026-05-06 10:57:02] MOVE asha (gray0): 20→19 [0.1ms]
[2026-05-06 10:57:03] MOVE chetan (lawn green): 75→65 [0.1ms]
[2026-05-06 10:57:03] MOVE asha (gray0): 19→20 [0.1ms]
[2026-05-06 10:57:03] MOVE chetan (lawn green): 65→75 [0.1ms]
[2026-05-06 10:57:03] MOVE asha (gray0): 20→19 [0.1ms]
[2026-05-06 10:57:03] MOVE chetan (lawn green): 75→65 [0.1ms]
[2026-05-06 10:57:03] MOVE asha (gray0): 19→20 [0.1ms]
[2026-05-06 10:57:04] MOVE chetan (lawn green): 65→75 [0.1ms]
[2026-05-06 10:57:04] MOVE asha (gray0): 20→19 [0.1ms]
[2026-05-06 10:57:04] MOVE chetan (lawn green): 75→65 [0.1ms]
[2026-05-06 10:57:04] MOVE asha (gray0): 19→20 [0.1ms]
[2026-05-06 10:57:04] MOVE chetan (lawn green): 65→75 [0.1ms]
[2026-05-06 10:57:04] MOVE asha (gray0): 20→19 [0.1ms]
[2026-05-06 10:57:05] MOVE chetan (lawn green): 75→65 [0.2ms]
[2026-05-06 10:57:05] MOVE asha (gray0): 19→20 [0.2ms]
[2026-05-06 10:57:05] MOVE chetan (lawn green): 65→75 [0.1ms]
[2026-05-06 10:57:05] MOVE asha (gray0): 20→19 [0.1ms]
[2026-05-06 10:57:05] MOVE chetan (lawn green): 75→65 [0.1ms]
[2026-05-06 10:57:05] MOVE asha (gray0): 19→20 [0.1ms]
[2026-05-06 10:57:06] MOVE chetan (lawn green): 65→75 [0.1ms]
[2026-05-06 10:57:06] MOVE asha (gray0): 20→19 [0.1ms]
[2026-05-06 10:57:06] MOVE chetan (lawn green): 75→65 [0.2ms]
[2026-05-06 10:57:06] MOVE asha (gray0): 19→20 [0.1ms]
[2026-05-06 10:57:06] MOVE chetan (lawn green): 65→75 [0.1ms]
[2026-05-06 10:57:06] MOVE asha (gray0): 20→19 [0.1ms]
[2026-05-06 10:57:06] MOVE chetan (lawn green): 75→65 [0.2ms]
[2026-05-06 10:57:07] MOVE asha (gray0): 19→20 [0.1ms]
[2026-05-06 10:57:07] MOVE chetan (lawn green): 65→75 [0.1ms]
[2026-05-06 10:57:07] MOVE asha (gray0): 20→19 [0.1ms]
[2026-05-06 10:57:07] MOVE chetan (lawn green): 75→65 [0.1ms]
[2026-05-06 10:57:07] MOVE asha (gray0): 19→20 [0.1ms]
[2026-05-06 10:57:07] MOVE chetan (lawn green): 65→75 [0.2ms]
[2026-05-06 10:57:08] MOVE asha (gray0): 20→19 [0.1ms]
[2026-05-06 10:57:08] MOVE chetan (lawn green): 75→65 [0.1ms]
[2026-05-06 10:57:08] MOVE asha (gray0): 19→20 [0.1ms]
[2026-05-06 10:57:08] MOVE chetan (lawn green): 65→75 [0.2ms]
[2026-05-06 10:57:08] MOVE asha (gray0): 20→19 [0.1ms]
[2026-05-06 10:57:08] MOVE chetan (lawn green): 75→65 [0.1ms]
[2026-05-06 10:57:09] MOVE asha (gray0): 19→20 [0.1ms]
[2026-05-06 10:57:09] MOVE chetan (lawn green): 65→75 [0.2ms]
[2026-05-06 10:57:09] MOVE asha (gray0): 20→19 [0.1ms]
[2026-05-06 10:57:09] MOVE chetan (lawn green): 75→65 [0.1ms]
[2026-05-06 10:57:09] MOVE asha (gray0): 19→20 [0.1ms]
[2026-05-06 10:57:09] MOVE chetan (lawn green): 65→75 [0.1ms]
[2026-05-06 10:57:09] MOVE asha (gray0): 20→19 [0.1ms]
[2026-05-06 10:57:10] MOVE chetan (lawn green): 75→65 [0.2ms]
[2026-05-06 10:57:10] MOVE asha (gray0): 19→20 [0.1ms]
[2026-05-06 10:57:10] MOVE chetan (lawn green): 65→75 [0.1ms]
[2026-05-06 10:57:10] MOVE asha (gray0): 20→19 [0.1ms]
[2026-05-06 10:57:10] MOVE chetan (lawn green): 75→65 [0.1ms]
[2026-05-06 10:57:10] MOVE asha (gray0): 19→20 [0.1ms]
[2026-05-06 10:57:11] MOVE chetan (lawn green): 65→75 [0.2ms]
[2026-05-06 10:57:11] MOVE asha (gray0): 20→19 [0.1ms]
[2026-05-06 10:57:11] MOVE chetan (lawn green): 75→65 [0.1ms]
[2026-05-06 10:57:11] MOVE asha (gray0): 19→20 [0.2ms]
[2026-05-06 10:57:11] MOVE chetan (lawn green): 65→75 [0.1ms]
[2026-05-06 10:57:11] MOVE asha (gray0): 20→19 [0.1ms]
[2026-05-06 10:57:12] MOVE chetan (lawn green): 75→65 [0.1ms]
[2026-05-06 10:57:12] MOVE asha (gray0): 19→20 [0.2ms]
[2026-05-06 10:57:12] MOVE chetan (lawn green): 65→75 [0.1ms]
[2026-05-06 10:57:12] MOVE asha (gray0): 20→19 [0.1ms]
[2026-05-06 10:57:12] MOVE chetan (lawn green): 75→65 [0.1ms]
[2026-05-06 10:57:12] MOVE asha (gray0): 19→20 [0.1ms]
[2026-05-06 10:57:13] MOVE chetan (lawn green): 65→75 [0.1ms]
[2026-05-06 10:57:13] MOVE asha (gray0): 20→19 [0.1ms]
[2026-05-06 10:57:13] MOVE chetan (lawn green): 75→65 [0.1ms]
[2026-05-06 10:57:13] MOVE asha (gray0): 19→20 [0.1ms]
[2026-05-06 10:57:13] MOVE chetan (lawn green): 65→75 [0.1ms]
[2026-05-06 10:57:13] MOVE asha (gray0): 20→19 [0.1ms]
[2026-05-06 10:57:14] MOVE chetan (lawn green): 75→65 [0.1ms]
[2026-05-06 10:57:14] MOVE asha (gray0): 19→20 [0.1ms]
[2026-05-06 10:57:14] MOVE chetan (lawn green): 65→75 [0.1ms]
[2026-05-06 10:57:14] MOVE asha (gray0): 20→19 [0.2ms]
[2026-05-06 10:57:14] MOVE chetan (lawn green): 75→65 [0.1ms]
[2026-05-06 10:57:14] MOVE asha (gray0): 19→20 [0.1ms]
[2026-05-06 10:57:15] MOVE chetan (lawn green): 65→75 [0.1ms]
[2026-05-06 10:57:15] MOVE asha (gray0): 20→19 [0.1ms]
[2026-05-06 10:57:15] MOVE chetan (lawn green): 75→65 [0.1ms]
[2026-05-06 10:57:15] MOVE asha (gray0): 19→20 [0.1ms]
[2026-05-06 10:57:15] MOVE chetan (lawn green): 65→75 [0.1ms]
[2026-05-06 10:57:15] MOVE asha (gray0): 20→19 [0.1ms]
[2026-05-06 10:57:15] MOVE chetan (lawn green): 75→65 [0.1ms]
[2026-05-06 10:57:16] MOVE asha (gray0): 19→20 [0.1ms]
[2026-05-06 10:57:16] MOVE chetan (lawn green): 65→75 [0.2ms]
[2026-05-06 10:57:16] MOVE asha (gray0): 20→19 [0.1ms]
[2026-05-06 10:57:16] MOVE chetan (lawn green): 75→65 [0.1ms]
[2026-05-06 10:57:16] MOVE asha (gray0): 19→20 [0.2ms]
[2026-05-06 10:57:16] MOVE chetan (lawn green): 65→75 [0.1ms]
[2026-05-06 10:57:17] MOVE asha (gray0): 20→19 [0.1ms]
[2026-05-06 10:57:17] MOVE chetan (lawn green): 75→65 [0.1ms]
[2026-05-06 10:57:17] MOVE asha (gray0): 19→20 [0.1ms]
[2026-05-06 10:57:17] MOVE chetan (lawn green): 65→75 [0.1ms]
[2026-05-06 10:57:17] MOVE asha (gray0): 20→19 [0.1ms]
[2026-05-06 10:57:17] MOVE chetan (lawn green): 75→65 [0.1ms]
[2026-05-06 10:57:18] MOVE asha (gray0): 19→20 [0.1ms]
[2026-05-06 10:57:18] MOVE chetan (lawn green): 65→75 [0.1ms]
[2026-05-06 10:57:18] MOVE asha (gray0): 20→19 [0.1ms]
[2026-05-06 10:57:18] MOVE chetan (lawn green): 75→65 [0.2ms]
[2026-05-06 10:57:18] MOVE asha (gray0): 19→20 [0.1ms]
[2026-05-06 10:57:18] MOVE chetan (lawn green): 65→75 [0.1ms]
[2026-05-06 10:57:19] MOVE asha (gray0): 20→19 [0.1ms]
[2026-05-06 10:57:19] MOVE chetan (lawn green): 75→65 [0.2ms]
[2026-05-06 10:57:19] MOVE asha (gray0): 19→20 [1.0ms]
[2026-05-06 10:57:19] MOVE chetan (lawn green): 65→75 [0.1ms]
[2026-05-06 10:57:19] MOVE asha (gray0): 20→19 [0.1ms]
[2026-05-06 10:57:19] MOVE chetan (lawn green): 75→65 [0.1ms]
[2026-05-06 10:57:20] MOVE asha (gray0): 19→20 [0.1ms]
[2026-05-06 10:57:20] MOVE chetan (lawn green): 65→75 [0.1ms]
[2026-05-06 10:57:20] MOVE asha (gray0): 20→19 [0.2ms]
[2026-05-06 10:57:20] MOVE chetan (lawn green): 75→65 [0.1ms]
[2026-05-06 10:57:20] MOVE asha (gray0): 19→20 [0.1ms]
[2026-05-06 10:57:20] MOVE chetan (lawn green): 65→75 [0.1ms]
[2026-05-06 10:57:21] MOVE asha (gray0): 20→19 [0.1ms]
[2026-05-06 10:57:21] MOVE chetan (lawn green): 75→65 [0.1ms]
[2026-05-06 10:57:21] MOVE asha (gray0): 19→20 [0.1ms]
[2026-05-06 10:57:21] MOVE chetan (lawn green): 65→75 [0.1ms]
[2026-05-06 10:57:21] MOVE asha (gray0): 20→19 [0.1ms]
[2026-05-06 10:57:21] MOVE chetan (lawn green): 75→65 [0.1ms]
[2026-05-06 10:57:21] MOVE asha (gray0): 19→20 [0.1ms]
[2026-05-06 10:57:22] MOVE chetan (lawn green): 65→75 [0.1ms]
[2026-05-06 10:57:22] MOVE asha (gray0): 20→19 [0.1ms]
[2026-05-06 10:57:22] MOVE chetan (lawn green): 75→65 [0.1ms]
[2026-05-06 10:57:22] MOVE asha (gray0): 19→20 [0.1ms]
[2026-05-06 10:57:22] MOVE chetan (lawn green): 65→75 [0.1ms]
[2026-05-06 10:57:22] MOVE asha (gray0): 20→19 [0.1ms]
[2026-05-06 10:57:22] MOVE chetan (lawn green): 75→65 [0.1ms]
[2026-05-06 10:57:23] MOVE asha (gray0): 19→20 [0.3ms]
[2026-05-06 10:57:23] MOVE chetan (lawn green): 65→75 [0.1ms]
[2026-05-06 10:57:23] MOVE asha (gray0): 20→19 [0.1ms]
[2026-05-06 10:57:23] MOVE chetan (lawn green): 75→65 [0.1ms]
[2026-05-06 10:57:23] MOVE asha (gray0): 19→20 [0.1ms]
[2026-05-06 10:57:23] MOVE chetan (lawn green): 65→75 [0.1ms]
[2026-05-06 10:57:24] MOVE asha (gray0): 20→19 [0.3ms]
[2026-05-06 10:57:24] MOVE chetan (lawn green): 75→65 [0.1ms]
[2026-05-06 10:57:24] MOVE asha (gray0): 19→20 [0.1ms]
[2026-05-06 10:57:24] MOVE chetan (lawn green): 65→75 [0.1ms]
[2026-05-06 10:57:24] MOVE asha (gray0): 20→19 [0.1ms]
[2026-05-06 10:57:25] MOVE chetan (lawn green): 75→65 [0.2ms]
[2026-05-06 10:57:25] MOVE asha (gray0): 19→20 [0.1ms]
[2026-05-06 10:57:25] MOVE chetan (lawn green): 65→75 [0.1ms]
[2026-05-06 10:57:25] MOVE asha (gray0): 20→19 [0.1ms]
[2026-05-06 10:57:25] MOVE chetan (lawn green): 75→65 [0.1ms]
[2026-05-06 10:57:26] MOVE asha (gray0): 19→20 [0.1ms]
[2026-05-06 10:57:26] MOVE chetan (lawn green): 65→75 [0.2ms]
[2026-05-06 10:57:26] MOVE asha (gray0): 20→19 [0.1ms]
[2026-05-06 10:57:26] MOVE chetan (lawn green): 75→65 [0.1ms]
[2026-05-06 10:57:27] MOVE asha (gray0): 19→20 [0.1ms]
[2026-05-06 10:57:27] MOVE chetan (lawn green): 65→75 [0.1ms]
[2026-05-06 10:57:27] MOVE asha (gray0): 20→19 [0.1ms]
[2026-05-06 10:57:27] MOVE chetan (lawn green): 75→65 [0.1ms]
[2026-05-06 10:57:27] MOVE asha (gray0): 19→20 [0.2ms]
[2026-05-06 10:57:27] MOVE chetan (lawn green): 65→75 [0.1ms]
[2026-05-06 10:57:28] MOVE asha (gray0): 20→19 [0.1ms]
[2026-05-06 10:57:28] MOVE chetan (lawn green): 75→65 [0.1ms]
[2026-05-06 10:57:28] MOVE asha (gray0): 19→20 [0.5ms]
[2026-05-06 10:57:28] MOVE chetan (lawn green): 65→75 [0.1ms]
[2026-05-06 10:57:28] MOVE asha (gray0): 20→19 [0.1ms]
[2026-05-06 10:57:29] MOVE chetan (lawn green): 75→65 [0.1ms]
[2026-05-06 10:57:29] MOVE asha (gray0): 19→20 [0.2ms]
[2026-05-06 10:57:29] MOVE chetan (lawn green): 65→75 [0.2ms]
[2026-05-06 10:57:29] MOVE asha (gray0): 20→19 [0.2ms]
[2026-05-06 10:57:29] MOVE chetan (lawn green): 75→65 [0.1ms]
[2026-05-06 10:57:29] MOVE asha (gray0): 19→20 [0.2ms]
[2026-05-06 10:57:30] MOVE chetan (lawn green): 65→75 [0.1ms]
[2026-05-06 10:57:30] MOVE asha (gray0): 20→19 [0.2ms]
[2026-05-06 10:57:30] MOVE chetan (lawn green): 75→65 [0.1ms]
[2026-05-06 10:57:30] MOVE asha (gray0): 19→20 [0.1ms]
[2026-05-06 10:57:30] MOVE chetan (lawn green): 65→75 [0.1ms]
[2026-05-06 10:57:30] MOVE asha (gray0): 20→19 [0.1ms]
[2026-05-06 10:57:31] MOVE chetan (lawn green): 75→65 [0.1ms]
[2026-05-06 10:57:31] MOVE asha (gray0): 19→20 [0.1ms]
[2026-05-06 10:57:31] MOVE chetan (lawn green): 65→75 [0.1ms]
[2026-05-06 10:57:31] MOVE asha (gray0): 20→19 [0.1ms]
[2026-05-06 10:57:31] MOVE chetan (lawn green): 75→65 [0.2ms]
[2026-05-06 10:57:32] MOVE asha (gray0): 19→20 [0.3ms]
[2026-05-06 10:57:32] MOVE chetan (lawn green): 65→75 [0.1ms]
[2026-05-06 10:57:32] MOVE asha (gray0): 20→19 [0.1ms]
[2026-05-06 10:57:32] MOVE chetan (lawn green): 75→65 [0.2ms]
[2026-05-06 10:57:32] MOVE asha (gray0): 19→20 [0.1ms]
[2026-05-06 10:57:33] MOVE chetan (lawn green): 65→75 [0.1ms]
[2026-05-06 10:57:33] MOVE asha (gray0): 20→19 [0.1ms]
[2026-05-06 10:57:33] MOVE chetan (lawn green): 75→65 [0.1ms]
[2026-05-06 10:57:33] MOVE asha (gray0): 19→20 [0.1ms]
[2026-05-06 10:57:33] MOVE chetan (lawn green): 65→75 [0.1ms]
[2026-05-06 10:57:33] MOVE asha (gray0): 20→19 [0.1ms]
[2026-05-06 10:57:34] MOVE chetan (lawn green): 75→65 [0.1ms]
[2026-05-06 10:57:34] MOVE asha (gray0): 19→20 [0.1ms]
[2026-05-06 10:57:34] MOVE chetan (lawn green): 65→75 [0.1ms]
[2026-05-06 10:57:34] MOVE asha (gray0): 20→19 [0.3ms]
[2026-05-06 10:57:34] MOVE chetan (lawn green): 75→65 [0.1ms]
[2026-05-06 10:57:34] MOVE asha (gray0): 19→20 [0.1ms]
[2026-05-06 10:57:34] MOVE chetan (lawn green): 65→75 [0.1ms]
[2026-05-06 10:57:35] MOVE asha (gray0): 20→19 [0.1ms]
[2026-05-06 10:57:35] MOVE chetan (lawn green): 75→65 [0.1ms]
[2026-05-06 10:57:35] MOVE asha (gray0): 19→20 [0.1ms]
[2026-05-06 10:57:35] MOVE chetan (lawn green): 65→75 [0.1ms]
[2026-05-06 10:57:35] MOVE asha (gray0): 20→19 [0.1ms]
[2026-05-06 10:57:35] MOVE chetan (lawn green): 75→65 [0.1ms]
[2026-05-06 10:57:36] MOVE asha (gray0): 19→20 [0.1ms]
[2026-05-06 10:57:36] MOVE chetan (lawn green): 65→75 [0.1ms]
[2026-05-06 10:57:36] MOVE asha (gray0): 20→19 [0.1ms]
[2026-05-06 10:57:36] MOVE chetan (lawn green): 75→65 [0.1ms]
[2026-05-06 10:57:36] MOVE asha (gray0): 19→20 [0.1ms]
[2026-05-06 10:57:36] MOVE chetan (lawn green): 65→75 [0.1ms]
[2026-05-06 10:57:37] MOVE asha (gray0): 20→19 [0.2ms]
[2026-05-06 10:57:37] MOVE chetan (lawn green): 75→65 [0.1ms]
[2026-05-06 10:57:37] MOVE asha (gray0): 19→20 [0.1ms]
[2026-05-06 10:57:37] MOVE chetan (lawn green): 65→75 [0.1ms]
[2026-05-06 10:57:37] MOVE asha (gray0): 20→19 [0.1ms]
[2026-05-06 10:57:37] MOVE chetan (lawn green): 75→65 [0.1ms]
[2026-05-06 10:57:38] MOVE asha (gray0): 19→20 [0.2ms]
[2026-05-06 10:57:38] MOVE chetan (lawn green): 65→75 [0.1ms]
[2026-05-06 10:57:38] MOVE asha (gray0): 20→19 [0.1ms]
[2026-05-06 10:57:38] MOVE chetan (lawn green): 75→65 [0.1ms]
[2026-05-06 10:57:38] MOVE asha (gray0): 19→20 [0.1ms]
[2026-05-06 10:57:38] MOVE chetan (lawn green): 65→75 [0.1ms]
[2026-05-06 10:57:38] MOVE asha (gray0): 20→19 [0.1ms]
[2026-05-06 10:57:39] MOVE chetan (lawn green): 75→65 [0.1ms]
[2026-05-06 10:57:39] MOVE asha (gray0): 19→20 [0.2ms]
[2026-05-06 10:57:39] MOVE chetan (lawn green): 65→75 [0.1ms]
[2026-05-06 10:57:39] MOVE asha (gray0): 20→19 [0.1ms]
[2026-05-06 10:57:39] MOVE chetan (lawn green): 75→65 [0.2ms]
[2026-05-06 10:57:39] MOVE asha (gray0): 19→20 [0.1ms]
[2026-05-06 10:57:40] MOVE chetan (lawn green): 65→75 [0.2ms]
[2026-05-06 10:57:40] MOVE asha (gray0): 20→19 [0.2ms]
[2026-05-06 10:57:40] MOVE chetan (lawn green): 75→65 [0.1ms]
[2026-05-06 10:57:40] MOVE asha (gray0): 19→20 [0.1ms]
[2026-05-06 10:57:40] MOVE chetan (lawn green): 65→75 [0.1ms]
[2026-05-06 10:57:40] MOVE asha (gray0): 20→19 [0.1ms]
[2026-05-06 10:57:41] MOVE chetan (lawn green): 75→65 [0.1ms]
[2026-05-06 10:57:41] MOVE asha (gray0): 19→20 [0.1ms]
[2026-05-06 10:57:41] MOVE chetan (lawn green): 65→75 [0.1ms]
[2026-05-06 10:57:41] MOVE asha (gray0): 20→19 [0.1ms]
[2026-05-06 10:57:41] MOVE chetan (lawn green): 75→65 [0.2ms]
[2026-05-06 10:57:41] MOVE asha (gray0): 19→20 [0.1ms]
[2026-05-06 10:57:42] MOVE chetan (lawn green): 65→75 [0.1ms]
[2026-05-06 10:57:42] MOVE asha (gray0): 20→19 [0.3ms]
[2026-05-06 10:57:42] MOVE chetan (lawn green): 75→65 [0.1ms]
[2026-05-06 10:57:42] MOVE asha (gray0): 19→20 [0.2ms]
[2026-05-06 10:57:42] MOVE chetan (lawn green): 65→75 [0.1ms]
[2026-05-06 10:57:42] MOVE asha (gray0): 20→19 [0.2ms]
[2026-05-06 10:57:42] MOVE chetan (lawn green): 75→65 [0.1ms]
[2026-05-06 10:57:43] MOVE asha (gray0): 19→20 [0.1ms]
[2026-05-06 10:57:43] MOVE chetan (lawn green): 65→75 [0.1ms]
[2026-05-06 10:57:43] MOVE asha (gray0): 20→19 [0.1ms]
[2026-05-06 10:57:43] MOVE chetan (lawn green): 75→65 [0.1ms]
[2026-05-06 10:57:43] MOVE asha (gray0): 19→20 [0.1ms]
[2026-05-06 10:57:43] MOVE chetan (lawn green): 65→75 [0.1ms]
[2026-05-06 10:57:44] MOVE asha (gray0): 20→19 [0.1ms]
[2026-05-06 10:57:44] MOVE chetan (lawn green): 75→65 [0.2ms]
[2026-05-06 10:57:44] MOVE asha (gray0): 19→20 [0.1ms]
[2026-05-06 10:57:44] MOVE chetan (lawn green): 65→75 [0.1ms]
[2026-05-06 10:57:44] MOVE asha (gray0): 20→19 [0.1ms]
[2026-05-06 10:57:44] MOVE chetan (lawn green): 75→65 [0.1ms]
[2026-05-06 10:57:45] MOVE asha (gray0): 19→20 [0.2ms]
[2026-05-06 10:57:45] MOVE chetan (lawn green): 65→75 [0.2ms]
[2026-05-06 10:57:45] MOVE asha (gray0): 20→19 [0.1ms]
[2026-05-06 10:57:45] MOVE chetan (lawn green): 75→65 [0.1ms]
[2026-05-06 10:57:45] MOVE asha (gray0): 19→20 [0.1ms]
[2026-05-06 10:57:45] MOVE chetan (lawn green): 65→75 [0.1ms]
[2026-05-06 10:57:46] MOVE asha (gray0): 20→19 [0.2ms]
[2026-05-06 10:57:46] MOVE chetan (lawn green): 75→65 [0.1ms]
[2026-05-06 10:57:46] MOVE asha (gray0): 19→20 [0.1ms]
[2026-05-06 10:57:46] MOVE chetan (lawn green): 65→75 [0.1ms]
[2026-05-06 10:57:46] MOVE asha (gray0): 20→19 [0.1ms]
[2026-05-06 10:57:46] MOVE chetan (lawn green): 75→65 [0.1ms]
[2026-05-06 10:57:47] MOVE asha (gray0): 19→20 [0.1ms]
[2026-05-06 10:57:47] MOVE chetan (lawn green): 65→75 [0.1ms]
[2026-05-06 10:57:47] MOVE asha (gray0): 20→19 [0.1ms]
[2026-05-06 10:57:47] MOVE chetan (lawn green): 75→65 [0.1ms]
[2026-05-06 10:57:47] MOVE asha (gray0): 19→20 [0.1ms]
[2026-05-06 10:57:47] MOVE chetan (lawn green): 65→75 [0.2ms]
[2026-05-06 10:57:47] MOVE asha (gray0): 20→19 [0.1ms]
[2026-05-06 10:57:48] MOVE chetan (lawn green): 75→65 [0.1ms]
[2026-05-06 10:57:48] MOVE asha (gray0): 19→20 [0.1ms]
[2026-05-06 10:57:48] MOVE chetan (lawn green): 65→75 [0.2ms]
[2026-05-06 10:57:48] MOVE asha (gray0): 20→19 [0.1ms]
[2026-05-06 10:57:48] MOVE chetan (lawn green): 75→65 [0.1ms]
[2026-05-06 10:57:48] MOVE asha (gray0): 19→20 [0.1ms]
[2026-05-06 10:57:49] MOVE chetan (lawn green): 65→75 [0.1ms]
[2026-05-06 10:57:49] MOVE asha (gray0): 20→19 [0.1ms]
[2026-05-06 10:57:49] MOVE chetan (lawn green): 75→65 [0.1ms]
[2026-05-06 10:57:49] MOVE asha (gray0): 19→20 [0.1ms]
[2026-05-06 10:57:49] MOVE chetan (lawn green): 65→75 [0.1ms]
[2026-05-06 10:57:49] MOVE asha (gray0): 20→19 [0.1ms]
[2026-05-06 10:57:50] MOVE chetan (lawn green): 75→65 [0.1ms]
[2026-05-06 10:57:50] MOVE asha (gray0): 19→20 [0.3ms]
[2026-05-06 10:57:50] MOVE chetan (lawn green): 65→75 [0.1ms]
[2026-05-06 10:57:50] MOVE asha (gray0): 20→19 [0.2ms]
[2026-05-06 10:57:50] MOVE chetan (lawn green): 75→65 [0.1ms]
[2026-05-06 10:57:50] MOVE asha (gray0): 19→20 [0.1ms]
[2026-05-06 10:57:51] MOVE chetan (lawn green): 65→75 [0.1ms]
[2026-05-06 10:57:51] MOVE asha (gray0): 20→19 [0.2ms]
[2026-05-06 10:57:51] MOVE chetan (lawn green): 75→65 [1.1ms]
[2026-05-06 10:57:51] MOVE asha (gray0): 19→20 [1.0ms]
[2026-05-06 10:57:51] MOVE chetan (lawn green): 65→75 [0.2ms]
[2026-05-06 10:57:51] MOVE asha (gray0): 20→19 [0.7ms]
[2026-05-06 10:57:52] MOVE chetan (lawn green): 75→65 [2.6ms]
[2026-05-06 10:57:52] MOVE asha (gray0): 19→20 [0.1ms]
[2026-05-06 10:57:52] MOVE chetan (lawn green): 65→75 [0.1ms]
[2026-05-06 10:57:52] MOVE asha (gray0): 20→19 [0.7ms]
[2026-05-06 10:57:52] MOVE chetan (lawn green): 75→65 [1.3ms]
[2026-05-06 10:57:52] MOVE asha (gray0): 19→20 [0.1ms]
[2026-05-06 10:57:53] MOVE chetan (lawn green): 65→75 [0.1ms]
[2026-05-06 10:57:53] MOVE asha (gray0): 20→19 [0.2ms]
[2026-05-06 10:57:53] MOVE chetan (lawn green): 75→65 [0.1ms]
[2026-05-06 10:57:53] MOVE asha (gray0): 19→20 [0.1ms]
[2026-05-06 10:57:53] MOVE chetan (lawn green): 65→75 [0.1ms]
[2026-05-06 10:57:53] MOVE asha (gray0): 20→19 [0.1ms]
[2026-05-06 10:57:53] MOVE chetan (lawn green): 75→65 [0.1ms]
[2026-05-06 10:57:53] MOVE asha (gray0): 19→20 [0.1ms]
[2026-05-06 10:57:54] MOVE chetan (lawn green): 65→75 [0.2ms]
[2026-05-06 10:57:54] MOVE asha (gray0): 20→19 [0.1ms]
[2026-05-06 10:57:54] MOVE chetan (lawn green): 75→65 [0.1ms]
[2026-05-06 10:57:54] MOVE asha (gray0): 19→20 [0.1ms]
[2026-05-06 10:57:54] MOVE chetan (lawn green): 65→75 [0.1ms]
[2026-05-06 10:57:55] MOVE asha (gray0): 20→19 [0.1ms]
[2026-05-06 10:57:55] MOVE chetan (lawn green): 75→65 [0.1ms]
[2026-05-06 10:57:55] MOVE asha (gray0): 19→20 [0.2ms]
[2026-05-06 10:57:55] MOVE chetan (lawn green): 65→75 [0.1ms]
[2026-05-06 10:57:55] MOVE asha (gray0): 20→19 [0.1ms]
[2026-05-06 10:57:55] MOVE chetan (lawn green): 75→65 [0.1ms]
[2026-05-06 10:57:55] MOVE asha (gray0): 19→20 [0.1ms]
[2026-05-06 10:57:56] MOVE chetan (lawn green): 65→75 [0.1ms]
[2026-05-06 10:57:56] MOVE asha (gray0): 20→19 [0.1ms]
[2026-05-06 10:57:56] MOVE chetan (lawn green): 75→65 [0.1ms]
[2026-05-06 10:57:56] MOVE asha (gray0): 19→20 [0.2ms]
[2026-05-06 10:57:56] MOVE chetan (lawn green): 65→75 [0.2ms]
[2026-05-06 10:57:56] MOVE asha (gray0): 20→19 [0.1ms]
[2026-05-06 10:57:57] MOVE chetan (lawn green): 75→65 [0.1ms]
[2026-05-06 10:57:57] MOVE asha (gray0): 19→20 [0.1ms]
[2026-05-06 10:57:57] MOVE chetan (lawn green): 65→75 [0.1ms]
[2026-05-06 10:57:57] MOVE asha (gray0): 20→19 [0.2ms]
[2026-05-06 10:57:57] MOVE chetan (lawn green): 75→65 [0.1ms]
[2026-05-06 10:57:57] MOVE asha (gray0): 19→20 [0.1ms]
[2026-05-06 10:57:58] MOVE chetan (lawn green): 65→75 [0.2ms]
[2026-05-06 10:57:58] MOVE asha (gray0): 20→19 [0.1ms]
[2026-05-06 10:57:58] MOVE chetan (lawn green): 75→65 [0.1ms]
[2026-05-06 10:57:58] MOVE asha (gray0): 19→20 [0.1ms]
[2026-05-06 10:57:58] MOVE chetan (lawn green): 65→75 [0.1ms]
[2026-05-06 10:57:58] MOVE asha (gray0): 20→19 [0.1ms]
[2026-05-06 10:57:59] MOVE chetan (lawn green): 75→65 [0.1ms]
[2026-05-06 10:57:59] MOVE asha (gray0): 19→20 [0.1ms]
[2026-05-06 10:57:59] MOVE chetan (lawn green): 65→75 [0.3ms]
[2026-05-06 10:57:59] MOVE asha (gray0): 20→19 [0.1ms]
[2026-05-06 10:57:59] MOVE chetan (lawn green): 75→65 [0.2ms]
[2026-05-06 10:57:59] MOVE asha (gray0): 19→20 [0.1ms]
[2026-05-06 10:58:00] MOVE chetan (lawn green): 65→75 [1.6ms]
[2026-05-06 10:58:00] MOVE asha (gray0): 20→19 [0.1ms]
[2026-05-06 10:58:00] MOVE chetan (lawn green): 75→65 [0.2ms]
[2026-05-06 10:58:00] MOVE asha (gray0): 19→20 [0.1ms]
[2026-05-06 10:58:00] MOVE chetan (lawn green): 65→75 [0.1ms]
[2026-05-06 10:58:00] MOVE asha (gray0): 20→19 [0.1ms]
[2026-05-06 10:58:01] MOVE chetan (lawn green): 75→65 [0.1ms]
[2026-05-06 10:58:01] MOVE asha (gray0): 19→20 [0.1ms]
[2026-05-06 10:58:01] MOVE chetan (lawn green): 65→75 [0.2ms]
[2026-05-06 10:58:01] MOVE asha (gray0): 20→19 [0.1ms]
[2026-05-06 10:58:01] MOVE chetan (lawn green): 75→65 [0.1ms]
[2026-05-06 10:58:01] MOVE asha (gray0): 19→20 [0.1ms]
[2026-05-06 10:58:01] MOVE chetan (lawn green): 65→75 [0.1ms]
[2026-05-06 10:58:02] MOVE asha (gray0): 20→19 [0.1ms]
[2026-05-06 10:58:02] MOVE chetan (lawn green): 75→65 [0.1ms]
[2026-05-06 10:58:02] MOVE asha (gray0): 19→20 [0.1ms]
[2026-05-06 10:58:02] MOVE chetan (lawn green): 65→75 [0.1ms]
[2026-05-06 10:58:02] MOVE asha (gray0): 20→19 [0.1ms]
[2026-05-06 10:58:02] MOVE chetan (lawn green): 75→65 [0.1ms]
[2026-05-06 10:58:03] MOVE asha (gray0): 19→20 [0.2ms]
[2026-05-06 10:58:03] MOVE chetan (lawn green): 65→75 [0.1ms]
[2026-05-06 10:58:03] MOVE asha (gray0): 20→19 [0.1ms]
[2026-05-06 10:58:03] MOVE chetan (lawn green): 75→65 [0.1ms]
[2026-05-06 10:58:03] MOVE asha (gray0): 19→20 [0.1ms]
[2026-05-06 10:58:03] MOVE chetan (lawn green): 65→75 [0.1ms]
[2026-05-06 10:58:04] MOVE asha (gray0): 20→19 [0.2ms]
[2026-05-06 10:58:04] MOVE chetan (lawn green): 75→65 [0.1ms]
[2026-05-06 10:58:04] MOVE asha (gray0): 19→20 [0.1ms]
[2026-05-06 10:58:04] MOVE chetan (lawn green): 65→75 [0.2ms]
[2026-05-06 10:58:04] MOVE asha (gray0): 20→19 [0.1ms]
[2026-05-06 10:58:04] MOVE chetan (lawn green): 75→65 [0.1ms]
[2026-05-06 10:58:05] MOVE asha (gray0): 19→20 [0.2ms]
[2026-05-06 10:58:05] MOVE chetan (lawn green): 65→75 [0.1ms]
[2026-05-06 10:58:05] MOVE asha (gray0): 20→19 [0.1ms]
[2026-05-06 10:58:05] MOVE chetan (lawn green): 75→65 [0.1ms]
[2026-05-06 10:58:05] MOVE asha (gray0): 19→20 [0.2ms]
[2026-05-06 10:58:05] MOVE chetan (lawn green): 65→75 [0.1ms]
[2026-05-06 10:58:05] MOVE asha (gray0): 20→19 [0.1ms]
[2026-05-06 10:58:06] MOVE chetan (lawn green): 75→65 [0.1ms]
[2026-05-06 10:58:06] MOVE asha (gray0): 19→20 [0.1ms]
[2026-05-06 10:58:06] MOVE chetan (lawn green): 65→75 [0.2ms]
[2026-05-06 10:58:06] MOVE asha (gray0): 20→19 [0.1ms]
[2026-05-06 10:58:06] MOVE chetan (lawn green): 75→65 [0.1ms]
[2026-05-06 10:58:06] MOVE asha (gray0): 19→20 [0.1ms]
[2026-05-06 10:58:07] MOVE chetan (lawn green): 65→75 [0.1ms]
[2026-05-06 10:58:07] MOVE asha (gray0): 20→19 [0.1ms]
[2026-05-06 10:58:07] MOVE chetan (lawn green): 75→65 [0.1ms]
[2026-05-06 10:58:07] MOVE asha (gray0): 19→20 [0.2ms]
[2026-05-06 10:58:07] MOVE chetan (lawn green): 65→75 [0.3ms]
[2026-05-06 10:58:07] MOVE asha (gray0): 20→19 [0.1ms]
[2026-05-06 10:58:08] MOVE chetan (lawn green): 75→65 [0.1ms]
[2026-05-06 10:58:08] MOVE asha (gray0): 19→20 [0.2ms]
[2026-05-06 10:58:08] MOVE chetan (lawn green): 65→75 [0.1ms]
[2026-05-06 10:58:08] MOVE asha (gray0): 20→19 [0.2ms]
[2026-05-06 10:58:08] MOVE chetan (lawn green): 75→65 [0.1ms]
[2026-05-06 10:58:08] MOVE asha (gray0): 19→20 [0.1ms]
[2026-05-06 10:58:08] MOVE chetan (lawn green): 65→75 [0.1ms]
[2026-05-06 10:58:09] MOVE asha (gray0): 20→19 [0.2ms]
[2026-05-06 10:58:09] MOVE chetan (lawn green): 75→65 [0.2ms]
[2026-05-06 10:58:09] MOVE asha (gray0): 19→20 [0.1ms]
[2026-05-06 10:58:09] MOVE chetan (lawn green): 65→75 [0.1ms]
[2026-05-06 10:58:10] MOVE asha (gray0): 20→19 [0.4ms]
[2026-05-06 10:58:10] MOVE chetan (lawn green): 75→65 [0.2ms]
[2026-05-06 10:58:10] MOVE asha (gray0): 19→20 [0.1ms]
[2026-05-06 10:58:10] MOVE chetan (lawn green): 65→75 [0.1ms]
[2026-05-06 10:58:10] MOVE asha (gray0): 20→19 [0.1ms]
[2026-05-06 10:58:11] MOVE chetan (lawn green): 75→65 [0.3ms]
[2026-05-06 10:58:11] MOVE asha (gray0): 19→20 [0.1ms]
[2026-05-06 10:58:11] MOVE chetan (lawn green): 65→75 [0.1ms]
[2026-05-06 10:58:11] MOVE asha (gray0): 20→19 [0.2ms]
[2026-05-06 10:58:11] MOVE chetan (lawn green): 75→65 [0.1ms]
[2026-05-06 10:58:11] MOVE asha (gray0): 19→20 [0.2ms]
[2026-05-06 10:58:12] MOVE chetan (lawn green): 65→75 [0.2ms]
[2026-05-06 10:58:12] MOVE asha (gray0): 20→19 [0.2ms]
[2026-05-06 10:58:12] MOVE chetan (lawn green): 75→65 [0.1ms]
[2026-05-06 10:58:12] MOVE asha (gray0): 19→20 [0.1ms]
[2026-05-06 10:58:12] MOVE chetan (lawn green): 65→75 [0.1ms]
[2026-05-06 10:58:12] MOVE asha (gray0): 20→19 [0.1ms]
[2026-05-06 10:58:13] MOVE chetan (lawn green): 75→65 [0.1ms]
[2026-05-06 10:58:13] MOVE asha (gray0): 19→20 [0.1ms]
[2026-05-06 10:58:13] MOVE chetan (lawn green): 65→75 [0.1ms]
[2026-05-06 10:58:13] MOVE asha (gray0): 20→19 [0.1ms]
[2026-05-06 10:58:13] MOVE chetan (lawn green): 75→65 [0.1ms]
[2026-05-06 10:58:13] MOVE asha (gray0): 19→20 [0.1ms]
[2026-05-06 10:58:14] MOVE chetan (lawn green): 65→75 [0.1ms]
[2026-05-06 10:58:14] MOVE asha (gray0): 20→19 [0.1ms]
[2026-05-06 10:58:14] MOVE chetan (lawn green): 75→65 [0.1ms]
[2026-05-06 10:58:14] MOVE asha (gray0): 19→20 [0.2ms]
[2026-05-06 10:58:14] MOVE chetan (lawn green): 65→75 [0.2ms]
[2026-05-06 10:58:14] MOVE asha (gray0): 20→19 [0.4ms]
[2026-05-06 10:58:15] MOVE chetan (lawn green): 75→65 [0.1ms]
[2026-05-06 10:58:15] MOVE asha (gray0): 19→20 [0.1ms]
[2026-05-06 10:58:15] MOVE chetan (lawn green): 65→75 [0.1ms]
[2026-05-06 10:58:15] MOVE asha (gray0): 20→19 [0.1ms]
[2026-05-06 10:58:15] MOVE chetan (lawn green): 75→65 [0.2ms]
[2026-05-06 10:58:15] MOVE asha (gray0): 19→20 [0.1ms]
[2026-05-06 10:58:16] MOVE chetan (lawn green): 65→75 [0.1ms]
[2026-05-06 10:58:16] MOVE asha (gray0): 20→19 [0.1ms]
[2026-05-06 10:58:16] MOVE chetan (lawn green): 75→65 [0.2ms]
[2026-05-06 10:58:16] MOVE asha (gray0): 19→20 [0.1ms]
[2026-05-06 10:58:16] MOVE chetan (lawn green): 65→75 [0.1ms]
[2026-05-06 10:58:16] MOVE asha (gray0): 20→19 [0.1ms]
[2026-05-06 10:58:17] MOVE chetan (lawn green): 75→65 [0.1ms]
[2026-05-06 10:58:17] MOVE asha (gray0): 19→20 [0.1ms]
[2026-05-06 10:58:17] MOVE chetan (lawn green): 65→75 [0.1ms]
[2026-05-06 10:58:17] MOVE asha (gray0): 20→19 [0.1ms]
[2026-05-06 10:58:17] MOVE chetan (lawn green): 75→65 [0.1ms]
[2026-05-06 10:58:18] MOVE asha (gray0): 19→20 [0.1ms]
[2026-05-06 10:58:18] MOVE chetan (lawn green): 65→75 [0.3ms]
[2026-05-06 10:58:18] MOVE asha (gray0): 20→19 [0.1ms]
[2026-05-06 10:58:18] MOVE chetan (lawn green): 75→65 [0.1ms]
[2026-05-06 10:58:18] MOVE asha (gray0): 19→20 [0.2ms]
[2026-05-06 10:58:19] MOVE chetan (lawn green): 65→75 [0.1ms]
[2026-05-06 10:58:19] MOVE asha (gray0): 20→19 [0.1ms]
[2026-05-06 10:58:19] MOVE chetan (lawn green): 75→65 [0.1ms]
[2026-05-06 10:58:19] MOVE asha (gray0): 19→20 [0.1ms]
[2026-05-06 10:58:19] MOVE chetan (lawn green): 65→75 [0.2ms]
[2026-05-06 10:58:19] MOVE asha (gray0): 20→19 [0.1ms]
[2026-05-06 10:58:20] MOVE chetan (lawn green): 75→65 [0.1ms]
[2026-05-06 10:58:20] MOVE asha (gray0): 19→20 [0.1ms]
[2026-05-06 10:58:20] MOVE chetan (lawn green): 65→75 [0.1ms]
[2026-05-06 10:58:20] MOVE asha (gray0): 20→19 [0.1ms]
[2026-05-06 10:58:20] MOVE chetan (lawn green): 75→65 [0.1ms]
[2026-05-06 10:58:20] MOVE asha (gray0): 19→20 [0.1ms]
[2026-05-06 10:58:21] MOVE chetan (lawn green): 65→75 [0.1ms]
[2026-05-06 10:58:21] MOVE asha (gray0): 20→19 [0.2ms]
[2026-05-06 10:58:21] MOVE chetan (lawn green): 75→65 [0.1ms]
[2026-05-06 10:58:21] MOVE asha (gray0): 19→20 [0.1ms]
[2026-05-06 10:58:21] MOVE chetan (lawn green): 65→75 [0.1ms]
[2026-05-06 10:58:21] MOVE asha (gray0): 20→19 [0.1ms]
[2026-05-06 10:58:22] MOVE chetan (lawn green): 75→65 [0.1ms]
[2026-05-06 10:58:22] MOVE asha (gray0): 19→20 [0.1ms]
[2026-05-06 10:58:22] MOVE chetan (lawn green): 65→75 [0.1ms]
[2026-05-06 10:58:22] MOVE asha (gray0): 20→19 [0.1ms]
[2026-05-06 10:58:22] MOVE chetan (lawn green): 75→65 [0.1ms]
[2026-05-06 10:58:22] MOVE asha (gray0): 19→20 [0.1ms]
[2026-05-06 10:58:23] MOVE chetan (lawn green): 65→75 [0.1ms]
[2026-05-06 10:58:23] MOVE asha (gray0): 20→19 [0.1ms]
[2026-05-06 10:58:23] MOVE chetan (lawn green): 75→65 [0.1ms]
[2026-05-06 10:58:23] MOVE asha (gray0): 19→20 [0.3ms]
[2026-05-06 10:58:24] MOVE chetan (lawn green): 65→75 [0.1ms]
[2026-05-06 10:58:24] MOVE asha (gray0): 20→19 [0.1ms]
[2026-05-06 10:58:24] MOVE chetan (lawn green): 75→65 [0.1ms]
[2026-05-06 10:58:24] MOVE asha (gray0): 19→20 [0.2ms]
[2026-05-06 10:58:24] MOVE chetan (lawn green): 65→75 [0.1ms]
[2026-05-06 10:58:24] MOVE asha (gray0): 20→19 [0.2ms]
[2026-05-06 10:58:25] MOVE chetan (lawn green): 75→65 [0.1ms]
[2026-05-06 10:58:25] MOVE asha (gray0): 19→20 [0.1ms]
[2026-05-06 10:58:25] MOVE chetan (lawn green): 65→75 [0.1ms]
[2026-05-06 10:58:25] MOVE asha (gray0): 20→19 [0.1ms]
[2026-05-06 10:58:25] MOVE chetan (lawn green): 75→65 [0.1ms]
[2026-05-06 10:58:25] MOVE asha (gray0): 19→20 [0.1ms]
[2026-05-06 10:58:26] MOVE chetan (lawn green): 65→75 [0.1ms]
[2026-05-06 10:58:26] MOVE asha (gray0): 20→19 [0.1ms]
[2026-05-06 10:58:26] MOVE chetan (lawn green): 75→65 [0.1ms]
[2026-05-06 10:58:26] MOVE asha (gray0): 19→20 [0.1ms]
[2026-05-06 10:58:26] MOVE chetan (lawn green): 65→75 [0.1ms]
[2026-05-06 10:58:26] MOVE asha (gray0): 20→19 [0.1ms]
[2026-05-06 10:58:27] MOVE chetan (lawn green): 75→65 [0.1ms]
[2026-05-06 10:58:27] MOVE asha (gray0): 19→20 [0.1ms]
[2026-05-06 10:58:27] MOVE chetan (lawn green): 65→75 [0.1ms]
[2026-05-06 10:58:27] MOVE asha (gray0): 20→19 [0.2ms]
[2026-05-06 10:58:27] MOVE chetan (lawn green): 75→65 [0.2ms]
[2026-05-06 10:58:27] MOVE asha (gray0): 19→20 [0.2ms]
[2026-05-06 10:58:28] MOVE chetan (lawn green): 65→75 [0.2ms]
[2026-05-06 10:58:28] MOVE asha (gray0): 20→19 [0.1ms]
[2026-05-06 10:58:28] MOVE chetan (lawn green): 75→65 [0.1ms]
[2026-05-06 10:58:28] MOVE asha (gray0): 19→20 [0.1ms]
[2026-05-06 10:58:28] MOVE chetan (lawn green): 65→75 [0.1ms]
[2026-05-06 10:58:28] MOVE asha (gray0): 20→19 [0.1ms]
[2026-05-06 10:58:29] MOVE chetan (lawn green): 75→65 [0.1ms]
[2026-05-06 10:58:29] MOVE asha (gray0): 19→20 [0.2ms]
[2026-05-06 10:58:29] MOVE chetan (lawn green): 65→75 [0.1ms]
[2026-05-06 10:58:29] MOVE asha (gray0): 20→19 [0.1ms]
[2026-05-06 10:58:29] MOVE chetan (lawn green): 75→65 [0.1ms]
[2026-05-06 10:58:29] MOVE asha (gray0): 19→20 [0.1ms]
[2026-05-06 10:58:30] MOVE chetan (lawn green): 65→75 [0.1ms]
[2026-05-06 10:58:30] MOVE asha (gray0): 20→19 [0.1ms]
[2026-05-06 10:58:30] MOVE chetan (lawn green): 75→65 [0.2ms]
[2026-05-06 10:58:30] MOVE asha (gray0): 19→20 [0.1ms]
[2026-05-06 10:58:30] MOVE chetan (lawn green): 65→75 [0.1ms]
[2026-05-06 10:58:30] MOVE asha (gray0): 20→19 [0.1ms]
[2026-05-06 10:58:31] MOVE chetan (lawn green): 75→65 [0.1ms]
[2026-05-06 10:58:31] MOVE asha (gray0): 19→20 [0.1ms]
[2026-05-06 10:58:31] MOVE chetan (lawn green): 65→75 [0.1ms]
[2026-05-06 10:58:31] MOVE asha (gray0): 20→19 [0.1ms]
[2026-05-06 10:58:31] MOVE chetan (lawn green): 75→65 [0.1ms]
[2026-05-06 10:58:31] MOVE asha (gray0): 19→20 [0.1ms]
[2026-05-06 10:58:32] MOVE chetan (lawn green): 65→75 [0.1ms]
[2026-05-06 10:58:32] MOVE asha (gray0): 20→19 [0.2ms]
[2026-05-06 10:58:32] MOVE chetan (lawn green): 75→65 [0.1ms]
[2026-05-06 10:58:32] MOVE asha (gray0): 19→20 [0.2ms]
[2026-05-06 10:58:32] MOVE chetan (lawn green): 65→75 [0.1ms]
[2026-05-06 10:58:32] MOVE asha (gray0): 20→19 [0.2ms]
[2026-05-06 10:58:32] MOVE chetan (lawn green): 75→65 [0.1ms]
[2026-05-06 10:58:33] MOVE asha (gray0): 19→20 [0.2ms]
[2026-05-06 10:58:33] MOVE chetan (lawn green): 65→75 [0.1ms]
[2026-05-06 10:58:33] MOVE asha (gray0): 20→19 [0.1ms]
[2026-05-06 10:58:33] MOVE chetan (lawn green): 75→65 [0.1ms]
[2026-05-06 10:58:33] MOVE asha (gray0): 19→20 [0.1ms]
[2026-05-06 10:58:33] MOVE chetan (lawn green): 65→75 [0.2ms]
[2026-05-06 10:58:33] MOVE asha (gray0): 20→19 [0.1ms]
[2026-05-06 10:58:34] MOVE chetan (lawn green): 75→65 [0.1ms]
[2026-05-06 10:58:34] MOVE asha (gray0): 19→20 [0.1ms]
[2026-05-06 10:58:34] MOVE chetan (lawn green): 65→75 [0.1ms]
[2026-05-06 10:58:34] MOVE asha (gray0): 20→19 [0.1ms]
[2026-05-06 10:58:34] MOVE chetan (lawn green): 75→65 [0.1ms]
[2026-05-06 10:58:34] MOVE asha (gray0): 19→20 [0.1ms]
[2026-05-06 10:58:35] MOVE chetan (lawn green): 65→75 [0.1ms]
[2026-05-06 10:58:35] MOVE asha (gray0): 20→19 [0.2ms]
[2026-05-06 10:58:35] MOVE chetan (lawn green): 75→65 [0.1ms]
[2026-05-06 10:58:35] MOVE asha (gray0): 19→20 [0.1ms]
[2026-05-06 10:58:35] MOVE chetan (lawn green): 65→75 [0.1ms]
[2026-05-06 10:58:35] MOVE asha (gray0): 20→19 [0.1ms]
[2026-05-06 10:58:36] MOVE chetan (lawn green): 75→65 [0.1ms]
[2026-05-06 10:58:36] MOVE asha (gray0): 19→20 [0.1ms]
[2026-05-06 10:58:36] MOVE chetan (lawn green): 65→75 [0.1ms]
[2026-05-06 10:58:36] MOVE asha (gray0): 20→19 [0.1ms]
[2026-05-06 10:58:36] MOVE chetan (lawn green): 75→65 [0.1ms]
[2026-05-06 10:58:36] MOVE asha (gray0): 19→20 [0.1ms]
[2026-05-06 10:58:37] MOVE chetan (lawn green): 65→75 [0.1ms]
[2026-05-06 10:58:37] MOVE asha (gray0): 20→19 [0.2ms]
[2026-05-06 10:58:37] MOVE chetan (lawn green): 75→65 [0.1ms]
[2026-05-06 10:58:37] MOVE asha (gray0): 19→20 [0.3ms]
[2026-05-06 10:58:37] MOVE chetan (lawn green): 65→75 [0.1ms]
[2026-05-06 10:58:37] MOVE asha (gray0): 20→19 [0.1ms]
[2026-05-06 10:58:38] MOVE chetan (lawn green): 75→65 [0.1ms]
[2026-05-06 10:58:38] MOVE asha (gray0): 19→20 [0.2ms]
[2026-05-06 10:58:38] MOVE chetan (lawn green): 65→75 [0.1ms]
[2026-05-06 10:58:38] MOVE asha (gray0): 20→19 [0.1ms]
[2026-05-06 10:58:38] MOVE chetan (lawn green): 75→65 [0.1ms]
[2026-05-06 10:58:38] MOVE asha (gray0): 19→20 [0.2ms]
[2026-05-06 10:58:39] MOVE chetan (lawn green): 65→75 [0.2ms]
[2026-05-06 10:58:39] MOVE asha (gray0): 20→19 [0.2ms]
[2026-05-06 10:58:39] MOVE chetan (lawn green): 75→65 [0.1ms]
[2026-05-06 10:58:39] MOVE asha (gray0): 19→20 [0.1ms]
[2026-05-06 10:58:39] MOVE chetan (lawn green): 65→75 [0.1ms]
[2026-05-06 10:58:39] MOVE asha (gray0): 20→19 [0.1ms]
[2026-05-06 10:58:39] MOVE chetan (lawn green): 75→65 [0.1ms]
[2026-05-06 10:58:40] MOVE asha (gray0): 19→20 [0.1ms]
[2026-05-06 10:58:40] MOVE chetan (lawn green): 65→75 [0.1ms]
[2026-05-06 10:58:40] MOVE asha (gray0): 20→19 [0.1ms]
[2026-05-06 10:58:40] MOVE chetan (lawn green): 75→65 [0.1ms]
[2026-05-06 10:58:40] MOVE asha (gray0): 19→20 [0.1ms]
[2026-05-06 10:58:40] MOVE chetan (lawn green): 65→75 [0.1ms]
[2026-05-06 10:58:41] MOVE asha (gray0): 20→19 [0.1ms]
[2026-05-06 10:58:41] MOVE chetan (lawn green): 75→65 [0.1ms]
[2026-05-06 10:58:41] MOVE asha (gray0): 19→20 [0.1ms]
[2026-05-06 10:58:41] MOVE chetan (lawn green): 65→75 [0.1ms]
[2026-05-06 10:58:41] MOVE asha (gray0): 20→19 [0.2ms]
[2026-05-06 10:58:41] MOVE chetan (lawn green): 75→65 [0.1ms]
[2026-05-06 10:58:42] MOVE asha (gray0): 19→20 [0.1ms]
[2026-05-06 10:58:42] MOVE chetan (lawn green): 65→75 [0.1ms]
[2026-05-06 10:58:42] MOVE asha (gray0): 20→19 [0.3ms]
[2026-05-06 10:58:42] MOVE chetan (lawn green): 75→65 [0.1ms]
[2026-05-06 10:58:42] MOVE asha (gray0): 19→20 [0.1ms]
[2026-05-06 10:58:42] MOVE chetan (lawn green): 65→75 [0.2ms]
[2026-05-06 10:58:43] MOVE asha (gray0): 20→19 [0.5ms]
[2026-05-06 10:58:43] MOVE chetan (lawn green): 75→65 [0.1ms]
[2026-05-06 10:58:43] MOVE asha (gray0): 19→20 [0.2ms]
[2026-05-06 10:58:43] MOVE chetan (lawn green): 65→75 [0.1ms]
[2026-05-06 10:58:43] MOVE asha (gray0): 20→19 [0.1ms]
[2026-05-06 10:58:43] MOVE chetan (lawn green): 75→65 [0.1ms]
[2026-05-06 10:58:44] MOVE asha (gray0): 19→20 [0.1ms]
[2026-05-06 10:58:44] MOVE chetan (lawn green): 65→75 [0.1ms]
[2026-05-06 10:58:44] MOVE asha (gray0): 20→19 [0.1ms]
[2026-05-06 10:58:44] MOVE chetan (lawn green): 75→65 [0.1ms]
[2026-05-06 10:58:44] MOVE asha (gray0): 19→20 [0.1ms]
[2026-05-06 10:58:44] MOVE chetan (lawn green): 65→75 [0.1ms]
[2026-05-06 10:58:45] MOVE asha (gray0): 20→19 [0.2ms]
[2026-05-06 10:58:45] MOVE chetan (lawn green): 75→65 [0.1ms]
[2026-05-06 10:58:45] MOVE asha (gray0): 19→20 [0.1ms]
[2026-05-06 10:58:45] MOVE chetan (lawn green): 65→75 [0.1ms]
[2026-05-06 10:58:45] MOVE asha (gray0): 20→19 [0.1ms]
[2026-05-06 10:58:45] MOVE chetan (lawn green): 75→65 [0.1ms]
[2026-05-06 10:58:45] MOVE asha (gray0): 19→20 [0.1ms]
[2026-05-06 10:58:46] MOVE chetan (lawn green): 65→75 [0.1ms]
[2026-05-06 10:58:46] MOVE asha (gray0): 20→19 [0.1ms]
[2026-05-06 10:58:46] MOVE chetan (lawn green): 75→65 [0.1ms]
[2026-05-06 10:58:46] MOVE asha (gray0): 19→20 [0.1ms]
[2026-05-06 10:58:46] MOVE chetan (lawn green): 65→75 [0.1ms]
[2026-05-06 10:58:46] MOVE asha (gray0): 20→19 [0.1ms]
[2026-05-06 10:58:47] MOVE chetan (lawn green): 75→65 [0.1ms]
[2026-05-06 10:58:47] MOVE asha (gray0): 19→20 [0.1ms]
[2026-05-06 10:58:47] MOVE chetan (lawn green): 65→75 [0.1ms]
[2026-05-06 10:58:47] MOVE asha (gray0): 20→19 [0.2ms]
[2026-05-06 10:58:47] MOVE chetan (lawn green): 75→65 [0.1ms]
[2026-05-06 10:58:47] MOVE asha (gray0): 19→20 [0.1ms]
[2026-05-06 10:58:48] MOVE chetan (lawn green): 65→75 [0.1ms]
[2026-05-06 10:58:48] MOVE asha (gray0): 20→19 [0.1ms]
[2026-05-06 10:58:48] MOVE chetan (lawn green): 75→65 [0.1ms]
[2026-05-06 10:58:48] MOVE asha (gray0): 19→20 [0.1ms]
[2026-05-06 10:58:48] MOVE chetan (lawn green): 65→75 [0.1ms]
[2026-05-06 10:58:48] MOVE asha (gray0): 20→19 [0.1ms]
[2026-05-06 10:58:48] MOVE chetan (lawn green): 75→65 [0.1ms]
[2026-05-06 10:58:49] MOVE asha (gray0): 19→20 [0.2ms]
[2026-05-06 10:58:49] MOVE chetan (lawn green): 65→75 [0.1ms]
[2026-05-06 10:58:49] MOVE asha (gray0): 20→19 [0.1ms]
[2026-05-06 10:58:49] MOVE chetan (lawn green): 75→65 [0.1ms]
[2026-05-06 10:58:49] MOVE asha (gray0): 19→20 [0.1ms]
[2026-05-06 10:58:49] MOVE chetan (lawn green): 65→75 [0.1ms]
[2026-05-06 10:58:50] MOVE asha (gray0): 20→19 [0.2ms]
[2026-05-06 10:58:50] MOVE chetan (lawn green): 75→65 [0.2ms]
[2026-05-06 10:58:50] MOVE asha (gray0): 19→20 [0.1ms]
[2026-05-06 10:58:50] MOVE chetan (lawn green): 65→75 [0.1ms]
[2026-05-06 10:58:50] MOVE asha (gray0): 20→19 [0.2ms]
[2026-05-06 11:17:12] SCORE chetan (lawn green): Final=213.0, Time=0.0, Moves(667)=0.0, Pins(1)=100.0, Dist=113.0
[2026-05-06 11:17:12] SCORE asha (gray0): Final=234.5, Time=3.5, Moves(667)=0.0, Pins(1)=100.0, Dist=131.0
[2026-05-06 11:17:12] GAME TIME LIMIT REACHED.
[2026-05-06 11:17:12] SCORE chetan (lawn green): Final=213.0, Time=0.0, Moves(667)=0.0, Pins(1)=100.0, Dist=113.0
[2026-05-06 11:17:12] SCORE asha (gray0): Final=234.5, Time=3.5, Moves(667)=0.0, Pins(1)=100.0, Dist=131.0
[2026-05-06 11:17:12] GAME TIME LIMIT REACHED.
