[2026-05-06 12:16:54] GAME CREATED
[2026-05-06 12:16:59] PLAYER JOINED: chetan as lawn green
[2026-05-06 12:17:03] PLAYER JOINED: asha as gray0
[2026-05-06 12:17:08] GAME STARTED — turn order: ['lawn green', 'gray0']
[2026-05-06 12:17:08] MOVE chetan (lawn green): 20→18 [0.1ms]
[2026-05-06 12:17:08] MOVE asha (gray0): 75→56 [0.1ms]
[2026-05-06 12:17:08] MOVE chetan (lawn green): 22→43 [0.1ms]
[2026-05-06 12:17:09] MOVE asha (gray0): 98→77 [0.1ms]
[2026-05-06 12:17:09] MOVE chetan (lawn green): 19→17 [0.4ms]
[2026-05-06 12:17:09] MOVE asha (gray0): 65→47 [0.1ms]
[2026-05-06 12:17:09] MOVE chetan (lawn green): 33→29 [0.1ms]
[2026-05-06 12:17:09] MOVE asha (gray0): 87→48 [0.1ms]
[2026-05-06 12:17:09] MOVE chetan (lawn green): 17→40 [0.1ms]
[2026-05-06 12:17:10] MOVE asha (gray0): 47→49 [0.1ms]
[2026-05-06 12:17:10] MOVE chetan (lawn green): 29→50 [0.1ms]
[2026-05-06 12:17:10] MOVE asha (gray0): 88→47 [0.1ms]
[2026-05-06 12:17:10] MOVE chetan (lawn green): 40→57 [0.1ms]
[2026-05-06 12:17:10] MOVE asha (gray0): 56→39 [0.2ms]
[2026-05-06 12:17:10] MOVE chetan (lawn green): 50→59 [0.1ms]
[2026-05-06 12:17:11] MOVE asha (gray0): 49→28 [0.1ms]
[2026-05-06 12:17:11] MOVE chetan (lawn green): 57→56 [0.1ms]
[2026-05-06 12:17:11] MOVE asha (gray0): 39→16 [0.1ms]
[2026-05-06 12:17:11] MOVE chetan (lawn green): 56→65 [0.1ms]
[2026-05-06 12:17:11] MOVE asha (gray0): 100→60 [0.1ms]
[2026-05-06 12:17:21] SCORE chetan (lawn green): Final=312.8, Time=99.8, Moves(10)=0.0, Pins(1)=100.0, Dist=113.0
[2026-05-06 12:17:21] SCORE asha (gray0): Final=217.2, Time=97.2, Moves(10)=0.0, Pins(0)=0.0, Dist=120.0
[2026-05-06 12:17:21] TURN TIMEOUT: Player with colour lawn green exceeded 10s at move 20. Turn skipped.
[2026-05-06 12:17:22] MOVE asha (gray0): 47→51 [0.1ms]
[2026-05-06 12:17:32] SCORE chetan (lawn green): Final=312.8, Time=99.8, Moves(10)=0.0, Pins(1)=100.0, Dist=113.0
[2026-05-06 12:17:32] SCORE asha (gray0): Final=221.0, Time=97.0, Moves(11)=0.0, Pins(0)=0.0, Dist=124.0
[2026-05-06 12:17:32] TURN TIMEOUT: Player with colour lawn green exceeded 10s at move 21. Turn skipped.
[2026-05-06 12:17:32] MOVE asha (gray0): 60→41 [0.1ms]
[2026-05-06 12:17:42] SCORE chetan (lawn green): Final=312.8, Time=99.8, Moves(10)=0.0, Pins(1)=100.0, Dist=113.0
[2026-05-06 12:17:42] SCORE asha (gray0): Final=223.0, Time=97.0, Moves(12)=0.0, Pins(0)=0.0, Dist=126.0
[2026-05-06 12:17:42] TURN TIMEOUT: Player with colour lawn green exceeded 10s at move 22. Turn skipped.
[2026-05-06 12:17:42] MOVE asha (gray0): 51→30 [0.1ms]
[2026-05-06 12:17:52] SCORE chetan (lawn green): Final=312.8, Time=99.8, Moves(10)=0.0, Pins(1)=100.0, Dist=113.0
[2026-05-06 12:17:52] SCORE asha (gray0): Final=225.0, Time=97.0, Moves(13)=0.0, Pins(0)=0.0, Dist=128.0
[2026-05-06 12:17:52] TURN TIMEOUT: Player with colour lawn green exceeded 10s at move 23. Turn skipped.
[2026-05-06 12:17:52] MOVE asha (gray0): 16→17 [0.2ms]
[2026-05-06 12:18:02] SCORE chetan (lawn green): Final=312.8, Time=99.8, Moves(10)=0.0, Pins(1)=100.0, Dist=113.0
[2026-05-06 12:18:02] SCORE asha (gray0): Final=225.9, Time=96.9, Moves(14)=0.0, Pins(0)=0.0, Dist=129.0
[2026-05-06 12:18:02] TURN TIMEOUT: Player with colour lawn green exceeded 10s at move 24. Turn skipped.
[2026-05-06 12:18:02] MOVE asha (gray0): 17→19 [0.1ms]
[2026-05-06 12:18:12] SCORE chetan (lawn green): Final=312.8, Time=99.8, Moves(10)=0.0, Pins(1)=100.0, Dist=113.0
[2026-05-06 12:18:12] SCORE asha (gray0): Final=327.9, Time=96.9, Moves(15)=0.0, Pins(1)=100.0, Dist=131.0
[2026-05-06 12:18:12] TURN TIMEOUT: Player with colour lawn green exceeded 10s at move 25. Turn skipped.
[2026-05-06 12:18:22] SCORE chetan (lawn green): Final=312.8, Time=99.8, Moves(10)=0.0, Pins(1)=100.0, Dist=113.0
[2026-05-06 12:18:22] SCORE asha (gray0): Final=327.9, Time=96.9, Moves(15)=0.0, Pins(1)=100.0, Dist=131.0
[2026-05-06 12:18:22] TURN TIMEOUT: Player with colour gray0 exceeded 10s at move 25. Turn skipped.
[2026-05-06 12:18:32] SCORE chetan (lawn green): Final=312.8, Time=99.8, Moves(10)=0.0, Pins(1)=100.0, Dist=113.0
[2026-05-06 12:18:32] SCORE asha (gray0): Final=327.9, Time=96.9, Moves(15)=0.0, Pins(1)=100.0, Dist=131.0
[2026-05-06 12:18:32] TURN TIMEOUT: Player with colour lawn green exceeded 10s at move 25. Turn skipped.
[2026-05-06 12:18:43] SCORE chetan (lawn green): Final=312.8, Time=99.8, Moves(10)=0.0, Pins(1)=100.0, Dist=113.0
[2026-05-06 12:18:43] SCORE asha (gray0): Final=327.9, Time=96.9, Moves(15)=0.0, Pins(1)=100.0, Dist=131.0
[2026-05-06 12:18:43] TURN TIMEOUT: Player with colour gray0 exceeded 10s at move 25. Turn skipped.
[2026-05-06 12:18:53] SCORE chetan (lawn green): Final=312.8, Time=99.8, Moves(10)=0.0, Pins(1)=100.0, Dist=113.0
[2026-05-06 12:18:53] SCORE asha (gray0): Final=327.9, Time=96.9, Moves(15)=0.0, Pins(1)=100.0, Dist=131.0
[2026-05-06 12:18:53] TURN TIMEOUT: Player with colour lawn green exceeded 10s at move 25. Turn skipped.
