[2026-05-06 12:32:37] GAME CREATED
[2026-05-06 12:32:42] PLAYER JOINED: chetan as lawn green
[2026-05-06 12:32:48] PLAYER JOINED: asha as gray0
[2026-05-06 12:32:54] GAME STARTED — turn order: ['lawn green', 'gray0']
[2026-05-06 12:32:54] MOVE chetan (lawn green): 20→18 [0.3ms]
[2026-05-06 12:32:55] MOVE asha (gray0): 75→56 [0.1ms]
[2026-05-06 12:32:55] MOVE chetan (lawn green): 22→43 [0.1ms]
[2026-05-06 12:32:55] MOVE asha (gray0): 98→77 [0.1ms]
[2026-05-06 12:32:55] MOVE chetan (lawn green): 19→17 [0.1ms]
[2026-05-06 12:32:56] MOVE asha (gray0): 65→47 [0.2ms]
[2026-05-06 12:32:56] MOVE chetan (lawn green): 33→29 [0.2ms]
[2026-05-06 12:32:56] MOVE asha (gray0): 87→48 [0.2ms]
[2026-05-06 12:32:56] MOVE chetan (lawn green): 17→40 [0.2ms]
[2026-05-06 12:32:56] MOVE asha (gray0): 47→49 [0.1ms]
[2026-05-06 12:32:57] MOVE chetan (lawn green): 29→50 [0.1ms]
[2026-05-06 12:32:57] MOVE asha (gray0): 49→28 [0.1ms]
[2026-05-06 12:32:57] MOVE chetan (lawn green): 40→59 [0.1ms]
[2026-05-06 12:32:57] MOVE asha (gray0): 88→51 [0.1ms]
[2026-05-06 12:32:57] MOVE chetan (lawn green): 50→68 [0.1ms]
[2026-05-06 12:32:57] MOVE asha (gray0): 28→16 [0.2ms]
[2026-05-06 12:32:58] MOVE chetan (lawn green): 44→15 [0.1ms]
[2026-05-06 12:32:58] MOVE asha (gray0): 16→17 [0.1ms]
[2026-05-06 12:32:58] MOVE chetan (lawn green): 18→14 [0.1ms]
[2026-05-06 12:32:58] MOVE asha (gray0): 17→18 [0.1ms]
[2026-05-06 12:32:58] MOVE chetan (lawn green): 59→78 [0.1ms]
[2026-05-06 12:32:58] MOVE asha (gray0): 18→19 [0.2ms]
[2026-05-06 12:32:59] MOVE chetan (lawn green): 68→87 [0.2ms]
[2026-05-06 12:32:59] MOVE asha (gray0): 86→49 [0.1ms]
[2026-05-06 12:32:59] MOVE chetan (lawn green): 87→75 [0.2ms]
[2026-05-06 12:32:59] MOVE asha (gray0): 48→52 [0.1ms]
[2026-05-06 12:32:59] MOVE chetan (lawn green): 75→65 [0.1ms]
[2026-05-06 12:32:59] MOVE asha (gray0): 19→44 [0.1ms]
[2026-05-06 12:33:00] MOVE chetan (lawn green): 65→88 [0.1ms]
[2026-05-06 12:33:00] MOVE asha (gray0): 44→33 [0.1ms]
[2026-05-06 12:33:00] MOVE chetan (lawn green): 21→40 [0.1ms]
[2026-05-06 12:33:00] MOVE asha (gray0): 33→20 [0.1ms]
[2026-05-06 12:33:00] MOVE chetan (lawn green): 78→89 [0.2ms]
[2026-05-06 12:33:00] MOVE asha (gray0): 20→21 [0.2ms]
[2026-05-06 12:33:01] MOVE chetan (lawn green): 89→87 [0.1ms]
[2026-05-06 12:33:01] MOVE asha (gray0): 21→22 [0.1ms]
[2026-05-06 12:33:01] MOVE chetan (lawn green): 88→86 [0.1ms]
[2026-05-06 12:33:01] MOVE asha (gray0): 51→53 [0.2ms]
[2026-05-06 12:33:01] MOVE chetan (lawn green): 43→58 [0.1ms]
[2026-05-06 12:33:01] MOVE asha (gray0): 52→54 [0.1ms]
[2026-05-06 12:33:01] MOVE chetan (lawn green): 87→75 [0.2ms]
[2026-05-06 12:33:02] MOVE asha (gray0): 54→44 [0.2ms]
[2026-05-06 12:33:02] MOVE chetan (lawn green): 75→98 [0.1ms]
[2026-05-06 12:33:02] MOVE asha (gray0): 44→19 [0.1ms]
[2026-05-06 12:33:02] MOVE chetan (lawn green): 86→75 [0.2ms]
[2026-05-06 12:33:03] MOVE asha (gray0): 19→20 [0.1ms]
[2026-05-06 12:33:03] MOVE chetan (lawn green): 98→86 [0.1ms]
[2026-05-06 12:33:03] MOVE asha (gray0): 20→21 [0.2ms]
[2026-05-06 12:33:03] MOVE chetan (lawn green): 86→65 [0.1ms]
[2026-05-06 12:33:03] MOVE asha (gray0): 22→20 [0.2ms]
[2026-05-06 12:33:04] MOVE chetan (lawn green): 65→88 [0.2ms]
[2026-05-06 12:33:04] MOVE asha (gray0): 20→19 [0.1ms]
[2026-05-06 12:33:04] MOVE chetan (lawn green): 88→87 [0.1ms]
[2026-05-06 12:33:04] MOVE asha (gray0): 19→44 [0.2ms]
[2026-05-06 12:33:04] MOVE chetan (lawn green): 75→65 [0.1ms]
[2026-05-06 12:33:04] MOVE asha (gray0): 44→33 [0.1ms]
[2026-05-06 12:33:05] MOVE chetan (lawn green): 65→86 [0.3ms]
[2026-05-06 12:33:05] MOVE asha (gray0): 21→22 [0.2ms]
[2026-05-06 12:33:05] MOVE chetan (lawn green): 86→88 [0.1ms]
[2026-05-06 12:33:05] MOVE asha (gray0): 33→21 [0.1ms]
[2026-05-06 12:33:05] MOVE chetan (lawn green): 87→75 [0.1ms]
[2026-05-06 12:33:05] MOVE asha (gray0): 53→43 [0.1ms]
[2026-05-06 12:33:06] MOVE chetan (lawn green): 88→87 [0.1ms]
[2026-05-06 12:33:06] MOVE asha (gray0): 43→20 [0.1ms]
[2026-05-06 12:33:06] MOVE chetan (lawn green): 75→86 [0.1ms]
[2026-05-06 12:33:06] MOVE asha (gray0): 20→19 [0.1ms]
[2026-05-06 12:33:06] MOVE chetan (lawn green): 86→65 [0.1ms]
[2026-05-06 12:33:06] MOVE asha (gray0): 22→20 [0.1ms]
[2026-05-06 12:33:07] MOVE chetan (lawn green): 65→88 [0.1ms]
[2026-05-06 12:33:07] MOVE asha (gray0): 19→44 [0.1ms]
[2026-05-06 12:33:07] MOVE chetan (lawn green): 87→75 [0.1ms]
[2026-05-06 12:33:07] MOVE asha (gray0): 21→19 [0.1ms]
[2026-05-06 12:33:07] MOVE chetan (lawn green): 88→87 [0.1ms]
[2026-05-06 12:33:07] MOVE asha (gray0): 20→21 [0.1ms]
[2026-05-06 12:33:08] MOVE chetan (lawn green): 75→65 [0.1ms]
[2026-05-06 12:33:08] MOVE asha (gray0): 19→20 [0.1ms]
[2026-05-06 12:33:08] MOVE chetan (lawn green): 65→86 [0.1ms]
[2026-05-06 12:33:08] MOVE asha (gray0): 20→22 [0.3ms]
[2026-05-06 12:33:08] MOVE chetan (lawn green): 86→88 [0.1ms]
[2026-05-06 12:33:08] MOVE asha (gray0): 21→33 [0.2ms]
[2026-05-06 12:33:08] MOVE chetan (lawn green): 87→75 [0.1ms]
[2026-05-06 12:33:08] MOVE asha (gray0): 44→21 [0.1ms]
[2026-05-06 12:33:09] MOVE chetan (lawn green): 75→86 [0.1ms]
[2026-05-06 12:33:09] MOVE asha (gray0): 21→19 [0.1ms]
[2026-05-06 12:33:09] MOVE chetan (lawn green): 86→98 [0.1ms]
[2026-05-06 12:33:09] MOVE asha (gray0): 22→21 [0.1ms]
[2026-05-06 12:33:09] MOVE chetan (lawn green): 88→87 [0.1ms]
[2026-05-06 12:33:09] MOVE asha (gray0): 21→44 [0.2ms]
[2026-05-06 12:33:10] MOVE chetan (lawn green): 87→75 [0.1ms]
[2026-05-06 12:33:10] MOVE asha (gray0): 33→20 [0.1ms]
[2026-05-06 12:33:10] MOVE chetan (lawn green): 58→57 [0.1ms]
[2026-05-06 12:33:10] MOVE asha (gray0): 56→41 [0.1ms]
[2026-05-06 12:33:10] MOVE chetan (lawn green): 75→65 [0.1ms]
[2026-05-06 12:33:10] MOVE asha (gray0): 44→33 [0.2ms]
[2026-05-06 12:33:11] MOVE chetan (lawn green): 57→56 [0.2ms]
[2026-05-06 12:33:11] MOVE asha (gray0): 19→44 [0.1ms]
[2026-05-06 12:33:11] MOVE chetan (lawn green): 56→75 [0.2ms]
[2026-05-06 12:33:11] MOVE asha (gray0): 20→19 [0.1ms]
[2026-05-06 12:33:11] MOVE chetan (lawn green): 65→86 [0.1ms]
[2026-05-06 12:33:11] MOVE asha (gray0): 44→21 [0.1ms]
[2026-05-06 12:33:12] MOVE chetan (lawn green): 86→88 [0.1ms]
[2026-05-06 12:33:12] MOVE asha (gray0): 19→44 [0.2ms]
[2026-05-06 12:33:12] MOVE chetan (lawn green): 98→86 [0.1ms]
[2026-05-06 12:33:12] MOVE asha (gray0): 33→20 [0.1ms]
[2026-05-06 12:33:12] MOVE chetan (lawn green): 86→65 [0.2ms]
[2026-05-06 12:33:12] MOVE asha (gray0): 20→22 [0.1ms]
[2026-05-06 12:33:13] MOVE chetan (lawn green): 75→86 [0.2ms]
[2026-05-06 12:33:13] MOVE asha (gray0): 44→33 [0.3ms]
[2026-05-06 12:33:13] MOVE chetan (lawn green): 65→75 [0.1ms]
[2026-05-06 12:33:13] MOVE asha (gray0): 21→19 [0.2ms]
[2026-05-06 12:33:13] MOVE chetan (lawn green): 75→98 [0.1ms]
[2026-05-06 12:33:13] MOVE asha (gray0): 22→21 [0.4ms]
[2026-05-06 12:33:14] MOVE chetan (lawn green): 88→65 [0.1ms]
[2026-05-06 12:33:14] MOVE asha (gray0): 21→44 [0.1ms]
[2026-05-06 12:33:14] MOVE chetan (lawn green): 86→75 [0.1ms]
[2026-05-06 12:33:14] MOVE asha (gray0): 33→20 [0.1ms]
[2026-05-06 12:33:14] MOVE chetan (lawn green): 65→86 [0.1ms]
[2026-05-06 12:33:14] MOVE asha (gray0): 19→21 [0.1ms]
[2026-05-06 12:33:14] MOVE chetan (lawn green): 86→88 [0.1ms]
[2026-05-06 12:33:15] MOVE asha (gray0): 44→19 [0.1ms]
[2026-05-06 12:33:15] MOVE chetan (lawn green): 98→86 [0.1ms]
[2026-05-06 12:33:15] MOVE asha (gray0): 20→22 [0.1ms]
[2026-05-06 12:33:15] MOVE chetan (lawn green): 86→65 [0.1ms]
[2026-05-06 12:33:15] MOVE asha (gray0): 19→20 [0.2ms]
[2026-05-06 12:33:15] MOVE chetan (lawn green): 75→86 [0.1ms]
[2026-05-06 12:33:16] MOVE asha (gray0): 21→44 [0.1ms]
[2026-05-06 12:33:16] MOVE chetan (lawn green): 65→75 [0.1ms]
[2026-05-06 12:33:16] MOVE asha (gray0): 44→19 [0.1ms]
[2026-05-06 12:33:16] MOVE chetan (lawn green): 75→98 [0.1ms]
[2026-05-06 12:33:16] MOVE asha (gray0): 20→21 [0.1ms]
[2026-05-06 12:33:16] MOVE chetan (lawn green): 88→65 [0.3ms]
[2026-05-06 12:33:17] MOVE asha (gray0): 21→33 [0.1ms]
[2026-05-06 12:33:17] MOVE chetan (lawn green): 86→75 [0.2ms]
[2026-05-06 12:33:17] MOVE asha (gray0): 33→44 [0.1ms]
[2026-05-06 12:33:17] MOVE chetan (lawn green): 65→86 [0.1ms]
[2026-05-06 12:33:17] MOVE asha (gray0): 22→21 [0.1ms]
[2026-05-06 12:33:17] MOVE chetan (lawn green): 86→88 [0.1ms]
[2026-05-06 12:33:18] MOVE asha (gray0): 21→20 [0.1ms]
[2026-05-06 12:33:18] MOVE chetan (lawn green): 98→86 [0.1ms]
[2026-05-06 12:33:18] MOVE asha (gray0): 19→21 [0.2ms]
[2026-05-06 12:33:18] MOVE chetan (lawn green): 86→65 [0.1ms]
[2026-05-06 12:33:18] MOVE asha (gray0): 44→19 [0.7ms]
[2026-05-06 12:33:18] MOVE chetan (lawn green): 75→86 [0.2ms]
[2026-05-06 12:33:18] MOVE asha (gray0): 20→22 [0.1ms]
[2026-05-06 12:33:19] MOVE chetan (lawn green): 65→75 [0.1ms]
[2026-05-06 12:33:19] MOVE asha (gray0): 19→20 [0.1ms]
[2026-05-06 12:33:19] MOVE chetan (lawn green): 75→98 [0.2ms]
[2026-05-06 12:33:19] MOVE asha (gray0): 21→19 [0.1ms]
[2026-05-06 12:33:19] MOVE chetan (lawn green): 88→65 [0.2ms]
[2026-05-06 12:33:19] MOVE asha (gray0): 19→44 [0.1ms]
[2026-05-06 12:33:20] MOVE chetan (lawn green): 86→75 [0.1ms]
[2026-05-06 12:33:20] MOVE asha (gray0): 20→21 [0.6ms]
[2026-05-06 12:33:20] MOVE chetan (lawn green): 65→86 [0.4ms]
[2026-05-06 12:33:20] MOVE asha (gray0): 21→33 [0.2ms]
[2026-05-06 12:33:20] MOVE chetan (lawn green): 86→88 [0.1ms]
[2026-05-06 12:33:20] MOVE asha (gray0): 22→21 [0.1ms]
[2026-05-06 12:33:21] MOVE chetan (lawn green): 98→86 [0.1ms]
[2026-05-06 12:33:21] MOVE asha (gray0): 21→20 [0.1ms]
[2026-05-06 12:33:21] MOVE chetan (lawn green): 86→65 [0.2ms]
[2026-05-06 12:33:21] MOVE asha (gray0): 44→21 [0.1ms]
[2026-05-06 12:33:21] MOVE chetan (lawn green): 75→86 [0.1ms]
[2026-05-06 12:33:21] MOVE asha (gray0): 20→22 [0.1ms]
[2026-05-06 12:33:22] MOVE chetan (lawn green): 65→75 [0.2ms]
[2026-05-06 12:33:22] MOVE asha (gray0): 33→20 [0.2ms]
[2026-05-06 12:33:22] MOVE chetan (lawn green): 75→98 [0.1ms]
[2026-05-06 12:33:22] MOVE asha (gray0): 21→19 [0.1ms]
[2026-05-06 12:33:22] MOVE chetan (lawn green): 88→65 [0.1ms]
[2026-05-06 12:33:22] MOVE asha (gray0): 19→44 [0.1ms]
[2026-05-06 12:33:22] MOVE chetan (lawn green): 86→75 [0.1ms]
[2026-05-06 12:33:23] MOVE asha (gray0): 20→19 [0.1ms]
[2026-05-06 12:33:23] MOVE chetan (lawn green): 65→86 [0.2ms]
[2026-05-06 12:33:23] MOVE asha (gray0): 44→33 [0.1ms]
[2026-05-06 12:33:23] MOVE chetan (lawn green): 86→88 [0.3ms]
[2026-05-06 12:33:23] MOVE asha (gray0): 19→21 [0.1ms]
[2026-05-06 12:33:23] MOVE chetan (lawn green): 98→86 [0.1ms]
[2026-05-06 12:33:24] MOVE asha (gray0): 21→44 [0.2ms]
[2026-05-06 12:33:24] MOVE chetan (lawn green): 86→65 [0.1ms]
[2026-05-06 12:33:24] MOVE asha (gray0): 22→21 [0.1ms]
[2026-05-06 12:33:24] MOVE chetan (lawn green): 75→86 [0.1ms]
[2026-05-06 12:33:24] MOVE asha (gray0): 21→20 [0.1ms]
[2026-05-06 12:33:24] MOVE chetan (lawn green): 65→75 [0.1ms]
[2026-05-06 12:33:25] MOVE asha (gray0): 20→19 [0.2ms]
[2026-05-06 12:33:25] MOVE chetan (lawn green): 75→98 [0.1ms]
[2026-05-06 12:33:25] MOVE asha (gray0): 33→20 [0.1ms]
[2026-05-06 12:33:25] MOVE chetan (lawn green): 88→65 [0.1ms]
[2026-05-06 12:33:25] MOVE asha (gray0): 44→33 [0.1ms]
[2026-05-06 12:33:25] MOVE chetan (lawn green): 86→75 [0.2ms]
[2026-05-06 12:33:26] MOVE asha (gray0): 19→44 [0.1ms]
[2026-05-06 12:33:26] MOVE chetan (lawn green): 65→86 [0.1ms]
[2026-05-06 12:33:26] MOVE asha (gray0): 20→19 [0.1ms]
[2026-05-06 12:33:26] MOVE chetan (lawn green): 86→88 [0.1ms]
[2026-05-06 12:33:26] MOVE asha (gray0): 33→20 [0.2ms]
[2026-05-06 12:33:27] MOVE chetan (lawn green): 98→86 [0.1ms]
[2026-05-06 12:33:27] MOVE asha (gray0): 19→21 [0.1ms]
[2026-05-06 12:33:27] MOVE chetan (lawn green): 86→65 [0.2ms]
[2026-05-06 12:33:27] MOVE asha (gray0): 20→22 [0.1ms]
[2026-05-06 12:33:27] MOVE chetan (lawn green): 75→86 [0.1ms]
[2026-05-06 12:33:27] MOVE asha (gray0): 44→33 [0.1ms]
[2026-05-06 12:33:28] MOVE chetan (lawn green): 65→75 [0.1ms]
[2026-05-06 12:33:28] MOVE asha (gray0): 21→44 [0.2ms]
[2026-05-06 12:33:28] MOVE chetan (lawn green): 75→98 [0.1ms]
[2026-05-06 12:33:28] MOVE asha (gray0): 22→21 [0.2ms]
[2026-05-06 12:33:28] MOVE chetan (lawn green): 88→65 [0.1ms]
[2026-05-06 12:33:29] MOVE asha (gray0): 33→20 [0.1ms]
[2026-05-06 12:33:29] MOVE chetan (lawn green): 86→75 [0.1ms]
[2026-05-06 12:33:29] MOVE asha (gray0): 21→19 [0.1ms]
[2026-05-06 12:33:29] MOVE chetan (lawn green): 65→86 [0.2ms]
[2026-05-06 12:33:30] MOVE asha (gray0): 20→21 [0.2ms]
[2026-05-06 12:33:30] MOVE chetan (lawn green): 86→88 [0.1ms]
[2026-05-06 12:33:30] MOVE asha (gray0): 19→20 [0.2ms]
[2026-05-06 12:33:30] MOVE chetan (lawn green): 98→86 [0.1ms]
[2026-05-06 12:33:30] MOVE asha (gray0): 21→19 [0.1ms]
[2026-05-06 12:33:30] MOVE chetan (lawn green): 86→65 [0.1ms]
[2026-05-06 12:33:30] MOVE asha (gray0): 20→33 [0.1ms]
[2026-05-06 12:33:31] MOVE chetan (lawn green): 75→86 [0.1ms]
[2026-05-06 12:33:31] MOVE asha (gray0): 44→21 [0.2ms]
[2026-05-06 12:33:31] MOVE chetan (lawn green): 65→75 [0.1ms]
[2026-05-06 12:33:31] MOVE asha (gray0): 19→44 [0.2ms]
[2026-05-06 12:33:31] MOVE chetan (lawn green): 75→98 [0.2ms]
[2026-05-06 12:33:31] MOVE asha (gray0): 21→20 [0.1ms]
[2026-05-06 12:33:32] MOVE chetan (lawn green): 88→65 [0.1ms]
[2026-05-06 12:33:32] MOVE asha (gray0): 33→21 [0.2ms]
[2026-05-06 12:33:32] MOVE chetan (lawn green): 86→75 [0.1ms]
[2026-05-06 12:33:32] MOVE asha (gray0): 21→19 [0.1ms]
[2026-05-06 12:33:32] MOVE chetan (lawn green): 65→86 [0.2ms]
[2026-05-06 12:33:32] MOVE asha (gray0): 44→33 [0.3ms]
[2026-05-06 12:33:33] MOVE chetan (lawn green): 86→88 [0.1ms]
[2026-05-06 12:33:33] MOVE asha (gray0): 19→44 [0.1ms]
[2026-05-06 12:33:33] MOVE chetan (lawn green): 98→86 [0.1ms]
[2026-05-06 12:33:33] MOVE asha (gray0): 33→21 [0.2ms]
[2026-05-06 12:33:33] MOVE chetan (lawn green): 86→65 [0.1ms]
[2026-05-06 12:33:33] MOVE asha (gray0): 21→19 [0.1ms]
[2026-05-06 12:33:34] MOVE chetan (lawn green): 75→86 [0.2ms]
[2026-05-06 12:33:34] MOVE asha (gray0): 44→33 [0.1ms]
[2026-05-06 12:33:34] MOVE chetan (lawn green): 65→75 [0.1ms]
[2026-05-06 12:33:34] MOVE asha (gray0): 19→44 [0.1ms]
[2026-05-06 12:33:34] MOVE chetan (lawn green): 75→98 [0.1ms]
[2026-05-06 12:33:34] MOVE asha (gray0): 20→19 [0.1ms]
[2026-05-06 12:33:34] MOVE chetan (lawn green): 88→65 [0.2ms]
[2026-05-06 12:33:35] MOVE asha (gray0): 33→20 [0.2ms]
[2026-05-06 12:33:35] MOVE chetan (lawn green): 86→75 [0.1ms]
[2026-05-06 12:33:35] MOVE asha (gray0): 19→21 [0.1ms]
[2026-05-06 12:33:35] MOVE chetan (lawn green): 65→86 [0.1ms]
[2026-05-06 12:33:35] MOVE asha (gray0): 20→22 [0.1ms]
[2026-05-06 12:33:35] MOVE chetan (lawn green): 86→88 [0.1ms]
[2026-05-06 12:33:36] MOVE asha (gray0): 44→33 [0.1ms]
[2026-05-06 12:33:36] MOVE chetan (lawn green): 98→86 [0.1ms]
[2026-05-06 12:33:36] MOVE asha (gray0): 21→44 [0.1ms]
[2026-05-06 12:33:36] MOVE chetan (lawn green): 86→65 [0.1ms]
[2026-05-06 12:33:36] MOVE asha (gray0): 22→21 [0.2ms]
[2026-05-06 12:33:36] MOVE chetan (lawn green): 75→86 [0.1ms]
[2026-05-06 12:33:37] MOVE asha (gray0): 33→20 [0.2ms]
[2026-05-06 12:33:37] MOVE chetan (lawn green): 65→75 [0.1ms]
[2026-05-06 12:33:37] MOVE asha (gray0): 21→19 [0.2ms]
[2026-05-06 12:33:37] MOVE chetan (lawn green): 75→98 [0.1ms]
[2026-05-06 12:33:37] MOVE asha (gray0): 20→21 [0.1ms]
[2026-05-06 12:33:37] MOVE chetan (lawn green): 88→65 [0.2ms]
[2026-05-06 12:33:38] MOVE asha (gray0): 19→20 [0.2ms]
[2026-05-06 12:33:38] MOVE chetan (lawn green): 86→75 [0.1ms]
[2026-05-06 12:33:38] MOVE asha (gray0): 21→19 [0.1ms]
[2026-05-06 12:33:38] MOVE chetan (lawn green): 65→86 [0.1ms]
[2026-05-06 12:33:38] MOVE asha (gray0): 20→33 [0.1ms]
[2026-05-06 12:33:38] MOVE chetan (lawn green): 86→88 [0.1ms]
[2026-05-06 12:33:39] MOVE asha (gray0): 44→21 [0.1ms]
[2026-05-06 12:33:39] MOVE chetan (lawn green): 98→86 [0.1ms]
[2026-05-06 12:33:39] MOVE asha (gray0): 19→44 [0.1ms]
[2026-05-06 12:33:39] MOVE chetan (lawn green): 86→65 [0.1ms]
[2026-05-06 12:33:39] MOVE asha (gray0): 21→20 [0.1ms]
[2026-05-06 12:33:39] MOVE chetan (lawn green): 75→86 [0.1ms]
[2026-05-06 12:33:40] MOVE asha (gray0): 33→21 [0.1ms]
[2026-05-06 12:33:40] MOVE chetan (lawn green): 65→75 [0.1ms]
[2026-05-06 12:33:40] MOVE asha (gray0): 21→19 [0.2ms]
[2026-05-06 12:33:40] MOVE chetan (lawn green): 75→98 [0.1ms]
[2026-05-06 12:33:40] MOVE asha (gray0): 44→33 [0.1ms]
[2026-05-06 12:33:40] MOVE chetan (lawn green): 88→65 [0.1ms]
[2026-05-06 12:33:40] MOVE asha (gray0): 19→44 [0.1ms]
[2026-05-06 12:33:41] MOVE chetan (lawn green): 86→75 [0.1ms]
[2026-05-06 12:33:41] MOVE asha (gray0): 33→21 [0.1ms]
[2026-05-06 12:33:41] MOVE chetan (lawn green): 65→86 [0.1ms]
[2026-05-06 12:33:41] MOVE asha (gray0): 21→19 [0.1ms]
[2026-05-06 12:33:41] MOVE chetan (lawn green): 86→88 [0.3ms]
[2026-05-06 12:33:41] MOVE asha (gray0): 44→33 [0.1ms]
[2026-05-06 12:33:42] MOVE chetan (lawn green): 98→86 [0.4ms]
[2026-05-06 12:33:42] MOVE asha (gray0): 19→44 [0.1ms]
[2026-05-06 12:33:42] MOVE chetan (lawn green): 86→65 [0.1ms]
[2026-05-06 12:33:42] MOVE asha (gray0): 20→19 [0.1ms]
[2026-05-06 12:33:42] MOVE chetan (lawn green): 75→86 [0.1ms]
[2026-05-06 12:33:42] MOVE asha (gray0): 33→20 [0.1ms]
[2026-05-06 12:33:43] MOVE chetan (lawn green): 65→75 [0.1ms]
[2026-05-06 12:33:43] MOVE asha (gray0): 19→21 [0.1ms]
[2026-05-06 12:33:43] MOVE chetan (lawn green): 75→98 [0.2ms]
[2026-05-06 12:33:43] MOVE asha (gray0): 20→22 [0.1ms]
[2026-05-06 12:33:43] MOVE chetan (lawn green): 88→65 [0.1ms]
[2026-05-06 12:33:43] MOVE asha (gray0): 44→33 [0.1ms]
[2026-05-06 12:33:44] MOVE chetan (lawn green): 86→75 [0.1ms]
[2026-05-06 12:33:44] MOVE asha (gray0): 21→44 [0.1ms]
[2026-05-06 12:33:44] MOVE chetan (lawn green): 65→86 [0.2ms]
[2026-05-06 12:33:44] MOVE asha (gray0): 22→21 [0.1ms]
[2026-05-06 12:33:44] MOVE chetan (lawn green): 86→88 [0.1ms]
[2026-05-06 12:33:44] MOVE asha (gray0): 33→20 [0.1ms]
[2026-05-06 12:33:45] MOVE chetan (lawn green): 98→86 [0.1ms]
[2026-05-06 12:33:45] MOVE asha (gray0): 21→19 [0.3ms]
[2026-05-06 12:33:45] MOVE chetan (lawn green): 86→65 [0.1ms]
[2026-05-06 12:33:45] MOVE asha (gray0): 20→21 [0.1ms]
[2026-05-06 12:33:45] MOVE chetan (lawn green): 75→86 [0.2ms]
[2026-05-06 12:33:45] MOVE asha (gray0): 19→20 [0.1ms]
[2026-05-06 12:33:45] MOVE chetan (lawn green): 65→75 [0.1ms]
[2026-05-06 12:33:46] MOVE asha (gray0): 21→19 [0.1ms]
[2026-05-06 12:33:46] MOVE chetan (lawn green): 75→98 [0.2ms]
[2026-05-06 12:33:46] MOVE asha (gray0): 20→33 [0.2ms]
[2026-05-06 12:33:46] MOVE chetan (lawn green): 88→65 [0.1ms]
[2026-05-06 12:33:46] MOVE asha (gray0): 44→21 [0.1ms]
[2026-05-06 12:33:46] MOVE chetan (lawn green): 86→75 [0.1ms]
[2026-05-06 12:33:47] MOVE asha (gray0): 19→44 [0.1ms]
[2026-05-06 12:33:47] MOVE chetan (lawn green): 65→86 [0.1ms]
[2026-05-06 12:33:47] MOVE asha (gray0): 21→20 [0.2ms]
[2026-05-06 12:33:47] MOVE chetan (lawn green): 86→88 [0.1ms]
[2026-05-06 12:33:47] MOVE asha (gray0): 33→21 [0.1ms]
[2026-05-06 12:33:47] MOVE chetan (lawn green): 98→86 [0.1ms]
[2026-05-06 12:33:48] MOVE asha (gray0): 21→19 [0.1ms]
[2026-05-06 12:33:48] MOVE chetan (lawn green): 86→65 [0.2ms]
[2026-05-06 12:33:48] MOVE asha (gray0): 44→33 [0.1ms]
[2026-05-06 12:33:48] MOVE chetan (lawn green): 75→86 [0.1ms]
[2026-05-06 12:33:48] MOVE asha (gray0): 19→44 [0.1ms]
[2026-05-06 12:33:48] MOVE chetan (lawn green): 65→75 [0.1ms]
[2026-05-06 12:33:49] MOVE asha (gray0): 33→21 [0.1ms]
[2026-05-06 12:33:49] MOVE chetan (lawn green): 75→98 [0.1ms]
[2026-05-06 12:33:49] MOVE asha (gray0): 21→19 [0.1ms]
[2026-05-06 12:33:49] MOVE chetan (lawn green): 88→65 [0.2ms]
[2026-05-06 12:33:49] MOVE asha (gray0): 44→33 [0.1ms]
[2026-05-06 12:33:49] MOVE chetan (lawn green): 86→75 [0.1ms]
[2026-05-06 12:33:50] MOVE asha (gray0): 19→44 [0.2ms]
[2026-05-06 12:33:50] MOVE chetan (lawn green): 65→86 [0.1ms]
[2026-05-06 12:33:50] MOVE asha (gray0): 20→19 [0.1ms]
[2026-05-06 12:33:50] MOVE chetan (lawn green): 86→88 [0.1ms]
[2026-05-06 12:33:50] MOVE asha (gray0): 33→20 [0.1ms]
[2026-05-06 12:33:50] MOVE chetan (lawn green): 98→86 [0.1ms]
[2026-05-06 12:33:51] MOVE asha (gray0): 19→21 [0.1ms]
[2026-05-06 12:33:51] MOVE chetan (lawn green): 86→65 [0.1ms]
[2026-05-06 12:33:51] MOVE asha (gray0): 20→22 [0.1ms]
[2026-05-06 12:33:51] MOVE chetan (lawn green): 75→86 [0.1ms]
[2026-05-06 12:33:51] MOVE asha (gray0): 44→33 [0.1ms]
[2026-05-06 12:33:51] MOVE chetan (lawn green): 65→75 [0.1ms]
[2026-05-06 12:33:52] MOVE asha (gray0): 21→44 [0.1ms]
[2026-05-06 12:33:52] MOVE chetan (lawn green): 75→98 [0.1ms]
[2026-05-06 12:33:52] MOVE asha (gray0): 22→21 [0.1ms]
[2026-05-06 12:33:52] MOVE chetan (lawn green): 88→65 [0.1ms]
[2026-05-06 12:33:52] MOVE asha (gray0): 33→20 [0.2ms]
[2026-05-06 12:33:52] MOVE chetan (lawn green): 86→75 [0.1ms]
[2026-05-06 12:33:53] MOVE asha (gray0): 21→19 [0.2ms]
[2026-05-06 12:33:53] MOVE chetan (lawn green): 65→86 [0.1ms]
[2026-05-06 12:33:53] MOVE asha (gray0): 20→21 [0.1ms]
[2026-05-06 12:33:53] MOVE chetan (lawn green): 86→88 [0.3ms]
[2026-05-06 12:33:53] MOVE asha (gray0): 19→20 [0.1ms]
[2026-05-06 12:33:53] MOVE chetan (lawn green): 98→86 [0.3ms]
[2026-05-06 12:33:53] MOVE asha (gray0): 21→19 [0.1ms]
[2026-05-06 12:33:54] MOVE chetan (lawn green): 86→65 [0.1ms]
[2026-05-06 12:33:54] MOVE asha (gray0): 20→33 [0.1ms]
[2026-05-06 12:33:54] MOVE chetan (lawn green): 75→86 [0.1ms]
[2026-05-06 12:33:54] MOVE asha (gray0): 44→21 [0.1ms]
[2026-05-06 12:33:54] MOVE chetan (lawn green): 65→75 [0.1ms]
[2026-05-06 12:33:54] MOVE asha (gray0): 19→44 [0.1ms]
[2026-05-06 12:33:55] MOVE chetan (lawn green): 75→98 [0.2ms]
[2026-05-06 12:33:55] MOVE asha (gray0): 21→20 [0.1ms]
[2026-05-06 12:33:55] MOVE chetan (lawn green): 88→65 [0.1ms]
[2026-05-06 12:33:55] MOVE asha (gray0): 33→21 [0.1ms]
[2026-05-06 12:33:55] MOVE chetan (lawn green): 86→75 [0.1ms]
[2026-05-06 12:33:55] MOVE asha (gray0): 21→19 [0.1ms]
[2026-05-06 12:33:56] MOVE chetan (lawn green): 65→86 [0.2ms]
[2026-05-06 12:33:56] MOVE asha (gray0): 44→33 [0.1ms]
[2026-05-06 12:33:56] MOVE chetan (lawn green): 86→88 [0.1ms]
[2026-05-06 12:33:56] MOVE asha (gray0): 19→44 [0.1ms]
[2026-05-06 12:33:56] MOVE chetan (lawn green): 98→86 [0.1ms]
[2026-05-06 12:33:56] MOVE asha (gray0): 33→21 [0.2ms]
[2026-05-06 12:33:57] MOVE chetan (lawn green): 86→65 [0.1ms]
[2026-05-06 12:33:57] MOVE asha (gray0): 21→19 [0.1ms]
[2026-05-06 12:33:57] MOVE chetan (lawn green): 75→86 [0.1ms]
[2026-05-06 12:33:57] MOVE asha (gray0): 44→33 [0.1ms]
[2026-05-06 12:33:57] MOVE chetan (lawn green): 65→75 [0.1ms]
[2026-05-06 12:33:57] MOVE asha (gray0): 19→44 [0.2ms]
[2026-05-06 12:33:58] MOVE chetan (lawn green): 75→98 [0.1ms]
[2026-05-06 12:33:58] MOVE asha (gray0): 20→19 [0.3ms]
[2026-05-06 12:33:58] MOVE chetan (lawn green): 88→65 [0.3ms]
[2026-05-06 12:33:58] MOVE asha (gray0): 33→20 [0.2ms]
[2026-05-06 12:33:58] MOVE chetan (lawn green): 86→75 [0.1ms]
[2026-05-06 12:33:58] MOVE asha (gray0): 19→21 [0.2ms]
[2026-05-06 12:33:59] MOVE chetan (lawn green): 65→86 [0.1ms]
[2026-05-06 12:33:59] MOVE asha (gray0): 20→22 [0.1ms]
[2026-05-06 12:33:59] MOVE chetan (lawn green): 86→88 [0.1ms]
[2026-05-06 12:33:59] MOVE asha (gray0): 44→33 [0.1ms]
[2026-05-06 12:33:59] MOVE chetan (lawn green): 98→86 [0.1ms]
[2026-05-06 12:33:59] MOVE asha (gray0): 21→44 [0.2ms]
[2026-05-06 12:34:00] MOVE chetan (lawn green): 86→65 [0.1ms]
[2026-05-06 12:34:00] MOVE asha (gray0): 22→21 [0.2ms]
[2026-05-06 12:34:00] MOVE chetan (lawn green): 75→86 [0.2ms]
[2026-05-06 12:34:00] MOVE asha (gray0): 33→20 [0.2ms]
[2026-05-06 12:34:00] MOVE chetan (lawn green): 65→75 [0.3ms]
[2026-05-06 12:34:00] MOVE asha (gray0): 21→19 [0.2ms]
[2026-05-06 12:51:49] SCORE chetan (lawn green): Final=504.6, Time=64.6, Moves(199)=0.0, Pins(3)=300.0, Dist=140.0
[2026-05-06 12:51:49] SCORE asha (gray0): Final=509.8, Time=70.8, Moves(199)=0.0, Pins(3)=300.0, Dist=139.0
[2026-05-06 12:51:49] GAME TIME LIMIT REACHED.
[2026-05-06 12:51:49] SCORE chetan (lawn green): Final=504.6, Time=64.6, Moves(199)=0.0, Pins(3)=300.0, Dist=140.0
[2026-05-06 12:51:49] SCORE asha (gray0): Final=509.8, Time=70.8, Moves(199)=0.0, Pins(3)=300.0, Dist=139.0
[2026-05-06 12:51:49] GAME TIME LIMIT REACHED.
[2026-05-06 12:51:50] SCORE chetan (lawn green): Final=504.6, Time=64.6, Moves(199)=0.0, Pins(3)=300.0, Dist=140.0
[2026-05-06 12:51:50] SCORE asha (gray0): Final=509.8, Time=70.8, Moves(199)=0.0, Pins(3)=300.0, Dist=139.0
[2026-05-06 12:51:50] GAME TIME LIMIT REACHED.
[2026-05-06 12:51:50] SCORE chetan (lawn green): Final=504.6, Time=64.6, Moves(199)=0.0, Pins(3)=300.0, Dist=140.0
[2026-05-06 12:51:50] SCORE asha (gray0): Final=509.8, Time=70.8, Moves(199)=0.0, Pins(3)=300.0, Dist=139.0
[2026-05-06 12:51:50] GAME TIME LIMIT REACHED.
[2026-05-06 12:51:51] SCORE chetan (lawn green): Final=504.6, Time=64.6, Moves(199)=0.0, Pins(3)=300.0, Dist=140.0
[2026-05-06 12:51:51] SCORE asha (gray0): Final=509.8, Time=70.8, Moves(199)=0.0, Pins(3)=300.0, Dist=139.0
[2026-05-06 12:51:51] GAME TIME LIMIT REACHED.
[2026-05-06 12:51:51] SCORE chetan (lawn green): Final=504.6, Time=64.6, Moves(199)=0.0, Pins(3)=300.0, Dist=140.0
[2026-05-06 12:51:51] SCORE asha (gray0): Final=509.8, Time=70.8, Moves(199)=0.0, Pins(3)=300.0, Dist=139.0
[2026-05-06 12:51:51] GAME TIME LIMIT REACHED.
[2026-05-06 12:51:52] SCORE chetan (lawn green): Final=504.6, Time=64.6, Moves(199)=0.0, Pins(3)=300.0, Dist=140.0
[2026-05-06 12:51:52] SCORE asha (gray0): Final=509.8, Time=70.8, Moves(199)=0.0, Pins(3)=300.0, Dist=139.0
[2026-05-06 12:51:52] GAME TIME LIMIT REACHED.
[2026-05-06 12:51:52] SCORE chetan (lawn green): Final=504.6, Time=64.6, Moves(199)=0.0, Pins(3)=300.0, Dist=140.0
[2026-05-06 12:51:52] SCORE asha (gray0): Final=509.8, Time=70.8, Moves(199)=0.0, Pins(3)=300.0, Dist=139.0
[2026-05-06 12:51:52] GAME TIME LIMIT REACHED.
[2026-05-06 12:51:53] SCORE chetan (lawn green): Final=504.6, Time=64.6, Moves(199)=0.0, Pins(3)=300.0, Dist=140.0
[2026-05-06 12:51:53] SCORE asha (gray0): Final=509.8, Time=70.8, Moves(199)=0.0, Pins(3)=300.0, Dist=139.0
[2026-05-06 12:51:53] GAME TIME LIMIT REACHED.
[2026-05-06 12:51:53] SCORE chetan (lawn green): Final=504.6, Time=64.6, Moves(199)=0.0, Pins(3)=300.0, Dist=140.0
[2026-05-06 12:51:53] SCORE asha (gray0): Final=509.8, Time=70.8, Moves(199)=0.0, Pins(3)=300.0, Dist=139.0
[2026-05-06 12:51:54] GAME TIME LIMIT REACHED.
