[2026-05-08 20:22:17] GAME CREATED
[2026-05-08 20:22:23] PLAYER JOINED: chetan as lawn green
[2026-05-08 20:22:29] PLAYER JOINED: asha as gray0
[2026-05-08 20:22:32] GAME STARTED — turn order: ['lawn green', 'gray0']
[2026-05-08 20:22:32] MOVE chetan (lawn green): 20→18 [0.1ms]
[2026-05-08 20:22:33] MOVE asha (gray0): 75→56 [0.1ms]
[2026-05-08 20:22:33] MOVE chetan (lawn green): 22→43 [0.1ms]
[2026-05-08 20:22:33] MOVE asha (gray0): 98→77 [0.5ms]
[2026-05-08 20:22:33] MOVE chetan (lawn green): 19→17 [0.1ms]
[2026-05-08 20:22:33] MOVE asha (gray0): 65→47 [0.1ms]
[2026-05-08 20:22:33] MOVE chetan (lawn green): 33→29 [0.1ms]
[2026-05-08 20:22:34] MOVE asha (gray0): 87→48 [0.2ms]
[2026-05-08 20:22:34] MOVE chetan (lawn green): 17→40 [0.2ms]
[2026-05-08 20:22:34] MOVE asha (gray0): 47→49 [0.3ms]
[2026-05-08 20:22:36] MOVE chetan (lawn green): 55→64 [0.1ms]
[2026-05-08 20:22:37] MOVE asha (gray0): 76→66 [0.1ms]
[2026-05-08 20:22:39] MOVE chetan (lawn green): 43→42 [0.1ms]
[2026-05-08 20:22:41] MOVE asha (gray0): 101→38 [0.1ms]
[2026-05-08 20:22:42] MOVE chetan (lawn green): 64→73 [0.3ms]
[2026-05-08 20:22:44] MOVE asha (gray0): 100→101 [0.1ms]
[2026-05-08 20:22:46] MOVE chetan (lawn green): 44→43 [0.1ms]
[2026-05-08 20:22:47] MOVE asha (gray0): 101→78 [0.1ms]
[2026-05-08 20:22:49] MOVE chetan (lawn green): 43→58 [0.1ms]
[2026-05-08 20:22:51] MOVE asha (gray0): 48→50 [0.1ms]
[2026-05-08 20:22:52] MOVE chetan (lawn green): 40→57 [0.1ms]
[2026-05-08 20:22:54] MOVE asha (gray0): 88→90 [0.1ms]
[2026-05-08 20:22:56] MOVE chetan (lawn green): 21→33 [0.1ms]
[2026-05-08 20:22:57] MOVE asha (gray0): 38→17 [0.1ms]
[2026-05-08 20:22:59] MOVE chetan (lawn green): 45→16 [0.1ms]
[2026-05-08 20:23:01] MOVE asha (gray0): 56→47 [0.1ms]
[2026-05-08 20:23:02] MOVE chetan (lawn green): 32→31 [0.1ms]
[2026-05-08 20:23:04] MOVE asha (gray0): 50→51 [0.1ms]
[2026-05-08 20:23:06] MOVE chetan (lawn green): 34→45 [0.1ms]
[2026-05-08 20:23:07] MOVE asha (gray0): 99→87 [0.1ms]
[2026-05-08 20:23:09] MOVE chetan (lawn green): 57→76 [0.1ms]
[2026-05-08 20:23:11] MOVE asha (gray0): 51→41 [0.1ms]
[2026-05-08 20:23:12] MOVE chetan (lawn green): 31→30 [0.1ms]
[2026-05-08 20:23:14] MOVE asha (gray0): 49→50 [0.1ms]
[2026-05-08 20:23:16] MOVE chetan (lawn green): 29→28 [0.1ms]
[2026-05-08 20:23:17] MOVE asha (gray0): 86→88 [0.1ms]
[2026-05-08 20:23:19] MOVE chetan (lawn green): 42→36 [0.1ms]
[2026-05-08 20:23:21] MOVE asha (gray0): 77→79 [0.1ms]
[2026-05-08 20:23:23] MOVE chetan (lawn green): 33→44 [0.1ms]
[2026-05-08 20:23:24] MOVE asha (gray0): 87→48 [0.1ms]
[2026-05-08 20:23:26] MOVE chetan (lawn green): 58→75 [0.1ms]
[2026-05-08 20:23:27] MOVE asha (gray0): 50→40 [0.1ms]
[2026-05-08 20:23:29] MOVE chetan (lawn green): 30→51 [0.1ms]
[2026-05-08 20:23:31] MOVE asha (gray0): 90→69 [0.1ms]
[2026-05-08 20:23:33] MOVE chetan (lawn green): 73→72 [0.1ms]
[2026-05-08 20:23:34] MOVE asha (gray0): 69→70 [0.1ms]
[2026-05-08 20:23:36] MOVE chetan (lawn green): 28→39 [0.1ms]
[2026-05-08 20:23:38] MOVE asha (gray0): 66→91 [0.1ms]
[2026-05-08 20:23:39] MOVE chetan (lawn green): 16→28 [0.1ms]
[2026-05-08 20:23:41] MOVE asha (gray0): 48→49 [0.8ms]
[2026-05-08 20:23:42] MOVE chetan (lawn green): 44→43 [0.1ms]
[2026-05-08 20:23:44] MOVE asha (gray0): 88→77 [0.1ms]
[2026-05-08 20:23:46] MOVE chetan (lawn green): 36→46 [0.1ms]
[2026-05-08 20:23:48] MOVE asha (gray0): 78→80 [0.1ms]
[2026-05-08 20:23:49] MOVE chetan (lawn green): 43→53 [0.1ms]
[2026-05-08 20:23:51] MOVE asha (gray0): 77→67 [0.1ms]
[2026-05-08 20:23:53] MOVE chetan (lawn green): 53→52 [0.1ms]
[2026-05-08 20:23:54] MOVE asha (gray0): 47→48 [0.1ms]
[2026-05-08 20:23:56] MOVE chetan (lawn green): 51→60 [0.1ms]
[2026-05-08 20:23:58] MOVE asha (gray0): 70→29 [0.1ms]
[2026-05-08 20:23:59] MOVE chetan (lawn green): 52→51 [0.1ms]
[2026-05-08 20:24:01] MOVE asha (gray0): 29→9 [0.1ms]
[2026-05-08 20:24:03] MOVE chetan (lawn green): 51→50 [0.1ms]
[2026-05-08 20:24:05] MOVE asha (gray0): 67→58 [0.1ms]
[2026-05-08 20:24:06] MOVE chetan (lawn green): 28→92 [0.1ms]
[2026-05-08 20:24:08] MOVE asha (gray0): 79→81 [0.1ms]
[2026-05-08 20:24:10] MOVE chetan (lawn green): 45→55 [0.1ms]
[2026-05-08 20:24:11] MOVE asha (gray0): 80→63 [0.1ms]
[2026-05-08 20:24:13] MOVE chetan (lawn green): 92→90 [0.1ms]
[2026-05-08 20:24:15] MOVE asha (gray0): 91→92 [0.1ms]
[2026-05-08 20:24:16] MOVE chetan (lawn green): 55→64 [0.1ms]
[2026-05-08 20:24:18] MOVE asha (gray0): 17→19 [0.1ms]
[2026-05-08 20:24:20] MOVE chetan (lawn green): 50→59 [0.1ms]
[2026-05-08 20:24:21] MOVE asha (gray0): 81→82 [0.1ms]
[2026-05-08 20:24:23] MOVE chetan (lawn green): 64→81 [0.1ms]
[2026-05-08 20:24:25] MOVE asha (gray0): 82→83 [0.1ms]
[2026-05-08 20:24:26] MOVE chetan (lawn green): 59→68 [0.1ms]
[2026-05-08 20:24:28] MOVE asha (gray0): 48→29 [0.1ms]
[2026-05-08 20:24:30] MOVE chetan (lawn green): 72→82 [0.1ms]
[2026-05-08 20:24:31] MOVE asha (gray0): 29→54 [0.1ms]
[2026-05-08 20:24:33] MOVE chetan (lawn green): 68→89 [0.1ms]
[2026-05-08 20:24:35] MOVE asha (gray0): 40→29 [0.1ms]
[2026-05-08 20:24:36] MOVE chetan (lawn green): 60→59 [0.1ms]
[2026-05-08 20:24:38] MOVE asha (gray0): 49→30 [0.1ms]
[2026-05-08 20:24:39] MOVE chetan (lawn green): 18→17 [0.1ms]
[2026-05-08 20:24:41] MOVE asha (gray0): 9→18 [0.1ms]
[2026-05-08 20:24:43] MOVE chetan (lawn green): 39→49 [0.1ms]
[2026-05-08 20:24:44] MOVE asha (gray0): 92→73 [0.1ms]
[2026-05-08 20:24:46] MOVE chetan (lawn green): 49→48 [0.1ms]
[2026-05-08 20:24:48] MOVE asha (gray0): 73→64 [0.5ms]
[2026-05-08 20:24:49] MOVE chetan (lawn green): 82→80 [0.3ms]
[2026-05-08 20:24:51] MOVE asha (gray0): 64→55 [0.1ms]
[2026-05-08 20:24:53] MOVE chetan (lawn green): 90→88 [0.3ms]
[2026-05-08 20:24:54] MOVE asha (gray0): 58→60 [0.3ms]
[2026-05-08 20:24:56] MOVE chetan (lawn green): 46→56 [0.1ms]
[2026-05-08 20:24:58] MOVE asha (gray0): 60→61 [0.1ms]
[2026-05-08 20:24:59] MOVE chetan (lawn green): 56→65 [0.1ms]
[2026-05-08 20:25:01] MOVE asha (gray0): 83→73 [0.1ms]
[2026-05-08 20:25:03] MOVE chetan (lawn green): 17→16 [0.1ms]
[2026-05-08 20:25:04] MOVE asha (gray0): 29→9 [0.1ms]
[2026-05-08 20:25:06] MOVE chetan (lawn green): 89→87 [0.1ms]
[2026-05-08 20:25:08] MOVE asha (gray0): 18→20 [0.1ms]
[2026-05-08 20:25:09] MOVE chetan (lawn green): 59→58 [0.1ms]
[2026-05-08 20:25:11] MOVE asha (gray0): 41→18 [0.1ms]
[2026-05-08 20:25:13] MOVE chetan (lawn green): 81→79 [0.1ms]
[2026-05-08 20:25:14] MOVE asha (gray0): 63→44 [0.1ms]
[2026-05-08 20:25:16] MOVE chetan (lawn green): 16→28 [0.1ms]
[2026-05-08 20:25:17] MOVE asha (gray0): 61→52 [0.1ms]
[2026-05-08 20:25:19] MOVE chetan (lawn green): 48→57 [0.1ms]
[2026-05-08 20:25:20] MOVE asha (gray0): 52→53 [0.1ms]
[2026-05-08 20:25:21] MOVE chetan (lawn green): 58→67 [0.1ms]
[2026-05-08 20:25:22] MOVE asha (gray0): 53→43 [0.1ms]
[2026-05-08 20:25:23] MOVE chetan (lawn green): 57→56 [0.1ms]
[2026-05-08 20:25:24] MOVE asha (gray0): 43→45 [0.1ms]
[2026-05-08 20:25:25] MOVE chetan (lawn green): 80→78 [0.1ms]
[2026-05-08 20:25:26] MOVE asha (gray0): 73→64 [0.1ms]
[2026-05-08 20:25:27] MOVE chetan (lawn green): 78→89 [0.1ms]
[2026-05-08 20:25:27] MOVE asha (gray0): 54→33 [0.1ms]
[2026-05-08 20:25:28] MOVE chetan (lawn green): 89→101 [0.1ms]
[2026-05-08 20:25:29] MOVE asha (gray0): 9→31 [0.1ms]
[2026-05-08 20:25:29] MOVE chetan (lawn green): 67→66 [0.1ms]
[2026-05-08 20:25:30] MOVE asha (gray0): 30→34 [0.5ms]
[2026-05-08 20:25:30] MOVE chetan (lawn green): 79→78 [0.1ms]
[2026-05-08 20:25:30] MOVE asha (gray0): 31→32 [0.1ms]
[2026-05-08 20:25:30] MOVE chetan (lawn green): 78→89 [0.5ms]
[2026-05-08 20:25:30] MOVE asha (gray0): 32→31 [0.1ms]
[2026-05-08 20:25:31] MOVE chetan (lawn green): 28→27 [0.1ms]
[2026-05-08 20:25:31] MOVE asha (gray0): 31→32 [0.1ms]
[2026-05-08 20:25:31] MOVE chetan (lawn green): 56→100 [0.3ms]
[2026-05-08 20:25:31] MOVE asha (gray0): 32→31 [0.1ms]
[2026-05-08 20:25:32] MOVE chetan (lawn green): 27→38 [0.1ms]
[2026-05-08 20:25:32] MOVE asha (gray0): 31→32 [0.1ms]
[2026-05-08 20:25:32] MOVE chetan (lawn green): 38→48 [0.1ms]
[2026-05-08 20:25:32] MOVE asha (gray0): 32→31 [0.1ms]
[2026-05-08 20:25:33] MOVE chetan (lawn green): 48→57 [0.1ms]
[2026-05-08 20:25:33] MOVE asha (gray0): 31→32 [0.1ms]
[2026-05-08 20:25:33] MOVE chetan (lawn green): 57→56 [0.1ms]
[2026-05-08 20:25:33] MOVE asha (gray0): 32→31 [1.3ms]
[2026-05-08 20:25:33] MOVE chetan (lawn green): 76→57 [0.1ms]
[2026-05-08 20:25:34] MOVE asha (gray0): 31→32 [0.1ms]
[2026-05-08 20:25:34] MOVE chetan (lawn green): 66→76 [0.1ms]
[2026-05-08 20:25:34] MOVE asha (gray0): 32→31 [0.1ms]
[2026-05-08 20:25:35] MOVE chetan (lawn green): 57→66 [0.1ms]
[2026-05-08 20:25:35] MOVE asha (gray0): 31→32 [0.2ms]
[2026-05-08 20:25:35] MOVE chetan (lawn green): 66→46 [0.1ms]
[2026-05-08 20:25:35] MOVE asha (gray0): 32→31 [0.1ms]
[2026-05-08 20:25:35] MOVE chetan (lawn green): 46→66 [0.1ms]
[2026-05-08 20:25:35] MOVE asha (gray0): 31→32 [0.1ms]
[2026-05-08 20:25:36] MOVE chetan (lawn green): 66→46 [0.1ms]
[2026-05-08 20:25:36] MOVE asha (gray0): 32→31 [0.1ms]
[2026-05-08 20:25:36] MOVE chetan (lawn green): 46→66 [0.1ms]
[2026-05-08 20:25:36] MOVE asha (gray0): 31→32 [0.1ms]
[2026-05-08 20:25:36] MOVE chetan (lawn green): 66→46 [0.1ms]
[2026-05-08 20:25:37] MOVE asha (gray0): 32→31 [1.5ms]
[2026-05-08 20:25:37] MOVE chetan (lawn green): 46→66 [0.1ms]
[2026-05-08 20:25:37] MOVE asha (gray0): 31→32 [0.1ms]
[2026-05-08 20:25:37] MOVE chetan (lawn green): 66→46 [0.1ms]
[2026-05-08 20:25:37] MOVE asha (gray0): 32→31 [0.1ms]
[2026-05-08 20:25:38] MOVE chetan (lawn green): 46→66 [0.1ms]
[2026-05-08 20:25:38] MOVE asha (gray0): 31→32 [0.1ms]
[2026-05-08 20:25:38] MOVE chetan (lawn green): 66→46 [0.1ms]
[2026-05-08 20:25:38] MOVE asha (gray0): 32→31 [0.1ms]
[2026-05-08 20:25:39] MOVE chetan (lawn green): 46→66 [0.1ms]
[2026-05-08 20:25:39] MOVE asha (gray0): 31→32 [0.1ms]
[2026-05-08 20:25:39] MOVE chetan (lawn green): 66→46 [0.1ms]
[2026-05-08 20:25:39] MOVE asha (gray0): 32→31 [0.1ms]
[2026-05-08 20:25:40] MOVE chetan (lawn green): 46→66 [0.4ms]
[2026-05-08 20:25:40] MOVE asha (gray0): 31→32 [0.1ms]
[2026-05-08 20:25:40] MOVE chetan (lawn green): 66→46 [0.1ms]
[2026-05-08 20:25:40] MOVE asha (gray0): 32→31 [0.1ms]
[2026-05-08 20:25:41] MOVE chetan (lawn green): 46→66 [0.1ms]
[2026-05-08 20:25:41] MOVE asha (gray0): 31→32 [0.1ms]
[2026-05-08 20:25:41] MOVE chetan (lawn green): 66→46 [0.1ms]
[2026-05-08 20:25:41] MOVE asha (gray0): 32→31 [0.1ms]
[2026-05-08 20:25:41] MOVE chetan (lawn green): 46→66 [0.1ms]
[2026-05-08 20:25:42] MOVE asha (gray0): 31→32 [0.1ms]
[2026-05-08 20:25:42] MOVE chetan (lawn green): 66→46 [0.1ms]
[2026-05-08 20:25:42] MOVE asha (gray0): 32→31 [0.1ms]
[2026-05-08 20:25:43] MOVE chetan (lawn green): 46→66 [0.1ms]
[2026-05-08 20:25:43] MOVE asha (gray0): 31→32 [0.1ms]
[2026-05-08 20:25:43] MOVE chetan (lawn green): 66→46 [0.2ms]
[2026-05-08 20:25:43] MOVE asha (gray0): 32→31 [0.1ms]
[2026-05-08 20:25:43] MOVE chetan (lawn green): 46→66 [0.1ms]
[2026-05-08 20:25:44] MOVE asha (gray0): 31→32 [0.1ms]
[2026-05-08 20:25:44] MOVE chetan (lawn green): 66→46 [0.1ms]
[2026-05-08 20:25:44] MOVE asha (gray0): 32→31 [0.1ms]
[2026-05-08 20:25:44] MOVE chetan (lawn green): 46→66 [0.3ms]
[2026-05-08 20:25:45] MOVE asha (gray0): 31→32 [0.2ms]
[2026-05-08 20:25:45] MOVE chetan (lawn green): 66→46 [0.1ms]
[2026-05-08 20:25:45] MOVE asha (gray0): 32→31 [0.1ms]
[2026-05-08 20:25:46] MOVE chetan (lawn green): 46→66 [0.1ms]
[2026-05-08 20:25:46] MOVE asha (gray0): 31→32 [0.1ms]
[2026-05-08 20:25:46] MOVE chetan (lawn green): 66→46 [0.1ms]
[2026-05-08 20:25:46] MOVE asha (gray0): 32→31 [0.1ms]
[2026-05-08 20:25:46] MOVE chetan (lawn green): 46→66 [0.1ms]
[2026-05-08 20:25:46] MOVE asha (gray0): 31→32 [0.1ms]
[2026-05-08 20:25:47] MOVE chetan (lawn green): 66→46 [0.1ms]
[2026-05-08 20:25:47] MOVE asha (gray0): 32→31 [0.1ms]
[2026-05-08 20:25:47] MOVE chetan (lawn green): 46→66 [0.1ms]
[2026-05-08 20:25:47] MOVE asha (gray0): 31→32 [0.1ms]
[2026-05-08 20:25:48] MOVE chetan (lawn green): 66→46 [6.2ms]
[2026-05-08 20:25:48] MOVE asha (gray0): 32→31 [0.1ms]
[2026-05-08 20:25:48] MOVE chetan (lawn green): 46→66 [0.1ms]
[2026-05-08 20:25:48] MOVE asha (gray0): 31→32 [0.1ms]
[2026-05-08 20:25:49] MOVE chetan (lawn green): 66→46 [0.1ms]
[2026-05-08 20:25:49] MOVE asha (gray0): 32→31 [0.1ms]
[2026-05-08 20:25:49] MOVE chetan (lawn green): 46→66 [0.1ms]
[2026-05-08 20:25:50] MOVE asha (gray0): 31→32 [0.1ms]
[2026-05-08 20:25:50] MOVE chetan (lawn green): 66→46 [0.1ms]
[2026-05-08 20:25:50] MOVE asha (gray0): 32→31 [0.2ms]
[2026-05-08 20:25:50] MOVE chetan (lawn green): 46→66 [0.1ms]
[2026-05-08 20:25:51] MOVE asha (gray0): 31→32 [0.1ms]
[2026-05-08 20:25:51] MOVE chetan (lawn green): 66→46 [0.4ms]
[2026-05-08 20:25:51] MOVE asha (gray0): 32→31 [0.1ms]
[2026-05-08 20:25:51] MOVE chetan (lawn green): 46→66 [0.1ms]
[2026-05-08 20:25:52] MOVE asha (gray0): 31→32 [0.1ms]
[2026-05-08 20:25:52] MOVE chetan (lawn green): 66→46 [0.1ms]
[2026-05-08 20:25:52] MOVE asha (gray0): 32→31 [0.1ms]
[2026-05-08 20:25:52] MOVE chetan (lawn green): 46→66 [0.1ms]
[2026-05-08 20:25:53] MOVE asha (gray0): 31→32 [0.1ms]
[2026-05-08 20:25:53] MOVE chetan (lawn green): 66→46 [0.4ms]
[2026-05-08 20:25:53] MOVE asha (gray0): 32→31 [0.2ms]
[2026-05-08 20:25:54] MOVE chetan (lawn green): 46→66 [0.1ms]
[2026-05-08 20:25:54] MOVE asha (gray0): 31→32 [0.1ms]
[2026-05-08 20:25:54] MOVE chetan (lawn green): 66→46 [0.1ms]
[2026-05-08 20:25:54] MOVE asha (gray0): 32→31 [0.1ms]
[2026-05-08 20:25:55] MOVE chetan (lawn green): 46→66 [0.1ms]
[2026-05-08 20:25:55] MOVE asha (gray0): 31→32 [0.1ms]
[2026-05-08 20:25:55] MOVE chetan (lawn green): 66→46 [0.1ms]
[2026-05-08 20:25:55] MOVE asha (gray0): 32→31 [1.0ms]
[2026-05-08 20:25:56] MOVE chetan (lawn green): 46→66 [0.1ms]
[2026-05-08 20:25:56] MOVE asha (gray0): 31→32 [0.1ms]
[2026-05-08 20:25:56] MOVE chetan (lawn green): 66→46 [0.1ms]
[2026-05-08 20:25:56] MOVE asha (gray0): 32→31 [0.1ms]
[2026-05-08 20:25:57] MOVE chetan (lawn green): 46→66 [0.1ms]
[2026-05-08 20:25:57] MOVE asha (gray0): 31→32 [0.1ms]
[2026-05-08 20:25:57] MOVE chetan (lawn green): 66→46 [0.1ms]
[2026-05-08 20:25:58] MOVE asha (gray0): 32→31 [0.1ms]
[2026-05-08 20:25:58] MOVE chetan (lawn green): 46→66 [0.1ms]
[2026-05-08 20:25:58] MOVE asha (gray0): 31→32 [0.1ms]
[2026-05-08 20:25:58] MOVE chetan (lawn green): 66→46 [0.1ms]
[2026-05-08 20:25:59] MOVE asha (gray0): 32→31 [0.1ms]
[2026-05-08 20:25:59] MOVE chetan (lawn green): 46→66 [0.1ms]
[2026-05-08 20:26:00] MOVE asha (gray0): 31→32 [0.1ms]
[2026-05-08 20:26:00] MOVE chetan (lawn green): 66→46 [0.1ms]
[2026-05-08 20:26:00] MOVE asha (gray0): 32→31 [0.1ms]
[2026-05-08 20:26:01] MOVE chetan (lawn green): 46→66 [0.1ms]
[2026-05-08 20:26:01] MOVE asha (gray0): 31→32 [0.6ms]
[2026-05-08 20:26:01] MOVE chetan (lawn green): 66→46 [0.1ms]
[2026-05-08 20:26:01] MOVE asha (gray0): 32→31 [0.1ms]
[2026-05-08 20:26:02] MOVE chetan (lawn green): 46→66 [0.1ms]
[2026-05-08 20:26:02] MOVE asha (gray0): 31→32 [15.0ms]
[2026-05-08 20:26:02] MOVE chetan (lawn green): 66→46 [0.1ms]
[2026-05-08 20:26:02] MOVE asha (gray0): 32→31 [0.1ms]
[2026-05-08 20:26:03] MOVE chetan (lawn green): 46→66 [0.1ms]
[2026-05-08 20:26:03] MOVE asha (gray0): 31→32 [0.1ms]
[2026-05-08 20:26:03] MOVE chetan (lawn green): 66→46 [0.1ms]
[2026-05-08 20:26:04] MOVE asha (gray0): 32→31 [0.1ms]
[2026-05-08 20:26:04] MOVE chetan (lawn green): 46→66 [0.1ms]
[2026-05-08 20:26:05] MOVE asha (gray0): 31→32 [0.1ms]
[2026-05-08 20:26:05] MOVE chetan (lawn green): 66→46 [0.1ms]
[2026-05-08 20:26:05] MOVE asha (gray0): 32→31 [0.2ms]
[2026-05-08 20:26:06] MOVE chetan (lawn green): 46→66 [0.1ms]
[2026-05-08 20:26:06] MOVE asha (gray0): 31→32 [0.4ms]
[2026-05-08 20:26:06] MOVE chetan (lawn green): 66→46 [0.1ms]
[2026-05-08 20:26:06] MOVE asha (gray0): 32→31 [0.1ms]
[2026-05-08 20:26:07] MOVE chetan (lawn green): 46→66 [0.1ms]
[2026-05-08 20:26:07] MOVE asha (gray0): 31→32 [0.1ms]
[2026-05-08 20:26:07] MOVE chetan (lawn green): 66→46 [2.0ms]
[2026-05-08 20:26:08] MOVE asha (gray0): 32→31 [0.1ms]
[2026-05-08 20:26:09] MOVE chetan (lawn green): 46→66 [0.1ms]
[2026-05-08 20:26:09] MOVE asha (gray0): 31→32 [0.1ms]
[2026-05-08 20:26:09] MOVE chetan (lawn green): 66→46 [0.1ms]
[2026-05-08 20:26:09] MOVE asha (gray0): 32→31 [0.1ms]
[2026-05-08 20:26:10] MOVE chetan (lawn green): 46→66 [0.1ms]
[2026-05-08 20:26:10] MOVE asha (gray0): 31→32 [0.1ms]
[2026-05-08 20:26:10] MOVE chetan (lawn green): 66→46 [0.1ms]
[2026-05-08 20:26:11] MOVE asha (gray0): 32→31 [0.1ms]
[2026-05-08 20:26:11] MOVE chetan (lawn green): 46→66 [0.4ms]
[2026-05-08 20:26:12] MOVE asha (gray0): 31→32 [0.1ms]
[2026-05-08 20:26:12] MOVE chetan (lawn green): 66→46 [0.1ms]
[2026-05-08 20:26:12] MOVE asha (gray0): 32→31 [0.1ms]
[2026-05-08 20:26:13] MOVE chetan (lawn green): 46→66 [0.1ms]
[2026-05-08 20:26:13] MOVE asha (gray0): 31→32 [0.1ms]
[2026-05-08 20:26:13] MOVE chetan (lawn green): 66→46 [0.1ms]
[2026-05-08 20:26:13] MOVE asha (gray0): 32→31 [0.1ms]
[2026-05-08 20:26:14] MOVE chetan (lawn green): 46→66 [0.1ms]
[2026-05-08 20:26:14] MOVE asha (gray0): 31→32 [0.1ms]
[2026-05-08 20:26:15] MOVE chetan (lawn green): 66→46 [0.1ms]
[2026-05-08 20:26:15] MOVE asha (gray0): 32→31 [0.1ms]
[2026-05-08 20:26:16] MOVE chetan (lawn green): 46→66 [0.1ms]
[2026-05-08 20:26:16] MOVE asha (gray0): 31→32 [0.1ms]
[2026-05-08 20:26:16] MOVE chetan (lawn green): 66→46 [0.1ms]
[2026-05-08 20:26:16] MOVE asha (gray0): 32→31 [0.1ms]
[2026-05-08 20:26:18] MOVE chetan (lawn green): 46→66 [0.2ms]
[2026-05-08 20:26:18] MOVE asha (gray0): 31→32 [0.1ms]
[2026-05-08 20:26:18] MOVE chetan (lawn green): 66→46 [0.1ms]
[2026-05-08 20:26:18] MOVE asha (gray0): 32→31 [0.1ms]
[2026-05-08 20:26:19] MOVE chetan (lawn green): 46→66 [0.1ms]
[2026-05-08 20:26:19] MOVE asha (gray0): 31→32 [0.1ms]
[2026-05-08 20:26:19] MOVE chetan (lawn green): 66→46 [0.1ms]
[2026-05-08 20:26:20] MOVE asha (gray0): 32→31 [0.3ms]
[2026-05-08 20:26:21] MOVE chetan (lawn green): 46→66 [0.1ms]
[2026-05-08 20:26:21] MOVE asha (gray0): 31→32 [0.1ms]
[2026-05-08 20:26:21] MOVE chetan (lawn green): 66→46 [0.1ms]
[2026-05-08 20:26:21] MOVE asha (gray0): 32→31 [0.1ms]
[2026-05-08 20:26:22] MOVE chetan (lawn green): 46→66 [0.1ms]
[2026-05-08 20:26:22] MOVE asha (gray0): 31→32 [0.1ms]
[2026-05-08 20:26:22] MOVE chetan (lawn green): 66→46 [0.1ms]
[2026-05-08 20:26:22] MOVE asha (gray0): 32→31 [0.2ms]
[2026-05-08 20:26:24] MOVE chetan (lawn green): 46→66 [0.1ms]
[2026-05-08 20:26:24] MOVE asha (gray0): 31→32 [0.1ms]
[2026-05-08 20:26:24] MOVE chetan (lawn green): 66→46 [0.1ms]
[2026-05-08 20:26:24] MOVE asha (gray0): 32→31 [0.1ms]
[2026-05-08 20:26:25] MOVE chetan (lawn green): 46→66 [0.1ms]
[2026-05-08 20:26:26] MOVE asha (gray0): 31→32 [0.1ms]
[2026-05-08 20:26:26] MOVE chetan (lawn green): 66→46 [0.1ms]
[2026-05-08 20:26:26] MOVE asha (gray0): 32→31 [0.1ms]
[2026-05-08 20:26:27] MOVE chetan (lawn green): 46→66 [0.1ms]
[2026-05-08 20:26:27] MOVE asha (gray0): 31→32 [0.1ms]
[2026-05-08 20:26:27] MOVE chetan (lawn green): 66→46 [0.1ms]
[2026-05-08 20:26:27] MOVE asha (gray0): 32→31 [0.2ms]
[2026-05-08 20:26:28] MOVE chetan (lawn green): 46→66 [0.1ms]
[2026-05-08 20:26:29] MOVE asha (gray0): 31→32 [0.1ms]
[2026-05-08 20:26:29] MOVE chetan (lawn green): 66→46 [0.1ms]
[2026-05-08 20:26:29] MOVE asha (gray0): 32→31 [0.1ms]
[2026-05-08 20:26:30] MOVE chetan (lawn green): 46→66 [0.1ms]
[2026-05-08 20:26:30] MOVE asha (gray0): 31→32 [0.1ms]
[2026-05-08 20:26:30] MOVE chetan (lawn green): 66→46 [0.1ms]
[2026-05-08 20:26:30] MOVE asha (gray0): 32→31 [0.1ms]
[2026-05-08 20:26:32] MOVE chetan (lawn green): 46→66 [0.1ms]
[2026-05-08 20:26:32] MOVE asha (gray0): 31→32 [0.1ms]
[2026-05-08 20:26:32] MOVE chetan (lawn green): 66→46 [0.1ms]
[2026-05-08 20:26:32] MOVE asha (gray0): 32→31 [0.4ms]
[2026-05-08 20:26:33] MOVE chetan (lawn green): 46→66 [0.1ms]
[2026-05-08 20:26:34] MOVE asha (gray0): 31→32 [0.1ms]
[2026-05-08 20:26:34] MOVE chetan (lawn green): 66→46 [0.1ms]
[2026-05-08 20:26:34] MOVE asha (gray0): 32→31 [0.1ms]
[2026-05-08 20:26:36] MOVE chetan (lawn green): 46→66 [0.1ms]
[2026-05-08 20:26:36] MOVE asha (gray0): 31→32 [0.1ms]
[2026-05-08 20:26:36] MOVE chetan (lawn green): 66→46 [0.1ms]
[2026-05-08 20:26:36] MOVE asha (gray0): 32→31 [0.1ms]
[2026-05-08 20:26:37] MOVE chetan (lawn green): 46→66 [0.1ms]
[2026-05-08 20:26:38] MOVE asha (gray0): 31→32 [0.2ms]
[2026-05-08 20:26:38] MOVE chetan (lawn green): 66→46 [0.1ms]
[2026-05-08 20:26:38] MOVE asha (gray0): 32→31 [0.1ms]
[2026-05-08 20:26:39] MOVE chetan (lawn green): 46→66 [0.1ms]
[2026-05-08 20:26:40] MOVE asha (gray0): 31→32 [0.1ms]
[2026-05-08 20:26:40] MOVE chetan (lawn green): 66→46 [0.1ms]
[2026-05-08 20:26:40] MOVE asha (gray0): 32→31 [0.1ms]
