[2026-05-08 19:47:52] GAME CREATED
[2026-05-08 19:47:57] PLAYER JOINED: chetan as lawn green
[2026-05-08 19:48:01] PLAYER JOINED: asha as gray0
[2026-05-08 19:48:04] GAME STARTED — turn order: ['lawn green', 'gray0']
[2026-05-08 19:48:06] MOVE chetan (lawn green): 55→54 [0.1ms]
[2026-05-08 19:48:07] MOVE asha (gray0): 75→56 [0.1ms]
[2026-05-08 19:48:09] MOVE chetan (lawn green): 44→43 [0.2ms]
[2026-05-08 19:48:11] MOVE asha (gray0): 65→66 [0.1ms]
[2026-05-08 19:48:13] MOVE chetan (lawn green): 21→44 [0.1ms]
[2026-05-08 19:48:14] MOVE asha (gray0): 101→89 [0.1ms]
[2026-05-08 19:48:16] MOVE chetan (lawn green): 19→31 [0.1ms]
[2026-05-08 19:48:18] MOVE asha (gray0): 88→90 [0.1ms]
[2026-05-08 19:48:19] MOVE chetan (lawn green): 31→30 [0.2ms]
[2026-05-08 19:48:21] MOVE asha (gray0): 89→91 [0.1ms]
[2026-05-08 19:48:23] MOVE chetan (lawn green): 43→42 [0.1ms]
[2026-05-08 19:48:24] MOVE asha (gray0): 86→67 [0.1ms]
[2026-05-08 19:48:26] MOVE chetan (lawn green): 30→29 [0.1ms]
[2026-05-08 19:48:28] MOVE asha (gray0): 100→101 [0.1ms]
[2026-05-08 19:48:29] MOVE chetan (lawn green): 54→63 [0.2ms]
[2026-05-08 19:48:31] MOVE asha (gray0): 91→92 [0.2ms]
[2026-05-08 19:48:33] MOVE chetan (lawn green): 33→54 [0.1ms]
[2026-05-08 19:48:35] MOVE asha (gray0): 92→93 [0.1ms]
[2026-05-08 19:48:36] MOVE chetan (lawn green): 63→72 [0.1ms]
[2026-05-08 19:48:38] MOVE asha (gray0): 56→79 [0.1ms]
[2026-05-08 19:48:40] MOVE chetan (lawn green): 72→82 [0.2ms]
[2026-05-08 19:48:42] MOVE asha (gray0): 98→58 [0.1ms]
[2026-05-08 19:48:43] MOVE chetan (lawn green): 82→105 [0.1ms]
[2026-05-08 19:48:45] MOVE asha (gray0): 101→102 [0.1ms]
[2026-05-08 19:48:46] MOVE chetan (lawn green): 105→104 [0.1ms]
[2026-05-08 19:48:48] MOVE asha (gray0): 76→78 [0.1ms]
[2026-05-08 19:48:50] MOVE chetan (lawn green): 104→103 [0.1ms]
[2026-05-08 19:48:51] MOVE asha (gray0): 99→59 [0.1ms]
[2026-05-08 19:48:53] MOVE chetan (lawn green): 45→43 [0.1ms]
[2026-05-08 19:48:55] MOVE asha (gray0): 66→68 [0.2ms]
[2026-05-08 19:48:57] MOVE chetan (lawn green): 43→53 [0.1ms]
[2026-05-08 19:48:58] MOVE asha (gray0): 93→94 [0.1ms]
[2026-05-08 19:49:00] MOVE chetan (lawn green): 20→43 [0.1ms]
[2026-05-08 19:49:01] MOVE asha (gray0): 78→80 [0.1ms]
[2026-05-08 19:49:03] MOVE chetan (lawn green): 29→28 [0.1ms]
[2026-05-08 19:49:05] MOVE asha (gray0): 68→50 [0.1ms]
[2026-05-08 19:49:07] MOVE chetan (lawn green): 43→62 [0.1ms]
[2026-05-08 19:49:08] MOVE asha (gray0): 102→104 [0.2ms]
[2026-05-08 19:49:10] MOVE chetan (lawn green): 42→52 [0.1ms]
[2026-05-08 19:49:12] MOVE asha (gray0): 80→81 [0.1ms]
[2026-05-08 19:49:13] MOVE chetan (lawn green): 53→69 [0.1ms]
[2026-05-08 19:49:15] MOVE asha (gray0): 94→83 [0.1ms]
[2026-05-08 19:49:17] MOVE chetan (lawn green): 69→112 [0.1ms]
[2026-05-08 19:49:18] MOVE asha (gray0): 83→73 [0.1ms]
[2026-05-08 19:49:20] MOVE chetan (lawn green): 103→102 [0.1ms]
[2026-05-08 19:49:22] MOVE asha (gray0): 73→64 [0.1ms]
[2026-05-08 19:49:23] MOVE chetan (lawn green): 54→63 [0.1ms]
[2026-05-08 19:49:25] MOVE asha (gray0): 79→69 [0.1ms]
[2026-05-08 19:49:27] MOVE chetan (lawn green): 28→27 [0.1ms]
[2026-05-08 19:49:28] MOVE asha (gray0): 81→82 [0.1ms]
[2026-05-08 19:49:30] MOVE chetan (lawn green): 22→43 [0.2ms]
[2026-05-08 19:49:32] MOVE asha (gray0): 58→60 [0.3ms]
[2026-05-08 19:49:34] MOVE chetan (lawn green): 34→45 [0.1ms]
[2026-05-08 19:49:35] MOVE asha (gray0): 90→91 [0.1ms]
[2026-05-08 19:49:37] MOVE chetan (lawn green): 52→61 [0.1ms]
[2026-05-08 19:49:39] MOVE asha (gray0): 60→51 [0.1ms]
[2026-05-08 19:49:40] MOVE chetan (lawn green): 112→103 [0.1ms]
[2026-05-08 19:49:42] MOVE asha (gray0): 91→80 [0.1ms]
[2026-05-08 19:49:44] MOVE chetan (lawn green): 32→94 [0.1ms]
[2026-05-08 19:49:45] MOVE asha (gray0): 80→70 [0.1ms]
[2026-05-08 19:49:47] MOVE chetan (lawn green): 45→55 [0.1ms]
[2026-05-08 19:49:49] MOVE asha (gray0): 51→73 [0.1ms]
[2026-05-08 19:49:51] MOVE chetan (lawn green): 44→54 [0.1ms]
[2026-05-08 19:49:52] MOVE asha (gray0): 70→95 [0.1ms]
[2026-05-08 19:49:54] MOVE chetan (lawn green): 103→101 [0.1ms]
[2026-05-08 19:49:55] MOVE asha (gray0): 95→83 [0.1ms]
[2026-05-08 19:49:57] MOVE chetan (lawn green): 55→53 [0.1ms]
[2026-05-08 19:49:59] MOVE asha (gray0): 50→52 [0.1ms]
[2026-05-08 19:50:00] MOVE chetan (lawn green): 102→75 [0.1ms]
[2026-05-08 19:50:02] MOVE asha (gray0): 82→72 [0.2ms]
[2026-05-08 19:50:04] MOVE chetan (lawn green): 53→51 [0.2ms]
[2026-05-08 19:50:06] MOVE asha (gray0): 104→92 [0.1ms]
[2026-05-08 19:50:07] MOVE chetan (lawn green): 51→60 [0.2ms]
[2026-05-08 19:50:09] MOVE asha (gray0): 67→68 [0.1ms]
[2026-05-08 19:50:11] MOVE chetan (lawn green): 43→53 [0.1ms]
[2026-05-08 19:50:12] MOVE asha (gray0): 68→70 [0.1ms]
[2026-05-08 19:50:14] MOVE chetan (lawn green): 61→105 [0.1ms]
[2026-05-08 19:50:16] MOVE asha (gray0): 59→50 [0.1ms]
[2026-05-08 19:50:17] MOVE chetan (lawn green): 105→104 [0.1ms]
[2026-05-08 19:50:19] MOVE asha (gray0): 87→88 [0.1ms]
[2026-05-08 19:50:21] MOVE chetan (lawn green): 63→105 [0.1ms]
[2026-05-08 19:50:22] MOVE asha (gray0): 92→81 [0.1ms]
[2026-05-08 19:50:24] MOVE chetan (lawn green): 53→71 [0.1ms]
[2026-05-08 19:50:26] MOVE asha (gray0): 88→89 [0.1ms]
[2026-05-08 19:50:27] MOVE chetan (lawn green): 27→26 [0.1ms]
[2026-05-08 19:50:29] MOVE asha (gray0): 72→74 [0.1ms]
[2026-05-08 19:50:31] MOVE chetan (lawn green): 71→49 [0.1ms]
[2026-05-08 19:50:32] MOVE asha (gray0): 52→53 [0.1ms]
[2026-05-08 19:50:34] MOVE chetan (lawn green): 54→52 [0.1ms]
[2026-05-08 19:50:36] MOVE asha (gray0): 70→61 [0.1ms]
[2026-05-08 19:50:37] MOVE chetan (lawn green): 49→58 [0.1ms]
[2026-05-08 19:50:39] MOVE asha (gray0): 50→95 [0.1ms]
[2026-05-08 19:50:41] MOVE chetan (lawn green): 52→51 [0.1ms]
[2026-05-08 19:50:42] MOVE asha (gray0): 81→71 [0.1ms]
[2026-05-08 19:50:44] MOVE chetan (lawn green): 94→106 [0.1ms]
[2026-05-08 19:50:46] MOVE asha (gray0): 95→54 [0.1ms]
[2026-05-08 19:50:47] MOVE chetan (lawn green): 60→59 [0.1ms]
[2026-05-08 19:50:49] MOVE asha (gray0): 61→63 [0.2ms]
[2026-05-08 19:50:51] MOVE chetan (lawn green): 58→67 [0.2ms]
[2026-05-08 19:50:53] MOVE asha (gray0): 73→55 [0.1ms]
[2026-05-08 19:50:54] MOVE chetan (lawn green): 67→66 [0.1ms]
[2026-05-08 19:50:56] MOVE asha (gray0): 83→73 [0.2ms]
[2026-05-08 19:50:58] MOVE chetan (lawn green): 26→37 [0.1ms]
[2026-05-08 19:50:59] MOVE asha (gray0): 53→43 [0.1ms]
[2026-05-08 19:51:01] MOVE chetan (lawn green): 37→47 [0.1ms]
[2026-05-08 19:51:03] MOVE asha (gray0): 89→90 [0.1ms]
[2026-05-08 19:51:04] MOVE chetan (lawn green): 51→60 [0.2ms]
[2026-05-08 19:51:06] MOVE asha (gray0): 73→32 [0.1ms]
[2026-05-08 19:51:07] MOVE chetan (lawn green): 105→78 [0.4ms]
[2026-05-08 19:51:09] MOVE asha (gray0): 69→51 [0.5ms]
[2026-05-08 19:51:10] MOVE chetan (lawn green): 66→76 [0.4ms]
[2026-05-08 19:51:12] MOVE asha (gray0): 54→33 [0.2ms]
[2026-05-08 19:51:14] MOVE chetan (lawn green): 62→81 [0.1ms]
[2026-05-08 19:51:15] MOVE asha (gray0): 71→62 [0.1ms]
[2026-05-08 19:51:17] MOVE chetan (lawn green): 60→58 [0.1ms]
[2026-05-08 19:51:19] MOVE asha (gray0): 43→45 [0.1ms]
[2026-05-08 19:51:21] MOVE chetan (lawn green): 47→56 [0.1ms]
[2026-05-08 19:51:22] MOVE asha (gray0): 90→49 [0.2ms]
[2026-05-08 19:51:24] MOVE chetan (lawn green): 59→68 [0.1ms]
[2026-05-08 19:51:25] MOVE asha (gray0): 51→41 [0.1ms]
[2026-05-08 19:51:27] MOVE chetan (lawn green): 81→92 [0.1ms]
[2026-05-08 19:51:29] MOVE asha (gray0): 41→42 [0.1ms]
[2026-05-08 19:51:31] MOVE chetan (lawn green): 68→67 [0.1ms]
[2026-05-08 19:51:32] MOVE asha (gray0): 49→50 [0.2ms]
[2026-05-08 19:51:34] MOVE chetan (lawn green): 67→77 [0.1ms]
[2026-05-08 19:51:35] MOVE asha (gray0): 42→31 [0.1ms]
[2026-05-08 19:51:37] MOVE chetan (lawn green): 58→57 [0.1ms]
[2026-05-08 19:51:39] MOVE asha (gray0): 31→19 [0.1ms]
[2026-05-08 19:51:40] MOVE chetan (lawn green): 104→103 [0.1ms]
[2026-05-08 19:51:42] MOVE asha (gray0): 74→54 [0.1ms]
[2026-05-08 19:51:43] MOVE chetan (lawn green): 103→102 [0.1ms]
[2026-05-08 19:51:44] MOVE asha (gray0): 64→20 [0.1ms]
[2026-05-08 19:51:45] MOVE chetan (lawn green): 57→66 [0.1ms]
[2026-05-08 19:51:46] MOVE asha (gray0): 62→64 [0.1ms]
[2026-05-08 19:51:47] MOVE chetan (lawn green): 106→105 [0.1ms]
[2026-05-08 19:51:49] MOVE asha (gray0): 63→21 [0.2ms]
[2026-05-08 19:51:50] MOVE chetan (lawn green): 105→104 [0.2ms]
[2026-05-08 19:51:51] MOVE asha (gray0): 50→51 [0.1ms]
[2026-05-08 19:51:52] MOVE chetan (lawn green): 56→65 [0.1ms]
[2026-05-08 19:51:53] MOVE asha (gray0): 51→52 [0.1ms]
[2026-05-08 19:51:54] MOVE chetan (lawn green): 104→103 [0.1ms]
[2026-05-08 19:51:55] MOVE asha (gray0): 52→53 [0.1ms]
[2026-05-08 19:51:55] MOVE chetan (lawn green): 77→88 [0.1ms]
[2026-05-08 19:51:56] MOVE asha (gray0): 53→43 [0.1ms]
[2026-05-08 19:51:56] MOVE chetan (lawn green): 78→77 [0.7ms]
[2026-05-08 19:51:57] MOVE asha (gray0): 43→44 [0.1ms]
[2026-05-08 19:51:57] MOVE chetan (lawn green): 102→100 [0.7ms]
[2026-05-08 19:51:57] MOVE asha (gray0): 45→34 [0.1ms]
[2026-05-08 19:51:57] MOVE chetan (lawn green): 92→104 [0.1ms]
[2026-05-08 19:51:57] MOVE asha (gray0): 64→45 [0.1ms]
[2026-05-08 19:51:57] MOVE chetan (lawn green): 103→102 [0.2ms]
[2026-05-08 19:51:58] MOVE asha (gray0): 34→22 [0.1ms]
[2026-05-08 19:51:58] MOVE chetan (lawn green): 66→87 [0.1ms]
[2026-05-08 19:51:58] MOVE asha (gray0): 22→34 [0.1ms]
[2026-05-08 19:51:58] MOVE chetan (lawn green): 104→103 [0.1ms]
[2026-05-08 19:51:58] MOVE asha (gray0): 34→22 [0.1ms]
[2026-05-08 19:51:58] MOVE chetan (lawn green): 65→56 [0.1ms]
[2026-05-08 19:51:59] MOVE asha (gray0): 22→34 [0.3ms]
[2026-05-08 19:51:59] MOVE chetan (lawn green): 56→65 [0.1ms]
[2026-05-08 19:51:59] MOVE asha (gray0): 34→22 [0.1ms]
[2026-05-08 19:51:59] MOVE chetan (lawn green): 65→56 [0.1ms]
[2026-05-08 19:51:59] MOVE asha (gray0): 22→34 [0.1ms]
[2026-05-08 19:51:59] MOVE chetan (lawn green): 56→65 [0.1ms]
[2026-05-08 19:52:00] MOVE asha (gray0): 34→22 [0.1ms]
[2026-05-08 19:52:00] MOVE chetan (lawn green): 65→56 [0.2ms]
[2026-05-08 19:52:00] MOVE asha (gray0): 22→34 [0.1ms]
[2026-05-08 19:52:00] MOVE chetan (lawn green): 56→65 [0.5ms]
[2026-05-08 19:52:00] MOVE asha (gray0): 34→22 [0.1ms]
[2026-05-08 19:52:00] MOVE chetan (lawn green): 65→56 [0.1ms]
[2026-05-08 19:52:00] MOVE asha (gray0): 22→34 [0.1ms]
[2026-05-08 19:52:01] MOVE chetan (lawn green): 56→65 [0.1ms]
[2026-05-08 19:52:01] MOVE asha (gray0): 34→22 [0.1ms]
[2026-05-08 19:52:01] MOVE chetan (lawn green): 65→56 [0.2ms]
[2026-05-08 19:52:01] MOVE asha (gray0): 22→34 [1.3ms]
[2026-05-08 19:52:01] MOVE chetan (lawn green): 56→65 [0.1ms]
[2026-05-08 19:52:01] MOVE asha (gray0): 34→22 [0.3ms]
[2026-05-08 19:52:02] MOVE chetan (lawn green): 65→56 [0.1ms]
[2026-05-08 19:52:02] MOVE asha (gray0): 22→34 [0.1ms]
[2026-05-08 19:52:02] MOVE chetan (lawn green): 56→65 [0.1ms]
[2026-05-08 19:52:02] MOVE asha (gray0): 34→22 [0.1ms]
[2026-05-08 19:52:02] MOVE chetan (lawn green): 65→56 [0.1ms]
[2026-05-08 19:52:02] MOVE asha (gray0): 22→34 [4.9ms]
[2026-05-08 19:52:02] MOVE chetan (lawn green): 56→65 [0.1ms]
[2026-05-08 19:52:03] MOVE asha (gray0): 34→22 [0.1ms]
[2026-05-08 19:52:03] MOVE chetan (lawn green): 65→56 [0.1ms]
[2026-05-08 19:52:03] MOVE asha (gray0): 22→34 [0.1ms]
[2026-05-08 19:52:03] MOVE chetan (lawn green): 56→65 [0.2ms]
[2026-05-08 19:52:03] MOVE asha (gray0): 34→22 [0.1ms]
[2026-05-08 19:52:03] MOVE chetan (lawn green): 65→56 [0.1ms]
[2026-05-08 19:52:04] MOVE asha (gray0): 22→34 [0.2ms]
[2026-05-08 19:52:04] MOVE chetan (lawn green): 56→65 [1.8ms]
[2026-05-08 19:52:04] MOVE asha (gray0): 34→22 [0.7ms]
[2026-05-08 19:52:04] MOVE chetan (lawn green): 65→56 [0.2ms]
[2026-05-08 19:52:04] MOVE asha (gray0): 22→34 [0.8ms]
[2026-05-08 19:52:05] MOVE chetan (lawn green): 56→65 [0.2ms]
[2026-05-08 19:52:05] MOVE asha (gray0): 34→22 [0.1ms]
[2026-05-08 19:52:05] MOVE chetan (lawn green): 65→56 [0.1ms]
[2026-05-08 19:52:05] MOVE asha (gray0): 22→34 [0.1ms]
[2026-05-08 19:52:05] MOVE chetan (lawn green): 56→65 [0.1ms]
[2026-05-08 19:52:05] MOVE asha (gray0): 34→22 [0.1ms]
[2026-05-08 19:52:06] MOVE chetan (lawn green): 65→56 [0.2ms]
[2026-05-08 19:52:06] MOVE asha (gray0): 22→34 [0.1ms]
[2026-05-08 19:52:06] MOVE chetan (lawn green): 56→65 [0.1ms]
[2026-05-08 19:52:06] MOVE asha (gray0): 34→22 [0.3ms]
[2026-05-08 19:52:06] MOVE chetan (lawn green): 65→56 [0.1ms]
[2026-05-08 19:52:06] MOVE asha (gray0): 22→34 [0.2ms]
[2026-05-08 19:52:07] MOVE chetan (lawn green): 56→65 [0.1ms]
[2026-05-08 19:52:07] MOVE asha (gray0): 34→22 [0.1ms]
[2026-05-08 19:52:07] MOVE chetan (lawn green): 65→56 [0.1ms]
[2026-05-08 19:52:07] MOVE asha (gray0): 22→34 [0.1ms]
[2026-05-08 19:52:07] MOVE chetan (lawn green): 56→65 [0.1ms]
[2026-05-08 19:52:07] MOVE asha (gray0): 34→22 [0.1ms]
[2026-05-08 19:52:08] MOVE chetan (lawn green): 65→56 [0.1ms]
[2026-05-08 19:52:08] MOVE asha (gray0): 22→34 [0.1ms]
[2026-05-08 19:52:08] MOVE chetan (lawn green): 56→65 [0.1ms]
[2026-05-08 19:52:08] MOVE asha (gray0): 34→22 [0.2ms]
[2026-05-08 19:52:08] MOVE chetan (lawn green): 65→56 [0.1ms]
[2026-05-08 19:52:08] MOVE asha (gray0): 22→34 [0.3ms]
[2026-05-08 19:52:09] MOVE chetan (lawn green): 56→65 [0.1ms]
[2026-05-08 19:52:09] MOVE asha (gray0): 34→22 [0.2ms]
[2026-05-08 19:52:09] MOVE chetan (lawn green): 65→56 [0.1ms]
[2026-05-08 19:52:09] MOVE asha (gray0): 22→34 [0.1ms]
[2026-05-08 19:52:09] MOVE chetan (lawn green): 56→65 [0.1ms]
[2026-05-08 19:52:09] MOVE asha (gray0): 34→22 [0.1ms]
[2026-05-08 19:52:09] MOVE chetan (lawn green): 65→56 [0.1ms]
[2026-05-08 19:52:10] MOVE asha (gray0): 22→34 [0.1ms]
[2026-05-08 19:52:10] MOVE chetan (lawn green): 56→65 [0.1ms]
[2026-05-08 19:52:10] MOVE asha (gray0): 34→22 [0.1ms]
[2026-05-08 19:52:10] MOVE chetan (lawn green): 65→56 [0.1ms]
[2026-05-08 19:52:10] MOVE asha (gray0): 22→34 [0.2ms]
[2026-05-08 19:52:10] MOVE chetan (lawn green): 56→65 [0.1ms]
[2026-05-08 19:52:10] MOVE asha (gray0): 34→22 [0.1ms]
[2026-05-08 19:52:11] MOVE chetan (lawn green): 65→56 [0.1ms]
[2026-05-08 19:52:11] MOVE asha (gray0): 22→34 [0.1ms]
[2026-05-08 19:52:11] MOVE chetan (lawn green): 56→65 [0.1ms]
[2026-05-08 19:52:11] MOVE asha (gray0): 34→22 [0.1ms]
[2026-05-08 19:52:11] MOVE chetan (lawn green): 65→56 [0.1ms]
[2026-05-08 19:52:11] MOVE asha (gray0): 22→34 [0.1ms]
[2026-05-08 19:52:12] MOVE chetan (lawn green): 56→65 [0.1ms]
[2026-05-08 19:52:12] MOVE asha (gray0): 34→22 [0.1ms]
[2026-05-08 19:52:12] MOVE chetan (lawn green): 65→56 [0.3ms]
[2026-05-08 19:52:12] MOVE asha (gray0): 22→34 [0.1ms]
[2026-05-08 19:52:12] MOVE chetan (lawn green): 56→65 [0.1ms]
[2026-05-08 19:52:12] MOVE asha (gray0): 34→22 [0.1ms]
[2026-05-08 19:52:13] MOVE chetan (lawn green): 65→56 [0.1ms]
[2026-05-08 19:52:13] MOVE asha (gray0): 22→34 [0.1ms]
[2026-05-08 19:52:13] MOVE chetan (lawn green): 56→65 [0.1ms]
[2026-05-08 19:52:13] MOVE asha (gray0): 34→22 [0.1ms]
[2026-05-08 19:52:13] MOVE chetan (lawn green): 65→56 [0.2ms]
[2026-05-08 19:52:13] MOVE asha (gray0): 22→34 [0.1ms]
[2026-05-08 19:52:14] MOVE chetan (lawn green): 56→65 [0.1ms]
[2026-05-08 19:52:14] MOVE asha (gray0): 34→22 [0.1ms]
[2026-05-08 19:52:14] MOVE chetan (lawn green): 65→56 [0.1ms]
[2026-05-08 19:52:14] MOVE asha (gray0): 22→34 [0.6ms]
[2026-05-08 19:52:14] MOVE chetan (lawn green): 56→65 [0.1ms]
[2026-05-08 19:52:14] MOVE asha (gray0): 34→22 [0.1ms]
[2026-05-08 19:52:15] MOVE chetan (lawn green): 65→56 [0.1ms]
[2026-05-08 19:52:15] MOVE asha (gray0): 22→34 [0.1ms]
[2026-05-08 19:52:15] MOVE chetan (lawn green): 56→65 [0.1ms]
[2026-05-08 19:52:15] MOVE asha (gray0): 34→22 [0.1ms]
[2026-05-08 19:52:15] MOVE chetan (lawn green): 65→56 [0.1ms]
[2026-05-08 19:52:15] MOVE asha (gray0): 22→34 [0.1ms]
[2026-05-08 19:52:15] MOVE chetan (lawn green): 56→65 [0.1ms]
[2026-05-08 19:52:16] MOVE asha (gray0): 34→22 [0.1ms]
[2026-05-08 19:52:16] MOVE chetan (lawn green): 65→56 [0.1ms]
[2026-05-08 19:52:16] MOVE asha (gray0): 22→34 [0.1ms]
[2026-05-08 19:52:16] MOVE chetan (lawn green): 56→65 [0.1ms]
[2026-05-08 19:52:16] MOVE asha (gray0): 34→22 [0.1ms]
[2026-05-08 19:52:16] MOVE chetan (lawn green): 65→56 [0.1ms]
[2026-05-08 19:52:16] MOVE asha (gray0): 22→34 [0.1ms]
[2026-05-08 19:52:17] MOVE chetan (lawn green): 56→65 [0.1ms]
[2026-05-08 19:52:17] MOVE asha (gray0): 34→22 [0.1ms]
[2026-05-08 19:52:17] MOVE chetan (lawn green): 65→56 [0.1ms]
[2026-05-08 19:52:17] MOVE asha (gray0): 22→34 [1.2ms]
[2026-05-08 19:52:17] MOVE chetan (lawn green): 56→65 [0.1ms]
[2026-05-08 19:52:17] MOVE asha (gray0): 34→22 [0.1ms]
[2026-05-08 19:52:18] MOVE chetan (lawn green): 65→56 [0.1ms]
[2026-05-08 19:52:18] MOVE asha (gray0): 22→34 [0.1ms]
[2026-05-08 19:52:18] MOVE chetan (lawn green): 56→65 [0.1ms]
[2026-05-08 19:52:18] MOVE asha (gray0): 34→22 [0.1ms]
[2026-05-08 19:52:18] MOVE chetan (lawn green): 65→56 [0.6ms]
[2026-05-08 19:52:18] MOVE asha (gray0): 22→34 [0.1ms]
[2026-05-08 19:52:19] MOVE chetan (lawn green): 56→65 [0.1ms]
[2026-05-08 19:52:19] MOVE asha (gray0): 34→22 [0.1ms]
[2026-05-08 19:52:19] MOVE chetan (lawn green): 65→56 [0.1ms]
[2026-05-08 19:52:19] MOVE asha (gray0): 22→34 [0.1ms]
[2026-05-08 19:52:19] MOVE chetan (lawn green): 56→65 [0.2ms]
[2026-05-08 19:52:20] MOVE asha (gray0): 34→22 [0.1ms]
[2026-05-08 19:52:20] MOVE chetan (lawn green): 65→56 [0.2ms]
[2026-05-08 19:52:20] MOVE asha (gray0): 22→34 [0.1ms]
[2026-05-08 19:52:20] MOVE chetan (lawn green): 56→65 [0.1ms]
[2026-05-08 19:52:20] MOVE asha (gray0): 34→22 [0.1ms]
[2026-05-08 19:52:20] MOVE chetan (lawn green): 65→56 [1.2ms]
[2026-05-08 19:52:21] MOVE asha (gray0): 22→34 [0.1ms]
[2026-05-08 19:52:21] MOVE chetan (lawn green): 56→65 [0.1ms]
[2026-05-08 19:52:21] MOVE asha (gray0): 34→22 [0.1ms]
[2026-05-08 19:52:21] MOVE chetan (lawn green): 65→56 [0.1ms]
[2026-05-08 19:52:21] MOVE asha (gray0): 22→34 [0.2ms]
[2026-05-08 19:52:22] MOVE chetan (lawn green): 56→65 [1.4ms]
[2026-05-08 19:52:22] MOVE asha (gray0): 34→22 [0.1ms]
[2026-05-08 19:52:22] MOVE chetan (lawn green): 65→56 [0.2ms]
[2026-05-08 19:52:22] MOVE asha (gray0): 22→34 [0.1ms]
[2026-05-08 19:52:22] MOVE chetan (lawn green): 56→65 [0.1ms]
[2026-05-08 19:52:23] MOVE asha (gray0): 34→22 [0.1ms]
[2026-05-08 19:52:23] MOVE chetan (lawn green): 65→56 [0.7ms]
[2026-05-08 19:52:23] MOVE asha (gray0): 22→34 [0.5ms]
[2026-05-08 19:52:23] MOVE chetan (lawn green): 56→65 [0.1ms]
[2026-05-08 19:52:23] MOVE asha (gray0): 34→22 [0.1ms]
[2026-05-08 19:52:24] MOVE chetan (lawn green): 65→56 [0.4ms]
[2026-05-08 19:52:24] MOVE asha (gray0): 22→34 [1.0ms]
[2026-05-08 19:52:24] MOVE chetan (lawn green): 56→65 [0.1ms]
[2026-05-08 19:52:24] MOVE asha (gray0): 34→22 [0.1ms]
[2026-05-08 19:52:24] MOVE chetan (lawn green): 65→56 [0.1ms]
[2026-05-08 19:52:24] MOVE asha (gray0): 22→34 [0.1ms]
[2026-05-08 19:52:24] MOVE chetan (lawn green): 56→65 [0.1ms]
[2026-05-08 19:52:25] MOVE asha (gray0): 34→22 [0.1ms]
[2026-05-08 19:52:25] MOVE chetan (lawn green): 65→56 [0.1ms]
[2026-05-08 19:52:25] MOVE asha (gray0): 22→34 [0.1ms]
[2026-05-08 19:52:25] MOVE chetan (lawn green): 56→65 [0.1ms]
[2026-05-08 19:52:25] MOVE asha (gray0): 34→22 [0.1ms]
[2026-05-08 19:52:25] MOVE chetan (lawn green): 65→56 [0.1ms]
[2026-05-08 19:52:26] MOVE asha (gray0): 22→34 [0.1ms]
[2026-05-08 19:52:26] MOVE chetan (lawn green): 56→65 [0.1ms]
[2026-05-08 19:52:26] MOVE asha (gray0): 34→22 [0.1ms]
[2026-05-08 19:52:26] MOVE chetan (lawn green): 65→56 [0.1ms]
[2026-05-08 19:52:26] MOVE asha (gray0): 22→34 [0.1ms]
[2026-05-08 19:52:26] MOVE chetan (lawn green): 56→65 [0.1ms]
[2026-05-08 19:52:27] MOVE asha (gray0): 34→22 [0.1ms]
[2026-05-08 19:52:27] MOVE chetan (lawn green): 65→56 [0.1ms]
[2026-05-08 19:52:27] MOVE asha (gray0): 22→34 [0.1ms]
[2026-05-08 19:52:27] MOVE chetan (lawn green): 56→65 [0.1ms]
[2026-05-08 19:52:27] MOVE asha (gray0): 34→22 [0.1ms]
[2026-05-08 19:52:27] MOVE chetan (lawn green): 65→56 [0.1ms]
[2026-05-08 19:52:28] MOVE asha (gray0): 22→34 [0.1ms]
[2026-05-08 19:52:28] MOVE chetan (lawn green): 56→65 [0.1ms]
[2026-05-08 19:52:28] MOVE asha (gray0): 34→22 [0.3ms]
[2026-05-08 19:52:28] MOVE chetan (lawn green): 65→56 [0.1ms]
[2026-05-08 19:52:28] MOVE asha (gray0): 22→34 [0.1ms]
[2026-05-08 19:52:28] MOVE chetan (lawn green): 56→65 [0.3ms]
[2026-05-08 19:52:29] MOVE asha (gray0): 34→22 [0.1ms]
[2026-05-08 19:52:29] MOVE chetan (lawn green): 65→56 [0.1ms]
[2026-05-08 19:52:29] MOVE asha (gray0): 22→34 [0.1ms]
[2026-05-08 19:52:29] MOVE chetan (lawn green): 56→65 [0.1ms]
[2026-05-08 19:52:29] MOVE asha (gray0): 34→22 [4.2ms]
[2026-05-08 19:52:29] MOVE chetan (lawn green): 65→56 [0.1ms]
[2026-05-08 19:52:29] MOVE asha (gray0): 22→34 [0.1ms]
[2026-05-08 19:52:29] MOVE chetan (lawn green): 56→65 [0.1ms]
[2026-05-08 19:52:30] MOVE asha (gray0): 34→22 [0.1ms]
[2026-05-08 19:52:30] MOVE chetan (lawn green): 65→56 [0.1ms]
[2026-05-08 19:52:30] MOVE asha (gray0): 22→34 [0.1ms]
[2026-05-08 19:52:30] MOVE chetan (lawn green): 56→65 [0.1ms]
[2026-05-08 19:52:31] MOVE asha (gray0): 34→22 [0.1ms]
[2026-05-08 19:52:31] MOVE chetan (lawn green): 65→56 [0.1ms]
[2026-05-08 19:52:31] MOVE asha (gray0): 22→34 [0.1ms]
[2026-05-08 19:52:31] MOVE chetan (lawn green): 56→65 [0.1ms]
[2026-05-08 19:52:31] MOVE asha (gray0): 34→22 [0.1ms]
[2026-05-08 19:52:31] MOVE chetan (lawn green): 65→56 [0.1ms]
[2026-05-08 19:52:32] MOVE asha (gray0): 22→34 [0.1ms]
[2026-05-08 19:52:32] MOVE chetan (lawn green): 56→65 [0.1ms]
[2026-05-08 19:52:32] MOVE asha (gray0): 34→22 [0.1ms]
[2026-05-08 19:52:32] MOVE chetan (lawn green): 65→56 [0.1ms]
[2026-05-08 19:52:32] MOVE asha (gray0): 22→34 [0.1ms]
[2026-05-08 19:52:32] MOVE chetan (lawn green): 56→65 [0.1ms]
[2026-05-08 19:52:33] MOVE asha (gray0): 34→22 [0.1ms]
[2026-05-08 19:52:33] MOVE chetan (lawn green): 65→56 [0.1ms]
[2026-05-08 19:52:33] MOVE asha (gray0): 22→34 [0.1ms]
[2026-05-08 19:52:33] MOVE chetan (lawn green): 56→65 [0.2ms]
[2026-05-08 19:52:33] MOVE asha (gray0): 34→22 [0.1ms]
[2026-05-08 19:52:33] MOVE chetan (lawn green): 65→56 [0.1ms]
[2026-05-08 19:52:34] MOVE asha (gray0): 22→34 [0.2ms]
[2026-05-08 19:52:34] MOVE chetan (lawn green): 56→65 [0.1ms]
[2026-05-08 19:52:34] MOVE asha (gray0): 34→22 [0.1ms]
[2026-05-08 19:52:34] MOVE chetan (lawn green): 65→56 [0.2ms]
[2026-05-08 19:52:34] MOVE asha (gray0): 22→34 [0.1ms]
[2026-05-08 19:52:34] MOVE chetan (lawn green): 56→65 [0.1ms]
[2026-05-08 19:52:35] MOVE asha (gray0): 34→22 [0.3ms]
[2026-05-08 19:52:35] MOVE chetan (lawn green): 65→56 [0.1ms]
[2026-05-08 19:52:35] MOVE asha (gray0): 22→34 [0.8ms]
[2026-05-08 19:52:35] MOVE chetan (lawn green): 56→65 [0.1ms]
[2026-05-08 19:52:35] MOVE asha (gray0): 34→22 [0.1ms]
[2026-05-08 19:52:35] MOVE chetan (lawn green): 65→56 [0.1ms]
[2026-05-08 19:52:36] MOVE asha (gray0): 22→34 [0.1ms]
[2026-05-08 19:52:36] MOVE chetan (lawn green): 56→65 [0.1ms]
[2026-05-08 19:52:36] MOVE asha (gray0): 34→22 [0.2ms]
[2026-05-08 19:52:36] MOVE chetan (lawn green): 65→56 [0.1ms]
[2026-05-08 19:52:36] MOVE asha (gray0): 22→34 [0.1ms]
[2026-05-08 19:52:36] MOVE chetan (lawn green): 56→65 [0.1ms]
[2026-05-08 19:52:37] MOVE asha (gray0): 34→22 [0.1ms]
[2026-05-08 19:52:37] MOVE chetan (lawn green): 65→56 [0.1ms]
[2026-05-08 19:52:37] MOVE asha (gray0): 22→34 [0.1ms]
[2026-05-08 19:52:37] MOVE chetan (lawn green): 56→65 [0.1ms]
[2026-05-08 19:52:37] MOVE asha (gray0): 34→22 [0.1ms]
[2026-05-08 19:52:37] MOVE chetan (lawn green): 65→56 [0.2ms]
[2026-05-08 19:52:38] MOVE asha (gray0): 22→34 [0.1ms]
[2026-05-08 19:52:38] MOVE chetan (lawn green): 56→65 [0.2ms]
[2026-05-08 19:52:38] MOVE asha (gray0): 34→22 [0.1ms]
[2026-05-08 19:52:38] MOVE chetan (lawn green): 65→56 [0.1ms]
[2026-05-08 19:52:38] MOVE asha (gray0): 22→34 [0.1ms]
[2026-05-08 19:52:38] MOVE chetan (lawn green): 56→65 [0.2ms]
[2026-05-08 19:52:39] MOVE asha (gray0): 34→22 [0.1ms]
[2026-05-08 19:52:39] MOVE chetan (lawn green): 65→56 [0.5ms]
[2026-05-08 19:52:39] MOVE asha (gray0): 22→34 [0.1ms]
[2026-05-08 19:52:39] MOVE chetan (lawn green): 56→65 [0.1ms]
[2026-05-08 19:52:39] MOVE asha (gray0): 34→22 [0.1ms]
[2026-05-08 19:52:39] MOVE chetan (lawn green): 65→56 [0.1ms]
[2026-05-08 19:52:40] MOVE asha (gray0): 22→34 [0.1ms]
[2026-05-08 19:52:40] MOVE chetan (lawn green): 56→65 [0.1ms]
[2026-05-08 19:52:40] MOVE asha (gray0): 34→22 [0.1ms]
[2026-05-08 19:52:40] MOVE chetan (lawn green): 65→56 [0.1ms]
[2026-05-08 19:52:40] MOVE asha (gray0): 22→34 [0.1ms]
[2026-05-08 19:52:40] MOVE chetan (lawn green): 56→65 [0.1ms]
[2026-05-08 19:52:40] MOVE asha (gray0): 34→22 [0.2ms]
[2026-05-08 19:52:41] MOVE chetan (lawn green): 65→56 [0.1ms]
[2026-05-08 19:52:41] MOVE asha (gray0): 22→34 [0.1ms]
[2026-05-08 19:52:41] MOVE chetan (lawn green): 56→65 [0.1ms]
[2026-05-08 19:52:41] MOVE asha (gray0): 34→22 [0.1ms]
[2026-05-08 19:52:41] MOVE chetan (lawn green): 65→56 [0.1ms]
[2026-05-08 19:52:41] MOVE asha (gray0): 22→34 [0.1ms]
[2026-05-08 19:52:41] MOVE chetan (lawn green): 56→65 [0.5ms]
[2026-05-08 19:52:42] MOVE asha (gray0): 34→22 [0.4ms]
[2026-05-08 19:52:42] MOVE chetan (lawn green): 65→56 [0.1ms]
[2026-05-08 19:52:42] MOVE asha (gray0): 22→34 [0.1ms]
[2026-05-08 19:52:42] MOVE chetan (lawn green): 56→65 [0.3ms]
[2026-05-08 19:52:42] MOVE asha (gray0): 34→22 [0.1ms]
[2026-05-08 19:52:42] MOVE chetan (lawn green): 65→56 [0.1ms]
[2026-05-08 19:52:43] MOVE asha (gray0): 22→34 [0.1ms]
[2026-05-08 19:52:43] MOVE chetan (lawn green): 56→65 [0.1ms]
[2026-05-08 19:52:43] MOVE asha (gray0): 34→22 [0.1ms]
[2026-05-08 19:52:43] MOVE chetan (lawn green): 65→56 [0.1ms]
[2026-05-08 19:52:43] MOVE asha (gray0): 22→34 [0.1ms]
[2026-05-08 19:52:43] MOVE chetan (lawn green): 56→65 [0.1ms]
[2026-05-08 19:52:44] MOVE asha (gray0): 34→22 [2.4ms]
[2026-05-08 19:52:44] MOVE chetan (lawn green): 65→56 [0.2ms]
[2026-05-08 19:52:44] MOVE asha (gray0): 22→34 [0.6ms]
[2026-05-08 19:52:44] MOVE chetan (lawn green): 56→65 [0.1ms]
[2026-05-08 19:52:44] MOVE asha (gray0): 34→22 [0.1ms]
[2026-05-08 19:52:44] MOVE chetan (lawn green): 65→56 [0.1ms]
[2026-05-08 19:52:45] MOVE asha (gray0): 22→34 [0.1ms]
[2026-05-08 19:52:45] MOVE chetan (lawn green): 56→65 [0.1ms]
[2026-05-08 19:52:45] MOVE asha (gray0): 34→22 [0.1ms]
[2026-05-08 19:52:45] MOVE chetan (lawn green): 65→56 [0.1ms]
[2026-05-08 19:52:45] MOVE asha (gray0): 22→34 [0.1ms]
[2026-05-08 19:52:45] MOVE chetan (lawn green): 56→65 [0.1ms]
[2026-05-08 19:52:46] MOVE asha (gray0): 34→22 [0.1ms]
[2026-05-08 19:52:46] MOVE chetan (lawn green): 65→56 [0.1ms]
[2026-05-08 19:52:46] MOVE asha (gray0): 22→34 [0.1ms]
[2026-05-08 19:52:46] MOVE chetan (lawn green): 56→65 [0.1ms]
[2026-05-08 19:52:46] MOVE asha (gray0): 34→22 [0.1ms]
[2026-05-08 19:52:46] MOVE chetan (lawn green): 65→56 [0.1ms]
[2026-05-08 19:52:46] MOVE asha (gray0): 22→34 [0.1ms]
[2026-05-08 19:52:46] MOVE chetan (lawn green): 56→65 [0.1ms]
[2026-05-08 19:52:47] MOVE asha (gray0): 34→22 [0.1ms]
[2026-05-08 19:52:47] MOVE chetan (lawn green): 65→56 [0.1ms]
[2026-05-08 19:52:47] MOVE asha (gray0): 22→34 [0.1ms]
[2026-05-08 19:52:47] MOVE chetan (lawn green): 56→65 [0.1ms]
[2026-05-08 19:52:47] MOVE asha (gray0): 34→22 [0.2ms]
[2026-05-08 19:52:47] MOVE chetan (lawn green): 65→56 [4.2ms]
[2026-05-08 19:52:48] MOVE asha (gray0): 22→34 [0.1ms]
[2026-05-08 19:52:48] MOVE chetan (lawn green): 56→65 [0.1ms]
[2026-05-08 19:52:48] MOVE asha (gray0): 34→22 [0.1ms]
[2026-05-08 19:52:48] MOVE chetan (lawn green): 65→56 [0.1ms]
[2026-05-08 19:52:48] MOVE asha (gray0): 22→34 [0.1ms]
[2026-05-08 19:52:48] MOVE chetan (lawn green): 56→65 [1.1ms]
[2026-05-08 19:52:49] MOVE asha (gray0): 34→22 [0.1ms]
[2026-05-08 19:52:49] MOVE chetan (lawn green): 65→56 [0.1ms]
[2026-05-08 19:52:49] MOVE asha (gray0): 22→34 [0.1ms]
[2026-05-08 19:52:49] MOVE chetan (lawn green): 56→65 [0.1ms]
[2026-05-08 19:52:49] MOVE asha (gray0): 34→22 [0.1ms]
[2026-05-08 19:52:49] MOVE chetan (lawn green): 65→56 [0.1ms]
[2026-05-08 19:52:50] MOVE asha (gray0): 22→34 [0.1ms]
[2026-05-08 19:52:50] MOVE chetan (lawn green): 56→65 [0.1ms]
[2026-05-08 19:52:50] MOVE asha (gray0): 34→22 [0.4ms]
[2026-05-08 19:52:50] MOVE chetan (lawn green): 65→56 [0.1ms]
[2026-05-08 19:52:50] MOVE asha (gray0): 22→34 [0.1ms]
[2026-05-08 19:52:50] MOVE chetan (lawn green): 56→65 [0.1ms]
[2026-05-08 19:52:51] MOVE asha (gray0): 34→22 [0.1ms]
[2026-05-08 19:52:51] MOVE chetan (lawn green): 65→56 [2.6ms]
[2026-05-08 19:52:51] MOVE asha (gray0): 22→34 [0.1ms]
[2026-05-08 19:52:51] MOVE chetan (lawn green): 56→65 [0.1ms]
[2026-05-08 19:52:52] MOVE asha (gray0): 34→22 [3.0ms]
[2026-05-08 19:52:52] MOVE chetan (lawn green): 65→56 [1.8ms]
[2026-05-08 19:52:52] MOVE asha (gray0): 22→34 [0.1ms]
[2026-05-08 19:52:52] MOVE chetan (lawn green): 56→65 [0.1ms]
[2026-05-08 19:52:52] MOVE asha (gray0): 34→22 [0.1ms]
[2026-05-08 19:52:52] MOVE chetan (lawn green): 65→56 [0.1ms]
[2026-05-08 19:52:52] MOVE asha (gray0): 22→34 [1.6ms]
[2026-05-08 19:52:52] MOVE chetan (lawn green): 56→65 [0.6ms]
[2026-05-08 19:52:53] MOVE asha (gray0): 34→22 [0.1ms]
[2026-05-08 19:52:53] MOVE chetan (lawn green): 65→56 [0.1ms]
[2026-05-08 19:52:53] MOVE asha (gray0): 22→34 [0.1ms]
[2026-05-08 19:52:53] MOVE chetan (lawn green): 56→65 [0.2ms]
[2026-05-08 19:52:53] MOVE asha (gray0): 34→22 [0.2ms]
[2026-05-08 19:52:53] MOVE chetan (lawn green): 65→56 [0.1ms]
[2026-05-08 19:52:54] MOVE asha (gray0): 22→34 [0.1ms]
[2026-05-08 19:52:54] MOVE chetan (lawn green): 56→65 [0.1ms]
[2026-05-08 19:52:54] MOVE asha (gray0): 34→22 [0.4ms]
[2026-05-08 19:52:54] MOVE chetan (lawn green): 65→56 [0.2ms]
[2026-05-08 19:52:54] MOVE asha (gray0): 22→34 [0.1ms]
[2026-05-08 19:52:55] MOVE chetan (lawn green): 56→65 [0.1ms]
[2026-05-08 19:52:55] MOVE asha (gray0): 34→22 [0.1ms]
[2026-05-08 19:52:55] MOVE chetan (lawn green): 65→56 [0.1ms]
[2026-05-08 19:52:55] MOVE asha (gray0): 22→34 [0.6ms]
[2026-05-08 19:52:55] MOVE chetan (lawn green): 56→65 [14.0ms]
[2026-05-08 19:52:55] MOVE asha (gray0): 34→22 [0.1ms]
[2026-05-08 19:52:55] MOVE chetan (lawn green): 65→56 [0.1ms]
[2026-05-08 19:52:56] MOVE asha (gray0): 22→34 [0.1ms]
[2026-05-08 19:52:56] MOVE chetan (lawn green): 56→65 [0.2ms]
[2026-05-08 19:52:56] MOVE asha (gray0): 34→22 [0.1ms]
[2026-05-08 19:52:56] MOVE chetan (lawn green): 65→56 [0.1ms]
[2026-05-08 19:52:56] MOVE asha (gray0): 22→34 [0.1ms]
[2026-05-08 19:52:56] MOVE chetan (lawn green): 56→65 [0.1ms]
[2026-05-08 19:52:57] MOVE asha (gray0): 34→22 [0.1ms]
[2026-05-08 19:52:57] MOVE chetan (lawn green): 65→56 [0.1ms]
[2026-05-08 19:52:57] MOVE asha (gray0): 22→34 [0.1ms]
[2026-05-08 19:52:57] MOVE chetan (lawn green): 56→65 [0.1ms]
[2026-05-08 19:52:58] MOVE asha (gray0): 34→22 [0.1ms]
[2026-05-08 19:52:58] MOVE chetan (lawn green): 65→56 [0.1ms]
[2026-05-08 19:52:58] MOVE asha (gray0): 22→34 [0.1ms]
[2026-05-08 19:52:58] MOVE chetan (lawn green): 56→65 [0.3ms]
[2026-05-08 19:52:59] MOVE asha (gray0): 34→22 [0.1ms]
[2026-05-08 19:52:59] MOVE chetan (lawn green): 65→56 [0.1ms]
[2026-05-08 19:52:59] MOVE asha (gray0): 22→34 [0.1ms]
[2026-05-08 19:52:59] MOVE chetan (lawn green): 56→65 [0.1ms]
[2026-05-08 19:52:59] MOVE asha (gray0): 34→22 [0.1ms]
[2026-05-08 19:52:59] MOVE chetan (lawn green): 65→56 [0.1ms]
[2026-05-08 19:53:00] MOVE asha (gray0): 22→34 [0.1ms]
[2026-05-08 19:53:00] MOVE chetan (lawn green): 56→65 [0.1ms]
[2026-05-08 19:53:00] MOVE asha (gray0): 34→22 [0.1ms]
[2026-05-08 19:53:00] MOVE chetan (lawn green): 65→56 [0.1ms]
[2026-05-08 19:53:00] MOVE asha (gray0): 22→34 [0.1ms]
[2026-05-08 19:53:00] MOVE chetan (lawn green): 56→65 [0.1ms]
[2026-05-08 19:53:01] MOVE asha (gray0): 34→22 [0.1ms]
[2026-05-08 19:53:01] MOVE chetan (lawn green): 65→56 [0.3ms]
[2026-05-08 19:53:01] MOVE asha (gray0): 22→34 [0.3ms]
[2026-05-08 19:53:01] MOVE chetan (lawn green): 56→65 [0.1ms]
[2026-05-08 19:53:01] MOVE asha (gray0): 34→22 [0.1ms]
[2026-05-08 19:53:01] MOVE chetan (lawn green): 65→56 [0.1ms]
[2026-05-08 19:53:01] MOVE asha (gray0): 22→34 [0.1ms]
[2026-05-08 19:53:02] MOVE chetan (lawn green): 56→65 [0.1ms]
[2026-05-08 19:53:02] MOVE asha (gray0): 34→22 [0.1ms]
[2026-05-08 19:53:02] MOVE chetan (lawn green): 65→56 [0.1ms]
[2026-05-08 19:53:02] MOVE asha (gray0): 22→34 [2.0ms]
[2026-05-08 19:53:02] MOVE chetan (lawn green): 56→65 [0.1ms]
[2026-05-08 19:53:02] MOVE asha (gray0): 34→22 [0.6ms]
[2026-05-08 19:53:03] MOVE chetan (lawn green): 65→56 [0.2ms]
[2026-05-08 19:53:03] MOVE asha (gray0): 22→34 [0.1ms]
[2026-05-08 19:53:03] MOVE chetan (lawn green): 56→65 [0.1ms]
[2026-05-08 19:53:03] MOVE asha (gray0): 34→22 [0.1ms]
[2026-05-08 19:53:03] MOVE chetan (lawn green): 65→56 [0.1ms]
[2026-05-08 19:53:03] MOVE asha (gray0): 22→34 [0.2ms]
[2026-05-08 19:53:03] MOVE chetan (lawn green): 56→65 [0.1ms]
[2026-05-08 19:53:04] MOVE asha (gray0): 34→22 [0.1ms]
[2026-05-08 19:53:04] MOVE chetan (lawn green): 65→56 [0.2ms]
[2026-05-08 19:53:04] MOVE asha (gray0): 22→34 [0.1ms]
[2026-05-08 19:53:04] MOVE chetan (lawn green): 56→65 [0.1ms]
[2026-05-08 19:53:04] MOVE asha (gray0): 34→22 [0.1ms]
[2026-05-08 19:53:04] MOVE chetan (lawn green): 65→56 [0.4ms]
[2026-05-08 19:53:05] MOVE asha (gray0): 22→34 [14.1ms]
[2026-05-08 19:53:05] MOVE chetan (lawn green): 56→65 [0.1ms]
[2026-05-08 19:53:05] MOVE asha (gray0): 34→22 [0.1ms]
[2026-05-08 19:53:05] MOVE chetan (lawn green): 65→56 [0.1ms]
[2026-05-08 19:53:05] MOVE asha (gray0): 22→34 [0.1ms]
[2026-05-08 19:53:05] MOVE chetan (lawn green): 56→65 [0.1ms]
[2026-05-08 19:53:06] MOVE asha (gray0): 34→22 [0.1ms]
[2026-05-08 19:53:06] MOVE chetan (lawn green): 65→56 [0.2ms]
[2026-05-08 19:53:06] MOVE asha (gray0): 22→34 [0.1ms]
[2026-05-08 19:53:06] MOVE chetan (lawn green): 56→65 [0.1ms]
[2026-05-08 19:53:06] MOVE asha (gray0): 34→22 [0.3ms]
[2026-05-08 19:53:06] MOVE chetan (lawn green): 65→56 [0.1ms]
[2026-05-08 19:53:07] MOVE asha (gray0): 22→34 [0.1ms]
[2026-05-08 19:53:07] MOVE chetan (lawn green): 56→65 [0.1ms]
[2026-05-08 19:53:07] MOVE asha (gray0): 34→22 [0.1ms]
[2026-05-08 19:53:07] MOVE chetan (lawn green): 65→56 [0.1ms]
[2026-05-08 19:53:07] MOVE asha (gray0): 22→34 [0.1ms]
[2026-05-08 19:53:07] MOVE chetan (lawn green): 56→65 [0.1ms]
[2026-05-08 19:53:08] MOVE asha (gray0): 34→22 [0.1ms]
[2026-05-08 19:53:08] MOVE chetan (lawn green): 65→56 [0.1ms]
[2026-05-08 19:53:08] MOVE asha (gray0): 22→34 [0.1ms]
[2026-05-08 19:53:08] MOVE chetan (lawn green): 56→65 [0.1ms]
[2026-05-08 19:53:08] MOVE asha (gray0): 34→22 [0.1ms]
[2026-05-08 19:53:08] MOVE chetan (lawn green): 65→56 [0.1ms]
[2026-05-08 19:53:09] MOVE asha (gray0): 22→34 [0.1ms]
[2026-05-08 19:53:09] MOVE chetan (lawn green): 56→65 [0.1ms]
[2026-05-08 19:53:09] MOVE asha (gray0): 34→22 [0.1ms]
[2026-05-08 19:53:09] MOVE chetan (lawn green): 65→56 [0.1ms]
[2026-05-08 19:53:09] MOVE asha (gray0): 22→34 [0.1ms]
[2026-05-08 19:53:09] MOVE chetan (lawn green): 56→65 [0.1ms]
[2026-05-08 19:53:10] MOVE asha (gray0): 34→22 [0.1ms]
[2026-05-08 19:53:10] MOVE chetan (lawn green): 65→56 [0.1ms]
[2026-05-08 19:53:10] MOVE asha (gray0): 22→34 [0.1ms]
[2026-05-08 19:53:10] MOVE chetan (lawn green): 56→65 [0.1ms]
[2026-05-08 19:53:10] MOVE asha (gray0): 34→22 [0.2ms]
[2026-05-08 19:53:10] MOVE chetan (lawn green): 65→56 [0.1ms]
[2026-05-08 19:53:10] MOVE asha (gray0): 22→34 [0.1ms]
[2026-05-08 19:53:11] MOVE chetan (lawn green): 56→65 [0.1ms]
[2026-05-08 19:53:11] MOVE asha (gray0): 34→22 [0.1ms]
[2026-05-08 19:53:11] MOVE chetan (lawn green): 65→56 [0.1ms]
[2026-05-08 19:53:11] MOVE asha (gray0): 22→34 [0.1ms]
[2026-05-08 19:53:11] MOVE chetan (lawn green): 56→65 [0.1ms]
[2026-05-08 19:53:11] MOVE asha (gray0): 34→22 [0.1ms]
[2026-05-08 19:53:12] MOVE chetan (lawn green): 65→56 [0.1ms]
[2026-05-08 19:53:12] MOVE asha (gray0): 22→34 [0.1ms]
[2026-05-08 19:53:12] MOVE chetan (lawn green): 56→65 [0.1ms]
[2026-05-08 19:53:12] MOVE asha (gray0): 34→22 [0.1ms]
[2026-05-08 19:53:12] MOVE chetan (lawn green): 65→56 [0.1ms]
[2026-05-08 19:53:12] MOVE asha (gray0): 22→34 [0.3ms]
[2026-05-08 19:53:12] MOVE chetan (lawn green): 56→65 [0.1ms]
[2026-05-08 19:53:13] MOVE asha (gray0): 34→22 [0.1ms]
[2026-05-08 19:53:13] MOVE chetan (lawn green): 65→56 [0.1ms]
[2026-05-08 19:53:13] MOVE asha (gray0): 22→34 [0.1ms]
[2026-05-08 19:53:13] MOVE chetan (lawn green): 56→65 [0.1ms]
[2026-05-08 19:53:13] MOVE asha (gray0): 34→22 [0.1ms]
[2026-05-08 19:53:13] MOVE chetan (lawn green): 65→56 [0.1ms]
[2026-05-08 19:53:14] MOVE asha (gray0): 22→34 [0.1ms]
[2026-05-08 19:53:14] MOVE chetan (lawn green): 56→65 [0.1ms]
[2026-05-08 19:53:14] MOVE asha (gray0): 34→22 [0.1ms]
[2026-05-08 19:53:14] MOVE chetan (lawn green): 65→56 [0.1ms]
[2026-05-08 19:53:14] MOVE asha (gray0): 22→34 [0.1ms]
[2026-05-08 19:53:15] MOVE chetan (lawn green): 56→65 [0.1ms]
[2026-05-08 19:53:15] MOVE asha (gray0): 34→22 [0.1ms]
[2026-05-08 19:53:15] MOVE chetan (lawn green): 65→56 [0.6ms]
[2026-05-08 19:53:15] MOVE asha (gray0): 22→34 [0.2ms]
[2026-05-08 19:53:15] MOVE chetan (lawn green): 56→65 [0.1ms]
[2026-05-08 19:53:15] MOVE asha (gray0): 34→22 [0.1ms]
[2026-05-08 19:53:15] MOVE chetan (lawn green): 65→56 [0.3ms]
[2026-05-08 19:53:16] MOVE asha (gray0): 22→34 [0.1ms]
[2026-05-08 19:53:16] MOVE chetan (lawn green): 56→65 [0.1ms]
[2026-05-08 19:53:16] MOVE asha (gray0): 34→22 [0.1ms]
[2026-05-08 19:53:16] MOVE chetan (lawn green): 65→56 [0.1ms]
[2026-05-08 19:53:16] MOVE asha (gray0): 22→34 [0.1ms]
[2026-05-08 19:53:16] MOVE chetan (lawn green): 56→65 [0.1ms]
[2026-05-08 19:53:17] MOVE asha (gray0): 34→22 [0.1ms]
[2026-05-08 19:53:17] MOVE chetan (lawn green): 65→56 [0.1ms]
[2026-05-08 19:53:17] MOVE asha (gray0): 22→34 [0.2ms]
[2026-05-08 19:53:17] MOVE chetan (lawn green): 56→65 [0.5ms]
[2026-05-08 19:53:17] MOVE asha (gray0): 34→22 [0.1ms]
[2026-05-08 19:53:17] MOVE chetan (lawn green): 65→56 [0.1ms]
[2026-05-08 19:53:18] MOVE asha (gray0): 22→34 [0.1ms]
[2026-05-08 19:53:18] MOVE chetan (lawn green): 56→65 [0.7ms]
[2026-05-08 19:53:18] MOVE asha (gray0): 34→22 [0.1ms]
[2026-05-08 19:53:18] MOVE chetan (lawn green): 65→56 [0.1ms]
[2026-05-08 19:53:18] MOVE asha (gray0): 22→34 [0.1ms]
[2026-05-08 19:53:18] MOVE chetan (lawn green): 56→65 [0.1ms]
[2026-05-08 19:53:19] MOVE asha (gray0): 34→22 [0.1ms]
[2026-05-08 19:53:19] MOVE chetan (lawn green): 65→56 [0.1ms]
[2026-05-08 19:53:19] MOVE asha (gray0): 22→34 [0.1ms]
[2026-05-08 19:53:19] MOVE chetan (lawn green): 56→65 [0.1ms]
[2026-05-08 19:53:19] MOVE asha (gray0): 34→22 [0.5ms]
[2026-05-08 19:53:19] MOVE chetan (lawn green): 65→56 [0.1ms]
[2026-05-08 19:53:19] MOVE asha (gray0): 22→34 [0.1ms]
[2026-05-08 19:53:20] MOVE chetan (lawn green): 56→65 [0.1ms]
[2026-05-08 19:53:20] MOVE asha (gray0): 34→22 [0.3ms]
[2026-05-08 19:53:20] MOVE chetan (lawn green): 65→56 [0.2ms]
[2026-05-08 19:53:20] MOVE asha (gray0): 22→34 [0.1ms]
[2026-05-08 19:53:20] MOVE chetan (lawn green): 56→65 [0.1ms]
[2026-05-08 19:53:20] MOVE asha (gray0): 34→22 [0.1ms]
[2026-05-08 19:53:20] MOVE chetan (lawn green): 65→56 [0.1ms]
[2026-05-08 19:53:21] MOVE asha (gray0): 22→34 [0.1ms]
[2026-05-08 19:53:21] MOVE chetan (lawn green): 56→65 [0.3ms]
[2026-05-08 19:53:21] MOVE asha (gray0): 34→22 [0.1ms]
[2026-05-08 19:53:21] MOVE chetan (lawn green): 65→56 [0.1ms]
[2026-05-08 19:53:22] MOVE asha (gray0): 22→34 [0.1ms]
[2026-05-08 19:53:22] MOVE chetan (lawn green): 56→65 [0.1ms]
[2026-05-08 19:53:22] MOVE asha (gray0): 34→22 [0.1ms]
[2026-05-08 19:53:22] MOVE chetan (lawn green): 65→56 [0.1ms]
[2026-05-08 19:53:22] MOVE asha (gray0): 22→34 [0.1ms]
[2026-05-08 19:53:22] MOVE chetan (lawn green): 56→65 [0.2ms]
[2026-05-08 19:53:22] MOVE asha (gray0): 34→22 [0.1ms]
[2026-05-08 19:53:23] MOVE chetan (lawn green): 65→56 [0.1ms]
[2026-05-08 19:53:23] MOVE asha (gray0): 22→34 [0.1ms]
[2026-05-08 19:53:23] MOVE chetan (lawn green): 56→65 [0.1ms]
[2026-05-08 19:53:23] MOVE asha (gray0): 34→22 [0.1ms]
[2026-05-08 19:53:23] MOVE chetan (lawn green): 65→56 [0.2ms]
[2026-05-08 19:53:23] MOVE asha (gray0): 22→34 [0.1ms]
[2026-05-08 19:53:23] MOVE chetan (lawn green): 56→65 [0.1ms]
[2026-05-08 19:53:24] MOVE asha (gray0): 34→22 [1.2ms]
[2026-05-08 19:53:24] MOVE chetan (lawn green): 65→56 [0.1ms]
[2026-05-08 19:53:24] MOVE asha (gray0): 22→34 [0.1ms]
[2026-05-08 19:53:24] MOVE chetan (lawn green): 56→65 [0.1ms]
[2026-05-08 19:53:24] MOVE asha (gray0): 34→22 [0.1ms]
[2026-05-08 19:53:24] MOVE chetan (lawn green): 65→56 [0.1ms]
[2026-05-08 19:53:25] MOVE asha (gray0): 22→34 [0.1ms]
[2026-05-08 19:53:25] MOVE chetan (lawn green): 56→65 [0.1ms]
[2026-05-08 19:53:25] MOVE asha (gray0): 34→22 [0.1ms]
[2026-05-08 19:53:25] MOVE chetan (lawn green): 65→56 [0.1ms]
[2026-05-08 19:53:25] MOVE asha (gray0): 22→34 [0.1ms]
[2026-05-08 19:53:26] MOVE chetan (lawn green): 56→65 [0.3ms]
[2026-05-08 19:53:26] MOVE asha (gray0): 34→22 [0.1ms]
[2026-05-08 19:53:26] MOVE chetan (lawn green): 65→56 [0.2ms]
[2026-05-08 19:53:26] MOVE asha (gray0): 22→34 [0.1ms]
[2026-05-08 19:53:26] MOVE chetan (lawn green): 56→65 [0.2ms]
[2026-05-08 19:53:27] MOVE asha (gray0): 34→22 [0.1ms]
[2026-05-08 19:53:27] MOVE chetan (lawn green): 65→56 [0.1ms]
[2026-05-08 19:53:27] MOVE asha (gray0): 22→34 [1.7ms]
[2026-05-08 19:53:27] MOVE chetan (lawn green): 56→65 [0.1ms]
[2026-05-08 19:53:27] MOVE asha (gray0): 34→22 [0.1ms]
[2026-05-08 19:53:27] MOVE chetan (lawn green): 65→56 [0.1ms]
[2026-05-08 19:53:28] MOVE asha (gray0): 22→34 [0.1ms]
[2026-05-08 19:53:28] MOVE chetan (lawn green): 56→65 [0.1ms]
[2026-05-08 19:53:28] MOVE asha (gray0): 34→22 [0.1ms]
[2026-05-08 19:53:28] MOVE chetan (lawn green): 65→56 [0.1ms]
[2026-05-08 19:53:28] MOVE asha (gray0): 22→34 [0.1ms]
[2026-05-08 19:53:28] MOVE chetan (lawn green): 56→65 [0.1ms]
[2026-05-08 19:53:29] MOVE asha (gray0): 34→22 [0.4ms]
[2026-05-08 19:53:29] MOVE chetan (lawn green): 65→56 [0.1ms]
[2026-05-08 19:53:29] MOVE asha (gray0): 22→34 [0.1ms]
[2026-05-08 19:53:29] MOVE chetan (lawn green): 56→65 [0.1ms]
[2026-05-08 19:53:29] MOVE asha (gray0): 34→22 [0.1ms]
[2026-05-08 19:53:29] MOVE chetan (lawn green): 65→56 [0.1ms]
[2026-05-08 19:53:29] MOVE asha (gray0): 22→34 [0.1ms]
[2026-05-08 19:53:30] MOVE chetan (lawn green): 56→65 [0.1ms]
[2026-05-08 19:53:30] MOVE asha (gray0): 34→22 [0.1ms]
[2026-05-08 19:53:30] MOVE chetan (lawn green): 65→56 [0.1ms]
[2026-05-08 19:53:30] MOVE asha (gray0): 22→34 [0.1ms]
[2026-05-08 19:53:30] MOVE chetan (lawn green): 56→65 [0.1ms]
[2026-05-08 19:53:31] MOVE asha (gray0): 34→22 [0.1ms]
[2026-05-08 19:53:31] MOVE chetan (lawn green): 65→56 [0.1ms]
[2026-05-08 19:53:31] MOVE asha (gray0): 22→34 [0.6ms]
[2026-05-08 19:53:31] MOVE chetan (lawn green): 56→65 [0.1ms]
[2026-05-08 19:53:31] MOVE asha (gray0): 34→22 [0.1ms]
[2026-05-08 19:53:31] MOVE chetan (lawn green): 65→56 [0.1ms]
[2026-05-08 19:53:32] MOVE asha (gray0): 22→34 [1.1ms]
[2026-05-08 19:53:32] MOVE chetan (lawn green): 56→65 [0.1ms]
[2026-05-08 19:53:32] MOVE asha (gray0): 34→22 [0.1ms]
[2026-05-08 19:53:32] MOVE chetan (lawn green): 65→56 [0.1ms]
[2026-05-08 19:53:32] MOVE asha (gray0): 22→34 [0.1ms]
[2026-05-08 19:53:33] MOVE chetan (lawn green): 56→65 [3.6ms]
[2026-05-08 19:53:33] MOVE asha (gray0): 34→22 [0.1ms]
[2026-05-08 19:53:33] MOVE chetan (lawn green): 65→56 [0.1ms]
[2026-05-08 19:53:33] MOVE asha (gray0): 22→34 [0.1ms]
[2026-05-08 19:53:33] MOVE chetan (lawn green): 56→65 [0.1ms]
[2026-05-08 19:53:34] MOVE asha (gray0): 34→22 [0.1ms]
[2026-05-08 19:53:34] MOVE chetan (lawn green): 65→56 [4.9ms]
[2026-05-08 19:53:34] MOVE asha (gray0): 22→34 [0.1ms]
[2026-05-08 19:53:34] MOVE chetan (lawn green): 56→65 [0.1ms]
[2026-05-08 19:53:35] MOVE asha (gray0): 34→22 [1.4ms]
[2026-05-08 19:53:35] MOVE chetan (lawn green): 65→56 [0.1ms]
[2026-05-08 19:53:35] MOVE asha (gray0): 22→34 [0.1ms]
[2026-05-08 19:53:35] MOVE chetan (lawn green): 56→65 [0.1ms]
[2026-05-08 19:53:35] MOVE asha (gray0): 34→22 [0.1ms]
[2026-05-08 19:53:35] MOVE chetan (lawn green): 65→56 [0.1ms]
[2026-05-08 19:53:36] MOVE asha (gray0): 22→34 [0.1ms]
[2026-05-08 19:53:36] MOVE chetan (lawn green): 56→65 [0.1ms]
[2026-05-08 19:53:36] MOVE asha (gray0): 34→22 [3.9ms]
[2026-05-08 19:53:36] MOVE chetan (lawn green): 65→56 [0.1ms]
[2026-05-08 19:53:36] MOVE asha (gray0): 22→34 [0.1ms]
[2026-05-08 19:53:36] MOVE chetan (lawn green): 56→65 [0.1ms]
[2026-05-08 19:53:36] MOVE asha (gray0): 34→22 [0.1ms]
[2026-05-08 19:53:37] MOVE chetan (lawn green): 65→56 [0.1ms]
[2026-05-08 19:53:37] MOVE asha (gray0): 22→34 [0.1ms]
[2026-05-08 19:53:37] MOVE chetan (lawn green): 56→65 [0.3ms]
[2026-05-08 19:53:37] MOVE asha (gray0): 34→22 [0.1ms]
[2026-05-08 19:53:37] MOVE chetan (lawn green): 65→56 [0.1ms]
[2026-05-08 19:53:37] MOVE asha (gray0): 22→34 [0.1ms]
[2026-05-08 19:53:38] MOVE chetan (lawn green): 56→65 [0.1ms]
[2026-05-08 19:53:38] MOVE asha (gray0): 34→22 [0.1ms]
[2026-05-08 19:53:38] MOVE chetan (lawn green): 65→56 [0.4ms]
[2026-05-08 19:53:38] MOVE asha (gray0): 22→34 [0.1ms]
[2026-05-08 19:53:38] MOVE chetan (lawn green): 56→65 [0.1ms]
[2026-05-08 19:53:39] MOVE asha (gray0): 34→22 [0.2ms]
[2026-05-08 19:53:39] MOVE chetan (lawn green): 65→56 [0.1ms]
[2026-05-08 19:53:39] MOVE asha (gray0): 22→34 [0.1ms]
[2026-05-08 19:53:39] MOVE chetan (lawn green): 56→65 [0.1ms]
[2026-05-08 19:53:39] MOVE asha (gray0): 34→22 [0.1ms]
[2026-05-08 19:53:39] MOVE chetan (lawn green): 65→56 [0.1ms]
[2026-05-08 19:53:40] MOVE asha (gray0): 22→34 [0.1ms]
[2026-05-08 19:53:40] MOVE chetan (lawn green): 56→65 [0.1ms]
[2026-05-08 19:53:40] MOVE asha (gray0): 34→22 [0.1ms]
[2026-05-08 19:53:40] MOVE chetan (lawn green): 65→56 [0.1ms]
[2026-05-08 19:53:40] MOVE asha (gray0): 22→34 [0.1ms]
[2026-05-08 19:53:40] MOVE chetan (lawn green): 56→65 [0.1ms]
[2026-05-08 19:53:41] MOVE asha (gray0): 34→22 [0.1ms]
[2026-05-08 19:53:41] MOVE chetan (lawn green): 65→56 [1.7ms]
[2026-05-08 19:53:41] MOVE asha (gray0): 22→34 [0.1ms]
[2026-05-08 19:53:41] MOVE chetan (lawn green): 56→65 [0.1ms]
[2026-05-08 19:53:41] MOVE asha (gray0): 34→22 [0.1ms]
[2026-05-08 19:53:41] MOVE chetan (lawn green): 65→56 [0.1ms]
[2026-05-08 19:53:41] MOVE asha (gray0): 22→34 [0.1ms]
[2026-05-08 19:53:42] MOVE chetan (lawn green): 56→65 [0.1ms]
[2026-05-08 19:53:42] MOVE asha (gray0): 34→22 [0.1ms]
[2026-05-08 19:53:42] MOVE chetan (lawn green): 65→56 [0.1ms]
[2026-05-08 19:53:42] MOVE asha (gray0): 22→34 [0.1ms]
[2026-05-08 19:53:42] MOVE chetan (lawn green): 56→65 [0.1ms]
[2026-05-08 19:53:42] MOVE asha (gray0): 34→22 [0.1ms]
[2026-05-08 19:53:42] MOVE chetan (lawn green): 65→56 [0.1ms]
[2026-05-08 19:53:43] MOVE asha (gray0): 22→34 [0.1ms]
[2026-05-08 19:53:43] MOVE chetan (lawn green): 56→65 [0.1ms]
[2026-05-08 19:53:43] MOVE asha (gray0): 34→22 [0.1ms]
[2026-05-08 19:53:43] MOVE chetan (lawn green): 65→56 [0.1ms]
[2026-05-08 19:53:43] MOVE asha (gray0): 22→34 [0.1ms]
[2026-05-08 19:53:43] MOVE chetan (lawn green): 56→65 [0.1ms]
[2026-05-08 19:53:44] MOVE asha (gray0): 34→22 [0.1ms]
[2026-05-08 19:53:44] MOVE chetan (lawn green): 65→56 [0.1ms]
[2026-05-08 19:53:44] MOVE asha (gray0): 22→34 [0.1ms]
[2026-05-08 19:53:44] MOVE chetan (lawn green): 56→65 [0.1ms]
[2026-05-08 19:53:44] MOVE asha (gray0): 34→22 [0.1ms]
[2026-05-08 19:53:44] MOVE chetan (lawn green): 65→56 [0.1ms]
[2026-05-08 19:53:45] MOVE asha (gray0): 22→34 [0.1ms]
[2026-05-08 19:53:45] MOVE chetan (lawn green): 56→65 [0.1ms]
[2026-05-08 19:53:45] MOVE asha (gray0): 34→22 [0.1ms]
[2026-05-08 19:53:45] MOVE chetan (lawn green): 65→56 [0.1ms]
[2026-05-08 19:53:45] MOVE asha (gray0): 22→34 [0.1ms]
[2026-05-08 19:53:45] MOVE chetan (lawn green): 56→65 [0.1ms]
[2026-05-08 19:53:45] MOVE asha (gray0): 34→22 [0.1ms]
[2026-05-08 19:53:46] MOVE chetan (lawn green): 65→56 [0.1ms]
[2026-05-08 19:53:46] MOVE asha (gray0): 22→34 [0.4ms]
[2026-05-08 19:53:46] MOVE chetan (lawn green): 56→65 [0.1ms]
[2026-05-08 19:53:46] MOVE asha (gray0): 34→22 [0.1ms]
[2026-05-08 19:53:46] MOVE chetan (lawn green): 65→56 [0.1ms]
[2026-05-08 19:53:46] MOVE asha (gray0): 22→34 [0.1ms]
[2026-05-08 19:53:46] MOVE chetan (lawn green): 56→65 [0.1ms]
[2026-05-08 19:53:47] MOVE asha (gray0): 34→22 [0.1ms]
[2026-05-08 19:53:47] MOVE chetan (lawn green): 65→56 [0.3ms]
[2026-05-08 19:53:47] MOVE asha (gray0): 22→34 [0.1ms]
[2026-05-08 19:53:47] MOVE chetan (lawn green): 56→65 [0.1ms]
[2026-05-08 19:53:47] MOVE asha (gray0): 34→22 [0.1ms]
[2026-05-08 19:53:47] MOVE chetan (lawn green): 65→56 [0.1ms]
[2026-05-08 19:53:48] MOVE asha (gray0): 22→34 [0.1ms]
[2026-05-08 19:53:48] MOVE chetan (lawn green): 56→65 [0.1ms]
[2026-05-08 19:53:48] MOVE asha (gray0): 34→22 [0.1ms]
[2026-05-08 19:53:48] MOVE chetan (lawn green): 65→56 [0.1ms]
[2026-05-08 19:53:48] MOVE asha (gray0): 22→34 [0.2ms]
[2026-05-08 19:53:48] MOVE chetan (lawn green): 56→65 [0.1ms]
[2026-05-08 19:53:49] MOVE asha (gray0): 34→22 [0.5ms]
[2026-05-08 19:53:49] MOVE chetan (lawn green): 65→56 [0.1ms]
[2026-05-08 19:53:49] MOVE asha (gray0): 22→34 [0.1ms]
[2026-05-08 19:53:49] MOVE chetan (lawn green): 56→65 [0.1ms]
[2026-05-08 19:53:49] MOVE asha (gray0): 34→22 [0.1ms]
[2026-05-08 19:53:49] MOVE chetan (lawn green): 65→56 [0.1ms]
[2026-05-08 19:53:50] MOVE asha (gray0): 22→34 [0.1ms]
[2026-05-08 19:53:50] MOVE chetan (lawn green): 56→65 [0.1ms]
[2026-05-08 19:53:50] MOVE asha (gray0): 34→22 [0.1ms]
[2026-05-08 19:53:50] MOVE chetan (lawn green): 65→56 [0.1ms]
[2026-05-08 19:53:50] MOVE asha (gray0): 22→34 [4.9ms]
[2026-05-08 19:53:50] MOVE chetan (lawn green): 56→65 [0.1ms]
[2026-05-08 19:53:50] MOVE asha (gray0): 34→22 [0.1ms]
[2026-05-08 19:53:51] MOVE chetan (lawn green): 65→56 [0.1ms]
[2026-05-08 19:53:51] MOVE asha (gray0): 22→34 [0.1ms]
[2026-05-08 19:53:51] MOVE chetan (lawn green): 56→65 [0.1ms]
[2026-05-08 19:53:51] MOVE asha (gray0): 34→22 [0.4ms]
[2026-05-08 19:53:51] MOVE chetan (lawn green): 65→56 [0.1ms]
[2026-05-08 19:53:52] MOVE asha (gray0): 22→34 [0.1ms]
[2026-05-08 19:53:52] MOVE chetan (lawn green): 56→65 [0.1ms]
[2026-05-08 19:53:52] MOVE asha (gray0): 34→22 [0.1ms]
[2026-05-08 19:53:52] MOVE chetan (lawn green): 65→56 [0.1ms]
[2026-05-08 19:53:52] MOVE asha (gray0): 22→34 [0.1ms]
[2026-05-08 19:53:52] MOVE chetan (lawn green): 56→65 [0.1ms]
[2026-05-08 19:53:52] MOVE asha (gray0): 34→22 [0.1ms]
[2026-05-08 19:53:53] MOVE chetan (lawn green): 65→56 [0.5ms]
[2026-05-08 19:53:53] MOVE asha (gray0): 22→34 [0.1ms]
[2026-05-08 19:53:53] MOVE chetan (lawn green): 56→65 [0.1ms]
[2026-05-08 19:53:53] MOVE asha (gray0): 34→22 [0.1ms]
[2026-05-08 19:53:53] MOVE chetan (lawn green): 65→56 [0.1ms]
[2026-05-08 19:53:53] MOVE asha (gray0): 22→34 [0.2ms]
[2026-05-08 19:53:54] MOVE chetan (lawn green): 56→65 [0.1ms]
[2026-05-08 19:53:54] MOVE asha (gray0): 34→22 [0.3ms]
[2026-05-08 19:53:54] MOVE chetan (lawn green): 65→56 [0.1ms]
[2026-05-08 19:53:54] MOVE asha (gray0): 22→34 [0.2ms]
[2026-05-08 19:53:54] MOVE chetan (lawn green): 56→65 [0.1ms]
[2026-05-08 19:53:55] MOVE asha (gray0): 34→22 [0.1ms]
[2026-05-08 19:53:55] MOVE chetan (lawn green): 65→56 [0.1ms]
[2026-05-08 19:53:55] MOVE asha (gray0): 22→34 [0.1ms]
[2026-05-08 19:53:55] MOVE chetan (lawn green): 56→65 [0.1ms]
[2026-05-08 19:53:55] MOVE asha (gray0): 34→22 [1.0ms]
[2026-05-08 19:53:55] MOVE chetan (lawn green): 65→56 [0.1ms]
[2026-05-08 19:53:56] MOVE asha (gray0): 22→34 [2.2ms]
[2026-05-08 19:53:56] MOVE chetan (lawn green): 56→65 [0.1ms]
[2026-05-08 19:53:56] MOVE asha (gray0): 34→22 [0.1ms]
[2026-05-08 19:53:56] MOVE chetan (lawn green): 65→56 [0.7ms]
[2026-05-08 19:53:56] MOVE asha (gray0): 22→34 [0.1ms]
[2026-05-08 19:53:56] MOVE chetan (lawn green): 56→65 [0.1ms]
[2026-05-08 19:53:57] MOVE asha (gray0): 34→22 [0.0ms]
[2026-05-08 19:53:57] MOVE chetan (lawn green): 65→56 [0.1ms]
[2026-05-08 19:53:57] MOVE asha (gray0): 22→34 [0.1ms]
[2026-05-08 19:53:57] MOVE chetan (lawn green): 56→65 [0.1ms]
[2026-05-08 19:53:57] MOVE asha (gray0): 34→22 [0.1ms]
[2026-05-08 19:53:57] MOVE chetan (lawn green): 65→56 [0.1ms]
[2026-05-08 19:53:57] MOVE asha (gray0): 22→34 [0.1ms]
[2026-05-08 19:53:58] MOVE chetan (lawn green): 56→65 [0.1ms]
[2026-05-08 19:53:58] MOVE asha (gray0): 34→22 [0.1ms]
[2026-05-08 19:53:58] MOVE chetan (lawn green): 65→56 [0.1ms]
[2026-05-08 19:53:58] MOVE asha (gray0): 22→34 [0.1ms]
[2026-05-08 19:53:58] MOVE chetan (lawn green): 56→65 [0.5ms]
[2026-05-08 19:53:58] MOVE asha (gray0): 34→22 [0.4ms]
[2026-05-08 19:53:59] MOVE chetan (lawn green): 65→56 [0.5ms]
[2026-05-08 19:53:59] MOVE asha (gray0): 22→34 [0.1ms]
[2026-05-08 19:53:59] MOVE chetan (lawn green): 56→65 [0.1ms]
[2026-05-08 19:53:59] MOVE asha (gray0): 34→22 [0.2ms]
[2026-05-08 19:53:59] MOVE chetan (lawn green): 65→56 [0.2ms]
[2026-05-08 19:53:59] MOVE asha (gray0): 22→34 [0.1ms]
[2026-05-08 19:53:59] MOVE chetan (lawn green): 56→65 [0.1ms]
[2026-05-08 19:54:00] MOVE asha (gray0): 34→22 [0.1ms]
[2026-05-08 19:54:00] MOVE chetan (lawn green): 65→56 [0.1ms]
[2026-05-08 19:54:00] MOVE asha (gray0): 22→34 [0.1ms]
[2026-05-08 19:54:00] MOVE chetan (lawn green): 56→65 [0.1ms]
[2026-05-08 19:54:00] MOVE asha (gray0): 34→22 [0.1ms]
[2026-05-08 19:54:01] MOVE chetan (lawn green): 65→56 [0.2ms]
[2026-05-08 19:54:01] MOVE asha (gray0): 22→34 [0.4ms]
[2026-05-08 19:54:01] MOVE chetan (lawn green): 56→65 [0.9ms]
[2026-05-08 19:54:01] MOVE asha (gray0): 34→22 [0.1ms]
[2026-05-08 19:54:01] MOVE chetan (lawn green): 65→56 [0.1ms]
[2026-05-08 19:54:01] MOVE asha (gray0): 22→34 [0.1ms]
[2026-05-08 19:54:02] MOVE chetan (lawn green): 56→65 [0.3ms]
[2026-05-08 19:54:02] MOVE asha (gray0): 34→22 [0.1ms]
[2026-05-08 19:54:02] MOVE chetan (lawn green): 65→56 [0.1ms]
[2026-05-08 19:54:02] MOVE asha (gray0): 22→34 [0.1ms]
[2026-05-08 19:54:02] MOVE chetan (lawn green): 56→65 [0.1ms]
[2026-05-08 19:54:02] MOVE asha (gray0): 34→22 [0.1ms]
[2026-05-08 19:54:02] MOVE chetan (lawn green): 65→56 [0.1ms]
[2026-05-08 19:54:03] MOVE asha (gray0): 22→34 [0.1ms]
[2026-05-08 19:54:03] MOVE chetan (lawn green): 56→65 [0.2ms]
[2026-05-08 19:54:03] MOVE asha (gray0): 34→22 [0.1ms]
[2026-05-08 19:54:03] MOVE chetan (lawn green): 65→56 [0.1ms]
[2026-05-08 19:54:03] MOVE asha (gray0): 22→34 [0.1ms]
[2026-05-08 19:54:03] MOVE chetan (lawn green): 56→65 [0.1ms]
[2026-05-08 19:54:04] MOVE asha (gray0): 34→22 [0.1ms]
[2026-05-08 19:54:04] MOVE chetan (lawn green): 65→56 [0.1ms]
[2026-05-08 19:54:04] MOVE asha (gray0): 22→34 [0.1ms]
[2026-05-08 19:54:04] MOVE chetan (lawn green): 56→65 [0.2ms]
[2026-05-08 19:54:04] MOVE asha (gray0): 34→22 [0.1ms]
[2026-05-08 19:54:04] MOVE chetan (lawn green): 65→56 [0.7ms]
[2026-05-08 19:54:05] MOVE asha (gray0): 22→34 [0.1ms]
[2026-05-08 19:54:05] MOVE chetan (lawn green): 56→65 [0.2ms]
[2026-05-08 19:54:05] MOVE asha (gray0): 34→22 [0.1ms]
[2026-05-08 19:54:05] MOVE chetan (lawn green): 65→56 [0.1ms]
[2026-05-08 19:54:05] MOVE asha (gray0): 22→34 [0.1ms]
[2026-05-08 19:54:05] MOVE chetan (lawn green): 56→65 [0.1ms]
[2026-05-08 19:54:05] MOVE asha (gray0): 34→22 [0.1ms]
[2026-05-08 19:54:06] MOVE chetan (lawn green): 65→56 [0.1ms]
[2026-05-08 19:54:06] MOVE asha (gray0): 22→34 [0.1ms]
[2026-05-08 19:54:06] MOVE chetan (lawn green): 56→65 [0.1ms]
[2026-05-08 19:54:06] MOVE asha (gray0): 34→22 [0.1ms]
[2026-05-08 19:54:06] MOVE chetan (lawn green): 65→56 [0.2ms]
[2026-05-08 19:54:06] MOVE asha (gray0): 22→34 [0.1ms]
[2026-05-08 19:54:07] MOVE chetan (lawn green): 56→65 [0.1ms]
[2026-05-08 19:54:07] MOVE asha (gray0): 34→22 [0.1ms]
[2026-05-08 19:54:07] MOVE chetan (lawn green): 65→56 [0.1ms]
[2026-05-08 19:54:07] MOVE asha (gray0): 22→34 [0.5ms]
[2026-05-08 19:54:07] MOVE chetan (lawn green): 56→65 [0.1ms]
[2026-05-08 19:54:07] MOVE asha (gray0): 34→22 [0.1ms]
[2026-05-08 19:54:08] MOVE chetan (lawn green): 65→56 [0.1ms]
[2026-05-08 19:54:08] MOVE asha (gray0): 22→34 [0.1ms]
[2026-05-08 19:54:08] MOVE chetan (lawn green): 56→65 [0.1ms]
[2026-05-08 19:54:08] MOVE asha (gray0): 34→22 [0.1ms]
[2026-05-08 19:54:08] MOVE chetan (lawn green): 65→56 [0.1ms]
[2026-05-08 19:54:09] MOVE asha (gray0): 22→34 [0.2ms]
[2026-05-08 19:54:09] MOVE chetan (lawn green): 56→65 [0.1ms]
[2026-05-08 19:54:09] MOVE asha (gray0): 34→22 [0.1ms]
[2026-05-08 19:54:09] MOVE chetan (lawn green): 65→56 [0.2ms]
[2026-05-08 19:54:09] MOVE asha (gray0): 22→34 [0.3ms]
[2026-05-08 19:54:09] MOVE chetan (lawn green): 56→65 [0.1ms]
[2026-05-08 19:54:10] MOVE asha (gray0): 34→22 [0.1ms]
[2026-05-08 19:54:10] MOVE chetan (lawn green): 65→56 [0.1ms]
[2026-05-08 19:54:10] MOVE asha (gray0): 22→34 [0.1ms]
[2026-05-08 19:54:10] MOVE chetan (lawn green): 56→65 [0.1ms]
[2026-05-08 19:54:10] MOVE asha (gray0): 34→22 [0.2ms]
[2026-05-08 19:54:10] MOVE chetan (lawn green): 65→56 [0.2ms]
[2026-05-08 19:54:10] MOVE asha (gray0): 22→34 [0.1ms]
[2026-05-08 19:54:11] MOVE chetan (lawn green): 56→65 [0.1ms]
[2026-05-08 19:54:11] MOVE asha (gray0): 34→22 [0.1ms]
[2026-05-08 19:54:11] MOVE chetan (lawn green): 65→56 [0.1ms]
[2026-05-08 19:54:11] MOVE asha (gray0): 22→34 [0.1ms]
[2026-05-08 19:54:11] MOVE chetan (lawn green): 56→65 [0.1ms]
[2026-05-08 19:54:11] MOVE asha (gray0): 34→22 [0.1ms]
[2026-05-08 19:54:12] MOVE chetan (lawn green): 65→56 [0.1ms]
[2026-05-08 19:54:12] MOVE asha (gray0): 22→34 [0.1ms]
[2026-05-08 19:54:12] MOVE chetan (lawn green): 56→65 [1.0ms]
[2026-05-08 19:54:12] MOVE asha (gray0): 34→22 [0.1ms]
[2026-05-08 19:54:12] MOVE chetan (lawn green): 65→56 [0.4ms]
[2026-05-08 19:54:12] MOVE asha (gray0): 22→34 [0.1ms]
[2026-05-08 19:54:13] MOVE chetan (lawn green): 56→65 [0.1ms]
[2026-05-08 19:54:13] MOVE asha (gray0): 34→22 [0.1ms]
[2026-05-08 19:54:13] MOVE chetan (lawn green): 65→56 [0.1ms]
[2026-05-08 19:54:13] MOVE asha (gray0): 22→34 [0.4ms]
[2026-05-08 19:54:13] MOVE chetan (lawn green): 56→65 [0.1ms]
[2026-05-08 19:54:13] MOVE asha (gray0): 34→22 [0.1ms]
[2026-05-08 19:54:14] MOVE chetan (lawn green): 65→56 [0.1ms]
[2026-05-08 19:54:14] MOVE asha (gray0): 22→34 [0.1ms]
[2026-05-08 19:54:14] MOVE chetan (lawn green): 56→65 [0.1ms]
[2026-05-08 19:54:14] MOVE asha (gray0): 34→22 [0.1ms]
[2026-05-08 19:54:15] MOVE chetan (lawn green): 65→56 [0.2ms]
[2026-05-08 19:54:15] MOVE asha (gray0): 22→34 [0.1ms]
[2026-05-08 19:54:15] MOVE chetan (lawn green): 56→65 [0.1ms]
[2026-05-08 19:54:15] MOVE asha (gray0): 34→22 [0.1ms]
[2026-05-08 19:54:15] MOVE chetan (lawn green): 65→56 [0.2ms]
[2026-05-08 19:54:15] MOVE asha (gray0): 22→34 [0.1ms]
[2026-05-08 19:54:16] MOVE chetan (lawn green): 56→65 [0.1ms]
[2026-05-08 19:54:16] MOVE asha (gray0): 34→22 [0.1ms]
[2026-05-08 19:54:16] MOVE chetan (lawn green): 65→56 [0.1ms]
[2026-05-08 19:54:16] MOVE asha (gray0): 22→34 [0.1ms]
[2026-05-08 19:54:16] MOVE chetan (lawn green): 56→65 [0.1ms]
[2026-05-08 19:54:16] MOVE asha (gray0): 34→22 [0.1ms]
[2026-05-08 19:54:17] MOVE chetan (lawn green): 65→56 [0.4ms]
[2026-05-08 19:54:17] MOVE asha (gray0): 22→34 [0.4ms]
[2026-05-08 19:54:17] MOVE chetan (lawn green): 56→65 [0.1ms]
[2026-05-08 19:54:18] MOVE asha (gray0): 34→22 [1.1ms]
[2026-05-08 19:54:18] MOVE chetan (lawn green): 65→56 [0.1ms]
[2026-05-08 19:54:18] MOVE asha (gray0): 22→34 [0.1ms]
[2026-05-08 19:54:18] MOVE chetan (lawn green): 56→65 [0.1ms]
[2026-05-08 19:54:18] MOVE asha (gray0): 34→22 [0.1ms]
[2026-05-08 19:54:18] MOVE chetan (lawn green): 65→56 [0.1ms]
[2026-05-08 19:54:19] MOVE asha (gray0): 22→34 [0.1ms]
[2026-05-08 19:54:19] MOVE chetan (lawn green): 56→65 [0.1ms]
[2026-05-08 19:54:19] MOVE asha (gray0): 34→22 [5.0ms]
[2026-05-08 19:54:19] MOVE chetan (lawn green): 65→56 [0.1ms]
[2026-05-08 19:54:19] MOVE asha (gray0): 22→34 [0.1ms]
[2026-05-08 19:54:19] MOVE chetan (lawn green): 56→65 [0.1ms]
[2026-05-08 19:54:20] MOVE asha (gray0): 34→22 [0.1ms]
[2026-05-08 19:54:20] MOVE chetan (lawn green): 65→56 [0.2ms]
[2026-05-08 19:54:20] MOVE asha (gray0): 22→34 [0.1ms]
[2026-05-08 19:54:20] MOVE chetan (lawn green): 56→65 [0.2ms]
[2026-05-08 19:54:20] MOVE asha (gray0): 34→22 [0.1ms]
[2026-05-08 19:54:21] MOVE chetan (lawn green): 65→56 [0.2ms]
[2026-05-08 19:54:21] MOVE asha (gray0): 22→34 [0.1ms]
[2026-05-08 19:54:21] MOVE chetan (lawn green): 56→65 [0.1ms]
[2026-05-08 19:54:21] MOVE asha (gray0): 34→22 [0.3ms]
[2026-05-08 19:54:21] MOVE chetan (lawn green): 65→56 [0.1ms]
[2026-05-08 19:54:22] MOVE asha (gray0): 22→34 [0.1ms]
[2026-05-08 19:54:22] MOVE chetan (lawn green): 56→65 [0.1ms]
[2026-05-08 19:54:22] MOVE asha (gray0): 34→22 [0.3ms]
[2026-05-08 19:54:22] MOVE chetan (lawn green): 65→56 [0.1ms]
[2026-05-08 19:54:22] MOVE asha (gray0): 22→34 [0.1ms]
[2026-05-08 19:54:22] MOVE chetan (lawn green): 56→65 [0.1ms]
[2026-05-08 19:54:23] MOVE asha (gray0): 34→22 [0.1ms]
[2026-05-08 19:54:23] MOVE chetan (lawn green): 65→56 [0.1ms]
[2026-05-08 19:54:23] MOVE asha (gray0): 22→34 [0.1ms]
[2026-05-08 19:54:23] MOVE chetan (lawn green): 56→65 [0.4ms]
[2026-05-08 19:54:24] MOVE asha (gray0): 34→22 [0.1ms]
[2026-05-08 19:54:24] MOVE chetan (lawn green): 65→56 [0.1ms]
[2026-05-08 19:54:24] MOVE asha (gray0): 22→34 [0.2ms]
[2026-05-08 19:54:24] MOVE chetan (lawn green): 56→65 [0.1ms]
[2026-05-08 19:54:24] MOVE asha (gray0): 34→22 [0.1ms]
[2026-05-08 19:54:24] MOVE chetan (lawn green): 65→56 [0.1ms]
[2026-05-08 19:54:25] MOVE asha (gray0): 22→34 [0.1ms]
[2026-05-08 19:54:25] MOVE chetan (lawn green): 56→65 [0.1ms]
[2026-05-08 19:54:25] MOVE asha (gray0): 34→22 [0.1ms]
[2026-05-08 19:54:25] MOVE chetan (lawn green): 65→56 [0.1ms]
[2026-05-08 19:54:25] MOVE asha (gray0): 22→34 [0.1ms]
[2026-05-08 19:54:25] MOVE chetan (lawn green): 56→65 [0.1ms]
[2026-05-08 19:54:26] MOVE asha (gray0): 34→22 [0.1ms]
[2026-05-08 19:54:26] MOVE chetan (lawn green): 65→56 [0.9ms]
[2026-05-08 19:54:26] MOVE asha (gray0): 22→34 [0.1ms]
[2026-05-08 19:54:26] MOVE chetan (lawn green): 56→65 [0.1ms]
[2026-05-08 19:54:26] MOVE asha (gray0): 34→22 [0.3ms]
[2026-05-08 19:54:27] MOVE chetan (lawn green): 65→56 [0.1ms]
[2026-05-08 19:54:27] MOVE asha (gray0): 22→34 [3.1ms]
[2026-05-08 19:54:27] MOVE chetan (lawn green): 56→65 [0.1ms]
[2026-05-08 19:54:27] MOVE asha (gray0): 34→22 [0.1ms]
[2026-05-08 19:54:27] MOVE chetan (lawn green): 65→56 [0.1ms]
[2026-05-08 19:54:28] MOVE asha (gray0): 22→34 [0.1ms]
[2026-05-08 19:54:28] MOVE chetan (lawn green): 56→65 [0.1ms]
[2026-05-08 19:54:28] MOVE asha (gray0): 34→22 [0.1ms]
[2026-05-08 19:54:28] MOVE chetan (lawn green): 65→56 [0.1ms]
[2026-05-08 19:54:28] MOVE asha (gray0): 22→34 [0.2ms]
[2026-05-08 19:54:29] MOVE chetan (lawn green): 56→65 [0.1ms]
[2026-05-08 19:54:29] MOVE asha (gray0): 34→22 [0.1ms]
[2026-05-08 19:54:29] MOVE chetan (lawn green): 65→56 [0.1ms]
[2026-05-08 19:54:29] MOVE asha (gray0): 22→34 [0.5ms]
[2026-05-08 19:54:29] MOVE chetan (lawn green): 56→65 [0.1ms]
[2026-05-08 19:54:29] MOVE asha (gray0): 34→22 [0.1ms]
[2026-05-08 19:54:30] MOVE chetan (lawn green): 65→56 [0.1ms]
[2026-05-08 19:54:30] MOVE asha (gray0): 22→34 [0.1ms]
[2026-05-08 19:54:30] MOVE chetan (lawn green): 56→65 [0.5ms]
[2026-05-08 19:54:30] MOVE asha (gray0): 34→22 [0.1ms]
[2026-05-08 19:54:30] MOVE chetan (lawn green): 65→56 [0.1ms]
[2026-05-08 19:54:30] MOVE asha (gray0): 22→34 [0.5ms]
[2026-05-08 19:54:31] MOVE chetan (lawn green): 56→65 [0.1ms]
[2026-05-08 19:54:31] MOVE asha (gray0): 34→22 [0.1ms]
[2026-05-08 19:54:31] MOVE chetan (lawn green): 65→56 [1.0ms]
[2026-05-08 19:54:31] MOVE asha (gray0): 22→34 [2.2ms]
[2026-05-08 19:54:31] MOVE chetan (lawn green): 56→65 [0.6ms]
[2026-05-08 19:54:31] MOVE asha (gray0): 34→22 [0.1ms]
[2026-05-08 19:54:32] MOVE chetan (lawn green): 65→56 [0.1ms]
[2026-05-08 19:54:32] MOVE asha (gray0): 22→34 [0.1ms]
[2026-05-08 19:54:32] MOVE chetan (lawn green): 56→65 [0.1ms]
[2026-05-08 19:54:32] MOVE asha (gray0): 34→22 [0.1ms]
[2026-05-08 19:54:32] MOVE chetan (lawn green): 65→56 [29.8ms]
[2026-05-08 19:54:32] MOVE asha (gray0): 22→34 [0.2ms]
[2026-05-08 19:54:32] MOVE chetan (lawn green): 56→65 [1.0ms]
[2026-05-08 19:54:33] MOVE asha (gray0): 34→22 [0.1ms]
[2026-05-08 19:54:33] MOVE chetan (lawn green): 65→56 [0.1ms]
[2026-05-08 19:54:33] MOVE asha (gray0): 22→34 [0.4ms]
[2026-05-08 19:54:33] MOVE chetan (lawn green): 56→65 [0.1ms]
[2026-05-08 19:54:33] MOVE asha (gray0): 34→22 [0.1ms]
[2026-05-08 19:54:33] MOVE chetan (lawn green): 65→56 [0.1ms]
[2026-05-08 19:54:33] MOVE asha (gray0): 22→34 [0.1ms]
[2026-05-08 19:54:34] MOVE chetan (lawn green): 56→65 [0.3ms]
[2026-05-08 19:54:34] MOVE asha (gray0): 34→22 [0.1ms]
[2026-05-08 19:54:34] MOVE chetan (lawn green): 65→56 [0.3ms]
[2026-05-08 19:54:34] MOVE asha (gray0): 22→34 [0.2ms]
[2026-05-08 19:54:35] MOVE chetan (lawn green): 56→65 [0.1ms]
[2026-05-08 19:54:35] MOVE asha (gray0): 34→22 [0.1ms]
[2026-05-08 19:54:35] MOVE chetan (lawn green): 65→56 [0.1ms]
[2026-05-08 19:54:35] MOVE asha (gray0): 22→34 [0.1ms]
[2026-05-08 19:54:35] MOVE chetan (lawn green): 56→65 [0.1ms]
[2026-05-08 19:54:35] MOVE asha (gray0): 34→22 [0.1ms]
[2026-05-08 19:54:35] MOVE chetan (lawn green): 65→56 [0.1ms]
[2026-05-08 19:54:36] MOVE asha (gray0): 22→34 [0.1ms]
[2026-05-08 19:54:36] MOVE chetan (lawn green): 56→65 [0.1ms]
[2026-05-08 19:54:36] MOVE asha (gray0): 34→22 [0.1ms]
[2026-05-08 19:54:36] MOVE chetan (lawn green): 65→56 [0.2ms]
[2026-05-08 19:54:36] MOVE asha (gray0): 22→34 [0.2ms]
[2026-05-08 19:54:36] MOVE chetan (lawn green): 56→65 [0.1ms]
[2026-05-08 19:54:36] MOVE asha (gray0): 34→22 [0.1ms]
[2026-05-08 19:54:37] MOVE chetan (lawn green): 65→56 [0.1ms]
[2026-05-08 19:54:37] MOVE asha (gray0): 22→34 [0.1ms]
[2026-05-08 19:54:37] MOVE chetan (lawn green): 56→65 [0.1ms]
[2026-05-08 19:54:37] MOVE asha (gray0): 34→22 [0.1ms]
[2026-05-08 19:54:37] MOVE chetan (lawn green): 65→56 [0.1ms]
[2026-05-08 19:54:37] MOVE asha (gray0): 22→34 [0.2ms]
[2026-05-08 19:54:38] MOVE chetan (lawn green): 56→65 [0.7ms]
[2026-05-08 19:54:38] MOVE asha (gray0): 34→22 [0.2ms]
[2026-05-08 19:54:38] MOVE chetan (lawn green): 65→56 [0.1ms]
[2026-05-08 19:54:38] MOVE asha (gray0): 22→34 [0.5ms]
[2026-05-08 19:54:38] MOVE chetan (lawn green): 56→65 [0.1ms]
[2026-05-08 19:54:39] MOVE asha (gray0): 34→22 [9.8ms]
[2026-05-08 19:54:39] MOVE chetan (lawn green): 65→56 [0.1ms]
[2026-05-08 19:54:39] MOVE asha (gray0): 22→34 [0.1ms]
[2026-05-08 19:54:39] MOVE chetan (lawn green): 56→65 [0.1ms]
[2026-05-08 19:54:39] MOVE asha (gray0): 34→22 [0.1ms]
[2026-05-08 19:54:40] MOVE chetan (lawn green): 65→56 [0.1ms]
[2026-05-08 19:54:40] MOVE asha (gray0): 22→34 [0.1ms]
[2026-05-08 19:54:40] MOVE chetan (lawn green): 56→65 [0.1ms]
[2026-05-08 19:54:40] MOVE asha (gray0): 34→22 [0.1ms]
[2026-05-08 19:54:40] MOVE chetan (lawn green): 65→56 [0.1ms]
[2026-05-08 19:54:40] MOVE asha (gray0): 22→34 [0.1ms]
[2026-05-08 19:54:41] MOVE chetan (lawn green): 56→65 [0.1ms]
[2026-05-08 19:54:41] MOVE asha (gray0): 34→22 [0.1ms]
[2026-05-08 19:54:41] MOVE chetan (lawn green): 65→56 [0.1ms]
[2026-05-08 19:54:41] MOVE asha (gray0): 22→34 [0.1ms]
[2026-05-08 19:54:41] MOVE chetan (lawn green): 56→65 [0.1ms]
[2026-05-08 19:54:41] MOVE asha (gray0): 34→22 [0.1ms]
[2026-05-08 19:54:41] MOVE chetan (lawn green): 65→56 [0.1ms]
[2026-05-08 19:54:42] MOVE asha (gray0): 22→34 [0.1ms]
[2026-05-08 19:54:42] MOVE chetan (lawn green): 56→65 [0.1ms]
[2026-05-08 19:54:42] MOVE asha (gray0): 34→22 [0.1ms]
[2026-05-08 19:54:42] MOVE chetan (lawn green): 65→56 [0.1ms]
[2026-05-08 19:54:42] MOVE asha (gray0): 22→34 [0.2ms]
[2026-05-08 19:54:42] MOVE chetan (lawn green): 56→65 [0.1ms]
[2026-05-08 19:54:42] MOVE asha (gray0): 34→22 [0.1ms]
[2026-05-08 19:54:43] MOVE chetan (lawn green): 65→56 [0.1ms]
[2026-05-08 19:54:43] MOVE asha (gray0): 22→34 [0.1ms]
[2026-05-08 19:54:43] MOVE chetan (lawn green): 56→65 [0.1ms]
[2026-05-08 19:54:43] MOVE asha (gray0): 34→22 [0.1ms]
[2026-05-08 19:54:43] MOVE chetan (lawn green): 65→56 [0.1ms]
[2026-05-08 19:54:43] MOVE asha (gray0): 22→34 [0.1ms]
[2026-05-08 19:54:44] MOVE chetan (lawn green): 56→65 [0.1ms]
[2026-05-08 19:54:44] MOVE asha (gray0): 34→22 [0.1ms]
[2026-05-08 19:54:44] MOVE chetan (lawn green): 65→56 [0.1ms]
[2026-05-08 19:54:44] MOVE asha (gray0): 22→34 [0.1ms]
[2026-05-08 19:54:44] SCORE chetan (lawn green): Final=795.0, Time=0.0, Moves(575)=0.0, Pins(6)=600.0, Dist=195.0
[2026-05-08 19:54:44] SCORE asha (gray0): Final=1099.0, Time=0.0, Moves(575)=0.0, Pins(9)=900.0, Dist=199.0
[2026-05-08 19:54:44] GAME TIME LIMIT REACHED.
[2026-05-08 19:54:44] SCORE chetan (lawn green): Final=795.0, Time=0.0, Moves(575)=0.0, Pins(6)=600.0, Dist=195.0
[2026-05-08 19:54:44] SCORE asha (gray0): Final=1099.0, Time=0.0, Moves(575)=0.0, Pins(9)=900.0, Dist=199.0
[2026-05-08 19:54:44] GAME TIME LIMIT REACHED.
[2026-05-08 19:54:44] SCORE chetan (lawn green): Final=795.0, Time=0.0, Moves(575)=0.0, Pins(6)=600.0, Dist=195.0
[2026-05-08 19:54:44] SCORE asha (gray0): Final=1099.0, Time=0.0, Moves(575)=0.0, Pins(9)=900.0, Dist=199.0
[2026-05-08 19:54:44] GAME TIME LIMIT REACHED.
