[2026-05-08 20:33:50] GAME CREATED
[2026-05-08 20:33:56] PLAYER JOINED: chetan as lawn green
[2026-05-08 20:34:00] PLAYER JOINED: asha as gray0
[2026-05-08 20:34:04] GAME STARTED — turn order: ['lawn green', 'gray0']
[2026-05-08 20:34:05] MOVE chetan (lawn green): 55→54 [0.1ms]
[2026-05-08 20:34:07] MOVE asha (gray0): 76→77 [0.1ms]
[2026-05-08 20:34:09] MOVE chetan (lawn green): 19→31 [0.1ms]
[2026-05-08 20:34:10] MOVE asha (gray0): 87→66 [0.1ms]
[2026-05-08 20:34:12] MOVE chetan (lawn green): 20→43 [0.1ms]
[2026-05-08 20:34:14] MOVE asha (gray0): 101→102 [0.1ms]
[2026-05-08 20:34:15] MOVE chetan (lawn green): 22→20 [0.1ms]
[2026-05-08 20:34:17] MOVE asha (gray0): 102→90 [0.1ms]
[2026-05-08 20:34:19] MOVE chetan (lawn green): 44→42 [0.1ms]
[2026-05-08 20:34:20] MOVE asha (gray0): 90→91 [0.1ms]
[2026-05-08 20:34:22] MOVE chetan (lawn green): 32→53 [0.1ms]
[2026-05-08 20:34:24] MOVE asha (gray0): 99→76 [0.1ms]
[2026-05-08 20:34:25] MOVE chetan (lawn green): 34→30 [0.1ms]
[2026-05-08 20:34:27] MOVE asha (gray0): 76→57 [0.1ms]
[2026-05-08 20:34:29] MOVE chetan (lawn green): 53→52 [0.1ms]
[2026-05-08 20:34:30] MOVE asha (gray0): 77→58 [0.1ms]
[2026-05-08 20:34:32] MOVE chetan (lawn green): 43→62 [0.1ms]
[2026-05-08 20:34:34] MOVE asha (gray0): 58→59 [0.1ms]
[2026-05-08 20:34:35] MOVE chetan (lawn green): 52→61 [0.1ms]
[2026-05-08 20:34:37] MOVE asha (gray0): 91→92 [0.1ms]
[2026-05-08 20:34:39] MOVE chetan (lawn green): 31→72 [0.1ms]
[2026-05-08 20:34:40] MOVE asha (gray0): 92→81 [0.1ms]
[2026-05-08 20:34:42] MOVE chetan (lawn green): 54→63 [0.1ms]
[2026-05-08 20:34:44] MOVE asha (gray0): 57→58 [0.1ms]
[2026-05-08 20:34:45] MOVE chetan (lawn green): 62→71 [0.1ms]
[2026-05-08 20:34:47] MOVE asha (gray0): 81→64 [0.1ms]
[2026-05-08 20:34:49] MOVE chetan (lawn green): 21→19 [0.1ms]
[2026-05-08 20:34:50] MOVE asha (gray0): 64→55 [0.1ms]
[2026-05-08 20:34:52] MOVE chetan (lawn green): 63→82 [0.1ms]
[2026-05-08 20:34:54] MOVE asha (gray0): 58→49 [0.1ms]
[2026-05-08 20:34:56] MOVE chetan (lawn green): 82→81 [0.1ms]
[2026-05-08 20:34:57] MOVE asha (gray0): 86→87 [0.1ms]
[2026-05-08 20:34:59] MOVE chetan (lawn green): 45→64 [0.1ms]
[2026-05-08 20:35:00] MOVE asha (gray0): 87→76 [0.1ms]
[2026-05-08 20:35:02] MOVE chetan (lawn green): 19→18 [0.1ms]
[2026-05-08 20:35:04] MOVE asha (gray0): 98→86 [0.1ms]
[2026-05-08 20:35:06] MOVE chetan (lawn green): 64→63 [0.1ms]
[2026-05-08 20:35:07] MOVE asha (gray0): 66→67 [0.1ms]
[2026-05-08 20:35:09] MOVE chetan (lawn green): 63→80 [0.3ms]
[2026-05-08 20:35:11] MOVE asha (gray0): 88→77 [0.1ms]
[2026-05-08 20:35:12] MOVE chetan (lawn green): 33→44 [0.1ms]
[2026-05-08 20:35:14] MOVE asha (gray0): 77→39 [0.1ms]
[2026-05-08 20:35:16] MOVE chetan (lawn green): 80→91 [0.1ms]
[2026-05-08 20:35:17] MOVE asha (gray0): 39→83 [0.1ms]
[2026-05-08 20:35:19] MOVE chetan (lawn green): 91→90 [0.1ms]
[2026-05-08 20:35:21] MOVE asha (gray0): 86→87 [0.1ms]
[2026-05-08 20:35:22] MOVE chetan (lawn green): 81→58 [0.1ms]
[2026-05-08 20:35:24] MOVE asha (gray0): 49→50 [0.1ms]
[2026-05-08 20:35:26] MOVE chetan (lawn green): 90→102 [0.1ms]
[2026-05-08 20:35:27] MOVE asha (gray0): 67→68 [0.1ms]
[2026-05-08 20:35:29] MOVE chetan (lawn green): 30→29 [0.1ms]
[2026-05-08 20:35:31] MOVE asha (gray0): 59→40 [0.4ms]
[2026-05-08 20:35:32] MOVE chetan (lawn green): 20→32 [0.1ms]
[2026-05-08 20:35:34] MOVE asha (gray0): 75→56 [0.1ms]
[2026-05-08 20:35:36] MOVE chetan (lawn green): 44→43 [0.1ms]
[2026-05-08 20:35:38] MOVE asha (gray0): 56→57 [0.2ms]
[2026-05-08 20:35:39] MOVE chetan (lawn green): 58→77 [0.1ms]
[2026-05-08 20:35:41] MOVE asha (gray0): 40→44 [0.1ms]
[2026-05-08 20:35:43] MOVE chetan (lawn green): 18→30 [0.3ms]
[2026-05-08 20:35:45] MOVE asha (gray0): 87→88 [0.1ms]
[2026-05-08 20:35:46] MOVE chetan (lawn green): 29→70 [0.1ms]
[2026-05-08 20:35:48] MOVE asha (gray0): 88→47 [0.1ms]
[2026-05-08 20:35:49] MOVE chetan (lawn green): 30→29 [0.4ms]
[2026-05-08 20:35:51] MOVE asha (gray0): 68→69 [0.1ms]
[2026-05-08 20:35:53] MOVE chetan (lawn green): 70→80 [0.1ms]
[2026-05-08 20:35:55] MOVE asha (gray0): 47→48 [0.1ms]
[2026-05-08 20:35:56] MOVE chetan (lawn green): 42→41 [0.1ms]
[2026-05-08 20:35:58] MOVE asha (gray0): 100→88 [0.1ms]
[2026-05-08 20:36:00] MOVE chetan (lawn green): 41→51 [3.6ms]
[2026-05-08 20:36:01] MOVE asha (gray0): 57→38 [0.1ms]
[2026-05-08 20:36:03] MOVE chetan (lawn green): 77→75 [0.1ms]
[2026-05-08 20:36:05] MOVE asha (gray0): 69→60 [0.1ms]
[2026-05-08 20:36:06] MOVE chetan (lawn green): 72→91 [0.1ms]
[2026-05-08 20:36:08] MOVE asha (gray0): 60→62 [0.1ms]
[2026-05-08 20:36:10] MOVE chetan (lawn green): 80→101 [0.1ms]
[2026-05-08 20:36:12] MOVE asha (gray0): 62→63 [0.1ms]
[2026-05-08 20:36:13] MOVE chetan (lawn green): 51→49 [0.1ms]
[2026-05-08 20:36:15] MOVE asha (gray0): 48→27 [0.1ms]
[2026-05-08 20:36:17] MOVE chetan (lawn green): 43→42 [0.1ms]
[2026-05-08 20:36:18] MOVE asha (gray0): 63→54 [0.1ms]
[2026-05-08 20:36:20] MOVE chetan (lawn green): 102→100 [0.1ms]
[2026-05-08 20:36:22] MOVE asha (gray0): 38→40 [0.1ms]
[2026-05-08 20:36:23] MOVE chetan (lawn green): 32→31 [0.1ms]
[2026-05-08 20:36:25] MOVE asha (gray0): 88→77 [0.1ms]
[2026-05-08 20:36:27] MOVE chetan (lawn green): 61→70 [0.1ms]
[2026-05-08 20:36:28] MOVE asha (gray0): 27→28 [0.2ms]
[2026-05-08 20:36:30] MOVE chetan (lawn green): 49→58 [0.1ms]
[2026-05-08 20:36:32] MOVE asha (gray0): 54→33 [0.2ms]
[2026-05-08 20:36:33] MOVE chetan (lawn green): 29→27 [0.1ms]
[2026-05-08 20:36:35] MOVE asha (gray0): 65→49 [0.1ms]
[2026-05-08 20:36:37] MOVE chetan (lawn green): 58→57 [0.1ms]
[2026-05-08 20:36:39] MOVE asha (gray0): 50→29 [0.1ms]
[2026-05-08 20:36:40] MOVE chetan (lawn green): 91→103 [0.1ms]
[2026-05-08 20:36:42] MOVE asha (gray0): 28→30 [0.1ms]
[2026-05-08 20:36:43] MOVE chetan (lawn green): 71→81 [0.1ms]
[2026-05-08 20:36:45] MOVE asha (gray0): 77→67 [0.7ms]
[2026-05-08 20:36:47] MOVE chetan (lawn green): 31→52 [0.1ms]
[2026-05-08 20:36:48] MOVE asha (gray0): 30→18 [0.1ms]
[2026-05-08 20:36:50] MOVE chetan (lawn green): 70→69 [0.1ms]
[2026-05-08 20:36:52] MOVE asha (gray0): 18→19 [0.1ms]
[2026-05-08 20:36:53] MOVE chetan (lawn green): 103→102 [0.1ms]
[2026-05-08 20:36:55] MOVE asha (gray0): 29→30 [0.1ms]
[2026-05-08 20:36:57] MOVE chetan (lawn green): 27→26 [0.1ms]
[2026-05-08 20:36:58] MOVE asha (gray0): 49→50 [0.1ms]
[2026-05-08 20:37:00] MOVE chetan (lawn green): 52→61 [0.1ms]
[2026-05-08 20:37:02] MOVE asha (gray0): 50→31 [0.1ms]
[2026-05-08 20:37:03] MOVE chetan (lawn green): 81→80 [0.1ms]
[2026-05-08 20:37:05] MOVE asha (gray0): 67→58 [0.1ms]
[2026-05-08 20:37:07] MOVE chetan (lawn green): 69→68 [0.1ms]
[2026-05-08 20:37:08] MOVE asha (gray0): 76→66 [0.1ms]
[2026-05-08 20:37:10] MOVE chetan (lawn green): 61→60 [0.1ms]
[2026-05-08 20:37:12] MOVE asha (gray0): 58→59 [0.1ms]
[2026-05-08 20:37:13] MOVE chetan (lawn green): 80→91 [0.2ms]
[2026-05-08 20:37:15] MOVE asha (gray0): 66→67 [0.1ms]
[2026-05-08 20:37:17] MOVE chetan (lawn green): 26→37 [0.1ms]
[2026-05-08 20:37:18] MOVE asha (gray0): 67→51 [0.1ms]
[2026-05-08 20:37:20] MOVE chetan (lawn green): 60→69 [0.1ms]
[2026-05-08 20:37:22] MOVE asha (gray0): 59→60 [0.1ms]
[2026-05-08 20:37:23] MOVE chetan (lawn green): 68→67 [0.2ms]
[2026-05-08 20:37:25] MOVE asha (gray0): 60→64 [0.1ms]
[2026-05-08 20:37:27] MOVE chetan (lawn green): 42→52 [0.1ms]
[2026-05-08 20:37:28] MOVE asha (gray0): 64→20 [0.1ms]
[2026-05-08 20:37:30] MOVE chetan (lawn green): 37→47 [0.1ms]
[2026-05-08 20:37:32] MOVE asha (gray0): 83→73 [0.3ms]
[2026-05-08 20:37:33] MOVE chetan (lawn green): 57→56 [0.1ms]
[2026-05-08 20:37:35] MOVE asha (gray0): 30→34 [0.1ms]
[2026-05-08 20:37:37] MOVE chetan (lawn green): 91→90 [0.1ms]
[2026-05-08 20:37:38] MOVE asha (gray0): 51→53 [0.1ms]
[2026-05-08 20:37:39] MOVE chetan (lawn green): 52→61 [0.1ms]
[2026-05-08 20:37:40] MOVE asha (gray0): 40→41 [0.1ms]
[2026-05-08 20:37:42] MOVE chetan (lawn green): 61→70 [0.1ms]
[2026-05-08 20:37:43] MOVE asha (gray0): 41→30 [0.1ms]
[2026-05-08 20:37:43] MOVE chetan (lawn green): 67→77 [0.1ms]
[2026-05-08 20:37:44] MOVE asha (gray0): 53→43 [0.1ms]
[2026-05-08 20:37:45] MOVE chetan (lawn green): 90→89 [0.1ms]
[2026-05-08 20:37:46] MOVE asha (gray0): 73→64 [0.1ms]
[2026-05-08 20:37:46] MOVE chetan (lawn green): 70→68 [0.1ms]
[2026-05-08 20:37:47] MOVE asha (gray0): 64→22 [0.1ms]
[2026-05-08 20:37:47] MOVE chetan (lawn green): 69→88 [0.1ms]
[2026-05-08 20:37:47] MOVE asha (gray0): 43→45 [0.1ms]
[2026-05-08 20:37:48] MOVE chetan (lawn green): 89→87 [0.1ms]
[2026-05-08 20:37:48] MOVE asha (gray0): 30→32 [0.1ms]
[2026-05-08 20:37:48] MOVE chetan (lawn green): 56→65 [0.1ms]
[2026-05-08 20:37:48] MOVE asha (gray0): 31→18 [0.1ms]
[2026-05-08 20:37:48] MOVE chetan (lawn green): 68→78 [0.1ms]
[2026-05-08 20:37:49] MOVE asha (gray0): 18→9 [0.1ms]
[2026-05-08 20:37:49] MOVE chetan (lawn green): 78→99 [0.1ms]
[2026-05-08 20:37:49] MOVE asha (gray0): 9→18 [0.1ms]
[2026-05-08 20:37:49] MOVE chetan (lawn green): 77→76 [0.3ms]
[2026-05-08 20:37:49] MOVE asha (gray0): 18→9 [0.1ms]
[2026-05-08 20:37:50] MOVE chetan (lawn green): 47→56 [0.1ms]
[2026-05-08 20:37:50] MOVE asha (gray0): 9→18 [0.1ms]
[2026-05-08 20:37:50] MOVE chetan (lawn green): 102→89 [0.1ms]
[2026-05-08 20:37:50] MOVE asha (gray0): 18→9 [0.1ms]
[2026-05-08 20:37:50] MOVE chetan (lawn green): 89→77 [0.1ms]
[2026-05-08 20:37:50] MOVE asha (gray0): 9→18 [0.1ms]
[2026-05-08 20:37:51] MOVE chetan (lawn green): 77→66 [0.1ms]
[2026-05-08 20:37:51] MOVE asha (gray0): 18→9 [0.1ms]
[2026-05-08 20:37:51] MOVE chetan (lawn green): 66→46 [0.1ms]
[2026-05-08 20:37:51] MOVE asha (gray0): 9→18 [0.1ms]
[2026-05-08 20:37:51] MOVE chetan (lawn green): 46→66 [0.1ms]
[2026-05-08 20:37:52] MOVE asha (gray0): 18→9 [0.1ms]
[2026-05-08 20:37:52] MOVE chetan (lawn green): 66→46 [0.1ms]
[2026-05-08 20:37:52] MOVE asha (gray0): 9→18 [0.1ms]
[2026-05-08 20:37:52] MOVE chetan (lawn green): 46→66 [0.1ms]
[2026-05-08 20:37:52] MOVE asha (gray0): 18→9 [0.1ms]
[2026-05-08 20:37:52] MOVE chetan (lawn green): 66→46 [0.1ms]
[2026-05-08 20:37:53] MOVE asha (gray0): 9→18 [0.1ms]
[2026-05-08 20:37:53] MOVE chetan (lawn green): 46→66 [0.1ms]
[2026-05-08 20:37:53] MOVE asha (gray0): 18→9 [0.2ms]
[2026-05-08 20:37:53] MOVE chetan (lawn green): 66→46 [0.1ms]
[2026-05-08 20:37:53] MOVE asha (gray0): 9→18 [0.1ms]
[2026-05-08 20:37:54] MOVE chetan (lawn green): 46→66 [0.1ms]
[2026-05-08 20:37:54] MOVE asha (gray0): 18→9 [0.1ms]
[2026-05-08 20:37:54] MOVE chetan (lawn green): 66→46 [0.1ms]
[2026-05-08 20:37:54] MOVE asha (gray0): 9→18 [0.1ms]
[2026-05-08 20:37:54] MOVE chetan (lawn green): 46→66 [0.1ms]
[2026-05-08 20:37:54] MOVE asha (gray0): 18→9 [0.1ms]
[2026-05-08 20:37:55] MOVE chetan (lawn green): 66→46 [0.1ms]
[2026-05-08 20:37:55] MOVE asha (gray0): 9→18 [0.3ms]
[2026-05-08 20:37:55] MOVE chetan (lawn green): 46→66 [0.1ms]
[2026-05-08 20:37:55] MOVE asha (gray0): 18→9 [0.2ms]
[2026-05-08 20:37:56] MOVE chetan (lawn green): 66→46 [0.2ms]
[2026-05-08 20:37:56] MOVE asha (gray0): 9→18 [0.1ms]
[2026-05-08 20:37:56] MOVE chetan (lawn green): 46→66 [0.1ms]
[2026-05-08 20:37:56] MOVE asha (gray0): 18→9 [0.1ms]
[2026-05-08 20:37:57] MOVE chetan (lawn green): 66→46 [0.1ms]
[2026-05-08 20:37:57] MOVE asha (gray0): 9→18 [0.1ms]
[2026-05-08 20:37:57] MOVE chetan (lawn green): 46→66 [0.1ms]
[2026-05-08 20:37:57] MOVE asha (gray0): 18→9 [0.1ms]
[2026-05-08 20:37:57] MOVE chetan (lawn green): 66→46 [0.1ms]
[2026-05-08 20:37:58] MOVE asha (gray0): 9→18 [0.1ms]
[2026-05-08 20:37:58] MOVE chetan (lawn green): 46→66 [0.3ms]
[2026-05-08 20:37:58] MOVE asha (gray0): 18→9 [0.1ms]
[2026-05-08 20:37:58] MOVE chetan (lawn green): 66→46 [0.1ms]
[2026-05-08 20:37:59] MOVE asha (gray0): 9→18 [0.1ms]
[2026-05-08 20:37:59] MOVE chetan (lawn green): 46→66 [0.1ms]
[2026-05-08 20:37:59] MOVE asha (gray0): 18→9 [0.1ms]
[2026-05-08 20:37:59] MOVE chetan (lawn green): 66→46 [0.1ms]
[2026-05-08 20:38:00] MOVE asha (gray0): 9→18 [0.1ms]
[2026-05-08 20:38:00] MOVE chetan (lawn green): 46→66 [0.1ms]
[2026-05-08 20:38:00] MOVE asha (gray0): 18→9 [0.1ms]
[2026-05-08 20:38:00] MOVE chetan (lawn green): 66→46 [0.1ms]
[2026-05-08 20:38:01] MOVE asha (gray0): 9→18 [0.1ms]
[2026-05-08 20:38:01] MOVE chetan (lawn green): 46→66 [0.2ms]
[2026-05-08 20:38:01] MOVE asha (gray0): 18→9 [0.1ms]
[2026-05-08 20:38:01] MOVE chetan (lawn green): 66→46 [0.1ms]
[2026-05-08 20:38:02] MOVE asha (gray0): 9→18 [0.1ms]
[2026-05-08 20:38:02] MOVE chetan (lawn green): 46→66 [0.1ms]
[2026-05-08 20:38:02] MOVE asha (gray0): 18→9 [0.1ms]
[2026-05-08 20:38:02] MOVE chetan (lawn green): 66→46 [0.1ms]
[2026-05-08 20:38:03] MOVE asha (gray0): 9→18 [0.1ms]
[2026-05-08 20:38:03] MOVE chetan (lawn green): 46→66 [0.1ms]
[2026-05-08 20:38:03] MOVE asha (gray0): 18→9 [0.4ms]
[2026-05-08 20:38:03] MOVE chetan (lawn green): 66→46 [0.1ms]
[2026-05-08 20:38:04] MOVE asha (gray0): 9→18 [0.1ms]
[2026-05-08 20:38:04] MOVE chetan (lawn green): 46→66 [0.1ms]
[2026-05-08 20:38:04] MOVE asha (gray0): 18→9 [3.0ms]
[2026-05-08 20:38:04] MOVE chetan (lawn green): 66→46 [0.1ms]
[2026-05-08 20:38:05] MOVE asha (gray0): 9→18 [0.1ms]
[2026-05-08 20:38:05] MOVE chetan (lawn green): 46→66 [0.1ms]
[2026-05-08 20:38:05] MOVE asha (gray0): 18→9 [0.1ms]
[2026-05-08 20:38:05] MOVE chetan (lawn green): 66→46 [0.1ms]
[2026-05-08 20:38:06] MOVE asha (gray0): 9→18 [0.1ms]
[2026-05-08 20:38:06] MOVE chetan (lawn green): 46→66 [0.1ms]
[2026-05-08 20:38:06] MOVE asha (gray0): 18→9 [0.1ms]
[2026-05-08 20:38:07] MOVE chetan (lawn green): 66→46 [0.1ms]
[2026-05-08 20:38:07] MOVE asha (gray0): 9→18 [0.1ms]
[2026-05-08 20:38:08] MOVE chetan (lawn green): 46→66 [0.1ms]
[2026-05-08 20:38:08] MOVE asha (gray0): 18→9 [0.1ms]
[2026-05-08 20:38:08] MOVE chetan (lawn green): 66→46 [0.1ms]
[2026-05-08 20:38:09] MOVE asha (gray0): 9→18 [0.8ms]
[2026-05-08 20:38:09] MOVE chetan (lawn green): 46→66 [0.1ms]
[2026-05-08 20:38:09] MOVE asha (gray0): 18→9 [0.1ms]
[2026-05-08 20:38:09] MOVE chetan (lawn green): 66→46 [0.1ms]
[2026-05-08 20:38:10] MOVE asha (gray0): 9→18 [0.1ms]
[2026-05-08 20:38:10] MOVE chetan (lawn green): 46→66 [0.1ms]
[2026-05-08 20:38:10] MOVE asha (gray0): 18→9 [0.1ms]
[2026-05-08 20:38:10] MOVE chetan (lawn green): 66→46 [0.1ms]
[2026-05-08 20:38:11] MOVE asha (gray0): 9→18 [0.1ms]
[2026-05-08 20:38:11] MOVE chetan (lawn green): 46→66 [0.1ms]
[2026-05-08 20:38:12] MOVE asha (gray0): 18→9 [0.2ms]
[2026-05-08 20:38:12] MOVE chetan (lawn green): 66→46 [0.1ms]
[2026-05-08 20:38:13] MOVE asha (gray0): 9→18 [0.2ms]
[2026-05-08 20:38:13] MOVE chetan (lawn green): 46→66 [0.1ms]
[2026-05-08 20:38:13] MOVE asha (gray0): 18→9 [0.1ms]
[2026-05-08 20:38:13] MOVE chetan (lawn green): 66→46 [0.1ms]
[2026-05-08 20:38:14] MOVE asha (gray0): 9→18 [0.1ms]
[2026-05-08 20:38:14] MOVE chetan (lawn green): 46→66 [0.1ms]
[2026-05-08 20:38:14] MOVE asha (gray0): 18→9 [0.1ms]
[2026-05-08 20:38:14] MOVE chetan (lawn green): 66→46 [0.1ms]
[2026-05-08 20:38:15] MOVE asha (gray0): 9→18 [0.1ms]
[2026-05-08 20:38:15] MOVE chetan (lawn green): 46→66 [0.1ms]
[2026-05-08 20:38:15] MOVE asha (gray0): 18→9 [0.1ms]
[2026-05-08 20:38:15] MOVE chetan (lawn green): 66→46 [0.1ms]
[2026-05-08 20:38:16] MOVE asha (gray0): 9→18 [0.1ms]
[2026-05-08 20:38:16] MOVE chetan (lawn green): 46→66 [0.2ms]
[2026-05-08 20:38:16] MOVE asha (gray0): 18→9 [0.1ms]
[2026-05-08 20:38:17] MOVE chetan (lawn green): 66→46 [0.1ms]
[2026-05-08 20:38:17] MOVE asha (gray0): 9→18 [0.1ms]
[2026-05-08 20:38:18] MOVE chetan (lawn green): 46→66 [0.1ms]
[2026-05-08 20:38:18] MOVE asha (gray0): 18→9 [0.2ms]
[2026-05-08 20:38:18] MOVE chetan (lawn green): 66→46 [0.2ms]
[2026-05-08 20:38:19] MOVE asha (gray0): 9→18 [0.1ms]
[2026-05-08 20:38:19] MOVE chetan (lawn green): 46→66 [0.1ms]
[2026-05-08 20:38:19] MOVE asha (gray0): 18→9 [0.1ms]
[2026-05-08 20:38:19] MOVE chetan (lawn green): 66→46 [0.1ms]
[2026-05-08 20:38:20] MOVE asha (gray0): 9→18 [0.1ms]
[2026-05-08 20:38:20] MOVE chetan (lawn green): 46→66 [0.1ms]
[2026-05-08 20:38:20] MOVE asha (gray0): 18→9 [0.1ms]
[2026-05-08 20:38:20] MOVE chetan (lawn green): 66→46 [0.1ms]
[2026-05-08 20:38:22] MOVE asha (gray0): 9→18 [0.1ms]
[2026-05-08 20:38:22] MOVE chetan (lawn green): 46→66 [0.1ms]
[2026-05-08 20:38:22] MOVE asha (gray0): 18→9 [0.1ms]
[2026-05-08 20:38:22] MOVE chetan (lawn green): 66→46 [0.1ms]
[2026-05-08 20:38:23] MOVE asha (gray0): 9→18 [0.1ms]
[2026-05-08 20:38:23] MOVE chetan (lawn green): 46→66 [0.1ms]
[2026-05-08 20:38:23] MOVE asha (gray0): 18→9 [0.1ms]
[2026-05-08 20:38:23] MOVE chetan (lawn green): 66→46 [0.1ms]
[2026-05-08 20:38:25] MOVE asha (gray0): 9→18 [0.3ms]
[2026-05-08 20:38:25] MOVE chetan (lawn green): 46→66 [0.1ms]
[2026-05-08 20:38:25] MOVE asha (gray0): 18→9 [0.1ms]
[2026-05-08 20:38:25] MOVE chetan (lawn green): 66→46 [0.3ms]
[2026-05-08 20:38:27] MOVE asha (gray0): 9→18 [0.1ms]
[2026-05-08 20:38:27] MOVE chetan (lawn green): 46→66 [0.3ms]
[2026-05-08 20:38:27] MOVE asha (gray0): 18→9 [0.1ms]
[2026-05-08 20:38:27] MOVE chetan (lawn green): 66→46 [0.1ms]
[2026-05-08 20:38:29] MOVE asha (gray0): 9→18 [0.2ms]
[2026-05-08 20:38:29] MOVE chetan (lawn green): 46→66 [0.3ms]
[2026-05-08 20:38:29] MOVE asha (gray0): 18→9 [0.1ms]
[2026-05-08 20:38:29] MOVE chetan (lawn green): 66→46 [0.1ms]
[2026-05-08 20:38:30] MOVE asha (gray0): 9→18 [0.5ms]
[2026-05-08 20:38:30] MOVE chetan (lawn green): 46→66 [0.1ms]
[2026-05-08 20:38:31] MOVE asha (gray0): 18→9 [0.1ms]
[2026-05-08 20:38:31] MOVE chetan (lawn green): 66→46 [0.1ms]
[2026-05-08 20:38:32] MOVE asha (gray0): 9→18 [0.1ms]
[2026-05-08 20:38:33] MOVE chetan (lawn green): 46→66 [0.1ms]
[2026-05-08 20:38:33] MOVE asha (gray0): 18→9 [0.1ms]
[2026-05-08 20:38:33] MOVE chetan (lawn green): 66→46 [0.1ms]
[2026-05-08 20:38:35] MOVE asha (gray0): 9→18 [0.1ms]
[2026-05-08 20:38:35] MOVE chetan (lawn green): 46→66 [0.2ms]
[2026-05-08 20:38:35] MOVE asha (gray0): 18→9 [0.1ms]
[2026-05-08 20:38:35] MOVE chetan (lawn green): 66→46 [0.1ms]
[2026-05-08 20:38:37] MOVE asha (gray0): 9→18 [0.1ms]
[2026-05-08 20:38:37] MOVE chetan (lawn green): 46→66 [0.1ms]
[2026-05-08 20:38:37] MOVE asha (gray0): 18→9 [0.1ms]
[2026-05-08 20:38:37] MOVE chetan (lawn green): 66→46 [0.4ms]
[2026-05-08 20:38:39] MOVE asha (gray0): 9→18 [0.1ms]
[2026-05-08 20:38:39] MOVE chetan (lawn green): 46→66 [0.1ms]
[2026-05-08 20:38:40] MOVE asha (gray0): 18→9 [0.5ms]
[2026-05-08 20:38:40] MOVE chetan (lawn green): 66→46 [0.1ms]
[2026-05-08 20:38:41] MOVE asha (gray0): 9→18 [0.1ms]
[2026-05-08 20:38:41] MOVE chetan (lawn green): 46→66 [0.1ms]
[2026-05-08 20:38:42] MOVE asha (gray0): 18→9 [0.1ms]
[2026-05-08 20:38:42] MOVE chetan (lawn green): 66→46 [0.1ms]
[2026-05-08 20:38:43] MOVE asha (gray0): 9→18 [0.1ms]
[2026-05-08 20:38:44] MOVE chetan (lawn green): 46→66 [0.1ms]
[2026-05-08 20:38:44] MOVE asha (gray0): 18→9 [0.1ms]
[2026-05-08 20:38:44] MOVE chetan (lawn green): 66→46 [0.1ms]
[2026-05-08 20:38:45] MOVE asha (gray0): 9→18 [0.1ms]
[2026-05-08 20:38:46] MOVE chetan (lawn green): 46→66 [0.4ms]
[2026-05-08 20:38:46] MOVE asha (gray0): 18→9 [0.3ms]
[2026-05-08 20:38:46] MOVE chetan (lawn green): 66→46 [0.1ms]
[2026-05-08 20:38:48] MOVE asha (gray0): 9→18 [0.1ms]
[2026-05-08 20:38:48] MOVE chetan (lawn green): 46→66 [0.1ms]
[2026-05-08 20:38:48] MOVE asha (gray0): 18→9 [0.7ms]
[2026-05-08 20:38:48] MOVE chetan (lawn green): 66→46 [0.1ms]
[2026-05-08 20:38:50] MOVE asha (gray0): 9→18 [0.1ms]
[2026-05-08 20:38:50] MOVE chetan (lawn green): 46→66 [0.1ms]
[2026-05-08 20:38:50] MOVE asha (gray0): 18→9 [5.6ms]
[2026-05-08 20:38:50] MOVE chetan (lawn green): 66→46 [0.1ms]
[2026-05-08 20:38:52] MOVE asha (gray0): 9→18 [0.3ms]
[2026-05-08 20:38:52] MOVE chetan (lawn green): 46→66 [0.1ms]
[2026-05-08 20:38:52] MOVE asha (gray0): 18→9 [0.1ms]
[2026-05-08 20:38:52] MOVE chetan (lawn green): 66→46 [0.1ms]
[2026-05-08 20:38:54] MOVE asha (gray0): 9→18 [0.1ms]
[2026-05-08 20:38:54] MOVE chetan (lawn green): 46→66 [0.1ms]
[2026-05-08 20:38:54] MOVE asha (gray0): 18→9 [0.1ms]
[2026-05-08 20:38:54] MOVE chetan (lawn green): 66→46 [0.1ms]
[2026-05-08 20:38:56] MOVE asha (gray0): 9→18 [0.1ms]
[2026-05-08 20:38:56] MOVE chetan (lawn green): 46→66 [0.1ms]
[2026-05-08 20:38:56] MOVE asha (gray0): 18→9 [0.1ms]
[2026-05-08 20:38:57] MOVE chetan (lawn green): 66→46 [2.2ms]
[2026-05-08 20:38:58] MOVE asha (gray0): 9→18 [0.8ms]
[2026-05-08 20:38:58] MOVE chetan (lawn green): 46→66 [0.5ms]
[2026-05-08 20:38:59] MOVE asha (gray0): 18→9 [0.1ms]
[2026-05-08 20:38:59] MOVE chetan (lawn green): 66→46 [0.1ms]
[2026-05-08 20:39:00] MOVE asha (gray0): 9→18 [0.3ms]
[2026-05-08 20:39:00] MOVE chetan (lawn green): 46→66 [0.1ms]
[2026-05-08 20:39:01] MOVE asha (gray0): 18→9 [0.1ms]
[2026-05-08 20:39:01] MOVE chetan (lawn green): 66→46 [0.1ms]
[2026-05-08 20:39:02] MOVE asha (gray0): 9→18 [0.1ms]
[2026-05-08 20:39:02] MOVE chetan (lawn green): 46→66 [0.3ms]
[2026-05-08 20:39:02] MOVE asha (gray0): 18→9 [0.1ms]
[2026-05-08 20:39:03] MOVE chetan (lawn green): 66→46 [0.6ms]
[2026-05-08 20:39:04] MOVE asha (gray0): 9→18 [0.1ms]
[2026-05-08 20:39:04] MOVE chetan (lawn green): 46→66 [0.1ms]
[2026-05-08 20:39:05] MOVE asha (gray0): 18→9 [0.1ms]
[2026-05-08 20:39:05] MOVE chetan (lawn green): 66→46 [0.1ms]
[2026-05-08 20:39:06] MOVE asha (gray0): 9→18 [0.1ms]
[2026-05-08 20:39:07] MOVE chetan (lawn green): 46→66 [0.1ms]
[2026-05-08 20:39:07] MOVE asha (gray0): 18→9 [0.1ms]
[2026-05-08 20:39:07] MOVE chetan (lawn green): 66→46 [0.1ms]
[2026-05-08 20:39:08] MOVE asha (gray0): 9→18 [0.1ms]
[2026-05-08 20:39:08] MOVE chetan (lawn green): 46→66 [0.2ms]
[2026-05-08 20:39:09] MOVE asha (gray0): 18→9 [0.1ms]
[2026-05-08 20:39:09] MOVE chetan (lawn green): 66→46 [0.1ms]
[2026-05-08 20:39:10] MOVE asha (gray0): 9→18 [0.2ms]
[2026-05-08 20:39:11] MOVE chetan (lawn green): 46→66 [0.3ms]
[2026-05-08 20:39:11] MOVE asha (gray0): 18→9 [0.1ms]
[2026-05-08 20:39:11] MOVE chetan (lawn green): 66→46 [0.3ms]
[2026-05-08 20:39:13] MOVE asha (gray0): 9→18 [0.1ms]
[2026-05-08 20:39:13] MOVE chetan (lawn green): 46→66 [0.1ms]
[2026-05-08 20:39:13] MOVE asha (gray0): 18→9 [0.1ms]
[2026-05-08 20:39:13] MOVE chetan (lawn green): 66→46 [0.1ms]
[2026-05-08 20:39:15] MOVE asha (gray0): 9→18 [0.1ms]
[2026-05-08 20:39:15] MOVE chetan (lawn green): 46→66 [0.3ms]
[2026-05-08 20:39:15] MOVE asha (gray0): 18→9 [0.1ms]
[2026-05-08 20:39:16] MOVE chetan (lawn green): 66→46 [0.1ms]
[2026-05-08 20:39:17] MOVE asha (gray0): 9→18 [0.1ms]
[2026-05-08 20:39:17] MOVE chetan (lawn green): 46→66 [0.1ms]
[2026-05-08 20:39:17] MOVE asha (gray0): 18→9 [0.1ms]
[2026-05-08 20:39:17] MOVE chetan (lawn green): 66→46 [0.1ms]
[2026-05-08 20:39:19] MOVE asha (gray0): 9→18 [0.1ms]
[2026-05-08 20:39:19] MOVE chetan (lawn green): 46→66 [0.1ms]
[2026-05-08 20:39:19] MOVE asha (gray0): 18→9 [0.1ms]
[2026-05-08 20:39:20] MOVE chetan (lawn green): 66→46 [0.1ms]
[2026-05-08 20:39:21] MOVE asha (gray0): 9→18 [0.1ms]
[2026-05-08 20:39:21] MOVE chetan (lawn green): 46→66 [0.1ms]
[2026-05-08 20:39:21] MOVE asha (gray0): 18→9 [0.1ms]
[2026-05-08 20:39:22] MOVE chetan (lawn green): 66→46 [0.1ms]
[2026-05-08 20:39:24] MOVE asha (gray0): 9→18 [0.1ms]
[2026-05-08 20:39:24] MOVE chetan (lawn green): 46→66 [0.1ms]
[2026-05-08 20:39:24] MOVE asha (gray0): 18→9 [0.4ms]
[2026-05-08 20:39:24] MOVE chetan (lawn green): 66→46 [0.6ms]
[2026-05-08 20:39:26] MOVE asha (gray0): 9→18 [0.1ms]
[2026-05-08 20:39:26] MOVE chetan (lawn green): 46→66 [0.1ms]
[2026-05-08 20:39:26] MOVE asha (gray0): 18→9 [0.1ms]
[2026-05-08 20:39:26] MOVE chetan (lawn green): 66→46 [0.1ms]
[2026-05-08 20:39:28] MOVE asha (gray0): 9→18 [0.1ms]
[2026-05-08 20:39:28] MOVE chetan (lawn green): 46→66 [0.1ms]
[2026-05-08 20:39:28] MOVE asha (gray0): 18→9 [0.1ms]
[2026-05-08 20:39:28] MOVE chetan (lawn green): 66→46 [0.1ms]
[2026-05-08 20:39:30] MOVE asha (gray0): 9→18 [0.2ms]
[2026-05-08 20:39:30] MOVE chetan (lawn green): 46→66 [0.1ms]
[2026-05-08 20:39:30] MOVE asha (gray0): 18→9 [0.1ms]
[2026-05-08 20:39:30] MOVE chetan (lawn green): 66→46 [0.1ms]
[2026-05-08 20:39:32] MOVE asha (gray0): 9→18 [0.1ms]
[2026-05-08 20:39:32] MOVE chetan (lawn green): 46→66 [0.1ms]
[2026-05-08 20:39:32] MOVE asha (gray0): 18→9 [0.1ms]
[2026-05-08 20:39:33] MOVE chetan (lawn green): 66→46 [0.1ms]
[2026-05-08 20:39:34] MOVE asha (gray0): 9→18 [0.2ms]
[2026-05-08 20:39:34] MOVE chetan (lawn green): 46→66 [0.1ms]
[2026-05-08 20:39:35] MOVE asha (gray0): 18→9 [0.1ms]
[2026-05-08 20:39:35] MOVE chetan (lawn green): 66→46 [0.1ms]
[2026-05-08 20:39:37] MOVE asha (gray0): 9→18 [5.4ms]
[2026-05-08 20:39:37] MOVE chetan (lawn green): 46→66 [0.1ms]
[2026-05-08 20:39:37] MOVE asha (gray0): 18→9 [0.2ms]
[2026-05-08 20:39:37] MOVE chetan (lawn green): 66→46 [0.2ms]
[2026-05-08 20:39:39] MOVE asha (gray0): 9→18 [0.1ms]
[2026-05-08 20:39:39] MOVE chetan (lawn green): 46→66 [0.1ms]
[2026-05-08 20:39:39] MOVE asha (gray0): 18→9 [1.0ms]
[2026-05-08 20:39:39] MOVE chetan (lawn green): 66→46 [0.1ms]
[2026-05-08 20:39:41] MOVE asha (gray0): 9→18 [0.1ms]
[2026-05-08 20:39:41] MOVE chetan (lawn green): 46→66 [0.1ms]
[2026-05-08 20:39:41] MOVE asha (gray0): 18→9 [0.1ms]
[2026-05-08 20:39:41] MOVE chetan (lawn green): 66→46 [0.1ms]
[2026-05-08 20:39:43] MOVE asha (gray0): 9→18 [0.1ms]
[2026-05-08 20:39:43] MOVE chetan (lawn green): 46→66 [0.1ms]
[2026-05-08 20:39:43] MOVE asha (gray0): 18→9 [0.1ms]
[2026-05-08 20:39:43] MOVE chetan (lawn green): 66→46 [0.1ms]
[2026-05-08 20:39:45] MOVE asha (gray0): 9→18 [0.1ms]
[2026-05-08 20:39:45] MOVE chetan (lawn green): 46→66 [0.2ms]
[2026-05-08 20:39:45] MOVE asha (gray0): 18→9 [0.1ms]
[2026-05-08 20:39:46] MOVE chetan (lawn green): 66→46 [0.1ms]
[2026-05-08 20:39:47] MOVE asha (gray0): 9→18 [0.2ms]
[2026-05-08 20:39:47] MOVE chetan (lawn green): 46→66 [1.4ms]
[2026-05-08 20:39:48] MOVE asha (gray0): 18→9 [0.1ms]
[2026-05-08 20:39:48] MOVE chetan (lawn green): 66→46 [0.1ms]
[2026-05-08 20:39:49] MOVE asha (gray0): 9→18 [0.1ms]
[2026-05-08 20:39:49] MOVE chetan (lawn green): 46→66 [0.1ms]
[2026-05-08 20:39:50] MOVE asha (gray0): 18→9 [0.1ms]
[2026-05-08 20:39:50] MOVE chetan (lawn green): 66→46 [0.1ms]
[2026-05-08 20:39:51] MOVE asha (gray0): 9→18 [0.1ms]
[2026-05-08 20:39:52] MOVE chetan (lawn green): 46→66 [0.1ms]
[2026-05-08 20:39:52] MOVE asha (gray0): 18→9 [0.1ms]
[2026-05-08 20:39:52] MOVE chetan (lawn green): 66→46 [0.1ms]
[2026-05-08 20:39:54] MOVE asha (gray0): 9→18 [0.1ms]
[2026-05-08 20:39:54] MOVE chetan (lawn green): 46→66 [0.1ms]
[2026-05-08 20:39:54] MOVE asha (gray0): 18→9 [0.2ms]
[2026-05-08 20:39:54] MOVE chetan (lawn green): 66→46 [0.1ms]
[2026-05-08 20:39:56] MOVE asha (gray0): 9→18 [0.1ms]
[2026-05-08 20:39:56] MOVE chetan (lawn green): 46→66 [0.1ms]
[2026-05-08 20:39:56] MOVE asha (gray0): 18→9 [0.1ms]
[2026-05-08 20:39:56] MOVE chetan (lawn green): 66→46 [0.2ms]
[2026-05-08 20:39:58] MOVE asha (gray0): 9→18 [0.1ms]
[2026-05-08 20:39:58] MOVE chetan (lawn green): 46→66 [0.1ms]
[2026-05-08 20:39:58] MOVE asha (gray0): 18→9 [0.1ms]
[2026-05-08 20:39:58] MOVE chetan (lawn green): 66→46 [0.1ms]
[2026-05-08 20:40:00] MOVE asha (gray0): 9→18 [0.1ms]
[2026-05-08 20:40:00] MOVE chetan (lawn green): 46→66 [0.1ms]
[2026-05-08 20:40:00] MOVE asha (gray0): 18→9 [0.1ms]
[2026-05-08 20:40:01] MOVE chetan (lawn green): 66→46 [0.1ms]
[2026-05-08 20:40:02] MOVE asha (gray0): 9→18 [0.1ms]
[2026-05-08 20:40:02] MOVE chetan (lawn green): 46→66 [0.6ms]
[2026-05-08 20:40:03] MOVE asha (gray0): 18→9 [0.1ms]
[2026-05-08 20:40:03] MOVE chetan (lawn green): 66→46 [0.1ms]
[2026-05-08 20:40:04] MOVE asha (gray0): 9→18 [0.1ms]
[2026-05-08 20:40:05] MOVE chetan (lawn green): 46→66 [0.1ms]
[2026-05-08 20:40:05] MOVE asha (gray0): 18→9 [0.1ms]
[2026-05-08 20:40:05] MOVE chetan (lawn green): 66→46 [0.1ms]
[2026-05-08 20:40:06] MOVE asha (gray0): 9→18 [0.1ms]
[2026-05-08 20:40:07] MOVE chetan (lawn green): 46→66 [0.1ms]
[2026-05-08 20:40:07] MOVE asha (gray0): 18→9 [0.1ms]
[2026-05-08 20:40:07] MOVE chetan (lawn green): 66→46 [0.5ms]
[2026-05-08 20:40:09] MOVE asha (gray0): 9→18 [0.1ms]
[2026-05-08 20:40:09] MOVE chetan (lawn green): 46→66 [0.1ms]
[2026-05-08 20:40:09] MOVE asha (gray0): 18→9 [0.1ms]
[2026-05-08 20:40:09] MOVE chetan (lawn green): 66→46 [0.8ms]
[2026-05-08 20:40:11] MOVE asha (gray0): 9→18 [0.1ms]
[2026-05-08 20:40:11] MOVE chetan (lawn green): 46→66 [0.1ms]
[2026-05-08 20:40:11] MOVE asha (gray0): 18→9 [0.1ms]
[2026-05-08 20:40:12] MOVE chetan (lawn green): 66→46 [0.1ms]
[2026-05-08 20:40:13] MOVE asha (gray0): 9→18 [0.1ms]
[2026-05-08 20:40:13] MOVE chetan (lawn green): 46→66 [0.1ms]
[2026-05-08 20:40:13] MOVE asha (gray0): 18→9 [0.1ms]
[2026-05-08 20:40:14] MOVE chetan (lawn green): 66→46 [0.2ms]
[2026-05-08 20:40:15] MOVE asha (gray0): 9→18 [0.1ms]
[2026-05-08 20:40:15] MOVE chetan (lawn green): 46→66 [0.6ms]
[2026-05-08 20:40:16] MOVE asha (gray0): 18→9 [0.1ms]
[2026-05-08 20:40:16] MOVE chetan (lawn green): 66→46 [0.1ms]
[2026-05-08 20:40:17] MOVE asha (gray0): 9→18 [0.1ms]
[2026-05-08 20:40:18] MOVE chetan (lawn green): 46→66 [0.1ms]
[2026-05-08 20:40:18] MOVE asha (gray0): 18→9 [0.1ms]
[2026-05-08 20:40:18] MOVE chetan (lawn green): 66→46 [0.1ms]
[2026-05-08 20:40:20] MOVE asha (gray0): 9→18 [0.1ms]
[2026-05-08 20:40:20] MOVE chetan (lawn green): 46→66 [0.1ms]
[2026-05-08 20:40:20] MOVE asha (gray0): 18→9 [0.1ms]
[2026-05-08 20:40:20] MOVE chetan (lawn green): 66→46 [0.2ms]
[2026-05-08 20:40:22] MOVE asha (gray0): 9→18 [0.1ms]
[2026-05-08 20:40:22] MOVE chetan (lawn green): 46→66 [0.1ms]
[2026-05-08 20:40:22] MOVE asha (gray0): 18→9 [0.1ms]
[2026-05-08 20:40:22] MOVE chetan (lawn green): 66→46 [0.1ms]
[2026-05-08 20:40:24] MOVE asha (gray0): 9→18 [0.1ms]
[2026-05-08 20:40:24] MOVE chetan (lawn green): 46→66 [0.1ms]
[2026-05-08 20:40:24] MOVE asha (gray0): 18→9 [0.1ms]
[2026-05-08 20:40:24] MOVE chetan (lawn green): 66→46 [0.1ms]
[2026-05-08 20:40:26] MOVE asha (gray0): 9→18 [0.1ms]
[2026-05-08 20:40:26] MOVE chetan (lawn green): 46→66 [0.2ms]
[2026-05-08 20:40:26] MOVE asha (gray0): 18→9 [0.1ms]
[2026-05-08 20:40:26] MOVE chetan (lawn green): 66→46 [1.6ms]
[2026-05-08 20:40:28] MOVE asha (gray0): 9→18 [0.1ms]
[2026-05-08 20:40:28] MOVE chetan (lawn green): 46→66 [0.1ms]
[2026-05-08 20:40:28] MOVE asha (gray0): 18→9 [0.1ms]
[2026-05-08 20:40:29] MOVE chetan (lawn green): 66→46 [0.1ms]
[2026-05-08 20:40:30] MOVE asha (gray0): 9→18 [0.1ms]
[2026-05-08 20:40:30] MOVE chetan (lawn green): 46→66 [0.2ms]
[2026-05-08 20:40:31] MOVE asha (gray0): 18→9 [0.2ms]
[2026-05-08 20:40:31] MOVE chetan (lawn green): 66→46 [0.1ms]
[2026-05-08 20:40:32] MOVE asha (gray0): 9→18 [0.1ms]
[2026-05-08 20:40:33] MOVE chetan (lawn green): 46→66 [4.1ms]
[2026-05-08 20:40:33] MOVE asha (gray0): 18→9 [0.1ms]
[2026-05-08 20:40:33] MOVE chetan (lawn green): 66→46 [0.1ms]
[2026-05-08 20:40:35] MOVE asha (gray0): 9→18 [0.2ms]
[2026-05-08 20:40:35] MOVE chetan (lawn green): 46→66 [1.4ms]
[2026-05-08 20:40:35] MOVE asha (gray0): 18→9 [0.1ms]
[2026-05-08 20:40:35] MOVE chetan (lawn green): 66→46 [0.1ms]
[2026-05-08 20:40:37] MOVE asha (gray0): 9→18 [0.1ms]
[2026-05-08 20:40:37] MOVE chetan (lawn green): 46→66 [0.1ms]
[2026-05-08 20:40:37] MOVE asha (gray0): 18→9 [0.1ms]
[2026-05-08 20:40:37] MOVE chetan (lawn green): 66→46 [0.1ms]
[2026-05-08 20:40:39] MOVE asha (gray0): 9→18 [0.1ms]
[2026-05-08 20:40:39] MOVE chetan (lawn green): 46→66 [0.1ms]
[2026-05-08 20:40:40] MOVE asha (gray0): 18→9 [0.1ms]
[2026-05-08 20:40:40] MOVE chetan (lawn green): 66→46 [0.1ms]
[2026-05-08 20:40:41] MOVE asha (gray0): 9→18 [0.1ms]
[2026-05-08 20:40:41] MOVE chetan (lawn green): 46→66 [0.4ms]
[2026-05-08 20:40:42] MOVE asha (gray0): 18→9 [0.1ms]
[2026-05-08 20:40:42] MOVE chetan (lawn green): 66→46 [0.1ms]
[2026-05-08 20:40:43] MOVE asha (gray0): 9→18 [0.1ms]
[2026-05-08 20:40:43] MOVE chetan (lawn green): 46→66 [0.5ms]
[2026-05-08 20:40:44] SCORE chetan (lawn green): Final=998.0, Time=0.0, Moves(271)=0.0, Pins(8)=800.0, Dist=198.0
[2026-05-08 20:40:44] SCORE asha (gray0): Final=1099.0, Time=0.0, Moves(270)=0.0, Pins(9)=900.0, Dist=199.0
[2026-05-08 20:40:44] GAME TIME LIMIT REACHED.
[2026-05-08 20:40:44] SCORE chetan (lawn green): Final=998.0, Time=0.0, Moves(271)=0.0, Pins(8)=800.0, Dist=198.0
[2026-05-08 20:40:44] SCORE asha (gray0): Final=1099.0, Time=0.0, Moves(270)=0.0, Pins(9)=900.0, Dist=199.0
[2026-05-08 20:40:44] GAME TIME LIMIT REACHED.
[2026-05-08 20:40:44] SCORE chetan (lawn green): Final=998.0, Time=0.0, Moves(271)=0.0, Pins(8)=800.0, Dist=198.0
[2026-05-08 20:40:44] SCORE asha (gray0): Final=1099.0, Time=0.0, Moves(270)=0.0, Pins(9)=900.0, Dist=199.0
[2026-05-08 20:40:44] GAME TIME LIMIT REACHED.
