[2026-05-15 23:17:01] GAME CREATED
[2026-05-15 23:17:09] PLAYER JOINED: chetan as red
[2026-05-15 23:17:14] PLAYER JOINED: asha as blue
[2026-05-15 23:17:17] GAME STARTED — turn order: ['red', 'blue']
[2026-05-15 23:17:18] MOVE chetan (red): 113→105 [0.2ms]
[2026-05-15 23:17:19] MOVE asha (blue): 6→15 [0.3ms]
[2026-05-15 23:17:20] MOVE chetan (red): 115→104 [0.2ms]
[2026-05-15 23:17:21] MOVE asha (blue): 4→17 [0.2ms]
[2026-05-15 23:17:23] MOVE chetan (red): 118→93 [0.3ms]
[2026-05-15 23:17:24] MOVE asha (blue): 8→28 [0.4ms]
[2026-05-15 23:17:25] MOVE chetan (red): 104→81 [0.4ms]
[2026-05-15 23:17:26] MOVE asha (blue): 3→39 [0.2ms]
[2026-05-15 23:17:27] MOVE chetan (red): 117→106 [0.2ms]
[2026-05-15 23:17:28] MOVE asha (blue): 5→14 [0.3ms]
[2026-05-15 23:17:29] MOVE chetan (red): 120→104 [0.3ms]
[2026-05-15 23:17:30] MOVE asha (blue): 0→16 [0.3ms]
[2026-05-15 23:17:32] MOVE chetan (red): 106→102 [0.5ms]
[2026-05-15 23:17:33] MOVE asha (blue): 7→27 [0.2ms]
[2026-05-15 23:17:34] MOVE chetan (red): 114→71 [0.4ms]
[2026-05-15 23:17:35] MOVE asha (blue): 28→49 [0.2ms]
[2026-05-15 23:17:36] MOVE chetan (red): 105→61 [0.2ms]
[2026-05-15 23:17:37] MOVE asha (blue): 9→29 [0.2ms]
[2026-05-15 23:17:38] MOVE chetan (red): 112→94 [0.2ms]
[2026-05-15 23:17:39] MOVE asha (blue): 17→40 [0.2ms]
[2026-05-15 23:17:40] MOVE chetan (red): 71→28 [0.2ms]
[2026-05-15 23:17:41] MOVE asha (blue): 15→17 [0.2ms]
[2026-05-15 23:17:43] MOVE chetan (red): 119→71 [0.3ms]
[2026-05-15 23:17:44] MOVE asha (blue): 27→48 [0.7ms]
[2026-05-15 23:17:45] MOVE chetan (red): 93→52 [0.2ms]
[2026-05-15 23:17:46] MOVE asha (blue): 16→60 [0.2ms]
[2026-05-15 23:17:47] MOVE chetan (red): 81→18 [0.2ms]
[2026-05-15 23:17:48] MOVE asha (blue): 29→72 [0.2ms]
[2026-05-15 23:17:49] MOVE chetan (red): 61→42 [0.2ms]
[2026-05-15 23:17:50] MOVE asha (blue): 39→106 [2.8ms]
[2026-05-15 23:17:52] MOVE chetan (red): 52→9 [0.2ms]
[2026-05-15 23:17:53] MOVE asha (blue): 48→70 [0.2ms]
[2026-05-15 23:17:54] MOVE chetan (red): 71→73 [0.2ms]
[2026-05-15 23:17:55] MOVE asha (blue): 17→19 [0.4ms]
[2026-05-15 23:17:56] MOVE chetan (red): 73→69 [0.2ms]
[2026-05-15 23:17:57] MOVE asha (blue): 60→79 [0.2ms]
[2026-05-15 23:17:58] MOVE chetan (red): 69→71 [0.2ms]
[2026-05-15 23:17:59] MOVE asha (blue): 70→81 [0.3ms]
[2026-05-15 23:18:00] MOVE chetan (red): 9→8 [0.3ms]
[2026-05-15 23:18:02] MOVE asha (blue): 81→83 [0.4ms]
[2026-05-15 23:18:03] MOVE chetan (red): 8→5 [0.4ms]
[2026-05-15 23:18:04] MOVE asha (blue): 72→95 [0.2ms]
[2026-05-15 23:18:05] MOVE chetan (red): 94→73 [0.2ms]
[2026-05-15 23:18:06] MOVE asha (blue): 95→70 [0.4ms]
[2026-05-15 23:18:07] MOVE chetan (red): 111→89 [0.2ms]
[2026-05-15 23:18:08] MOVE asha (blue): 70→95 [0.2ms]
[2026-05-15 23:18:09] MOVE chetan (red): 102→77 [0.4ms]
[2026-05-15 23:18:10] MOVE asha (blue): 2→31 [0.3ms]
[2026-05-15 23:18:11] MOVE chetan (red): 18→16 [0.2ms]
[2026-05-15 23:18:13] MOVE asha (blue): 95→94 [0.2ms]
[2026-05-15 23:18:14] MOVE chetan (red): 5→2 [0.3ms]
[2026-05-15 23:18:15] MOVE asha (blue): 40→41 [0.3ms]
[2026-05-15 23:18:16] MOVE chetan (red): 42→17 [0.3ms]
[2026-05-15 23:18:17] MOVE asha (blue): 19→40 [0.9ms]
[2026-05-15 23:18:18] MOVE chetan (red): 17→9 [0.9ms]
[2026-05-15 23:18:19] MOVE asha (blue): 41→51 [0.2ms]
[2026-05-15 23:18:20] MOVE chetan (red): 16→7 [0.3ms]
[2026-05-15 23:18:21] MOVE asha (blue): 40→105 [0.4ms]
[2026-05-15 23:18:23] MOVE chetan (red): 7→4 [0.2ms]
[2026-05-15 23:18:24] MOVE asha (blue): 106→114 [0.3ms]
[2026-05-15 23:18:25] MOVE chetan (red): 2→5 [0.4ms]
[2026-05-15 23:18:26] MOVE asha (blue): 1→8 [0.3ms]
[2026-05-15 23:18:27] MOVE chetan (red): 9→2 [0.3ms]
[2026-05-15 23:18:28] MOVE asha (blue): 83→117 [0.3ms]
[2026-05-15 23:18:29] MOVE chetan (red): 104→83 [0.2ms]
[2026-05-15 23:18:30] MOVE asha (blue): 117→104 [0.3ms]
[2026-05-15 23:18:31] MOVE chetan (red): 4→1 [0.3ms]
[2026-05-15 23:18:32] MOVE asha (blue): 105→113 [0.3ms]
[2026-05-15 23:18:34] MOVE chetan (red): 2→4 [0.2ms]
[2026-05-15 23:18:35] MOVE asha (blue): 114→119 [0.2ms]
[2026-05-15 23:18:36] MOVE chetan (red): 4→3 [0.2ms]
[2026-05-15 23:18:37] MOVE asha (blue): 113→117 [0.3ms]
[2026-05-15 23:18:38] MOVE chetan (red): 3→0 [0.8ms]
[2026-05-15 23:18:39] MOVE asha (blue): 119→112 [0.3ms]
[2026-05-15 23:18:40] MOVE chetan (red): 116→105 [0.3ms]
[2026-05-15 23:18:41] MOVE asha (blue): 112→116 [1.0ms]
[2026-05-15 23:18:43] MOVE chetan (red): 83→72 [0.2ms]
[2026-05-15 23:18:44] MOVE asha (blue): 104→112 [0.4ms]
[2026-05-15 23:18:45] MOVE chetan (red): 72→62 [0.3ms]
[2026-05-15 23:18:46] MOVE asha (blue): 112→114 [0.3ms]
[2026-05-15 23:18:47] MOVE chetan (red): 5→2 [0.2ms]
[2026-05-15 23:18:48] MOVE asha (blue): 114→112 [0.4ms]
[2026-05-15 23:18:49] MOVE chetan (red): 77→67 [0.3ms]
[2026-05-15 23:18:50] MOVE asha (blue): 112→114 [0.2ms]
[2026-05-15 23:18:51] MOVE chetan (red): 67→58 [0.3ms]
[2026-05-15 23:18:52] MOVE asha (blue): 116→118 [0.4ms]
[2026-05-15 23:18:54] MOVE chetan (red): 71→53 [0.4ms]
[2026-05-15 23:18:55] MOVE asha (blue): 49→67 [0.2ms]
[2026-05-15 23:18:56] MOVE chetan (red): 58→59 [0.3ms]
[2026-05-15 23:18:57] MOVE asha (blue): 117→119 [0.4ms]
[2026-05-15 23:18:58] MOVE chetan (red): 59→49 [0.2ms]
[2026-05-15 23:18:59] MOVE asha (blue): 118→120 [0.3ms]
[2026-05-15 23:19:00] MOVE chetan (red): 53→42 [0.3ms]
[2026-05-15 23:19:01] MOVE asha (blue): 31→52 [0.2ms]
[2026-05-15 23:19:02] MOVE chetan (red): 42→41 [0.3ms]
[2026-05-15 23:19:03] MOVE asha (blue): 52→72 [0.2ms]
[2026-05-15 23:19:05] MOVE chetan (red): 73→63 [0.4ms]
[2026-05-15 23:19:06] MOVE asha (blue): 72→83 [0.2ms]
[2026-05-15 23:19:07] MOVE chetan (red): 63→15 [0.2ms]
[2026-05-15 23:19:08] MOVE asha (blue): 14→58 [0.2ms]
[2026-05-15 23:19:09] MOVE chetan (red): 62→52 [0.2ms]
[2026-05-15 23:19:10] MOVE asha (blue): 83→104 [0.2ms]
[2026-05-15 23:19:11] MOVE chetan (red): 52→27 [0.2ms]
[2026-05-15 23:19:12] MOVE asha (blue): 114→112 [0.2ms]
[2026-05-15 23:19:13] MOVE chetan (red): 27→14 [0.2ms]
[2026-05-15 23:19:15] MOVE asha (blue): 104→106 [0.3ms]
[2026-05-15 23:19:16] MOVE chetan (red): 14→5 [0.3ms]
[2026-05-15 23:19:17] MOVE asha (blue): 106→115 [0.5ms]
[2026-05-15 23:19:18] MOVE chetan (red): 15→6 [0.3ms]
[2026-05-15 23:19:19] MOVE asha (blue): 112→116 [0.3ms]
[2026-05-15 23:19:20] MOVE chetan (red): 89→77 [0.2ms]
[2026-05-15 23:19:21] MOVE asha (blue): 115→117 [0.2ms]
[2026-05-15 23:19:22] MOVE chetan (red): 28→16 [0.2ms]
[2026-05-15 23:19:23] MOVE asha (blue): 117→114 [0.3ms]
[2026-05-15 23:19:24] MOVE chetan (red): 49→39 [0.2ms]
[2026-05-15 23:19:26] MOVE asha (blue): 116→118 [0.3ms]
[2026-05-15 23:19:27] MOVE chetan (red): 105→93 [0.2ms]
[2026-05-15 23:19:28] MOVE asha (blue): 67→88 [0.2ms]
[2026-05-15 23:19:29] MOVE chetan (red): 41→29 [0.3ms]
[2026-05-15 23:19:30] MOVE asha (blue): 8→17 [0.6ms]
[2026-05-15 23:19:31] MOVE chetan (red): 77→67 [0.2ms]
[2026-05-15 23:19:32] MOVE asha (blue): 58→77 [0.5ms]
[2026-05-15 23:19:33] MOVE chetan (red): 93→82 [0.2ms]
[2026-05-15 23:19:34] MOVE asha (blue): 17→15 [0.3ms]
[2026-05-15 23:19:35] MOVE chetan (red): 6→7 [0.2ms]
[2026-05-15 23:19:37] MOVE asha (blue): 114→117 [0.3ms]
[2026-05-15 23:19:38] MOVE chetan (red): 16→17 [0.4ms]
[2026-05-15 23:19:39] MOVE asha (blue): 79→91 [0.6ms]
[2026-05-15 23:19:40] MOVE chetan (red): 29→9 [0.2ms]
[2026-05-15 23:19:41] MOVE asha (blue): 51→60 [0.3ms]
[2026-05-15 23:19:42] MOVE chetan (red): 82→71 [0.3ms]
[2026-05-15 23:19:43] MOVE asha (blue): 94→106 [0.2ms]
[2026-05-15 23:19:44] MOVE chetan (red): 71→62 [0.2ms]
[2026-05-15 23:19:45] MOVE asha (blue): 15→27 [0.3ms]
[2026-05-15 23:19:46] MOVE chetan (red): 7→6 [0.3ms]
[2026-05-15 23:19:48] MOVE asha (blue): 77→89 [0.3ms]
[2026-05-15 23:19:49] MOVE chetan (red): 67→58 [0.2ms]
[2026-05-15 23:19:50] MOVE asha (blue): 27→70 [0.2ms]
[2026-05-15 23:19:51] MOVE chetan (red): 9→8 [0.3ms]
[2026-05-15 23:19:52] MOVE asha (blue): 88→92 [0.3ms]
[2026-05-15 23:19:53] MOVE chetan (red): 8→4 [0.3ms]
[2026-05-15 23:19:54] MOVE asha (blue): 60→104 [0.5ms]
[2026-05-15 23:19:55] MOVE chetan (red): 17→8 [0.3ms]
[2026-05-15 23:19:56] MOVE asha (blue): 106→114 [0.2ms]
[2026-05-15 23:19:57] MOVE chetan (red): 58→49 [0.2ms]
[2026-05-15 23:19:59] MOVE asha (blue): 91→113 [0.3ms]
[2026-05-15 23:20:00] MOVE chetan (red): 39→28 [0.2ms]
[2026-05-15 23:20:01] MOVE asha (blue): 89→102 [0.3ms]
[2026-05-15 23:20:02] MOVE chetan (red): 8→9 [0.3ms]
[2026-05-15 23:20:03] MOVE asha (blue): 70→80 [0.3ms]
[2026-05-15 23:20:04] MOVE chetan (red): 49→39 [0.3ms]
[2026-05-15 23:20:05] MOVE asha (blue): 80→101 [0.3ms]
[2026-05-15 23:20:06] MOVE chetan (red): 6→3 [0.2ms]
[2026-05-15 23:20:07] MOVE asha (blue): 101→116 [0.2ms]
[2026-05-15 23:20:08] MOVE chetan (red): 39→16 [0.3ms]
[2026-05-15 23:20:10] MOVE asha (blue): 113→112 [0.2ms]
[2026-05-15 23:20:11] MOVE chetan (red): 28→8 [0.2ms]
[2026-05-15 23:20:11] MOVE asha (blue): 104→115 [0.3ms]
[2026-05-15 23:20:12] MOVE chetan (red): 16→7 [0.4ms]
[2026-05-15 23:20:13] MOVE asha (blue): 102→111 [2.2ms]
[2026-05-15 23:20:13] MOVE chetan (red): 62→52 [0.3ms]
[2026-05-15 23:20:14] MOVE asha (blue): 92→105 [0.3ms]
[2026-05-15 23:20:15] MOVE chetan (red): 52→42 [0.2ms]
[2026-05-15 23:20:15] MOVE asha (blue): 105→113 [0.2ms]
[2026-05-15 23:20:15] SCORE chetan (red): Final=1109.2, Time=12.1, Moves(82)=0.1, Pins(9)=900.0, Dist=197.0
[2026-05-15 23:20:15] SCORE asha (blue): Final=1210.6, Time=10.5, Moves(82)=0.1, Pins(10)=1000.0, Dist=200.0
[2026-05-15 23:20:15] WIN: asha (blue)
