[2026-05-08 20:17:13] GAME CREATED
[2026-05-08 20:17:19] PLAYER JOINED: chetan as lawn green
[2026-05-08 20:17:23] PLAYER JOINED: asha as gray0
[2026-05-08 20:17:27] GAME STARTED — turn order: ['lawn green', 'gray0']
[2026-05-08 20:17:27] MOVE chetan (lawn green): 20→18 [0.1ms]
[2026-05-08 20:17:27] MOVE asha (gray0): 75→56 [0.1ms]
[2026-05-08 20:17:27] MOVE chetan (lawn green): 22→43 [0.1ms]
[2026-05-08 20:17:27] MOVE asha (gray0): 98→77 [0.1ms]
[2026-05-08 20:17:27] MOVE chetan (lawn green): 19→17 [0.1ms]
[2026-05-08 20:17:27] MOVE asha (gray0): 65→47 [0.1ms]
[2026-05-08 20:17:28] MOVE chetan (lawn green): 33→29 [0.2ms]
[2026-05-08 20:17:28] MOVE asha (gray0): 87→48 [0.1ms]
[2026-05-08 20:17:28] MOVE chetan (lawn green): 17→40 [0.1ms]
[2026-05-08 20:17:28] MOVE asha (gray0): 47→49 [0.2ms]
[2026-05-08 20:17:30] MOVE chetan (lawn green): 34→33 [0.1ms]
[2026-05-08 20:17:31] MOVE asha (gray0): 77→78 [0.1ms]
[2026-05-08 20:17:33] MOVE chetan (lawn green): 44→42 [0.1ms]
[2026-05-08 20:17:35] MOVE asha (gray0): 86→87 [0.1ms]
[2026-05-08 20:17:36] MOVE chetan (lawn green): 32→28 [0.1ms]
[2026-05-08 20:17:38] MOVE asha (gray0): 88→77 [0.1ms]
[2026-05-08 20:17:40] MOVE chetan (lawn green): 43→53 [0.1ms]
[2026-05-08 20:17:42] MOVE asha (gray0): 48→38 [0.1ms]
[2026-05-08 20:17:43] MOVE chetan (lawn green): 55→64 [0.1ms]
[2026-05-08 20:17:45] MOVE asha (gray0): 76→66 [0.1ms]
[2026-05-08 20:17:46] MOVE chetan (lawn green): 21→20 [0.1ms]
[2026-05-08 20:17:48] MOVE asha (gray0): 78→68 [0.1ms]
[2026-05-08 20:17:50] MOVE chetan (lawn green): 33→44 [0.1ms]
[2026-05-08 20:17:52] MOVE asha (gray0): 87→88 [0.1ms]
[2026-05-08 20:17:53] MOVE chetan (lawn green): 45→43 [0.1ms]
[2026-05-08 20:17:55] MOVE asha (gray0): 101→78 [0.1ms]
[2026-05-08 20:17:57] MOVE chetan (lawn green): 64→73 [0.1ms]
[2026-05-08 20:17:58] MOVE asha (gray0): 100→101 [0.1ms]
[2026-05-08 20:18:00] MOVE chetan (lawn green): 43→79 [0.1ms]
[2026-05-08 20:18:02] MOVE asha (gray0): 88→69 [0.1ms]
[2026-05-08 20:18:03] MOVE chetan (lawn green): 20→32 [0.1ms]
[2026-05-08 20:18:05] MOVE asha (gray0): 78→80 [0.1ms]
[2026-05-08 20:18:07] MOVE chetan (lawn green): 40→50 [0.1ms]
[2026-05-08 20:18:08] MOVE asha (gray0): 66→67 [0.4ms]
[2026-05-08 20:18:10] MOVE chetan (lawn green): 42→52 [0.1ms]
[2026-05-08 20:18:12] MOVE asha (gray0): 77→43 [0.1ms]
[2026-05-08 20:18:13] MOVE chetan (lawn green): 79→77 [0.1ms]
[2026-05-08 20:18:15] MOVE asha (gray0): 80→40 [0.3ms]
[2026-05-08 20:18:17] MOVE chetan (lawn green): 53→62 [0.1ms]
[2026-05-08 20:18:18] MOVE asha (gray0): 99→100 [0.1ms]
[2026-05-08 20:18:20] MOVE chetan (lawn green): 44→61 [0.1ms]
[2026-05-08 20:18:22] MOVE asha (gray0): 69→70 [0.1ms]
[2026-05-08 20:18:23] MOVE chetan (lawn green): 62→58 [0.1ms]
[2026-05-08 20:18:25] MOVE asha (gray0): 40→42 [0.1ms]
[2026-05-08 20:18:27] MOVE chetan (lawn green): 58→57 [0.1ms]
[2026-05-08 20:18:28] MOVE asha (gray0): 42→31 [0.1ms]
[2026-05-08 20:18:30] MOVE chetan (lawn green): 29→89 [0.1ms]
[2026-05-08 20:18:32] MOVE asha (gray0): 101→78 [0.1ms]
[2026-05-08 20:18:33] MOVE chetan (lawn green): 32→53 [0.1ms]
[2026-05-08 20:18:35] MOVE asha (gray0): 78→79 [0.1ms]
[2026-05-08 20:18:37] MOVE chetan (lawn green): 73→83 [0.1ms]
[2026-05-08 20:18:39] MOVE asha (gray0): 79→81 [0.1ms]
[2026-05-08 20:18:40] MOVE chetan (lawn green): 83→82 [0.1ms]
[2026-05-08 20:18:42] MOVE asha (gray0): 81→71 [0.1ms]
[2026-05-08 20:18:43] MOVE chetan (lawn green): 50→59 [0.1ms]
[2026-05-08 20:18:45] MOVE asha (gray0): 68→29 [0.1ms]
[2026-05-08 20:18:47] MOVE chetan (lawn green): 61→80 [0.1ms]
[2026-05-08 20:18:49] MOVE asha (gray0): 29→30 [0.1ms]
[2026-05-08 20:18:50] MOVE chetan (lawn green): 18→79 [0.1ms]
[2026-05-08 20:18:52] MOVE asha (gray0): 56→16 [0.1ms]
[2026-05-08 20:18:54] MOVE chetan (lawn green): 59→68 [0.1ms]
[2026-05-08 20:18:55] MOVE asha (gray0): 100→88 [0.1ms]
[2026-05-08 20:18:57] MOVE chetan (lawn green): 80→78 [0.1ms]
[2026-05-08 20:18:59] MOVE asha (gray0): 49→50 [0.1ms]
[2026-05-08 20:19:00] MOVE chetan (lawn green): 57→56 [0.1ms]
[2026-05-08 20:19:02] MOVE asha (gray0): 67→69 [0.2ms]
[2026-05-08 20:19:04] MOVE chetan (lawn green): 52→61 [0.1ms]
[2026-05-08 20:19:05] MOVE asha (gray0): 16→17 [2.1ms]
[2026-05-08 20:19:07] MOVE chetan (lawn green): 61→59 [0.1ms]
[2026-05-08 20:19:09] MOVE asha (gray0): 30→18 [0.1ms]
[2026-05-08 20:19:10] MOVE chetan (lawn green): 53→62 [0.1ms]
[2026-05-08 20:19:12] MOVE asha (gray0): 71→30 [0.1ms]
[2026-05-08 20:19:14] MOVE chetan (lawn green): 28→27 [0.1ms]
[2026-05-08 20:19:16] MOVE asha (gray0): 69→28 [0.1ms]
[2026-05-08 20:19:17] MOVE chetan (lawn green): 62→61 [0.3ms]
[2026-05-08 20:19:19] MOVE asha (gray0): 88→90 [0.1ms]
[2026-05-08 20:19:21] MOVE chetan (lawn green): 68→67 [0.1ms]
[2026-05-08 20:19:22] MOVE asha (gray0): 28→16 [0.1ms]
[2026-05-08 20:19:24] MOVE chetan (lawn green): 27→26 [0.1ms]
[2026-05-08 20:19:26] MOVE asha (gray0): 70→71 [0.1ms]
[2026-05-08 20:19:27] MOVE chetan (lawn green): 82→93 [0.1ms]
[2026-05-08 20:19:29] MOVE asha (gray0): 90→69 [0.1ms]
[2026-05-08 20:19:31] MOVE chetan (lawn green): 59→58 [0.1ms]
[2026-05-08 20:19:32] MOVE asha (gray0): 71→72 [1.3ms]
[2026-05-08 20:19:34] MOVE chetan (lawn green): 67→66 [0.1ms]
[2026-05-08 20:19:36] MOVE asha (gray0): 72→63 [0.1ms]
[2026-05-08 20:19:37] MOVE chetan (lawn green): 61→70 [0.1ms]
[2026-05-08 20:19:39] MOVE asha (gray0): 38→27 [0.1ms]
[2026-05-08 20:19:41] MOVE chetan (lawn green): 70→80 [0.1ms]
[2026-05-08 20:19:42] MOVE asha (gray0): 27→15 [0.1ms]
[2026-05-08 20:19:44] MOVE chetan (lawn green): 79→90 [0.1ms]
[2026-05-08 20:19:46] MOVE asha (gray0): 63→54 [0.1ms]
[2026-05-08 20:19:47] MOVE chetan (lawn green): 93→92 [0.3ms]
[2026-05-08 20:19:49] MOVE asha (gray0): 69→70 [0.1ms]
[2026-05-08 20:19:51] MOVE chetan (lawn green): 92→104 [0.1ms]
[2026-05-08 20:19:52] MOVE asha (gray0): 50→40 [0.1ms]
[2026-05-08 20:19:54] MOVE chetan (lawn green): 58→67 [0.1ms]
[2026-05-08 20:19:56] MOVE asha (gray0): 40→41 [0.1ms]
[2026-05-08 20:19:57] MOVE chetan (lawn green): 104→103 [0.1ms]
[2026-05-08 20:19:59] MOVE asha (gray0): 70→61 [0.1ms]
[2026-05-08 20:20:01] MOVE chetan (lawn green): 80→79 [0.1ms]
[2026-05-08 20:20:02] MOVE asha (gray0): 61→52 [0.1ms]
[2026-05-08 20:20:04] MOVE chetan (lawn green): 26→37 [0.1ms]
[2026-05-08 20:20:06] MOVE asha (gray0): 52→9 [0.1ms]
[2026-05-08 20:20:07] MOVE chetan (lawn green): 37→47 [0.1ms]
[2026-05-08 20:20:09] MOVE asha (gray0): 41→42 [0.1ms]
[2026-05-08 20:20:09] MOVE chetan (lawn green): 103→102 [0.1ms]
[2026-05-08 20:20:10] MOVE asha (gray0): 42→19 [0.1ms]
[2026-05-08 20:20:10] MOVE chetan (lawn green): 66→46 [0.1ms]
[2026-05-08 20:20:10] MOVE asha (gray0): 19→20 [0.1ms]
[2026-05-08 20:20:10] MOVE chetan (lawn green): 67→66 [0.1ms]
[2026-05-08 20:20:10] MOVE asha (gray0): 20→19 [0.2ms]
[2026-05-08 20:20:10] MOVE chetan (lawn green): 46→35 [0.1ms]
[2026-05-08 20:20:10] MOVE asha (gray0): 19→20 [0.2ms]
[2026-05-08 20:20:11] MOVE chetan (lawn green): 35→46 [0.1ms]
[2026-05-08 20:20:11] MOVE asha (gray0): 20→19 [0.1ms]
[2026-05-08 20:20:11] MOVE chetan (lawn green): 46→35 [0.1ms]
[2026-05-08 20:20:11] MOVE asha (gray0): 19→20 [0.1ms]
[2026-05-08 20:20:11] MOVE chetan (lawn green): 35→46 [0.1ms]
[2026-05-08 20:20:11] MOVE asha (gray0): 20→19 [0.1ms]
[2026-05-08 20:20:12] MOVE chetan (lawn green): 46→35 [0.1ms]
[2026-05-08 20:20:12] MOVE asha (gray0): 19→20 [0.1ms]
[2026-05-08 20:20:12] MOVE chetan (lawn green): 35→46 [0.1ms]
[2026-05-08 20:20:12] MOVE asha (gray0): 20→19 [0.1ms]
[2026-05-08 20:20:12] MOVE chetan (lawn green): 46→35 [0.1ms]
[2026-05-08 20:20:12] MOVE asha (gray0): 19→20 [0.1ms]
[2026-05-08 20:20:12] MOVE chetan (lawn green): 35→46 [0.1ms]
[2026-05-08 20:20:13] MOVE asha (gray0): 20→19 [3.9ms]
[2026-05-08 20:20:13] MOVE chetan (lawn green): 46→35 [0.1ms]
[2026-05-08 20:20:13] MOVE asha (gray0): 19→20 [0.1ms]
[2026-05-08 20:20:13] MOVE chetan (lawn green): 35→46 [0.1ms]
[2026-05-08 20:20:13] MOVE asha (gray0): 20→19 [0.1ms]
[2026-05-08 20:20:13] MOVE chetan (lawn green): 46→35 [0.1ms]
[2026-05-08 20:20:14] MOVE asha (gray0): 19→20 [0.1ms]
[2026-05-08 20:20:14] MOVE chetan (lawn green): 35→46 [0.1ms]
[2026-05-08 20:20:14] MOVE asha (gray0): 20→19 [0.1ms]
[2026-05-08 20:20:14] MOVE chetan (lawn green): 46→35 [0.1ms]
[2026-05-08 20:20:15] MOVE asha (gray0): 19→20 [0.1ms]
[2026-05-08 20:20:15] MOVE chetan (lawn green): 35→46 [0.1ms]
[2026-05-08 20:20:15] MOVE asha (gray0): 20→19 [0.3ms]
[2026-05-08 20:20:15] MOVE chetan (lawn green): 46→35 [0.1ms]
[2026-05-08 20:20:15] MOVE asha (gray0): 19→20 [0.1ms]
[2026-05-08 20:20:15] MOVE chetan (lawn green): 35→46 [0.1ms]
[2026-05-08 20:20:15] MOVE asha (gray0): 20→19 [0.1ms]
[2026-05-08 20:20:16] MOVE chetan (lawn green): 46→35 [0.1ms]
[2026-05-08 20:20:16] MOVE asha (gray0): 19→20 [0.1ms]
[2026-05-08 20:20:16] MOVE chetan (lawn green): 35→46 [1.2ms]
[2026-05-08 20:20:16] MOVE asha (gray0): 20→19 [1.0ms]
[2026-05-08 20:20:16] MOVE chetan (lawn green): 46→35 [0.1ms]
[2026-05-08 20:20:16] MOVE asha (gray0): 19→20 [0.1ms]
[2026-05-08 20:20:16] MOVE chetan (lawn green): 35→46 [0.1ms]
[2026-05-08 20:20:17] MOVE asha (gray0): 20→19 [0.1ms]
[2026-05-08 20:20:17] MOVE chetan (lawn green): 46→35 [0.1ms]
[2026-05-08 20:20:17] MOVE asha (gray0): 19→20 [0.1ms]
[2026-05-08 20:20:17] MOVE chetan (lawn green): 35→46 [0.1ms]
[2026-05-08 20:20:17] MOVE asha (gray0): 20→19 [0.1ms]
[2026-05-08 20:20:17] MOVE chetan (lawn green): 46→35 [0.1ms]
[2026-05-08 20:20:18] MOVE asha (gray0): 19→20 [0.1ms]
[2026-05-08 20:20:18] MOVE chetan (lawn green): 35→46 [6.9ms]
[2026-05-08 20:20:18] MOVE asha (gray0): 20→19 [0.4ms]
[2026-05-08 20:20:18] MOVE chetan (lawn green): 46→35 [0.1ms]
[2026-05-08 20:20:19] MOVE asha (gray0): 19→20 [0.1ms]
[2026-05-08 20:20:19] MOVE chetan (lawn green): 35→46 [0.1ms]
[2026-05-08 20:20:19] MOVE asha (gray0): 20→19 [0.1ms]
[2026-05-08 20:20:19] MOVE chetan (lawn green): 46→35 [0.1ms]
[2026-05-08 20:20:19] MOVE asha (gray0): 19→20 [0.1ms]
[2026-05-08 20:20:19] MOVE chetan (lawn green): 35→46 [0.1ms]
[2026-05-08 20:20:20] MOVE asha (gray0): 20→19 [0.1ms]
[2026-05-08 20:20:20] MOVE chetan (lawn green): 46→35 [0.1ms]
[2026-05-08 20:20:20] MOVE asha (gray0): 19→20 [0.1ms]
[2026-05-08 20:20:20] MOVE chetan (lawn green): 35→46 [0.1ms]
[2026-05-08 20:20:20] MOVE asha (gray0): 20→19 [0.3ms]
[2026-05-08 20:20:20] MOVE chetan (lawn green): 46→35 [0.1ms]
[2026-05-08 20:20:21] MOVE asha (gray0): 19→20 [0.1ms]
[2026-05-08 20:20:21] MOVE chetan (lawn green): 35→46 [0.1ms]
[2026-05-08 20:20:21] MOVE asha (gray0): 20→19 [0.1ms]
[2026-05-08 20:20:21] MOVE chetan (lawn green): 46→35 [0.1ms]
[2026-05-08 20:20:21] MOVE asha (gray0): 19→20 [0.1ms]
[2026-05-08 20:20:21] MOVE chetan (lawn green): 35→46 [0.1ms]
[2026-05-08 20:20:22] MOVE asha (gray0): 20→19 [0.1ms]
[2026-05-08 20:20:22] MOVE chetan (lawn green): 46→35 [0.1ms]
[2026-05-08 20:20:22] MOVE asha (gray0): 19→20 [0.1ms]
[2026-05-08 20:20:22] MOVE chetan (lawn green): 35→46 [0.1ms]
[2026-05-08 20:20:22] MOVE asha (gray0): 20→19 [0.1ms]
[2026-05-08 20:20:22] MOVE chetan (lawn green): 46→35 [0.1ms]
[2026-05-08 20:20:23] MOVE asha (gray0): 19→20 [0.1ms]
[2026-05-08 20:20:23] MOVE chetan (lawn green): 35→46 [0.1ms]
[2026-05-08 20:20:23] MOVE asha (gray0): 20→19 [0.3ms]
[2026-05-08 20:20:23] MOVE chetan (lawn green): 46→35 [0.5ms]
[2026-05-08 20:20:23] MOVE asha (gray0): 19→20 [0.2ms]
[2026-05-08 20:20:23] MOVE chetan (lawn green): 35→46 [0.1ms]
[2026-05-08 20:20:23] MOVE asha (gray0): 20→19 [0.1ms]
[2026-05-08 20:20:24] MOVE chetan (lawn green): 46→35 [0.1ms]
[2026-05-08 20:20:24] MOVE asha (gray0): 19→20 [0.5ms]
[2026-05-08 20:20:24] MOVE chetan (lawn green): 35→46 [0.1ms]
[2026-05-08 20:20:24] MOVE asha (gray0): 20→19 [0.1ms]
[2026-05-08 20:20:24] MOVE chetan (lawn green): 46→35 [0.1ms]
[2026-05-08 20:20:24] MOVE asha (gray0): 19→20 [0.1ms]
[2026-05-08 20:20:24] MOVE chetan (lawn green): 35→46 [0.1ms]
[2026-05-08 20:20:25] MOVE asha (gray0): 20→19 [0.1ms]
[2026-05-08 20:20:25] MOVE chetan (lawn green): 46→35 [0.1ms]
[2026-05-08 20:20:25] MOVE asha (gray0): 19→20 [0.1ms]
[2026-05-08 20:20:25] MOVE chetan (lawn green): 35→46 [0.1ms]
[2026-05-08 20:20:25] MOVE asha (gray0): 20→19 [0.1ms]
[2026-05-08 20:20:25] MOVE chetan (lawn green): 46→35 [0.1ms]
[2026-05-08 20:20:26] MOVE asha (gray0): 19→20 [0.1ms]
[2026-05-08 20:20:26] MOVE chetan (lawn green): 35→46 [0.1ms]
[2026-05-08 20:20:26] MOVE asha (gray0): 20→19 [6.1ms]
[2026-05-08 20:20:26] MOVE chetan (lawn green): 46→35 [0.2ms]
[2026-05-08 20:20:26] MOVE asha (gray0): 19→20 [0.1ms]
[2026-05-08 20:20:27] MOVE chetan (lawn green): 35→46 [0.1ms]
[2026-05-08 20:20:27] MOVE asha (gray0): 20→19 [0.1ms]
[2026-05-08 20:20:27] MOVE chetan (lawn green): 46→35 [0.1ms]
[2026-05-08 20:20:27] MOVE asha (gray0): 19→20 [0.1ms]
[2026-05-08 20:20:27] MOVE chetan (lawn green): 35→46 [0.1ms]
[2026-05-08 20:20:27] MOVE asha (gray0): 20→19 [0.2ms]
[2026-05-08 20:20:28] MOVE chetan (lawn green): 46→35 [0.1ms]
[2026-05-08 20:20:28] MOVE asha (gray0): 19→20 [0.1ms]
[2026-05-08 20:20:28] MOVE chetan (lawn green): 35→46 [0.1ms]
[2026-05-08 20:20:28] MOVE asha (gray0): 20→19 [0.1ms]
[2026-05-08 20:20:28] MOVE chetan (lawn green): 46→35 [0.1ms]
[2026-05-08 20:20:28] MOVE asha (gray0): 19→20 [0.2ms]
[2026-05-08 20:20:29] MOVE chetan (lawn green): 35→46 [0.1ms]
[2026-05-08 20:20:29] MOVE asha (gray0): 20→19 [0.1ms]
[2026-05-08 20:20:29] MOVE chetan (lawn green): 46→35 [2.0ms]
[2026-05-08 20:20:29] MOVE asha (gray0): 19→20 [0.1ms]
[2026-05-08 20:20:29] MOVE chetan (lawn green): 35→46 [0.7ms]
[2026-05-08 20:20:29] MOVE asha (gray0): 20→19 [0.1ms]
[2026-05-08 20:20:29] MOVE chetan (lawn green): 46→35 [0.3ms]
[2026-05-08 20:20:29] MOVE asha (gray0): 19→20 [0.1ms]
[2026-05-08 20:20:30] MOVE chetan (lawn green): 35→46 [0.1ms]
[2026-05-08 20:20:30] MOVE asha (gray0): 20→19 [0.1ms]
[2026-05-08 20:20:30] MOVE chetan (lawn green): 46→35 [0.2ms]
[2026-05-08 20:20:30] MOVE asha (gray0): 19→20 [0.1ms]
[2026-05-08 20:20:30] MOVE chetan (lawn green): 35→46 [0.1ms]
[2026-05-08 20:20:31] MOVE asha (gray0): 20→19 [0.1ms]
[2026-05-08 20:20:31] MOVE chetan (lawn green): 46→35 [0.1ms]
[2026-05-08 20:20:31] MOVE asha (gray0): 19→20 [0.1ms]
[2026-05-08 20:20:31] MOVE chetan (lawn green): 35→46 [0.1ms]
[2026-05-08 20:20:31] MOVE asha (gray0): 20→19 [0.1ms]
[2026-05-08 20:20:31] MOVE chetan (lawn green): 46→35 [0.1ms]
[2026-05-08 20:20:32] MOVE asha (gray0): 19→20 [0.7ms]
[2026-05-08 20:20:32] MOVE chetan (lawn green): 35→46 [0.1ms]
[2026-05-08 20:20:32] MOVE asha (gray0): 20→19 [0.2ms]
[2026-05-08 20:20:32] MOVE chetan (lawn green): 46→35 [0.1ms]
[2026-05-08 20:20:32] MOVE asha (gray0): 19→20 [0.2ms]
[2026-05-08 20:20:32] MOVE chetan (lawn green): 35→46 [0.4ms]
[2026-05-08 20:20:33] MOVE asha (gray0): 20→19 [0.1ms]
[2026-05-08 20:20:33] MOVE chetan (lawn green): 46→35 [0.1ms]
[2026-05-08 20:20:33] MOVE asha (gray0): 19→20 [0.1ms]
[2026-05-08 20:20:33] MOVE chetan (lawn green): 35→46 [0.1ms]
[2026-05-08 20:20:33] MOVE asha (gray0): 20→19 [0.6ms]
[2026-05-08 20:20:33] MOVE chetan (lawn green): 46→35 [0.1ms]
[2026-05-08 20:20:34] MOVE asha (gray0): 19→20 [0.1ms]
[2026-05-08 20:20:34] MOVE chetan (lawn green): 35→46 [0.1ms]
[2026-05-08 20:20:34] MOVE asha (gray0): 20→19 [0.1ms]
[2026-05-08 20:20:34] MOVE chetan (lawn green): 46→35 [0.1ms]
[2026-05-08 20:20:35] MOVE asha (gray0): 19→20 [0.1ms]
[2026-05-08 20:20:35] MOVE chetan (lawn green): 35→46 [0.1ms]
[2026-05-08 20:20:35] MOVE asha (gray0): 20→19 [0.1ms]
[2026-05-08 20:20:35] MOVE chetan (lawn green): 46→35 [0.1ms]
[2026-05-08 20:20:35] MOVE asha (gray0): 19→20 [0.1ms]
[2026-05-08 20:20:35] MOVE chetan (lawn green): 35→46 [0.1ms]
[2026-05-08 20:20:36] MOVE asha (gray0): 20→19 [0.1ms]
[2026-05-08 20:20:36] MOVE chetan (lawn green): 46→35 [0.1ms]
[2026-05-08 20:20:36] MOVE asha (gray0): 19→20 [0.1ms]
[2026-05-08 20:20:36] MOVE chetan (lawn green): 35→46 [0.1ms]
[2026-05-08 20:20:36] MOVE asha (gray0): 20→19 [0.1ms]
[2026-05-08 20:20:36] MOVE chetan (lawn green): 46→35 [0.2ms]
[2026-05-08 20:20:37] MOVE asha (gray0): 19→20 [0.2ms]
[2026-05-08 20:20:37] MOVE chetan (lawn green): 35→46 [0.1ms]
[2026-05-08 20:20:37] MOVE asha (gray0): 20→19 [0.1ms]
[2026-05-08 20:20:37] MOVE chetan (lawn green): 46→35 [0.1ms]
[2026-05-08 20:20:37] MOVE asha (gray0): 19→20 [0.1ms]
[2026-05-08 20:20:37] MOVE chetan (lawn green): 35→46 [0.1ms]
[2026-05-08 20:20:38] MOVE asha (gray0): 20→19 [0.1ms]
[2026-05-08 20:20:38] MOVE chetan (lawn green): 46→35 [0.1ms]
[2026-05-08 20:20:38] MOVE asha (gray0): 19→20 [0.1ms]
[2026-05-08 20:20:38] MOVE chetan (lawn green): 35→46 [0.1ms]
[2026-05-08 20:20:38] MOVE asha (gray0): 20→19 [0.1ms]
[2026-05-08 20:20:38] MOVE chetan (lawn green): 46→35 [0.1ms]
[2026-05-08 20:20:39] MOVE asha (gray0): 19→20 [0.1ms]
[2026-05-08 20:20:39] MOVE chetan (lawn green): 35→46 [0.1ms]
[2026-05-08 20:20:39] MOVE asha (gray0): 20→19 [0.1ms]
[2026-05-08 20:20:39] MOVE chetan (lawn green): 46→35 [0.3ms]
[2026-05-08 20:20:39] MOVE asha (gray0): 19→20 [0.1ms]
[2026-05-08 20:20:39] MOVE chetan (lawn green): 35→46 [0.1ms]
[2026-05-08 20:20:40] MOVE asha (gray0): 20→19 [0.1ms]
[2026-05-08 20:20:40] MOVE chetan (lawn green): 46→35 [0.1ms]
[2026-05-08 20:20:40] MOVE asha (gray0): 19→20 [0.1ms]
[2026-05-08 20:20:40] MOVE chetan (lawn green): 35→46 [0.1ms]
[2026-05-08 20:20:40] MOVE asha (gray0): 20→19 [0.1ms]
[2026-05-08 20:20:40] MOVE chetan (lawn green): 46→35 [0.1ms]
[2026-05-08 20:20:41] MOVE asha (gray0): 19→20 [0.1ms]
[2026-05-08 20:20:41] MOVE chetan (lawn green): 35→46 [0.1ms]
[2026-05-08 20:20:41] MOVE asha (gray0): 20→19 [0.4ms]
[2026-05-08 20:20:41] MOVE chetan (lawn green): 46→35 [0.1ms]
[2026-05-08 20:20:41] MOVE asha (gray0): 19→20 [0.1ms]
[2026-05-08 20:20:42] MOVE chetan (lawn green): 35→46 [0.1ms]
[2026-05-08 20:20:42] MOVE asha (gray0): 20→19 [0.4ms]
[2026-05-08 20:20:42] MOVE chetan (lawn green): 46→35 [0.1ms]
[2026-05-08 20:20:42] MOVE asha (gray0): 19→20 [0.1ms]
[2026-05-08 20:20:42] MOVE chetan (lawn green): 35→46 [0.1ms]
[2026-05-08 20:20:42] MOVE asha (gray0): 20→19 [0.1ms]
[2026-05-08 20:20:42] MOVE chetan (lawn green): 46→35 [0.1ms]
[2026-05-08 20:20:42] MOVE asha (gray0): 19→20 [0.1ms]
[2026-05-08 20:20:43] MOVE chetan (lawn green): 35→46 [0.2ms]
[2026-05-08 20:20:43] MOVE asha (gray0): 20→19 [0.1ms]
[2026-05-08 20:20:43] MOVE chetan (lawn green): 46→35 [0.1ms]
[2026-05-08 20:20:43] MOVE asha (gray0): 19→20 [1.0ms]
[2026-05-08 20:20:43] MOVE chetan (lawn green): 35→46 [0.1ms]
[2026-05-08 20:20:44] MOVE asha (gray0): 20→19 [0.1ms]
[2026-05-08 20:20:44] MOVE chetan (lawn green): 46→35 [0.1ms]
[2026-05-08 20:20:44] MOVE asha (gray0): 19→20 [0.1ms]
[2026-05-08 20:20:44] MOVE chetan (lawn green): 35→46 [0.1ms]
[2026-05-08 20:20:44] MOVE asha (gray0): 20→19 [0.1ms]
[2026-05-08 20:20:44] MOVE chetan (lawn green): 46→35 [0.1ms]
[2026-05-08 20:20:45] MOVE asha (gray0): 19→20 [0.1ms]
[2026-05-08 20:20:45] MOVE chetan (lawn green): 35→46 [0.1ms]
[2026-05-08 20:20:45] MOVE asha (gray0): 20→19 [0.1ms]
[2026-05-08 20:20:45] MOVE chetan (lawn green): 46→35 [0.1ms]
[2026-05-08 20:20:45] MOVE asha (gray0): 19→20 [0.1ms]
[2026-05-08 20:20:46] MOVE chetan (lawn green): 35→46 [0.1ms]
[2026-05-08 20:20:46] MOVE asha (gray0): 20→19 [0.1ms]
[2026-05-08 20:20:46] MOVE chetan (lawn green): 46→35 [0.8ms]
[2026-05-08 20:20:46] MOVE asha (gray0): 19→20 [0.1ms]
[2026-05-08 20:20:46] MOVE chetan (lawn green): 35→46 [0.1ms]
[2026-05-08 20:20:46] MOVE asha (gray0): 20→19 [0.1ms]
[2026-05-08 20:20:47] MOVE chetan (lawn green): 46→35 [0.1ms]
[2026-05-08 20:20:47] MOVE asha (gray0): 19→20 [0.3ms]
[2026-05-08 20:20:47] MOVE chetan (lawn green): 35→46 [0.1ms]
[2026-05-08 20:20:47] MOVE asha (gray0): 20→19 [0.1ms]
[2026-05-08 20:20:47] MOVE chetan (lawn green): 46→35 [0.3ms]
[2026-05-08 20:20:47] MOVE asha (gray0): 19→20 [0.1ms]
[2026-05-08 20:20:47] MOVE chetan (lawn green): 35→46 [0.1ms]
[2026-05-08 20:20:48] MOVE asha (gray0): 20→19 [0.1ms]
[2026-05-08 20:20:48] MOVE chetan (lawn green): 46→35 [0.1ms]
[2026-05-08 20:20:48] MOVE asha (gray0): 19→20 [0.1ms]
[2026-05-08 20:20:48] MOVE chetan (lawn green): 35→46 [0.3ms]
[2026-05-08 20:20:48] MOVE asha (gray0): 20→19 [0.1ms]
[2026-05-08 20:20:48] MOVE chetan (lawn green): 46→35 [0.1ms]
[2026-05-08 20:20:48] MOVE asha (gray0): 19→20 [0.1ms]
[2026-05-08 20:20:49] MOVE chetan (lawn green): 35→46 [0.1ms]
[2026-05-08 20:20:49] MOVE asha (gray0): 20→19 [0.1ms]
[2026-05-08 20:20:49] MOVE chetan (lawn green): 46→35 [0.2ms]
[2026-05-08 20:20:49] MOVE asha (gray0): 19→20 [0.1ms]
[2026-05-08 20:20:49] MOVE chetan (lawn green): 35→46 [1.2ms]
[2026-05-08 20:20:49] MOVE asha (gray0): 20→19 [0.1ms]
[2026-05-08 20:20:50] MOVE chetan (lawn green): 46→35 [0.3ms]
[2026-05-08 20:20:50] MOVE asha (gray0): 19→20 [0.1ms]
[2026-05-08 20:20:50] MOVE chetan (lawn green): 35→46 [0.1ms]
[2026-05-08 20:20:50] MOVE asha (gray0): 20→19 [0.1ms]
[2026-05-08 20:20:50] MOVE chetan (lawn green): 46→35 [0.1ms]
[2026-05-08 20:20:50] MOVE asha (gray0): 19→20 [0.1ms]
[2026-05-08 20:20:51] MOVE chetan (lawn green): 35→46 [0.1ms]
[2026-05-08 20:20:51] MOVE asha (gray0): 20→19 [0.1ms]
[2026-05-08 20:20:51] MOVE chetan (lawn green): 46→35 [0.1ms]
[2026-05-08 20:20:51] MOVE asha (gray0): 19→20 [0.1ms]
[2026-05-08 20:20:52] MOVE chetan (lawn green): 35→46 [0.1ms]
[2026-05-08 20:20:52] MOVE asha (gray0): 20→19 [0.1ms]
[2026-05-08 20:20:52] MOVE chetan (lawn green): 46→35 [0.1ms]
[2026-05-08 20:20:52] MOVE asha (gray0): 19→20 [0.1ms]
[2026-05-08 20:20:52] MOVE chetan (lawn green): 35→46 [0.3ms]
[2026-05-08 20:20:52] MOVE asha (gray0): 20→19 [0.1ms]
[2026-05-08 20:20:52] MOVE chetan (lawn green): 46→35 [0.1ms]
[2026-05-08 20:20:53] MOVE asha (gray0): 19→20 [0.1ms]
[2026-05-08 20:20:53] MOVE chetan (lawn green): 35→46 [0.1ms]
[2026-05-08 20:20:53] MOVE asha (gray0): 20→19 [0.1ms]
[2026-05-08 20:20:53] MOVE chetan (lawn green): 46→35 [0.1ms]
[2026-05-08 20:20:53] MOVE asha (gray0): 19→20 [0.1ms]
[2026-05-08 20:20:53] MOVE chetan (lawn green): 35→46 [0.1ms]
[2026-05-08 20:20:53] MOVE asha (gray0): 20→19 [0.1ms]
[2026-05-08 20:20:54] MOVE chetan (lawn green): 46→35 [0.1ms]
[2026-05-08 20:20:54] MOVE asha (gray0): 19→20 [0.1ms]
[2026-05-08 20:20:54] MOVE chetan (lawn green): 35→46 [0.1ms]
[2026-05-08 20:20:54] MOVE asha (gray0): 20→19 [0.1ms]
[2026-05-08 20:20:55] MOVE chetan (lawn green): 46→35 [0.1ms]
[2026-05-08 20:20:55] MOVE asha (gray0): 19→20 [0.1ms]
[2026-05-08 20:20:55] MOVE chetan (lawn green): 35→46 [0.4ms]
[2026-05-08 20:20:55] MOVE asha (gray0): 20→19 [0.1ms]
[2026-05-08 20:20:55] MOVE chetan (lawn green): 46→35 [0.1ms]
[2026-05-08 20:20:55] MOVE asha (gray0): 19→20 [0.1ms]
[2026-05-08 20:20:56] MOVE chetan (lawn green): 35→46 [0.2ms]
[2026-05-08 20:20:56] MOVE asha (gray0): 20→19 [0.7ms]
[2026-05-08 20:20:56] MOVE chetan (lawn green): 46→35 [0.1ms]
[2026-05-08 20:20:56] MOVE asha (gray0): 19→20 [0.1ms]
[2026-05-08 20:20:56] MOVE chetan (lawn green): 35→46 [0.1ms]
[2026-05-08 20:20:56] MOVE asha (gray0): 20→19 [0.4ms]
[2026-05-08 20:20:56] MOVE chetan (lawn green): 46→35 [0.1ms]
[2026-05-08 20:20:57] MOVE asha (gray0): 19→20 [0.1ms]
[2026-05-08 20:20:57] MOVE chetan (lawn green): 35→46 [0.1ms]
[2026-05-08 20:20:57] MOVE asha (gray0): 20→19 [0.1ms]
[2026-05-08 20:20:57] MOVE chetan (lawn green): 46→35 [0.1ms]
[2026-05-08 20:20:57] MOVE asha (gray0): 19→20 [0.1ms]
[2026-05-08 20:20:58] MOVE chetan (lawn green): 35→46 [0.1ms]
[2026-05-08 20:20:58] MOVE asha (gray0): 20→19 [0.5ms]
[2026-05-08 20:20:58] MOVE chetan (lawn green): 46→35 [0.1ms]
[2026-05-08 20:20:58] MOVE asha (gray0): 19→20 [0.1ms]
[2026-05-08 20:20:58] MOVE chetan (lawn green): 35→46 [0.7ms]
[2026-05-08 20:20:58] MOVE asha (gray0): 20→19 [0.1ms]
[2026-05-08 20:20:59] MOVE chetan (lawn green): 46→35 [0.1ms]
[2026-05-08 20:20:59] MOVE asha (gray0): 19→20 [0.4ms]
[2026-05-08 20:20:59] MOVE chetan (lawn green): 35→46 [0.1ms]
[2026-05-08 20:20:59] MOVE asha (gray0): 20→19 [0.2ms]
[2026-05-08 20:21:00] MOVE chetan (lawn green): 46→35 [0.1ms]
[2026-05-08 20:21:00] MOVE asha (gray0): 19→20 [0.1ms]
[2026-05-08 20:21:00] MOVE chetan (lawn green): 35→46 [0.1ms]
[2026-05-08 20:21:00] MOVE asha (gray0): 20→19 [0.1ms]
[2026-05-08 20:21:00] MOVE chetan (lawn green): 46→35 [0.1ms]
[2026-05-08 20:21:00] MOVE asha (gray0): 19→20 [0.1ms]
[2026-05-08 20:21:01] MOVE chetan (lawn green): 35→46 [0.1ms]
[2026-05-08 20:21:01] MOVE asha (gray0): 20→19 [0.1ms]
[2026-05-08 20:21:01] MOVE chetan (lawn green): 46→35 [0.1ms]
[2026-05-08 20:21:01] MOVE asha (gray0): 19→20 [0.1ms]
[2026-05-08 20:21:01] MOVE chetan (lawn green): 35→46 [0.1ms]
[2026-05-08 20:21:01] MOVE asha (gray0): 20→19 [0.1ms]
[2026-05-08 20:21:01] MOVE chetan (lawn green): 46→35 [0.1ms]
[2026-05-08 20:21:02] MOVE asha (gray0): 19→20 [0.1ms]
[2026-05-08 20:21:02] MOVE chetan (lawn green): 35→46 [0.1ms]
[2026-05-08 20:21:02] MOVE asha (gray0): 20→19 [0.1ms]
[2026-05-08 20:21:02] MOVE chetan (lawn green): 46→35 [0.1ms]
[2026-05-08 20:21:02] MOVE asha (gray0): 19→20 [0.2ms]
[2026-05-08 20:21:02] MOVE chetan (lawn green): 35→46 [0.1ms]
[2026-05-08 20:21:03] MOVE asha (gray0): 20→19 [0.1ms]
[2026-05-08 20:21:03] MOVE chetan (lawn green): 46→35 [0.1ms]
[2026-05-08 20:21:03] MOVE asha (gray0): 19→20 [0.1ms]
[2026-05-08 20:21:03] MOVE chetan (lawn green): 35→46 [0.1ms]
[2026-05-08 20:21:03] MOVE asha (gray0): 20→19 [0.1ms]
[2026-05-08 20:21:03] MOVE chetan (lawn green): 46→35 [0.1ms]
[2026-05-08 20:21:04] MOVE asha (gray0): 19→20 [0.1ms]
[2026-05-08 20:21:04] MOVE chetan (lawn green): 35→46 [0.1ms]
[2026-05-08 20:21:04] MOVE asha (gray0): 20→19 [0.1ms]
[2026-05-08 20:21:04] MOVE chetan (lawn green): 46→35 [0.3ms]
[2026-05-08 20:21:04] MOVE asha (gray0): 19→20 [0.1ms]
[2026-05-08 20:21:04] MOVE chetan (lawn green): 35→46 [0.1ms]
[2026-05-08 20:21:05] MOVE asha (gray0): 20→19 [0.2ms]
[2026-05-08 20:21:05] MOVE chetan (lawn green): 46→35 [0.1ms]
[2026-05-08 20:21:05] MOVE asha (gray0): 19→20 [0.1ms]
[2026-05-08 20:21:05] MOVE chetan (lawn green): 35→46 [0.1ms]
[2026-05-08 20:21:05] MOVE asha (gray0): 20→19 [0.1ms]
[2026-05-08 20:21:05] MOVE chetan (lawn green): 46→35 [0.1ms]
[2026-05-08 20:21:05] MOVE asha (gray0): 19→20 [0.1ms]
[2026-05-08 20:21:06] MOVE chetan (lawn green): 35→46 [0.1ms]
[2026-05-08 20:21:06] MOVE asha (gray0): 20→19 [0.1ms]
[2026-05-08 20:21:06] MOVE chetan (lawn green): 46→35 [0.1ms]
[2026-05-08 20:21:06] MOVE asha (gray0): 19→20 [0.1ms]
[2026-05-08 20:21:06] MOVE chetan (lawn green): 35→46 [0.1ms]
[2026-05-08 20:21:06] MOVE asha (gray0): 20→19 [0.1ms]
[2026-05-08 20:21:06] MOVE chetan (lawn green): 46→35 [0.1ms]
[2026-05-08 20:21:07] MOVE asha (gray0): 19→20 [0.1ms]
[2026-05-08 20:21:07] MOVE chetan (lawn green): 35→46 [0.1ms]
[2026-05-08 20:21:07] MOVE asha (gray0): 20→19 [0.1ms]
[2026-05-08 20:21:07] MOVE chetan (lawn green): 46→35 [0.1ms]
[2026-05-08 20:21:07] MOVE asha (gray0): 19→20 [0.1ms]
[2026-05-08 20:21:07] MOVE chetan (lawn green): 35→46 [0.1ms]
[2026-05-08 20:21:08] MOVE asha (gray0): 20→19 [0.1ms]
[2026-05-08 20:21:08] MOVE chetan (lawn green): 46→35 [0.1ms]
[2026-05-08 20:21:08] MOVE asha (gray0): 19→20 [0.3ms]
[2026-05-08 20:21:08] MOVE chetan (lawn green): 35→46 [0.1ms]
[2026-05-08 20:21:08] MOVE asha (gray0): 20→19 [0.1ms]
[2026-05-08 20:21:08] MOVE chetan (lawn green): 46→35 [0.1ms]
[2026-05-08 20:21:09] MOVE asha (gray0): 19→20 [0.1ms]
[2026-05-08 20:21:09] MOVE chetan (lawn green): 35→46 [0.1ms]
[2026-05-08 20:21:09] MOVE asha (gray0): 20→19 [1.1ms]
[2026-05-08 20:21:09] MOVE chetan (lawn green): 46→35 [0.1ms]
[2026-05-08 20:21:09] MOVE asha (gray0): 19→20 [0.2ms]
[2026-05-08 20:21:10] MOVE chetan (lawn green): 35→46 [0.1ms]
[2026-05-08 20:21:10] MOVE asha (gray0): 20→19 [0.1ms]
[2026-05-08 20:21:10] MOVE chetan (lawn green): 46→35 [0.1ms]
[2026-05-08 20:21:10] MOVE asha (gray0): 19→20 [0.1ms]
[2026-05-08 20:21:10] MOVE chetan (lawn green): 35→46 [0.1ms]
[2026-05-08 20:21:10] MOVE asha (gray0): 20→19 [0.1ms]
[2026-05-08 20:21:11] MOVE chetan (lawn green): 46→35 [0.1ms]
[2026-05-08 20:21:11] MOVE asha (gray0): 19→20 [0.1ms]
[2026-05-08 20:21:11] MOVE chetan (lawn green): 35→46 [0.3ms]
[2026-05-08 20:21:11] MOVE asha (gray0): 20→19 [0.1ms]
[2026-05-08 20:21:11] MOVE chetan (lawn green): 46→35 [0.1ms]
[2026-05-08 20:21:11] MOVE asha (gray0): 19→20 [0.1ms]
[2026-05-08 20:21:12] MOVE chetan (lawn green): 35→46 [0.1ms]
[2026-05-08 20:21:12] MOVE asha (gray0): 20→19 [0.1ms]
[2026-05-08 20:21:12] MOVE chetan (lawn green): 46→35 [0.1ms]
[2026-05-08 20:21:12] MOVE asha (gray0): 19→20 [0.7ms]
[2026-05-08 20:21:12] MOVE chetan (lawn green): 35→46 [0.1ms]
[2026-05-08 20:21:12] MOVE asha (gray0): 20→19 [0.1ms]
[2026-05-08 20:21:13] MOVE chetan (lawn green): 46→35 [0.1ms]
[2026-05-08 20:21:13] MOVE asha (gray0): 19→20 [0.4ms]
[2026-05-08 20:21:13] MOVE chetan (lawn green): 35→46 [0.2ms]
[2026-05-08 20:21:13] MOVE asha (gray0): 20→19 [0.1ms]
[2026-05-08 20:21:13] MOVE chetan (lawn green): 46→35 [0.1ms]
[2026-05-08 20:21:13] MOVE asha (gray0): 19→20 [0.1ms]
[2026-05-08 20:21:13] MOVE chetan (lawn green): 35→46 [0.1ms]
[2026-05-08 20:21:14] MOVE asha (gray0): 20→19 [0.1ms]
[2026-05-08 20:21:14] MOVE chetan (lawn green): 46→35 [0.1ms]
[2026-05-08 20:21:14] MOVE asha (gray0): 19→20 [0.1ms]
[2026-05-08 20:21:14] MOVE chetan (lawn green): 35→46 [0.1ms]
[2026-05-08 20:21:14] MOVE asha (gray0): 20→19 [0.1ms]
[2026-05-08 20:21:15] MOVE chetan (lawn green): 46→35 [0.1ms]
[2026-05-08 20:21:15] MOVE asha (gray0): 19→20 [0.1ms]
[2026-05-08 20:21:15] MOVE chetan (lawn green): 35→46 [0.1ms]
[2026-05-08 20:21:15] MOVE asha (gray0): 20→19 [0.2ms]
[2026-05-08 20:21:15] MOVE chetan (lawn green): 46→35 [0.1ms]
[2026-05-08 20:21:15] MOVE asha (gray0): 19→20 [0.1ms]
[2026-05-08 20:21:16] MOVE chetan (lawn green): 35→46 [0.1ms]
[2026-05-08 20:21:16] MOVE asha (gray0): 20→19 [0.1ms]
[2026-05-08 20:21:16] MOVE chetan (lawn green): 46→35 [2.7ms]
[2026-05-08 20:21:16] MOVE asha (gray0): 19→20 [0.3ms]
[2026-05-08 20:21:16] MOVE chetan (lawn green): 35→46 [0.2ms]
[2026-05-08 20:21:16] MOVE asha (gray0): 20→19 [0.1ms]
[2026-05-08 20:21:17] MOVE chetan (lawn green): 46→35 [0.1ms]
[2026-05-08 20:21:17] MOVE asha (gray0): 19→20 [0.1ms]
[2026-05-08 20:21:17] MOVE chetan (lawn green): 35→46 [0.1ms]
[2026-05-08 20:21:17] MOVE asha (gray0): 20→19 [0.1ms]
[2026-05-08 20:21:17] MOVE chetan (lawn green): 46→35 [0.1ms]
[2026-05-08 20:21:17] MOVE asha (gray0): 19→20 [0.1ms]
[2026-05-08 20:21:18] MOVE chetan (lawn green): 35→46 [0.1ms]
[2026-05-08 20:21:18] MOVE asha (gray0): 20→19 [0.2ms]
[2026-05-08 20:21:18] MOVE chetan (lawn green): 46→35 [0.1ms]
[2026-05-08 20:21:18] MOVE asha (gray0): 19→20 [0.1ms]
[2026-05-08 20:21:18] MOVE chetan (lawn green): 35→46 [0.1ms]
[2026-05-08 20:21:18] MOVE asha (gray0): 20→19 [0.1ms]
[2026-05-08 20:21:19] MOVE chetan (lawn green): 46→35 [0.1ms]
[2026-05-08 20:21:19] MOVE asha (gray0): 19→20 [0.8ms]
[2026-05-08 20:21:19] MOVE chetan (lawn green): 35→46 [0.1ms]
[2026-05-08 20:21:19] MOVE asha (gray0): 20→19 [0.1ms]
[2026-05-08 20:21:19] MOVE chetan (lawn green): 46→35 [0.1ms]
[2026-05-08 20:21:19] MOVE asha (gray0): 19→20 [0.1ms]
[2026-05-08 20:21:20] MOVE chetan (lawn green): 35→46 [0.1ms]
[2026-05-08 20:21:20] MOVE asha (gray0): 20→19 [0.1ms]
[2026-05-08 20:21:20] MOVE chetan (lawn green): 46→35 [0.1ms]
[2026-05-08 20:21:20] MOVE asha (gray0): 19→20 [0.2ms]
[2026-05-08 20:21:20] MOVE chetan (lawn green): 35→46 [0.5ms]
[2026-05-08 20:21:20] MOVE asha (gray0): 20→19 [0.1ms]
[2026-05-08 20:21:21] MOVE chetan (lawn green): 46→35 [0.1ms]
[2026-05-08 20:21:21] MOVE asha (gray0): 19→20 [0.1ms]
[2026-05-08 20:21:21] MOVE chetan (lawn green): 35→46 [0.1ms]
[2026-05-08 20:21:21] MOVE asha (gray0): 20→19 [0.1ms]
[2026-05-08 20:21:22] MOVE chetan (lawn green): 46→35 [0.1ms]
[2026-05-08 20:21:22] MOVE asha (gray0): 19→20 [0.2ms]
[2026-05-08 20:21:22] MOVE chetan (lawn green): 35→46 [0.1ms]
[2026-05-08 20:21:22] MOVE asha (gray0): 20→19 [0.1ms]
[2026-05-08 20:21:22] MOVE chetan (lawn green): 46→35 [0.1ms]
[2026-05-08 20:21:22] MOVE asha (gray0): 19→20 [0.1ms]
[2026-05-08 20:21:23] MOVE chetan (lawn green): 35→46 [0.1ms]
[2026-05-08 20:21:23] MOVE asha (gray0): 20→19 [0.1ms]
[2026-05-08 20:21:23] MOVE chetan (lawn green): 46→35 [0.1ms]
[2026-05-08 20:21:23] MOVE asha (gray0): 19→20 [0.1ms]
[2026-05-08 20:21:23] MOVE chetan (lawn green): 35→46 [0.1ms]
[2026-05-08 20:21:23] MOVE asha (gray0): 20→19 [0.1ms]
[2026-05-08 20:21:24] MOVE chetan (lawn green): 46→35 [0.1ms]
[2026-05-08 20:21:24] MOVE asha (gray0): 19→20 [0.1ms]
[2026-05-08 20:21:24] MOVE chetan (lawn green): 35→46 [0.1ms]
[2026-05-08 20:21:24] MOVE asha (gray0): 20→19 [0.1ms]
[2026-05-08 20:21:24] MOVE chetan (lawn green): 46→35 [0.1ms]
[2026-05-08 20:21:24] MOVE asha (gray0): 19→20 [0.1ms]
[2026-05-08 20:21:25] MOVE chetan (lawn green): 35→46 [0.1ms]
[2026-05-08 20:21:25] MOVE asha (gray0): 20→19 [0.1ms]
[2026-05-08 20:21:25] MOVE chetan (lawn green): 46→35 [0.1ms]
[2026-05-08 20:21:25] MOVE asha (gray0): 19→20 [0.1ms]
[2026-05-08 20:21:25] MOVE chetan (lawn green): 35→46 [0.1ms]
[2026-05-08 20:21:25] MOVE asha (gray0): 20→19 [0.1ms]
[2026-05-08 20:21:25] MOVE chetan (lawn green): 46→35 [0.1ms]
[2026-05-08 20:21:26] MOVE asha (gray0): 19→20 [0.1ms]
[2026-05-08 20:21:26] MOVE chetan (lawn green): 35→46 [0.1ms]
[2026-05-08 20:21:26] MOVE asha (gray0): 20→19 [0.1ms]
[2026-05-08 20:21:26] MOVE chetan (lawn green): 46→35 [0.1ms]
[2026-05-08 20:21:26] MOVE asha (gray0): 19→20 [0.1ms]
[2026-05-08 20:21:26] MOVE chetan (lawn green): 35→46 [0.1ms]
[2026-05-08 20:21:27] MOVE asha (gray0): 20→19 [0.4ms]
[2026-05-08 20:21:27] MOVE chetan (lawn green): 46→35 [0.2ms]
[2026-05-08 20:21:27] MOVE asha (gray0): 19→20 [5.9ms]
[2026-05-08 20:21:27] MOVE chetan (lawn green): 35→46 [0.3ms]
[2026-05-08 20:21:27] MOVE asha (gray0): 20→19 [0.1ms]
[2026-05-08 20:21:27] MOVE chetan (lawn green): 46→35 [0.1ms]
[2026-05-08 20:21:28] MOVE asha (gray0): 19→20 [0.2ms]
[2026-05-08 20:21:28] MOVE chetan (lawn green): 35→46 [0.1ms]
[2026-05-08 20:21:28] MOVE asha (gray0): 20→19 [0.1ms]
[2026-05-08 20:21:28] MOVE chetan (lawn green): 46→35 [0.1ms]
[2026-05-08 20:21:28] MOVE asha (gray0): 19→20 [0.1ms]
[2026-05-08 20:21:28] MOVE chetan (lawn green): 35→46 [0.1ms]
[2026-05-08 20:21:29] MOVE asha (gray0): 20→19 [0.1ms]
[2026-05-08 20:21:29] MOVE chetan (lawn green): 46→35 [0.1ms]
[2026-05-08 20:21:29] MOVE asha (gray0): 19→20 [0.1ms]
[2026-05-08 20:21:29] MOVE chetan (lawn green): 35→46 [0.1ms]
[2026-05-08 20:21:29] MOVE asha (gray0): 20→19 [0.1ms]
[2026-05-08 20:21:29] MOVE chetan (lawn green): 46→35 [0.1ms]
[2026-05-08 20:21:29] MOVE asha (gray0): 19→20 [0.1ms]
[2026-05-08 20:21:30] MOVE chetan (lawn green): 35→46 [0.2ms]
[2026-05-08 20:21:30] MOVE asha (gray0): 20→19 [0.1ms]
[2026-05-08 20:21:30] MOVE chetan (lawn green): 46→35 [0.1ms]
[2026-05-08 20:21:30] MOVE asha (gray0): 19→20 [0.1ms]
[2026-05-08 20:21:30] MOVE chetan (lawn green): 35→46 [0.1ms]
[2026-05-08 20:21:30] MOVE asha (gray0): 20→19 [0.1ms]
[2026-05-08 20:21:30] MOVE chetan (lawn green): 46→35 [0.1ms]
[2026-05-08 20:21:31] MOVE asha (gray0): 19→20 [0.1ms]
[2026-05-08 20:21:31] MOVE chetan (lawn green): 35→46 [0.1ms]
[2026-05-08 20:21:31] MOVE asha (gray0): 20→19 [0.1ms]
[2026-05-08 20:21:31] MOVE chetan (lawn green): 46→35 [0.1ms]
[2026-05-08 20:21:31] MOVE asha (gray0): 19→20 [0.1ms]
[2026-05-08 20:21:31] MOVE chetan (lawn green): 35→46 [0.3ms]
[2026-05-08 20:21:32] MOVE asha (gray0): 20→19 [0.1ms]
[2026-05-08 20:21:32] MOVE chetan (lawn green): 46→35 [0.1ms]
[2026-05-08 20:21:32] MOVE asha (gray0): 19→20 [0.1ms]
[2026-05-08 20:21:33] MOVE chetan (lawn green): 35→46 [0.2ms]
[2026-05-08 20:21:33] MOVE asha (gray0): 20→19 [0.5ms]
[2026-05-08 20:21:33] MOVE chetan (lawn green): 46→35 [0.1ms]
[2026-05-08 20:21:33] MOVE asha (gray0): 19→20 [0.1ms]
[2026-05-08 20:21:33] MOVE chetan (lawn green): 35→46 [0.1ms]
[2026-05-08 20:21:33] MOVE asha (gray0): 20→19 [0.1ms]
[2026-05-08 20:21:34] MOVE chetan (lawn green): 46→35 [0.1ms]
[2026-05-08 20:21:34] MOVE asha (gray0): 19→20 [0.4ms]
[2026-05-08 20:21:34] MOVE chetan (lawn green): 35→46 [0.1ms]
[2026-05-08 20:21:34] MOVE asha (gray0): 20→19 [0.1ms]
[2026-05-08 20:21:34] MOVE chetan (lawn green): 46→35 [0.1ms]
[2026-05-08 20:21:34] MOVE asha (gray0): 19→20 [0.1ms]
[2026-05-08 20:21:35] MOVE chetan (lawn green): 35→46 [0.1ms]
[2026-05-08 20:21:35] MOVE asha (gray0): 20→19 [0.1ms]
[2026-05-08 20:21:35] MOVE chetan (lawn green): 46→35 [0.1ms]
[2026-05-08 20:21:35] MOVE asha (gray0): 19→20 [0.4ms]
[2026-05-08 20:21:35] MOVE chetan (lawn green): 35→46 [0.1ms]
[2026-05-08 20:21:35] MOVE asha (gray0): 20→19 [0.4ms]
[2026-05-08 20:21:36] MOVE chetan (lawn green): 46→35 [0.1ms]
[2026-05-08 20:21:36] MOVE asha (gray0): 19→20 [0.4ms]
[2026-05-08 20:21:36] MOVE chetan (lawn green): 35→46 [0.2ms]
[2026-05-08 20:21:36] MOVE asha (gray0): 20→19 [0.1ms]
[2026-05-08 20:21:36] MOVE chetan (lawn green): 46→35 [0.1ms]
[2026-05-08 20:21:36] MOVE asha (gray0): 19→20 [0.1ms]
[2026-05-08 20:21:37] MOVE chetan (lawn green): 35→46 [0.1ms]
[2026-05-08 20:21:37] MOVE asha (gray0): 20→19 [0.1ms]
[2026-05-08 20:21:37] MOVE chetan (lawn green): 46→35 [0.7ms]
[2026-05-08 20:21:37] MOVE asha (gray0): 19→20 [0.1ms]
[2026-05-08 20:21:37] MOVE chetan (lawn green): 35→46 [0.1ms]
[2026-05-08 20:21:37] MOVE asha (gray0): 20→19 [0.1ms]
[2026-05-08 20:21:37] MOVE chetan (lawn green): 46→35 [0.3ms]
[2026-05-08 20:21:38] MOVE asha (gray0): 19→20 [0.3ms]
[2026-05-08 20:21:38] MOVE chetan (lawn green): 35→46 [0.1ms]
[2026-05-08 20:21:38] MOVE asha (gray0): 20→19 [0.1ms]
[2026-05-08 20:21:38] MOVE chetan (lawn green): 46→35 [0.1ms]
[2026-05-08 20:21:38] MOVE asha (gray0): 19→20 [0.2ms]
[2026-05-08 20:21:38] MOVE chetan (lawn green): 35→46 [0.1ms]
[2026-05-08 20:21:39] MOVE asha (gray0): 20→19 [0.1ms]
[2026-05-08 20:21:39] MOVE chetan (lawn green): 46→35 [0.4ms]
[2026-05-08 20:21:39] MOVE asha (gray0): 19→20 [0.1ms]
[2026-05-08 20:21:39] MOVE chetan (lawn green): 35→46 [0.1ms]
[2026-05-08 20:21:40] MOVE asha (gray0): 20→19 [0.1ms]
[2026-05-08 20:21:40] MOVE chetan (lawn green): 46→35 [0.1ms]
[2026-05-08 20:21:40] MOVE asha (gray0): 19→20 [0.1ms]
[2026-05-08 20:21:40] MOVE chetan (lawn green): 35→46 [0.1ms]
[2026-05-08 20:21:40] MOVE asha (gray0): 20→19 [0.1ms]
[2026-05-08 20:21:40] MOVE chetan (lawn green): 46→35 [0.1ms]
[2026-05-08 20:21:41] MOVE asha (gray0): 19→20 [0.1ms]
[2026-05-08 20:21:41] MOVE chetan (lawn green): 35→46 [0.1ms]
[2026-05-08 20:21:41] MOVE asha (gray0): 20→19 [0.2ms]
[2026-05-08 20:21:41] MOVE chetan (lawn green): 46→35 [0.1ms]
[2026-05-08 20:21:41] MOVE asha (gray0): 19→20 [0.1ms]
[2026-05-08 20:21:41] MOVE chetan (lawn green): 35→46 [0.1ms]
[2026-05-08 20:21:41] MOVE asha (gray0): 20→19 [0.1ms]
[2026-05-08 20:21:42] MOVE chetan (lawn green): 46→35 [0.1ms]
[2026-05-08 20:21:42] MOVE asha (gray0): 19→20 [0.1ms]
[2026-05-08 20:21:42] MOVE chetan (lawn green): 35→46 [0.1ms]
[2026-05-08 20:21:42] MOVE asha (gray0): 20→19 [0.1ms]
[2026-05-08 20:21:42] MOVE chetan (lawn green): 46→35 [0.1ms]
[2026-05-08 20:21:42] MOVE asha (gray0): 19→20 [0.1ms]
[2026-05-08 20:21:42] MOVE chetan (lawn green): 35→46 [0.3ms]
[2026-05-08 20:21:43] MOVE asha (gray0): 20→19 [0.1ms]
[2026-05-08 20:21:43] MOVE chetan (lawn green): 46→35 [0.4ms]
[2026-05-08 20:21:43] MOVE asha (gray0): 19→20 [0.1ms]
[2026-05-08 20:21:43] MOVE chetan (lawn green): 35→46 [0.2ms]
[2026-05-08 20:21:44] MOVE asha (gray0): 20→19 [0.1ms]
[2026-05-08 20:21:44] MOVE chetan (lawn green): 46→35 [0.1ms]
[2026-05-08 20:21:44] MOVE asha (gray0): 19→20 [0.1ms]
[2026-05-08 20:21:44] MOVE chetan (lawn green): 35→46 [0.1ms]
[2026-05-08 20:21:44] MOVE asha (gray0): 20→19 [0.1ms]
[2026-05-08 20:21:45] MOVE chetan (lawn green): 46→35 [0.1ms]
[2026-05-08 20:21:45] MOVE asha (gray0): 19→20 [0.1ms]
[2026-05-08 20:21:45] MOVE chetan (lawn green): 35→46 [0.1ms]
[2026-05-08 20:21:45] MOVE asha (gray0): 20→19 [0.1ms]
[2026-05-08 20:21:45] MOVE chetan (lawn green): 46→35 [0.1ms]
[2026-05-08 20:21:45] MOVE asha (gray0): 19→20 [0.1ms]
[2026-05-08 20:21:46] MOVE chetan (lawn green): 35→46 [0.1ms]
[2026-05-08 20:21:46] MOVE asha (gray0): 20→19 [0.1ms]
[2026-05-08 20:21:46] MOVE chetan (lawn green): 46→35 [0.1ms]
[2026-05-08 20:21:46] MOVE asha (gray0): 19→20 [0.2ms]
[2026-05-08 20:21:46] MOVE chetan (lawn green): 35→46 [0.1ms]
[2026-05-08 20:21:46] MOVE asha (gray0): 20→19 [0.1ms]
[2026-05-08 20:21:47] MOVE chetan (lawn green): 46→35 [0.4ms]
[2026-05-08 20:21:47] MOVE asha (gray0): 19→20 [0.1ms]
[2026-05-08 20:21:47] MOVE chetan (lawn green): 35→46 [0.1ms]
[2026-05-08 20:21:47] MOVE asha (gray0): 20→19 [0.2ms]
[2026-05-08 20:21:47] MOVE chetan (lawn green): 46→35 [0.1ms]
[2026-05-08 20:21:47] MOVE asha (gray0): 19→20 [0.1ms]
[2026-05-08 20:21:48] MOVE chetan (lawn green): 35→46 [2.6ms]
[2026-05-08 20:21:48] MOVE asha (gray0): 20→19 [0.1ms]
[2026-05-08 20:21:48] MOVE chetan (lawn green): 46→35 [0.1ms]
[2026-05-08 20:21:48] MOVE asha (gray0): 19→20 [0.1ms]
[2026-05-08 20:21:48] MOVE chetan (lawn green): 35→46 [1.6ms]
[2026-05-08 20:21:48] MOVE asha (gray0): 20→19 [5.3ms]
[2026-05-08 20:21:49] MOVE chetan (lawn green): 46→35 [0.3ms]
[2026-05-08 20:21:49] MOVE asha (gray0): 19→20 [0.1ms]
[2026-05-08 20:21:49] MOVE chetan (lawn green): 35→46 [0.3ms]
[2026-05-08 20:21:49] MOVE asha (gray0): 20→19 [0.1ms]
[2026-05-08 20:21:50] MOVE chetan (lawn green): 46→35 [0.1ms]
[2026-05-08 20:21:50] MOVE asha (gray0): 19→20 [0.1ms]
[2026-05-08 20:21:50] MOVE chetan (lawn green): 35→46 [0.1ms]
[2026-05-08 20:21:50] MOVE asha (gray0): 20→19 [0.1ms]
[2026-05-08 20:21:50] MOVE chetan (lawn green): 46→35 [0.1ms]
[2026-05-08 20:21:51] MOVE asha (gray0): 19→20 [0.1ms]
[2026-05-08 20:21:51] MOVE chetan (lawn green): 35→46 [0.2ms]
[2026-05-08 20:21:51] MOVE asha (gray0): 20→19 [0.1ms]
[2026-05-08 20:21:51] MOVE chetan (lawn green): 46→35 [0.7ms]
[2026-05-08 20:21:51] MOVE asha (gray0): 19→20 [0.1ms]
[2026-05-08 20:21:51] MOVE chetan (lawn green): 35→46 [0.1ms]
[2026-05-08 20:21:52] MOVE asha (gray0): 20→19 [0.1ms]
[2026-05-08 20:21:52] MOVE chetan (lawn green): 46→35 [0.1ms]
[2026-05-08 20:21:52] MOVE asha (gray0): 19→20 [0.1ms]
[2026-05-08 20:21:52] MOVE chetan (lawn green): 35→46 [0.1ms]
[2026-05-08 20:21:52] MOVE asha (gray0): 20→19 [0.1ms]
[2026-05-08 20:21:52] MOVE chetan (lawn green): 46→35 [0.1ms]
[2026-05-08 20:21:53] MOVE asha (gray0): 19→20 [0.1ms]
[2026-05-08 20:21:53] MOVE chetan (lawn green): 35→46 [0.1ms]
[2026-05-08 20:21:53] MOVE asha (gray0): 20→19 [0.4ms]
[2026-05-08 20:21:53] MOVE chetan (lawn green): 46→35 [0.1ms]
[2026-05-08 20:21:54] MOVE asha (gray0): 19→20 [0.1ms]
[2026-05-08 20:21:54] MOVE chetan (lawn green): 35→46 [0.1ms]
[2026-05-08 20:21:54] MOVE asha (gray0): 20→19 [0.1ms]
[2026-05-08 20:21:54] MOVE chetan (lawn green): 46→35 [0.1ms]
[2026-05-08 20:21:55] MOVE asha (gray0): 19→20 [0.1ms]
[2026-05-08 20:21:55] MOVE chetan (lawn green): 35→46 [0.7ms]
[2026-05-08 20:21:55] MOVE asha (gray0): 20→19 [0.1ms]
[2026-05-08 20:21:55] MOVE chetan (lawn green): 46→35 [0.1ms]
[2026-05-08 20:21:55] MOVE asha (gray0): 19→20 [0.1ms]
[2026-05-08 20:21:55] MOVE chetan (lawn green): 35→46 [0.1ms]
[2026-05-08 20:21:56] MOVE asha (gray0): 20→19 [0.1ms]
[2026-05-08 20:21:56] MOVE chetan (lawn green): 46→35 [0.1ms]
[2026-05-08 20:21:56] MOVE asha (gray0): 19→20 [0.1ms]
[2026-05-08 20:21:56] MOVE chetan (lawn green): 35→46 [0.1ms]
[2026-05-08 20:21:56] MOVE asha (gray0): 20→19 [0.1ms]
[2026-05-08 20:21:56] MOVE chetan (lawn green): 46→35 [0.1ms]
[2026-05-08 20:21:56] MOVE asha (gray0): 19→20 [0.1ms]
[2026-05-08 20:21:57] MOVE chetan (lawn green): 35→46 [0.1ms]
[2026-05-08 20:21:57] MOVE asha (gray0): 20→19 [0.1ms]
[2026-05-08 20:21:57] MOVE chetan (lawn green): 46→35 [0.1ms]
[2026-05-08 20:21:57] MOVE asha (gray0): 19→20 [0.1ms]
[2026-05-08 20:21:57] MOVE chetan (lawn green): 35→46 [0.1ms]
[2026-05-08 20:21:57] MOVE asha (gray0): 20→19 [0.1ms]
[2026-05-08 20:21:57] MOVE chetan (lawn green): 46→35 [0.1ms]
[2026-05-08 20:21:58] MOVE asha (gray0): 19→20 [0.6ms]
[2026-05-08 20:21:58] MOVE chetan (lawn green): 35→46 [0.1ms]
[2026-05-08 20:21:58] MOVE asha (gray0): 20→19 [0.1ms]
[2026-05-08 20:21:58] MOVE chetan (lawn green): 46→35 [0.1ms]
[2026-05-08 20:21:58] MOVE asha (gray0): 19→20 [0.1ms]
[2026-05-08 20:21:58] MOVE chetan (lawn green): 35→46 [0.1ms]
[2026-05-08 20:21:59] MOVE asha (gray0): 20→19 [0.1ms]
[2026-05-08 20:21:59] MOVE chetan (lawn green): 46→35 [0.1ms]
[2026-05-08 20:21:59] MOVE asha (gray0): 19→20 [0.5ms]
[2026-05-08 20:21:59] MOVE chetan (lawn green): 35→46 [0.1ms]
[2026-05-08 20:21:59] MOVE asha (gray0): 20→19 [0.1ms]
[2026-05-08 20:21:59] MOVE chetan (lawn green): 46→35 [0.1ms]
[2026-05-08 20:22:00] MOVE asha (gray0): 19→20 [0.1ms]
[2026-05-08 20:22:00] MOVE chetan (lawn green): 35→46 [0.1ms]
[2026-05-08 20:22:00] MOVE asha (gray0): 20→19 [0.4ms]
[2026-05-08 20:22:00] MOVE chetan (lawn green): 46→35 [0.1ms]
[2026-05-08 20:22:00] MOVE asha (gray0): 19→20 [0.1ms]
[2026-05-08 20:22:00] MOVE chetan (lawn green): 35→46 [0.1ms]
[2026-05-08 20:22:01] MOVE asha (gray0): 20→19 [0.1ms]
[2026-05-08 20:22:01] MOVE chetan (lawn green): 46→35 [0.3ms]
[2026-05-08 20:22:01] MOVE asha (gray0): 19→20 [0.1ms]
[2026-05-08 20:22:01] MOVE chetan (lawn green): 35→46 [0.1ms]
[2026-05-08 20:22:01] MOVE asha (gray0): 20→19 [0.1ms]
[2026-05-08 20:22:01] MOVE chetan (lawn green): 46→35 [0.0ms]
[2026-05-08 20:22:02] MOVE asha (gray0): 19→20 [0.1ms]
[2026-05-08 20:22:02] MOVE chetan (lawn green): 35→46 [0.2ms]
[2026-05-08 20:22:02] MOVE asha (gray0): 20→19 [0.1ms]
[2026-05-08 20:22:02] MOVE chetan (lawn green): 46→35 [0.1ms]
[2026-05-08 20:22:02] MOVE asha (gray0): 19→20 [0.1ms]
[2026-05-08 20:22:02] MOVE chetan (lawn green): 35→46 [0.1ms]
[2026-05-08 20:22:02] MOVE asha (gray0): 20→19 [0.1ms]
[2026-05-08 20:22:03] MOVE chetan (lawn green): 46→35 [0.1ms]
[2026-05-08 20:22:03] MOVE asha (gray0): 19→20 [0.1ms]
[2026-05-08 20:22:03] MOVE chetan (lawn green): 35→46 [0.1ms]
[2026-05-08 20:22:03] MOVE asha (gray0): 20→19 [0.1ms]
[2026-05-08 20:22:03] MOVE chetan (lawn green): 46→35 [0.1ms]
[2026-05-08 20:22:03] MOVE asha (gray0): 19→20 [0.1ms]
[2026-05-08 20:22:03] MOVE chetan (lawn green): 35→46 [0.1ms]
[2026-05-08 20:22:04] MOVE asha (gray0): 20→19 [0.1ms]
[2026-05-08 20:22:04] MOVE chetan (lawn green): 46→35 [0.1ms]
[2026-05-08 20:22:04] MOVE asha (gray0): 19→20 [0.1ms]
[2026-05-08 20:22:04] MOVE chetan (lawn green): 35→46 [0.2ms]
[2026-05-08 20:22:04] MOVE asha (gray0): 20→19 [0.1ms]
[2026-05-08 20:22:04] MOVE chetan (lawn green): 46→35 [0.1ms]
[2026-05-08 20:22:05] MOVE asha (gray0): 19→20 [0.1ms]
[2026-05-08 20:22:05] MOVE chetan (lawn green): 35→46 [0.1ms]
[2026-05-08 20:22:05] MOVE asha (gray0): 20→19 [0.1ms]
[2026-05-08 20:22:05] MOVE chetan (lawn green): 46→35 [0.1ms]
[2026-05-08 20:22:05] MOVE asha (gray0): 19→20 [0.1ms]
[2026-05-08 20:22:05] MOVE chetan (lawn green): 35→46 [0.2ms]
[2026-05-08 20:22:06] MOVE asha (gray0): 20→19 [0.1ms]
[2026-05-08 20:22:06] MOVE chetan (lawn green): 46→35 [0.2ms]
[2026-05-08 20:22:06] MOVE asha (gray0): 19→20 [0.1ms]
[2026-05-08 20:22:06] MOVE chetan (lawn green): 35→46 [0.1ms]
[2026-05-08 20:22:06] MOVE asha (gray0): 20→19 [0.1ms]
[2026-05-08 20:22:06] MOVE chetan (lawn green): 46→35 [0.1ms]
[2026-05-08 20:22:07] MOVE asha (gray0): 19→20 [0.1ms]
[2026-05-08 20:22:07] MOVE chetan (lawn green): 35→46 [0.1ms]
[2026-05-08 20:22:07] MOVE asha (gray0): 20→19 [0.1ms]
[2026-05-08 20:22:07] MOVE chetan (lawn green): 46→35 [0.2ms]
[2026-05-08 20:22:07] MOVE asha (gray0): 19→20 [0.1ms]
[2026-05-08 20:22:07] MOVE chetan (lawn green): 35→46 [0.1ms]
[2026-05-08 20:22:08] MOVE asha (gray0): 20→19 [0.8ms]
[2026-05-08 20:22:08] MOVE chetan (lawn green): 46→35 [0.1ms]
[2026-05-08 20:22:08] MOVE asha (gray0): 19→20 [1.7ms]
[2026-05-08 20:22:08] MOVE chetan (lawn green): 35→46 [0.1ms]
[2026-05-08 20:22:08] MOVE asha (gray0): 20→19 [0.1ms]
[2026-05-08 20:22:08] MOVE chetan (lawn green): 46→35 [0.1ms]
[2026-05-08 20:22:08] MOVE asha (gray0): 19→20 [0.1ms]
[2026-05-08 20:22:09] MOVE chetan (lawn green): 35→46 [10.8ms]
[2026-05-08 20:22:09] MOVE asha (gray0): 20→19 [0.1ms]
[2026-05-08 20:22:09] MOVE chetan (lawn green): 46→35 [0.2ms]
[2026-05-08 20:22:09] MOVE asha (gray0): 19→20 [0.1ms]
[2026-05-08 20:22:09] MOVE chetan (lawn green): 35→46 [0.1ms]
[2026-05-08 20:22:10] MOVE asha (gray0): 20→19 [0.4ms]
[2026-05-08 20:22:10] MOVE chetan (lawn green): 46→35 [0.1ms]
[2026-05-08 20:22:10] MOVE asha (gray0): 19→20 [0.1ms]
[2026-05-08 20:22:10] MOVE chetan (lawn green): 35→46 [0.1ms]
[2026-05-08 20:22:10] MOVE asha (gray0): 20→19 [2.3ms]
[2026-05-08 20:22:10] MOVE chetan (lawn green): 46→35 [0.1ms]
[2026-05-08 20:22:11] MOVE asha (gray0): 19→20 [0.1ms]
