[2026-05-06 09:57:45] GAME CREATED
[2026-05-06 10:14:01] PLAYER JOINED: chetan as red
[2026-05-06 10:14:13] PLAYER JOINED: asha as blue
[2026-05-06 10:14:19] GAME STARTED — turn order: ['red', 'blue']
[2026-05-06 10:14:20] MOVE chetan (red): 115→102 [0.2ms]
[2026-05-06 10:14:21] MOVE asha (blue): 3→14 [0.1ms]
[2026-05-06 10:14:22] MOVE chetan (red): 120→104 [0.6ms]
[2026-05-06 10:14:23] MOVE asha (blue): 0→16 [0.1ms]
[2026-05-06 10:14:24] MOVE chetan (red): 111→89 [0.3ms]
[2026-05-06 10:14:25] MOVE asha (blue): 4→13 [0.1ms]
[2026-05-06 10:14:26] MOVE chetan (red): 116→78 [0.2ms]
[2026-05-06 10:14:27] MOVE asha (blue): 5→18 [0.1ms]
[2026-05-06 10:14:28] MOVE chetan (red): 112→92 [0.1ms]
[2026-05-06 10:14:29] MOVE asha (blue): 6→26 [0.1ms]
[2026-05-06 10:14:30] MOVE chetan (red): 113→91 [0.1ms]
[2026-05-06 10:14:31] MOVE asha (blue): 7→29 [0.1ms]
[2026-05-06 10:14:32] MOVE chetan (red): 117→106 [0.1ms]
[2026-05-06 10:14:33] MOVE asha (blue): 8→28 [0.2ms]
[2026-05-06 10:14:34] MOVE chetan (red): 114→94 [0.1ms]
[2026-05-06 10:14:35] MOVE asha (blue): 9→31 [0.1ms]
[2026-05-06 10:14:35] MOVE chetan (red): 92→67 [0.1ms]
[2026-05-06 10:14:36] MOVE asha (blue): 14→37 [0.1ms]
[2026-05-06 10:14:37] MOVE chetan (red): 118→116 [0.2ms]
[2026-05-06 10:14:38] MOVE asha (blue): 29→48 [0.1ms]
[2026-05-06 10:14:39] MOVE chetan (red): 119→88 [0.1ms]
[2026-05-06 10:14:40] MOVE asha (blue): 1→4 [0.1ms]
[2026-05-06 10:14:40] MOVE chetan (red): 116→112 [0.1ms]
[2026-05-06 10:14:41] MOVE asha (blue): 2→25 [0.1ms]
[2026-05-06 10:14:42] MOVE chetan (red): 112→90 [0.1ms]
[2026-05-06 10:14:43] MOVE asha (blue): 4→7 [0.1ms]
[2026-05-06 10:14:44] MOVE chetan (red): 102→58 [0.1ms]
[2026-05-06 10:14:45] MOVE asha (blue): 13→57 [0.3ms]
[2026-05-06 10:14:46] MOVE chetan (red): 67→47 [0.2ms]
[2026-05-06 10:14:46] MOVE asha (blue): 25→36 [0.1ms]
[2026-05-06 10:14:47] MOVE chetan (red): 90→49 [0.2ms]
[2026-05-06 10:14:48] MOVE asha (blue): 48→68 [0.2ms]
[2026-05-06 10:14:49] MOVE chetan (red): 78→13 [0.1ms]
[2026-05-06 10:14:50] MOVE asha (blue): 7→66 [0.1ms]
[2026-05-06 10:14:51] MOVE chetan (red): 13→14 [0.1ms]
[2026-05-06 10:14:51] MOVE asha (blue): 37→102 [0.1ms]
[2026-05-06 10:14:52] MOVE chetan (red): 14→6 [0.2ms]
[2026-05-06 10:14:53] MOVE asha (blue): 102→111 [0.1ms]
[2026-05-06 10:14:54] MOVE chetan (red): 58→3 [0.2ms]
[2026-05-06 10:14:55] MOVE asha (blue): 16→115 [0.2ms]
[2026-05-06 10:14:56] MOVE chetan (red): 104→16 [0.1ms]
[2026-05-06 10:14:57] MOVE asha (blue): 111→118 [0.2ms]
[2026-05-06 10:14:57] MOVE chetan (red): 6→1 [0.1ms]
[2026-05-06 10:14:58] MOVE asha (blue): 115→120 [0.2ms]
[2026-05-06 10:14:59] MOVE chetan (red): 3→0 [2.1ms]
[2026-05-06 10:15:00] MOVE asha (blue): 57→67 [0.2ms]
[2026-05-06 10:15:01] MOVE chetan (red): 16→7 [0.2ms]
[2026-05-06 10:15:02] MOVE asha (blue): 36→101 [0.1ms]
[2026-05-06 10:15:03] MOVE chetan (red): 7→4 [0.2ms]
[2026-05-06 10:15:03] MOVE asha (blue): 101→102 [0.1ms]
[2026-05-06 10:15:04] MOVE chetan (red): 4→2 [0.1ms]
[2026-05-06 10:15:05] MOVE asha (blue): 102→111 [0.2ms]
[2026-05-06 10:15:06] MOVE chetan (red): 89→77 [0.1ms]
[2026-05-06 10:15:07] MOVE asha (blue): 111→115 [0.2ms]
[2026-05-06 10:15:08] MOVE chetan (red): 77→14 [0.1ms]
[2026-05-06 10:15:08] MOVE asha (blue): 28→39 [0.2ms]
[2026-05-06 10:15:10] MOVE chetan (red): 14→6 [0.1ms]
[2026-05-06 10:15:10] MOVE asha (blue): 39→104 [0.1ms]
[2026-05-06 10:15:12] MOVE chetan (red): 88→77 [0.1ms]
[2026-05-06 10:15:12] MOVE asha (blue): 26→37 [0.1ms]
[2026-05-06 10:15:13] MOVE chetan (red): 6→3 [0.2ms]
[2026-05-06 10:15:14] MOVE asha (blue): 104→113 [0.5ms]
[2026-05-06 10:15:15] MOVE chetan (red): 91→79 [0.1ms]
[2026-05-06 10:15:16] MOVE asha (blue): 120→119 [0.1ms]
[2026-05-06 10:15:17] MOVE chetan (red): 79→39 [0.1ms]
[2026-05-06 10:15:18] MOVE asha (blue): 119→120 [0.1ms]
[2026-05-06 10:15:19] MOVE chetan (red): 47→26 [0.1ms]
[2026-05-06 10:15:20] MOVE asha (blue): 120→119 [0.1ms]
[2026-05-06 10:15:21] MOVE chetan (red): 26→14 [0.1ms]
[2026-05-06 10:15:21] MOVE asha (blue): 115→120 [0.1ms]
[2026-05-06 10:15:22] MOVE chetan (red): 14→6 [0.2ms]
[2026-05-06 10:15:23] MOVE asha (blue): 113→116 [0.2ms]
[2026-05-06 10:15:24] MOVE chetan (red): 3→4 [0.1ms]
[2026-05-06 10:15:25] MOVE asha (blue): 18→43 [0.2ms]
[2026-05-06 10:15:26] MOVE chetan (red): 6→3 [0.2ms]
[2026-05-06 10:15:26] MOVE asha (blue): 31→54 [0.2ms]
[2026-05-06 10:15:27] MOVE chetan (red): 106→83 [0.1ms]
[2026-05-06 10:15:28] MOVE asha (blue): 43→64 [0.1ms]
[2026-05-06 10:15:29] MOVE chetan (red): 49→28 [0.1ms]
[2026-05-06 10:15:30] MOVE asha (blue): 66→89 [0.2ms]
[2026-05-06 10:15:31] MOVE chetan (red): 39→16 [0.1ms]
[2026-05-06 10:15:32] MOVE asha (blue): 89→102 [0.1ms]
[2026-05-06 10:15:33] MOVE chetan (red): 28→8 [0.2ms]
[2026-05-06 10:15:34] MOVE asha (blue): 119→117 [0.1ms]
[2026-05-06 10:15:35] MOVE chetan (red): 77→58 [0.1ms]
[2026-05-06 10:15:36] MOVE asha (blue): 117→119 [0.2ms]
[2026-05-06 10:15:37] MOVE chetan (red): 16→5 [0.1ms]
[2026-05-06 10:15:38] MOVE asha (blue): 119→117 [0.1ms]
[2026-05-06 10:15:39] MOVE chetan (red): 94→53 [0.1ms]
[2026-05-06 10:15:39] MOVE asha (blue): 117→119 [0.1ms]
[2026-05-06 10:15:40] MOVE chetan (red): 53→43 [0.1ms]
[2026-05-06 10:15:41] MOVE asha (blue): 119→117 [0.1ms]
[2026-05-06 10:15:42] MOVE chetan (red): 83→73 [0.2ms]
[2026-05-06 10:15:43] MOVE asha (blue): 117→119 [0.1ms]
[2026-05-06 10:15:44] MOVE chetan (red): 73→32 [0.1ms]
[2026-05-06 10:15:44] MOVE asha (blue): 119→117 [0.1ms]
[2026-05-06 10:15:46] MOVE chetan (red): 32→31 [0.1ms]
[2026-05-06 10:15:47] MOVE asha (blue): 117→119 [0.1ms]
[2026-05-06 10:15:48] MOVE chetan (red): 4→7 [0.3ms]
[2026-05-06 10:15:49] MOVE asha (blue): 119→117 [0.1ms]
[2026-05-06 10:15:50] MOVE chetan (red): 7→4 [0.2ms]
[2026-05-06 10:15:51] MOVE asha (blue): 117→119 [0.1ms]
[2026-05-06 10:15:52] MOVE chetan (red): 4→7 [0.1ms]
[2026-05-06 10:15:53] MOVE asha (blue): 119→117 [0.2ms]
[2026-05-06 10:15:53] MOVE chetan (red): 7→4 [0.3ms]
[2026-05-06 10:15:54] MOVE asha (blue): 117→119 [0.1ms]
[2026-05-06 10:15:55] MOVE chetan (red): 4→7 [0.1ms]
[2026-05-06 10:15:56] MOVE asha (blue): 119→117 [0.1ms]
[2026-05-06 10:15:57] MOVE chetan (red): 7→4 [0.1ms]
[2026-05-06 10:15:58] MOVE asha (blue): 117→119 [0.1ms]
[2026-05-06 10:15:59] MOVE chetan (red): 4→7 [0.2ms]
[2026-05-06 10:15:59] MOVE asha (blue): 119→117 [0.1ms]
[2026-05-06 10:16:00] MOVE chetan (red): 7→4 [0.2ms]
[2026-05-06 10:16:01] MOVE asha (blue): 117→119 [0.2ms]
[2026-05-06 10:16:02] MOVE chetan (red): 4→7 [0.1ms]
[2026-05-06 10:16:03] MOVE asha (blue): 119→117 [0.1ms]
[2026-05-06 10:16:04] MOVE chetan (red): 7→4 [0.1ms]
[2026-05-06 10:16:05] MOVE asha (blue): 117→119 [0.3ms]
[2026-05-06 10:16:06] MOVE chetan (red): 4→7 [0.1ms]
[2026-05-06 10:16:07] MOVE asha (blue): 119→117 [0.1ms]
[2026-05-06 10:16:08] MOVE chetan (red): 7→4 [0.1ms]
[2026-05-06 10:16:09] MOVE asha (blue): 117→119 [0.1ms]
[2026-05-06 10:16:10] MOVE chetan (red): 4→7 [0.1ms]
[2026-05-06 10:16:11] MOVE asha (blue): 119→117 [0.2ms]
[2026-05-06 10:16:12] MOVE chetan (red): 7→4 [0.2ms]
[2026-05-06 10:16:13] MOVE asha (blue): 117→119 [0.1ms]
[2026-05-06 10:16:14] MOVE chetan (red): 4→7 [0.1ms]
[2026-05-06 10:16:15] MOVE asha (blue): 119→117 [0.1ms]
[2026-05-06 10:16:16] MOVE chetan (red): 7→4 [0.1ms]
[2026-05-06 10:16:17] MOVE asha (blue): 117→119 [0.3ms]
[2026-05-06 10:16:18] MOVE chetan (red): 4→7 [0.1ms]
[2026-05-06 10:16:19] MOVE asha (blue): 119→117 [0.2ms]
[2026-05-06 10:16:20] MOVE chetan (red): 7→4 [0.1ms]
[2026-05-06 10:16:21] MOVE asha (blue): 117→119 [0.2ms]
[2026-05-06 10:16:23] MOVE chetan (red): 4→7 [0.1ms]
[2026-05-06 10:16:23] MOVE asha (blue): 119→117 [0.1ms]
[2026-05-06 10:16:25] MOVE chetan (red): 7→4 [0.1ms]
[2026-05-06 10:16:25] MOVE asha (blue): 117→119 [0.2ms]
[2026-05-06 10:16:27] MOVE chetan (red): 4→7 [0.1ms]
[2026-05-06 10:16:28] MOVE asha (blue): 119→117 [0.1ms]
[2026-05-06 10:16:29] MOVE chetan (red): 7→4 [0.1ms]
[2026-05-06 10:16:30] MOVE asha (blue): 117→119 [0.2ms]
[2026-05-06 10:16:31] MOVE chetan (red): 4→7 [0.1ms]
[2026-05-06 10:16:32] MOVE asha (blue): 119→117 [0.2ms]
[2026-05-06 10:16:33] MOVE chetan (red): 7→4 [0.1ms]
[2026-05-06 10:16:34] MOVE asha (blue): 117→119 [0.2ms]
[2026-05-06 10:16:35] MOVE chetan (red): 4→7 [0.1ms]
[2026-05-06 10:16:36] MOVE asha (blue): 119→117 [0.2ms]
[2026-05-06 10:16:37] MOVE chetan (red): 7→4 [0.2ms]
[2026-05-06 10:16:38] MOVE asha (blue): 117→119 [0.1ms]
[2026-05-06 10:16:39] MOVE chetan (red): 4→7 [0.2ms]
[2026-05-06 10:16:40] MOVE asha (blue): 119→117 [0.1ms]
[2026-05-06 10:16:41] MOVE chetan (red): 7→4 [0.1ms]
[2026-05-06 10:16:42] MOVE asha (blue): 117→119 [0.2ms]
[2026-05-06 10:16:43] MOVE chetan (red): 4→7 [0.2ms]
[2026-05-06 10:16:43] MOVE asha (blue): 119→117 [0.1ms]
[2026-05-06 10:16:44] MOVE chetan (red): 7→4 [0.2ms]
[2026-05-06 10:16:45] MOVE asha (blue): 117→119 [0.1ms]
[2026-05-06 10:16:46] MOVE chetan (red): 4→7 [0.1ms]
[2026-05-06 10:16:48] MOVE asha (blue): 119→117 [0.1ms]
[2026-05-06 10:16:48] MOVE chetan (red): 7→4 [0.2ms]
[2026-05-06 10:16:49] MOVE asha (blue): 117→119 [0.2ms]
[2026-05-06 10:16:50] MOVE chetan (red): 4→7 [0.1ms]
[2026-05-06 10:16:51] MOVE asha (blue): 119→117 [0.1ms]
[2026-05-06 10:16:52] MOVE chetan (red): 7→4 [0.1ms]
[2026-05-06 10:16:53] MOVE asha (blue): 117→119 [0.1ms]
[2026-05-06 10:16:54] MOVE chetan (red): 4→7 [0.1ms]
[2026-05-06 10:16:54] MOVE asha (blue): 119→117 [0.1ms]
[2026-05-06 10:16:55] MOVE chetan (red): 7→4 [0.1ms]
[2026-05-06 10:16:56] MOVE asha (blue): 117→119 [0.1ms]
[2026-05-06 10:16:57] MOVE chetan (red): 4→7 [0.1ms]
[2026-05-06 10:16:58] MOVE asha (blue): 119→117 [0.1ms]
[2026-05-06 10:16:59] MOVE chetan (red): 43→18 [0.3ms]
[2026-05-06 10:16:59] MOVE asha (blue): 117→119 [0.1ms]
[2026-05-06 10:17:00] MOVE chetan (red): 7→4 [0.2ms]
[2026-05-06 10:17:01] MOVE asha (blue): 102→111 [0.1ms]
[2026-05-06 10:17:02] MOVE chetan (red): 4→7 [0.1ms]
[2026-05-06 10:17:03] MOVE asha (blue): 111→115 [0.1ms]
[2026-05-06 10:17:04] MOVE chetan (red): 7→4 [0.3ms]
[2026-05-06 10:17:05] MOVE asha (blue): 54→74 [0.2ms]
[2026-05-06 10:17:06] MOVE chetan (red): 4→7 [0.1ms]
[2026-05-06 10:17:07] MOVE asha (blue): 67→78 [0.2ms]
[2026-05-06 10:17:07] MOVE chetan (red): 7→4 [0.2ms]
[2026-05-06 10:17:08] MOVE asha (blue): 68→89 [0.2ms]
[2026-05-06 10:17:09] MOVE chetan (red): 4→7 [0.2ms]
[2026-05-06 10:17:10] MOVE asha (blue): 89→102 [0.2ms]
[2026-05-06 10:17:11] MOVE chetan (red): 7→4 [0.2ms]
[2026-05-06 10:17:12] MOVE asha (blue): 37→48 [0.1ms]
[2026-05-06 10:17:13] MOVE chetan (red): 4→7 [0.1ms]
[2026-05-06 10:17:13] MOVE asha (blue): 48→111 [0.1ms]
[2026-05-06 10:17:14] MOVE chetan (red): 7→4 [0.2ms]
[2026-05-06 10:17:15] MOVE asha (blue): 115→117 [0.1ms]
[2026-05-06 10:17:16] MOVE chetan (red): 4→7 [0.1ms]
[2026-05-06 10:17:17] MOVE asha (blue): 102→115 [0.2ms]
[2026-05-06 10:17:18] MOVE chetan (red): 7→4 [0.1ms]
[2026-05-06 10:17:19] MOVE asha (blue): 119→112 [0.1ms]
[2026-05-06 10:17:20] MOVE chetan (red): 4→7 [0.1ms]
[2026-05-06 10:17:21] MOVE asha (blue): 112→119 [0.1ms]
[2026-05-06 10:17:22] MOVE chetan (red): 7→4 [0.1ms]
[2026-05-06 10:17:23] MOVE asha (blue): 119→112 [0.1ms]
[2026-05-06 10:17:24] MOVE chetan (red): 4→7 [0.1ms]
[2026-05-06 10:17:25] MOVE asha (blue): 112→119 [0.2ms]
[2026-05-06 10:17:26] MOVE chetan (red): 7→4 [0.1ms]
[2026-05-06 10:17:27] MOVE asha (blue): 119→112 [0.2ms]
[2026-05-06 10:17:28] MOVE chetan (red): 4→7 [0.2ms]
[2026-05-06 10:17:29] MOVE asha (blue): 112→119 [0.2ms]
[2026-05-06 10:17:30] MOVE chetan (red): 7→4 [0.1ms]
[2026-05-06 10:17:31] MOVE asha (blue): 119→112 [0.1ms]
[2026-05-06 10:17:32] MOVE chetan (red): 4→7 [0.1ms]
[2026-05-06 10:17:33] MOVE asha (blue): 112→119 [0.2ms]
[2026-05-06 10:17:34] MOVE chetan (red): 7→4 [0.1ms]
[2026-05-06 10:17:35] MOVE asha (blue): 119→112 [0.1ms]
[2026-05-06 10:17:36] MOVE chetan (red): 4→7 [0.1ms]
[2026-05-06 10:17:37] MOVE asha (blue): 112→119 [0.1ms]
[2026-05-06 10:17:38] MOVE chetan (red): 7→4 [0.1ms]
[2026-05-06 10:17:39] MOVE asha (blue): 119→112 [0.1ms]
[2026-05-06 10:17:40] MOVE chetan (red): 4→7 [0.1ms]
[2026-05-06 10:17:41] MOVE asha (blue): 112→119 [0.1ms]
[2026-05-06 10:17:42] MOVE chetan (red): 7→4 [0.1ms]
[2026-05-06 10:17:43] MOVE asha (blue): 119→112 [0.1ms]
[2026-05-06 10:17:44] MOVE chetan (red): 4→7 [0.2ms]
[2026-05-06 10:17:45] MOVE asha (blue): 112→119 [0.2ms]
[2026-05-06 10:17:46] MOVE chetan (red): 7→4 [0.2ms]
[2026-05-06 10:17:47] MOVE asha (blue): 119→112 [0.2ms]
[2026-05-06 10:17:48] MOVE chetan (red): 4→7 [0.1ms]
[2026-05-06 10:17:49] MOVE asha (blue): 112→119 [0.1ms]
[2026-05-06 10:17:50] MOVE chetan (red): 7→4 [0.4ms]
[2026-05-06 10:17:51] MOVE asha (blue): 78→89 [0.3ms]
[2026-05-06 10:17:52] MOVE chetan (red): 4→7 [0.7ms]
[2026-05-06 10:17:53] MOVE asha (blue): 89→102 [4.7ms]
[2026-05-06 10:17:54] MOVE chetan (red): 7→4 [0.1ms]
[2026-05-06 10:17:54] MOVE asha (blue): 117→113 [0.1ms]
[2026-05-06 10:17:55] MOVE chetan (red): 4→7 [0.1ms]
[2026-05-06 10:17:56] MOVE asha (blue): 113→117 [0.1ms]
[2026-05-06 10:17:57] MOVE chetan (red): 7→4 [0.2ms]
[2026-05-06 10:17:58] MOVE asha (blue): 117→113 [0.1ms]
[2026-05-06 10:17:59] MOVE chetan (red): 4→7 [0.1ms]
[2026-05-06 10:18:00] MOVE asha (blue): 119→117 [0.1ms]
[2026-05-06 10:18:01] MOVE chetan (red): 7→4 [0.1ms]
[2026-05-06 10:18:02] MOVE asha (blue): 117→119 [0.1ms]
[2026-05-06 10:18:03] MOVE chetan (red): 4→7 [0.2ms]
[2026-05-06 10:18:04] MOVE asha (blue): 113→117 [0.1ms]
[2026-05-06 10:18:05] MOVE chetan (red): 7→4 [0.1ms]
[2026-05-06 10:18:06] MOVE asha (blue): 119→114 [0.2ms]
[2026-05-06 10:18:07] MOVE chetan (red): 4→7 [0.1ms]
[2026-05-06 10:18:08] MOVE asha (blue): 114→119 [0.1ms]
[2026-05-06 10:18:09] MOVE chetan (red): 7→4 [0.1ms]
[2026-05-06 10:18:10] MOVE asha (blue): 119→112 [0.1ms]
[2026-05-06 10:18:11] MOVE chetan (red): 4→7 [0.2ms]
[2026-05-06 10:18:12] MOVE asha (blue): 112→119 [0.2ms]
[2026-05-06 10:18:13] MOVE chetan (red): 7→4 [0.1ms]
[2026-05-06 10:18:13] MOVE asha (blue): 117→113 [0.1ms]
[2026-05-06 10:18:14] MOVE chetan (red): 4→7 [0.1ms]
[2026-05-06 10:18:15] MOVE asha (blue): 113→117 [0.2ms]
[2026-05-06 10:18:16] MOVE chetan (red): 7→4 [0.3ms]
[2026-05-06 10:18:17] MOVE asha (blue): 117→113 [0.1ms]
[2026-05-06 10:18:18] MOVE chetan (red): 4→7 [0.1ms]
[2026-05-06 10:18:19] MOVE asha (blue): 119→117 [0.1ms]
[2026-05-06 10:18:20] MOVE chetan (red): 7→4 [0.3ms]
[2026-05-06 10:18:20] MOVE asha (blue): 117→119 [0.1ms]
[2026-05-06 10:18:21] MOVE chetan (red): 4→7 [0.1ms]
[2026-05-06 10:18:22] MOVE asha (blue): 113→117 [0.1ms]
[2026-05-06 10:18:23] MOVE chetan (red): 7→4 [0.2ms]
[2026-05-06 10:18:24] MOVE asha (blue): 117→113 [0.2ms]
[2026-05-06 10:18:25] MOVE chetan (red): 4→7 [0.1ms]
[2026-05-06 10:18:26] MOVE asha (blue): 113→117 [0.1ms]
[2026-05-06 10:18:27] MOVE chetan (red): 7→4 [0.1ms]
[2026-05-06 10:18:28] MOVE asha (blue): 117→113 [0.1ms]
[2026-05-06 10:18:29] MOVE chetan (red): 4→7 [0.2ms]
[2026-05-06 10:18:30] MOVE asha (blue): 119→117 [0.3ms]
[2026-05-06 10:18:31] MOVE chetan (red): 7→4 [0.2ms]
[2026-05-06 10:18:32] MOVE asha (blue): 117→119 [0.1ms]
[2026-05-06 10:18:33] MOVE chetan (red): 4→7 [0.1ms]
[2026-05-06 10:18:34] MOVE asha (blue): 113→117 [0.1ms]
[2026-05-06 10:18:35] MOVE chetan (red): 7→4 [0.1ms]
[2026-05-06 10:18:36] MOVE asha (blue): 117→113 [0.1ms]
[2026-05-06 10:18:37] MOVE chetan (red): 4→7 [0.2ms]
[2026-05-06 10:18:38] MOVE asha (blue): 113→117 [0.1ms]
[2026-05-06 10:18:39] MOVE chetan (red): 7→4 [0.1ms]
[2026-05-06 10:18:40] MOVE asha (blue): 117→113 [0.2ms]
[2026-05-06 10:18:41] MOVE chetan (red): 4→7 [0.1ms]
[2026-05-06 10:18:42] MOVE asha (blue): 113→117 [0.2ms]
[2026-05-06 10:18:43] MOVE chetan (red): 7→4 [0.1ms]
[2026-05-06 10:18:44] MOVE asha (blue): 119→112 [0.2ms]
[2026-05-06 10:18:45] MOVE chetan (red): 4→7 [0.2ms]
[2026-05-06 10:18:46] MOVE asha (blue): 112→119 [0.1ms]
[2026-05-06 10:18:47] MOVE chetan (red): 7→4 [0.1ms]
[2026-05-06 10:18:48] MOVE asha (blue): 117→114 [0.1ms]
[2026-05-06 10:18:49] MOVE chetan (red): 4→7 [0.1ms]
[2026-05-06 10:18:50] MOVE asha (blue): 114→117 [0.1ms]
[2026-05-06 10:18:51] MOVE chetan (red): 7→4 [0.1ms]
[2026-05-06 10:18:51] MOVE asha (blue): 117→114 [0.1ms]
[2026-05-06 10:18:52] MOVE chetan (red): 4→7 [0.2ms]
[2026-05-06 10:18:53] MOVE asha (blue): 114→117 [0.3ms]
[2026-05-06 10:18:54] MOVE chetan (red): 7→4 [0.1ms]
[2026-05-06 10:18:55] MOVE asha (blue): 117→114 [0.1ms]
[2026-05-06 10:18:56] MOVE chetan (red): 4→7 [0.1ms]
[2026-05-06 10:18:57] MOVE asha (blue): 114→117 [0.2ms]
[2026-05-06 10:18:58] MOVE chetan (red): 7→4 [0.2ms]
[2026-05-06 10:18:59] MOVE asha (blue): 117→113 [0.1ms]
[2026-05-06 10:19:00] MOVE chetan (red): 4→7 [0.2ms]
[2026-05-06 10:19:01] MOVE asha (blue): 119→117 [0.2ms]
[2026-05-06 10:19:02] MOVE chetan (red): 7→4 [0.1ms]
[2026-05-06 10:19:03] MOVE asha (blue): 117→119 [0.2ms]
[2026-05-06 10:19:04] MOVE chetan (red): 4→7 [0.2ms]
[2026-05-06 10:19:04] MOVE asha (blue): 113→117 [0.1ms]
[2026-05-06 10:19:05] MOVE chetan (red): 7→4 [0.1ms]
[2026-05-06 10:19:06] MOVE asha (blue): 117→113 [0.1ms]
[2026-05-06 10:19:07] MOVE chetan (red): 4→7 [0.2ms]
[2026-05-06 10:19:08] MOVE asha (blue): 119→117 [0.1ms]
[2026-05-06 10:19:09] MOVE chetan (red): 7→4 [0.1ms]
[2026-05-06 10:19:10] MOVE asha (blue): 117→119 [0.2ms]
[2026-05-06 10:19:11] MOVE chetan (red): 4→7 [0.1ms]
[2026-05-06 10:19:12] MOVE asha (blue): 113→117 [0.1ms]
[2026-05-06 10:19:13] MOVE chetan (red): 7→4 [0.3ms]
[2026-05-06 10:19:14] MOVE asha (blue): 117→113 [0.1ms]
[2026-05-06 10:19:15] MOVE chetan (red): 4→7 [0.2ms]
[2026-05-06 10:19:16] MOVE asha (blue): 119→117 [0.2ms]
[2026-05-06 10:19:17] MOVE chetan (red): 7→4 [0.3ms]
[2026-05-06 10:19:18] MOVE asha (blue): 117→119 [0.1ms]
[2026-05-06 10:19:19] MOVE chetan (red): 4→7 [0.1ms]
[2026-05-06 10:19:20] MOVE asha (blue): 113→117 [0.1ms]
[2026-05-06 10:19:21] MOVE chetan (red): 7→4 [0.3ms]
[2026-05-06 10:19:22] MOVE asha (blue): 117→113 [0.1ms]
[2026-05-06 10:19:23] MOVE chetan (red): 4→7 [0.2ms]
[2026-05-06 10:19:23] MOVE asha (blue): 113→117 [0.2ms]
[2026-05-06 10:19:24] MOVE chetan (red): 7→4 [0.1ms]
[2026-05-06 10:19:25] MOVE asha (blue): 117→113 [0.2ms]
[2026-05-06 10:19:26] MOVE chetan (red): 4→7 [0.1ms]
[2026-05-06 10:19:27] MOVE asha (blue): 113→117 [0.1ms]
[2026-05-06 10:19:28] MOVE chetan (red): 7→4 [0.1ms]
[2026-05-06 10:19:29] MOVE asha (blue): 117→113 [0.1ms]
[2026-05-06 10:19:29] MOVE chetan (red): 4→7 [0.1ms]
[2026-05-06 10:19:30] MOVE asha (blue): 113→117 [0.1ms]
[2026-05-06 10:19:31] MOVE chetan (red): 7→4 [0.1ms]
[2026-05-06 10:19:32] MOVE asha (blue): 117→113 [0.1ms]
[2026-05-06 10:19:33] MOVE chetan (red): 4→7 [0.2ms]
[2026-05-06 10:19:34] MOVE asha (blue): 113→117 [0.2ms]
[2026-05-06 10:19:35] MOVE chetan (red): 7→4 [0.2ms]
[2026-05-06 10:19:35] MOVE asha (blue): 117→113 [0.2ms]
[2026-05-06 10:19:36] MOVE chetan (red): 4→7 [0.1ms]
[2026-05-06 10:19:37] MOVE asha (blue): 113→117 [0.2ms]
[2026-05-06 10:19:38] MOVE chetan (red): 7→4 [0.3ms]
[2026-05-06 10:19:39] MOVE asha (blue): 117→113 [0.1ms]
[2026-05-06 10:19:40] MOVE chetan (red): 4→7 [0.1ms]
[2026-05-06 10:19:41] MOVE asha (blue): 113→117 [0.7ms]
[2026-05-06 10:19:42] MOVE chetan (red): 7→4 [0.1ms]
[2026-05-06 10:19:43] MOVE asha (blue): 119→112 [0.1ms]
[2026-05-06 10:19:44] MOVE chetan (red): 4→7 [0.1ms]
[2026-05-06 10:19:45] MOVE asha (blue): 112→119 [0.1ms]
[2026-05-06 10:19:46] MOVE chetan (red): 7→4 [0.1ms]
[2026-05-06 10:19:46] MOVE asha (blue): 117→113 [0.1ms]
[2026-05-06 10:19:47] MOVE chetan (red): 4→7 [0.1ms]
[2026-05-06 10:19:48] MOVE asha (blue): 113→117 [0.1ms]
[2026-05-06 10:19:49] MOVE chetan (red): 7→4 [0.1ms]
[2026-05-06 10:19:50] MOVE asha (blue): 117→113 [0.3ms]
[2026-05-06 10:19:51] MOVE chetan (red): 4→7 [0.1ms]
[2026-05-06 10:19:52] MOVE asha (blue): 113→117 [0.3ms]
[2026-05-06 10:19:53] MOVE chetan (red): 7→4 [0.1ms]
[2026-05-06 10:19:54] MOVE asha (blue): 119→112 [0.1ms]
[2026-05-06 10:19:55] MOVE chetan (red): 4→7 [0.2ms]
[2026-05-06 10:19:56] MOVE asha (blue): 112→119 [0.2ms]
[2026-05-06 10:19:57] MOVE chetan (red): 7→4 [0.3ms]
[2026-05-06 10:19:58] MOVE asha (blue): 117→113 [0.1ms]
[2026-05-06 10:19:59] MOVE chetan (red): 4→7 [0.1ms]
[2026-05-06 10:19:59] MOVE asha (blue): 113→117 [0.1ms]
[2026-05-06 10:20:00] MOVE chetan (red): 7→4 [0.1ms]
[2026-05-06 10:20:01] MOVE asha (blue): 119→112 [0.1ms]
[2026-05-06 10:20:02] MOVE chetan (red): 4→7 [0.2ms]
[2026-05-06 10:20:03] MOVE asha (blue): 112→119 [0.1ms]
[2026-05-06 10:20:04] MOVE chetan (red): 7→4 [0.1ms]
[2026-05-06 10:20:05] MOVE asha (blue): 117→114 [0.1ms]
[2026-05-06 10:20:06] MOVE chetan (red): 4→7 [0.1ms]
[2026-05-06 10:20:07] MOVE asha (blue): 114→117 [0.2ms]
[2026-05-06 10:20:08] MOVE chetan (red): 7→4 [0.2ms]
[2026-05-06 10:20:09] MOVE asha (blue): 117→114 [0.1ms]
[2026-05-06 10:20:10] MOVE chetan (red): 4→7 [0.1ms]
[2026-05-06 10:20:11] MOVE asha (blue): 119→117 [0.2ms]
[2026-05-06 10:20:12] MOVE chetan (red): 7→4 [0.2ms]
[2026-05-06 10:20:13] MOVE asha (blue): 114→119 [0.2ms]
[2026-05-06 10:20:14] MOVE chetan (red): 4→7 [0.2ms]
[2026-05-06 10:20:15] MOVE asha (blue): 117→113 [0.1ms]
[2026-05-06 10:20:15] MOVE chetan (red): 7→4 [0.2ms]
[2026-05-06 10:20:16] MOVE asha (blue): 113→117 [0.2ms]
[2026-05-06 10:20:17] MOVE chetan (red): 4→7 [0.3ms]
[2026-05-06 10:20:18] MOVE asha (blue): 117→113 [0.1ms]
[2026-05-06 10:20:19] MOVE chetan (red): 7→4 [0.2ms]
[2026-05-06 10:20:20] MOVE asha (blue): 119→117 [0.3ms]
[2026-05-06 10:20:21] MOVE chetan (red): 4→7 [0.1ms]
[2026-05-06 10:20:22] MOVE asha (blue): 117→119 [0.1ms]
[2026-05-06 10:20:22] MOVE chetan (red): 7→4 [0.1ms]
[2026-05-06 10:20:23] MOVE asha (blue): 119→117 [0.2ms]
[2026-05-06 10:20:24] MOVE chetan (red): 4→7 [0.1ms]
[2026-05-06 10:20:25] MOVE asha (blue): 117→119 [0.1ms]
[2026-05-06 10:20:26] MOVE chetan (red): 7→4 [0.1ms]
[2026-05-06 10:20:27] MOVE asha (blue): 113→117 [0.1ms]
[2026-05-06 10:20:28] MOVE chetan (red): 4→7 [0.2ms]
[2026-05-06 10:20:29] MOVE asha (blue): 117→113 [0.2ms]
[2026-05-06 10:20:30] MOVE chetan (red): 7→4 [0.1ms]
[2026-05-06 10:20:31] MOVE asha (blue): 113→117 [0.2ms]
[2026-05-06 10:20:32] MOVE chetan (red): 4→7 [0.1ms]
[2026-05-06 10:20:33] MOVE asha (blue): 117→113 [0.2ms]
[2026-05-06 10:20:34] MOVE chetan (red): 7→4 [0.1ms]
[2026-05-06 10:20:35] MOVE asha (blue): 113→117 [0.2ms]
[2026-05-06 10:20:36] MOVE chetan (red): 4→7 [0.2ms]
[2026-05-06 10:20:37] MOVE asha (blue): 117→113 [0.2ms]
[2026-05-06 10:20:38] MOVE chetan (red): 7→4 [0.1ms]
[2026-05-06 10:20:39] MOVE asha (blue): 120→117 [0.1ms]
[2026-05-06 10:20:40] MOVE chetan (red): 4→7 [0.1ms]
[2026-05-06 10:20:41] MOVE asha (blue): 119→120 [0.1ms]
[2026-05-06 10:20:42] MOVE chetan (red): 7→4 [0.1ms]
[2026-05-06 10:20:43] MOVE asha (blue): 117→119 [0.1ms]
[2026-05-06 10:20:44] MOVE chetan (red): 4→7 [0.1ms]
[2026-05-06 10:20:45] MOVE asha (blue): 113→117 [0.1ms]
[2026-05-06 10:20:46] MOVE chetan (red): 7→4 [0.1ms]
[2026-05-06 10:20:47] MOVE asha (blue): 119→112 [0.1ms]
[2026-05-06 10:20:48] MOVE chetan (red): 4→7 [0.1ms]
[2026-05-06 10:20:49] MOVE asha (blue): 117→119 [0.1ms]
[2026-05-06 10:20:50] MOVE chetan (red): 7→4 [0.1ms]
[2026-05-06 10:20:51] MOVE asha (blue): 115→117 [0.2ms]
[2026-05-06 10:20:52] MOVE chetan (red): 4→7 [0.1ms]
[2026-05-06 10:20:53] MOVE asha (blue): 120→115 [0.2ms]
[2026-05-06 10:20:54] MOVE chetan (red): 7→4 [0.2ms]
[2026-05-06 10:20:55] MOVE asha (blue): 115→120 [0.1ms]
[2026-05-06 10:20:57] MOVE chetan (red): 4→7 [0.4ms]
[2026-05-06 10:20:58] MOVE asha (blue): 120→115 [0.1ms]
[2026-05-06 10:20:59] MOVE chetan (red): 7→4 [0.1ms]
[2026-05-06 10:20:59] SCORE chetan (red): Final=892.0, Time=0.0, Moves(214)=0.0, Pins(7)=700.0, Dist=192.0
[2026-05-06 10:20:59] SCORE asha (blue): Final=889.0, Time=0.0, Moves(213)=0.0, Pins(7)=700.0, Dist=189.0
[2026-05-06 10:20:59] GAME TIME LIMIT REACHED.
[2026-05-06 10:21:00] SCORE chetan (red): Final=892.0, Time=0.0, Moves(214)=0.0, Pins(7)=700.0, Dist=192.0
[2026-05-06 10:21:00] SCORE asha (blue): Final=889.0, Time=0.0, Moves(213)=0.0, Pins(7)=700.0, Dist=189.0
[2026-05-06 10:21:00] GAME TIME LIMIT REACHED.
[2026-05-06 10:22:10] SCORE chetan (red): Final=892.0, Time=0.0, Moves(214)=0.0, Pins(7)=700.0, Dist=192.0
[2026-05-06 10:22:10] SCORE asha (blue): Final=889.0, Time=0.0, Moves(213)=0.0, Pins(7)=700.0, Dist=189.0
[2026-05-06 10:22:10] GAME TIME LIMIT REACHED.
