[2026-05-08 21:00:58] GAME CREATED
[2026-05-08 21:01:02] PLAYER JOINED: chetan as lawn green
[2026-05-08 21:01:06] PLAYER JOINED: asha as gray0
[2026-05-08 21:01:08] GAME STARTED — turn order: ['lawn green', 'gray0']
[2026-05-08 21:01:09] MOVE chetan (lawn green): 33→54 [0.1ms]
[2026-05-08 21:01:10] MOVE asha (gray0): 101→89 [0.1ms]
[2026-05-08 21:01:11] MOVE chetan (lawn green): 44→63 [0.1ms]
[2026-05-08 21:01:11] MOVE asha (gray0): 89→78 [0.1ms]
[2026-05-08 21:01:12] MOVE chetan (lawn green): 55→73 [0.1ms]
[2026-05-08 21:01:13] MOVE asha (gray0): 78→68 [0.8ms]
[2026-05-08 21:01:14] MOVE chetan (lawn green): 73→83 [0.1ms]
[2026-05-08 21:01:14] MOVE asha (gray0): 87→89 [0.1ms]
[2026-05-08 21:01:15] MOVE chetan (lawn green): 83→94 [0.1ms]
[2026-05-08 21:01:16] MOVE asha (gray0): 68→69 [0.1ms]
[2026-05-08 21:01:17] MOVE chetan (lawn green): 63→72 [0.1ms]
[2026-05-08 21:01:18] MOVE asha (gray0): 69→70 [0.1ms]
[2026-05-08 21:01:18] MOVE chetan (lawn green): 94→106 [0.1ms]
[2026-05-08 21:01:19] MOVE asha (gray0): 70→71 [0.1ms]
[2026-05-08 21:01:20] MOVE chetan (lawn green): 106→105 [0.1ms]
[2026-05-08 21:01:21] MOVE asha (gray0): 71→73 [0.1ms]
[2026-05-08 21:01:21] MOVE chetan (lawn green): 105→104 [0.1ms]
[2026-05-08 21:01:22] MOVE asha (gray0): 73→64 [0.1ms]
[2026-05-08 21:01:23] MOVE chetan (lawn green): 104→103 [0.1ms]
[2026-05-08 21:01:24] MOVE asha (gray0): 100→104 [0.6ms]
[2026-05-08 21:01:24] MOVE chetan (lawn green): 103→102 [0.1ms]
[2026-05-08 21:01:25] MOVE asha (gray0): 104→105 [0.1ms]
[2026-05-08 21:01:26] MOVE chetan (lawn green): 45→55 [0.1ms]
[2026-05-08 21:01:27] MOVE asha (gray0): 105→106 [0.1ms]
[2026-05-08 21:01:28] MOVE chetan (lawn green): 55→73 [0.1ms]
[2026-05-08 21:01:29] MOVE asha (gray0): 106→94 [0.1ms]
[2026-05-08 21:01:30] MOVE chetan (lawn green): 73→83 [0.1ms]
[2026-05-08 21:01:30] MOVE asha (gray0): 94→73 [0.1ms]
[2026-05-08 21:01:31] MOVE chetan (lawn green): 83→94 [0.1ms]
[2026-05-08 21:01:32] MOVE asha (gray0): 99→100 [0.1ms]
[2026-05-08 21:01:33] MOVE chetan (lawn green): 94→106 [0.1ms]
[2026-05-08 21:01:34] MOVE asha (gray0): 100→101 [0.1ms]
[2026-05-08 21:01:34] MOVE chetan (lawn green): 106→105 [0.1ms]
[2026-05-08 21:01:35] MOVE asha (gray0): 101→103 [0.1ms]
[2026-05-08 21:01:36] MOVE chetan (lawn green): 105→104 [0.1ms]
[2026-05-08 21:01:37] MOVE asha (gray0): 103→105 [0.1ms]
[2026-05-08 21:01:38] MOVE chetan (lawn green): 104→103 [0.1ms]
[2026-05-08 21:01:38] MOVE asha (gray0): 105→106 [0.1ms]
[2026-05-08 21:01:39] MOVE chetan (lawn green): 72→82 [0.1ms]
[2026-05-08 21:01:40] MOVE asha (gray0): 106→94 [0.1ms]
[2026-05-08 21:01:41] MOVE chetan (lawn green): 82→93 [0.2ms]
[2026-05-08 21:01:41] MOVE asha (gray0): 94→83 [0.1ms]
[2026-05-08 21:01:42] MOVE chetan (lawn green): 93→105 [0.1ms]
[2026-05-08 21:01:43] MOVE asha (gray0): 98→99 [0.1ms]
[2026-05-08 21:01:44] MOVE chetan (lawn green): 102→98 [0.1ms]
[2026-05-08 21:01:44] MOVE asha (gray0): 99→100 [0.1ms]
[2026-05-08 21:01:45] MOVE chetan (lawn green): 103→102 [3.4ms]
[2026-05-08 21:01:46] MOVE asha (gray0): 100→101 [0.1ms]
[2026-05-08 21:01:47] MOVE chetan (lawn green): 105→104 [0.1ms]
[2026-05-08 21:01:48] MOVE asha (gray0): 101→105 [0.4ms]
[2026-05-08 21:01:48] MOVE chetan (lawn green): 104→103 [0.1ms]
[2026-05-08 21:01:49] MOVE asha (gray0): 105→106 [0.1ms]
[2026-05-08 21:01:50] MOVE chetan (lawn green): 34→45 [0.1ms]
[2026-05-08 21:01:51] MOVE asha (gray0): 106→94 [0.2ms]
[2026-05-08 21:01:52] MOVE chetan (lawn green): 45→55 [0.1ms]
[2026-05-08 21:01:52] MOVE asha (gray0): 88→112 [0.1ms]
[2026-05-08 21:01:53] MOVE chetan (lawn green): 55→53 [0.1ms]
[2026-05-08 21:01:54] MOVE asha (gray0): 112→113 [0.1ms]
[2026-05-08 21:01:55] MOVE chetan (lawn green): 53→62 [0.1ms]
[2026-05-08 21:01:55] MOVE asha (gray0): 113→114 [0.1ms]
[2026-05-08 21:01:56] MOVE chetan (lawn green): 62→71 [0.1ms]
[2026-05-08 21:01:57] MOVE asha (gray0): 114→106 [0.2ms]
[2026-05-08 21:01:58] MOVE chetan (lawn green): 71→81 [0.1ms]
[2026-05-08 21:01:59] MOVE asha (gray0): 65→90 [1.5ms]
[2026-05-08 21:01:59] MOVE chetan (lawn green): 81→92 [0.2ms]
[2026-05-08 21:02:00] MOVE asha (gray0): 89→95 [0.1ms]
[2026-05-08 21:02:01] MOVE chetan (lawn green): 92→104 [0.5ms]
[2026-05-08 21:02:02] MOVE asha (gray0): 95→84 [0.1ms]
[2026-05-08 21:02:03] MOVE chetan (lawn green): 54→95 [0.1ms]
[2026-05-08 21:02:03] MOVE asha (gray0): 84→74 [0.1ms]
[2026-05-08 21:02:04] MOVE chetan (lawn green): 21→33 [12.0ms]
[2026-05-08 21:02:05] MOVE asha (gray0): 74→54 [0.2ms]
[2026-05-08 21:02:06] MOVE chetan (lawn green): 95→107 [0.1ms]
[2026-05-08 21:02:07] MOVE asha (gray0): 76→77 [0.2ms]
[2026-05-08 21:02:08] MOVE chetan (lawn green): 107→105 [0.1ms]
[2026-05-08 21:02:09] MOVE asha (gray0): 75→76 [0.1ms]
[2026-05-08 21:02:09] MOVE chetan (lawn green): 32→43 [0.1ms]
[2026-05-08 21:02:10] MOVE asha (gray0): 77→67 [0.1ms]
[2026-05-08 21:02:11] MOVE chetan (lawn green): 43→53 [0.3ms]
[2026-05-08 21:02:12] MOVE asha (gray0): 86→75 [0.1ms]
[2026-05-08 21:02:12] MOVE chetan (lawn green): 53→62 [0.1ms]
[2026-05-08 21:02:13] MOVE asha (gray0): 75→58 [0.1ms]
[2026-05-08 21:02:14] MOVE chetan (lawn green): 19→63 [0.1ms]
[2026-05-08 21:02:15] MOVE asha (gray0): 90→114 [0.2ms]
[2026-05-08 21:02:15] MOVE chetan (lawn green): 20→32 [0.1ms]
[2026-05-08 21:02:16] MOVE asha (gray0): 67→49 [0.1ms]
[2026-05-08 21:02:17] MOVE chetan (lawn green): 33→44 [0.2ms]
[2026-05-08 21:02:18] MOVE asha (gray0): 58→39 [0.2ms]
[2026-05-08 21:02:19] MOVE chetan (lawn green): 32→71 [2.8ms]
[2026-05-08 21:02:19] MOVE asha (gray0): 39→40 [0.1ms]
[2026-05-08 21:02:20] MOVE chetan (lawn green): 22→34 [0.1ms]
[2026-05-08 21:02:21] MOVE asha (gray0): 49→39 [0.1ms]
[2026-05-08 21:02:22] MOVE chetan (lawn green): 63→72 [0.1ms]
[2026-05-08 21:02:22] MOVE asha (gray0): 64→22 [0.1ms]
[2026-05-08 21:02:23] MOVE chetan (lawn green): 62→81 [0.1ms]
[2026-05-08 21:02:24] MOVE asha (gray0): 39→28 [0.1ms]
[2026-05-08 21:02:25] MOVE chetan (lawn green): 81→92 [0.1ms]
[2026-05-08 21:02:25] MOVE asha (gray0): 73→64 [0.1ms]
[2026-05-08 21:02:26] MOVE chetan (lawn green): 92→112 [0.1ms]
[2026-05-08 21:02:27] MOVE asha (gray0): 94→53 [0.1ms]
[2026-05-08 21:02:28] MOVE chetan (lawn green): 44→61 [0.1ms]
[2026-05-08 21:02:29] MOVE asha (gray0): 53→43 [0.1ms]
[2026-05-08 21:02:30] MOVE chetan (lawn green): 61→70 [0.1ms]
[2026-05-08 21:02:30] MOVE asha (gray0): 28→16 [0.1ms]
[2026-05-08 21:02:31] MOVE chetan (lawn green): 34→45 [0.1ms]
[2026-05-08 21:02:32] MOVE asha (gray0): 114→73 [0.1ms]
[2026-05-08 21:02:33] MOVE chetan (lawn green): 70→69 [0.1ms]
[2026-05-08 21:02:34] MOVE asha (gray0): 76→66 [0.1ms]
[2026-05-08 21:02:34] MOVE chetan (lawn green): 112→111 [0.1ms]
[2026-05-08 21:02:35] MOVE asha (gray0): 73→34 [0.1ms]
[2026-05-08 21:02:36] MOVE chetan (lawn green): 69→79 [0.3ms]
[2026-05-08 21:02:37] MOVE asha (gray0): 106→94 [0.1ms]
[2026-05-08 21:02:37] MOVE chetan (lawn green): 72→91 [0.1ms]
[2026-05-08 21:02:38] MOVE asha (gray0): 94→53 [0.1ms]
[2026-05-08 21:02:39] MOVE chetan (lawn green): 45→44 [0.1ms]
[2026-05-08 21:02:40] MOVE asha (gray0): 66→67 [0.1ms]
[2026-05-08 21:02:41] MOVE chetan (lawn green): 79→90 [0.1ms]
[2026-05-08 21:02:41] MOVE asha (gray0): 83→73 [0.1ms]
[2026-05-08 21:02:42] MOVE chetan (lawn green): 71→70 [0.1ms]
[2026-05-08 21:02:43] MOVE asha (gray0): 40→41 [0.2ms]
[2026-05-08 21:02:44] MOVE chetan (lawn green): 90→89 [0.1ms]
[2026-05-08 21:02:44] MOVE asha (gray0): 16→17 [0.1ms]
[2026-05-08 21:02:45] MOVE chetan (lawn green): 70→80 [0.1ms]
[2026-05-08 21:02:46] MOVE asha (gray0): 41→42 [0.1ms]
[2026-05-08 21:02:47] MOVE chetan (lawn green): 80→79 [0.1ms]
[2026-05-08 21:02:47] MOVE asha (gray0): 17→18 [0.1ms]
[2026-05-08 21:02:48] MOVE chetan (lawn green): 79→78 [0.1ms]
[2026-05-08 21:02:49] MOVE asha (gray0): 42→31 [0.1ms]
[2026-05-08 21:02:50] MOVE chetan (lawn green): 44→42 [0.3ms]
[2026-05-08 21:02:50] MOVE asha (gray0): 67→58 [0.5ms]
[2026-05-08 21:02:51] MOVE chetan (lawn green): 104→77 [0.1ms]
[2026-05-08 21:02:52] MOVE asha (gray0): 58→59 [0.1ms]
[2026-05-08 21:02:53] MOVE chetan (lawn green): 105→104 [0.1ms]
[2026-05-08 21:02:53] MOVE asha (gray0): 59→60 [0.1ms]
[2026-05-08 21:02:54] MOVE chetan (lawn green): 42→41 [0.1ms]
[2026-05-08 21:02:55] MOVE asha (gray0): 60→61 [0.1ms]
[2026-05-08 21:02:56] MOVE chetan (lawn green): 41→51 [0.2ms]
[2026-05-08 21:02:57] MOVE asha (gray0): 61→62 [0.1ms]
[2026-05-08 21:02:57] MOVE chetan (lawn green): 51→60 [0.6ms]
[2026-05-08 21:02:58] MOVE asha (gray0): 62→63 [0.1ms]
[2026-05-08 21:02:58] MOVE chetan (lawn green): 60→69 [2.5ms]
[2026-05-08 21:02:58] MOVE asha (gray0): 34→21 [0.1ms]
[2026-05-08 21:02:59] MOVE chetan (lawn green): 69→79 [0.1ms]
[2026-05-08 21:02:59] MOVE asha (gray0): 21→20 [0.1ms]
[2026-05-08 21:02:59] MOVE chetan (lawn green): 79→90 [0.1ms]
[2026-05-08 21:03:00] MOVE asha (gray0): 63→21 [0.1ms]
[2026-05-08 21:03:00] MOVE chetan (lawn green): 91→79 [0.1ms]
[2026-05-08 21:03:00] MOVE asha (gray0): 20→19 [0.1ms]
[2026-05-08 21:03:00] MOVE chetan (lawn green): 79→68 [0.1ms]
[2026-05-08 21:03:00] MOVE asha (gray0): 19→17 [0.1ms]
[2026-05-08 21:03:00] MOVE chetan (lawn green): 68→67 [2.3ms]
[2026-05-08 21:03:01] MOVE asha (gray0): 17→8 [0.1ms]
[2026-05-08 21:03:01] MOVE chetan (lawn green): 67→66 [0.1ms]
[2026-05-08 21:03:01] MOVE asha (gray0): 8→17 [0.1ms]
[2026-05-08 21:03:02] MOVE chetan (lawn green): 66→56 [0.1ms]
[2026-05-08 21:03:02] MOVE asha (gray0): 17→8 [0.1ms]
[2026-05-08 21:03:02] MOVE chetan (lawn green): 56→46 [0.3ms]
[2026-05-08 21:03:03] MOVE asha (gray0): 8→17 [0.1ms]
[2026-05-08 21:03:03] MOVE chetan (lawn green): 46→56 [0.1ms]
[2026-05-08 21:03:03] MOVE asha (gray0): 17→8 [0.1ms]
[2026-05-08 21:03:03] MOVE chetan (lawn green): 56→46 [0.1ms]
[2026-05-08 21:03:04] MOVE asha (gray0): 8→17 [0.3ms]
[2026-05-08 21:03:04] MOVE chetan (lawn green): 46→56 [0.1ms]
[2026-05-08 21:03:04] MOVE asha (gray0): 17→8 [0.1ms]
[2026-05-08 21:03:04] MOVE chetan (lawn green): 56→46 [0.4ms]
[2026-05-08 21:03:05] MOVE asha (gray0): 8→17 [0.1ms]
[2026-05-08 21:03:05] MOVE chetan (lawn green): 46→56 [0.3ms]
[2026-05-08 21:03:05] MOVE asha (gray0): 17→8 [0.1ms]
[2026-05-08 21:03:06] MOVE chetan (lawn green): 56→46 [0.1ms]
[2026-05-08 21:03:06] MOVE asha (gray0): 8→17 [0.1ms]
[2026-05-08 21:03:07] MOVE chetan (lawn green): 46→56 [0.1ms]
[2026-05-08 21:03:07] MOVE asha (gray0): 17→8 [0.1ms]
[2026-05-08 21:03:07] MOVE chetan (lawn green): 56→46 [0.1ms]
[2026-05-08 21:03:08] MOVE asha (gray0): 8→17 [0.1ms]
[2026-05-08 21:03:08] MOVE chetan (lawn green): 46→56 [0.1ms]
[2026-05-08 21:03:08] MOVE asha (gray0): 17→8 [0.1ms]
[2026-05-08 21:03:08] MOVE chetan (lawn green): 56→46 [0.1ms]
[2026-05-08 21:03:09] MOVE asha (gray0): 8→17 [0.1ms]
[2026-05-08 21:03:09] MOVE chetan (lawn green): 46→56 [0.1ms]
[2026-05-08 21:03:09] MOVE asha (gray0): 17→8 [0.1ms]
[2026-05-08 21:03:09] MOVE chetan (lawn green): 56→46 [0.1ms]
[2026-05-08 21:03:10] MOVE asha (gray0): 8→17 [0.1ms]
[2026-05-08 21:03:10] MOVE chetan (lawn green): 46→56 [0.1ms]
[2026-05-08 21:03:10] MOVE asha (gray0): 17→8 [0.1ms]
[2026-05-08 21:03:11] MOVE chetan (lawn green): 56→46 [0.1ms]
[2026-05-08 21:03:11] MOVE asha (gray0): 8→17 [0.1ms]
[2026-05-08 21:03:12] MOVE chetan (lawn green): 46→56 [0.1ms]
[2026-05-08 21:03:12] MOVE asha (gray0): 17→8 [0.1ms]
[2026-05-08 21:03:12] MOVE chetan (lawn green): 56→46 [0.2ms]
[2026-05-08 21:03:12] MOVE asha (gray0): 8→17 [0.1ms]
[2026-05-08 21:03:13] MOVE chetan (lawn green): 46→56 [0.1ms]
[2026-05-08 21:03:13] MOVE asha (gray0): 17→8 [0.1ms]
[2026-05-08 21:03:13] MOVE chetan (lawn green): 56→46 [0.1ms]
[2026-05-08 21:03:14] MOVE asha (gray0): 8→17 [0.1ms]
[2026-05-08 21:03:14] MOVE chetan (lawn green): 46→56 [0.1ms]
[2026-05-08 21:03:14] MOVE asha (gray0): 17→8 [0.1ms]
[2026-05-08 21:03:14] MOVE chetan (lawn green): 56→46 [0.2ms]
[2026-05-08 21:03:15] MOVE asha (gray0): 8→17 [0.1ms]
[2026-05-08 21:03:15] MOVE chetan (lawn green): 46→56 [0.1ms]
[2026-05-08 21:03:15] MOVE asha (gray0): 17→8 [0.1ms]
[2026-05-08 21:03:16] MOVE chetan (lawn green): 56→46 [0.1ms]
[2026-05-08 21:03:16] MOVE asha (gray0): 8→17 [0.1ms]
[2026-05-08 21:03:16] MOVE chetan (lawn green): 46→56 [0.1ms]
[2026-05-08 21:03:16] MOVE asha (gray0): 17→8 [0.1ms]
[2026-05-08 21:03:17] MOVE chetan (lawn green): 56→46 [0.1ms]
[2026-05-08 21:03:18] MOVE asha (gray0): 8→17 [0.1ms]
[2026-05-08 21:03:18] MOVE chetan (lawn green): 46→56 [0.1ms]
[2026-05-08 21:03:18] MOVE asha (gray0): 17→8 [0.4ms]
[2026-05-08 21:03:18] MOVE chetan (lawn green): 56→46 [0.4ms]
[2026-05-08 21:03:19] MOVE asha (gray0): 8→17 [0.1ms]
[2026-05-08 21:03:19] MOVE chetan (lawn green): 46→56 [0.1ms]
[2026-05-08 21:03:19] MOVE asha (gray0): 17→8 [0.4ms]
[2026-05-08 21:03:19] MOVE chetan (lawn green): 56→46 [0.1ms]
[2026-05-08 21:03:20] MOVE asha (gray0): 8→17 [0.1ms]
[2026-05-08 21:03:20] MOVE chetan (lawn green): 46→56 [0.2ms]
[2026-05-08 21:03:21] MOVE asha (gray0): 17→8 [0.5ms]
[2026-05-08 21:03:21] MOVE chetan (lawn green): 56→46 [0.1ms]
[2026-05-08 21:03:21] MOVE asha (gray0): 8→17 [0.1ms]
[2026-05-08 21:03:22] MOVE chetan (lawn green): 46→56 [0.1ms]
[2026-05-08 21:03:22] MOVE asha (gray0): 17→8 [0.1ms]
[2026-05-08 21:03:22] MOVE chetan (lawn green): 56→46 [0.1ms]
[2026-05-08 21:03:23] MOVE asha (gray0): 8→17 [0.1ms]
[2026-05-08 21:03:23] MOVE chetan (lawn green): 46→56 [0.1ms]
[2026-05-08 21:03:23] MOVE asha (gray0): 17→8 [0.1ms]
[2026-05-08 21:03:23] MOVE chetan (lawn green): 56→46 [0.4ms]
[2026-05-08 21:03:24] MOVE asha (gray0): 8→17 [0.1ms]
[2026-05-08 21:03:24] MOVE chetan (lawn green): 46→56 [0.1ms]
[2026-05-08 21:03:24] MOVE asha (gray0): 17→8 [0.1ms]
[2026-05-08 21:03:24] MOVE chetan (lawn green): 56→46 [0.1ms]
[2026-05-08 21:03:25] MOVE asha (gray0): 8→17 [0.2ms]
[2026-05-08 21:03:25] MOVE chetan (lawn green): 46→56 [0.1ms]
[2026-05-08 21:03:25] MOVE asha (gray0): 17→8 [0.1ms]
[2026-05-08 21:03:26] MOVE chetan (lawn green): 56→46 [0.1ms]
[2026-05-08 21:03:26] MOVE asha (gray0): 8→17 [0.1ms]
[2026-05-08 21:03:26] MOVE chetan (lawn green): 46→56 [0.1ms]
[2026-05-08 21:03:27] MOVE asha (gray0): 17→8 [0.2ms]
[2026-05-08 21:03:27] MOVE chetan (lawn green): 56→46 [0.1ms]
[2026-05-08 21:03:28] MOVE asha (gray0): 8→17 [0.6ms]
[2026-05-08 21:03:28] MOVE chetan (lawn green): 46→56 [0.1ms]
[2026-05-08 21:03:28] MOVE asha (gray0): 17→8 [0.1ms]
[2026-05-08 21:03:28] MOVE chetan (lawn green): 56→46 [20.0ms]
[2026-05-08 21:03:29] MOVE asha (gray0): 8→17 [0.1ms]
[2026-05-08 21:03:29] MOVE chetan (lawn green): 46→56 [0.4ms]
[2026-05-08 21:03:29] MOVE asha (gray0): 17→8 [0.1ms]
[2026-05-08 21:03:29] MOVE chetan (lawn green): 56→46 [0.1ms]
[2026-05-08 21:03:30] MOVE asha (gray0): 8→17 [0.1ms]
[2026-05-08 21:03:30] MOVE chetan (lawn green): 46→56 [0.1ms]
[2026-05-08 21:03:30] MOVE asha (gray0): 17→8 [0.1ms]
[2026-05-08 21:03:31] MOVE chetan (lawn green): 56→46 [0.1ms]
[2026-05-08 21:03:31] MOVE asha (gray0): 8→17 [0.1ms]
[2026-05-08 21:03:31] MOVE chetan (lawn green): 46→56 [0.2ms]
[2026-05-08 21:03:32] MOVE asha (gray0): 17→8 [0.1ms]
[2026-05-08 21:03:32] MOVE chetan (lawn green): 56→46 [0.1ms]
[2026-05-08 21:03:33] MOVE asha (gray0): 8→17 [0.2ms]
[2026-05-08 21:03:33] MOVE chetan (lawn green): 46→56 [1.4ms]
[2026-05-08 21:03:33] MOVE asha (gray0): 17→8 [0.1ms]
[2026-05-08 21:03:33] MOVE chetan (lawn green): 56→46 [0.1ms]
[2026-05-08 21:03:34] MOVE asha (gray0): 8→17 [0.1ms]
[2026-05-08 21:03:34] MOVE chetan (lawn green): 46→56 [0.2ms]
[2026-05-08 21:03:34] MOVE asha (gray0): 17→8 [0.1ms]
[2026-05-08 21:03:34] MOVE chetan (lawn green): 56→46 [0.1ms]
[2026-05-08 21:03:35] MOVE asha (gray0): 8→17 [0.1ms]
[2026-05-08 21:03:35] MOVE chetan (lawn green): 46→56 [0.1ms]
[2026-05-08 21:03:35] MOVE asha (gray0): 17→8 [0.1ms]
[2026-05-08 21:03:36] MOVE chetan (lawn green): 56→46 [0.1ms]
[2026-05-08 21:03:36] MOVE asha (gray0): 8→17 [0.1ms]
[2026-05-08 21:03:36] MOVE chetan (lawn green): 46→56 [0.1ms]
[2026-05-08 21:03:37] MOVE asha (gray0): 17→8 [0.4ms]
[2026-05-08 21:03:37] MOVE chetan (lawn green): 56→46 [0.1ms]
[2026-05-08 21:03:37] MOVE asha (gray0): 8→17 [0.1ms]
[2026-05-08 21:03:38] MOVE chetan (lawn green): 46→56 [0.1ms]
[2026-05-08 21:03:38] MOVE asha (gray0): 17→8 [0.1ms]
[2026-05-08 21:03:38] MOVE chetan (lawn green): 56→46 [0.1ms]
[2026-05-08 21:03:39] MOVE asha (gray0): 8→17 [0.1ms]
[2026-05-08 21:03:39] MOVE chetan (lawn green): 46→56 [0.1ms]
[2026-05-08 21:03:39] MOVE asha (gray0): 17→8 [0.1ms]
[2026-05-08 21:03:39] MOVE chetan (lawn green): 56→46 [0.1ms]
[2026-05-08 21:03:40] MOVE asha (gray0): 8→17 [0.1ms]
[2026-05-08 21:03:40] MOVE chetan (lawn green): 46→56 [0.1ms]
[2026-05-08 21:03:40] MOVE asha (gray0): 17→8 [0.2ms]
[2026-05-08 21:03:40] MOVE chetan (lawn green): 56→46 [0.1ms]
[2026-05-08 21:03:41] MOVE asha (gray0): 8→17 [0.1ms]
[2026-05-08 21:03:41] MOVE chetan (lawn green): 46→56 [0.1ms]
[2026-05-08 21:03:42] MOVE asha (gray0): 17→8 [0.1ms]
[2026-05-08 21:03:42] MOVE chetan (lawn green): 56→46 [0.1ms]
[2026-05-08 21:03:42] MOVE asha (gray0): 8→17 [0.1ms]
[2026-05-08 21:03:43] MOVE chetan (lawn green): 46→56 [0.1ms]
[2026-05-08 21:03:43] MOVE asha (gray0): 17→8 [0.1ms]
[2026-05-08 21:03:43] MOVE chetan (lawn green): 56→46 [0.1ms]
[2026-05-08 21:03:44] MOVE asha (gray0): 8→17 [0.1ms]
[2026-05-08 21:03:44] MOVE chetan (lawn green): 46→56 [0.1ms]
[2026-05-08 21:03:44] MOVE asha (gray0): 17→8 [0.1ms]
[2026-05-08 21:03:44] MOVE chetan (lawn green): 56→46 [0.2ms]
[2026-05-08 21:03:45] MOVE asha (gray0): 8→17 [0.1ms]
[2026-05-08 21:03:45] MOVE chetan (lawn green): 46→56 [0.1ms]
[2026-05-08 21:03:45] MOVE asha (gray0): 17→8 [0.1ms]
[2026-05-08 21:03:45] MOVE chetan (lawn green): 56→46 [0.1ms]
[2026-05-08 21:03:46] MOVE asha (gray0): 8→17 [0.1ms]
[2026-05-08 21:03:46] MOVE chetan (lawn green): 46→56 [0.2ms]
[2026-05-08 21:03:46] MOVE asha (gray0): 17→8 [0.1ms]
[2026-05-08 21:03:47] MOVE chetan (lawn green): 56→46 [0.1ms]
[2026-05-08 21:03:47] MOVE asha (gray0): 8→17 [0.1ms]
[2026-05-08 21:03:48] MOVE chetan (lawn green): 46→56 [0.1ms]
[2026-05-08 21:03:48] MOVE asha (gray0): 17→8 [0.1ms]
[2026-05-08 21:03:48] MOVE chetan (lawn green): 56→46 [0.1ms]
[2026-05-08 21:03:49] MOVE asha (gray0): 8→17 [0.1ms]
[2026-05-08 21:03:49] MOVE chetan (lawn green): 46→56 [0.1ms]
[2026-05-08 21:03:49] MOVE asha (gray0): 17→8 [0.2ms]
[2026-05-08 21:03:49] MOVE chetan (lawn green): 56→46 [0.1ms]
[2026-05-08 21:03:50] MOVE asha (gray0): 8→17 [0.1ms]
[2026-05-08 21:03:50] MOVE chetan (lawn green): 46→56 [0.1ms]
[2026-05-08 21:03:50] MOVE asha (gray0): 17→8 [0.1ms]
[2026-05-08 21:03:50] MOVE chetan (lawn green): 56→46 [0.8ms]
[2026-05-08 21:03:51] MOVE asha (gray0): 8→17 [0.2ms]
[2026-05-08 21:03:51] MOVE chetan (lawn green): 46→56 [0.1ms]
[2026-05-08 21:03:51] MOVE asha (gray0): 17→8 [0.1ms]
[2026-05-08 21:03:52] MOVE chetan (lawn green): 56→46 [0.1ms]
[2026-05-08 21:03:52] MOVE asha (gray0): 8→17 [0.2ms]
[2026-05-08 21:03:53] MOVE chetan (lawn green): 46→56 [0.1ms]
[2026-05-08 21:03:53] MOVE asha (gray0): 17→8 [0.1ms]
[2026-05-08 21:03:53] MOVE chetan (lawn green): 56→46 [0.1ms]
[2026-05-08 21:03:54] MOVE asha (gray0): 8→17 [0.1ms]
[2026-05-08 21:03:54] MOVE chetan (lawn green): 46→56 [0.1ms]
[2026-05-08 21:03:54] MOVE asha (gray0): 17→8 [0.1ms]
[2026-05-08 21:03:54] MOVE chetan (lawn green): 56→46 [0.1ms]
[2026-05-08 21:03:55] MOVE asha (gray0): 8→17 [0.1ms]
[2026-05-08 21:03:55] MOVE chetan (lawn green): 46→56 [0.4ms]
[2026-05-08 21:03:55] MOVE asha (gray0): 17→8 [0.1ms]
[2026-05-08 21:03:55] MOVE chetan (lawn green): 56→46 [0.1ms]
[2026-05-08 21:03:56] MOVE asha (gray0): 8→17 [0.1ms]
[2026-05-08 21:03:56] MOVE chetan (lawn green): 46→56 [0.2ms]
[2026-05-08 21:03:56] MOVE asha (gray0): 17→8 [0.1ms]
[2026-05-08 21:03:57] MOVE chetan (lawn green): 56→46 [1.1ms]
[2026-05-08 21:03:57] MOVE asha (gray0): 8→17 [0.1ms]
[2026-05-08 21:03:58] MOVE chetan (lawn green): 46→56 [0.1ms]
[2026-05-08 21:03:58] MOVE asha (gray0): 17→8 [0.1ms]
[2026-05-08 21:03:58] MOVE chetan (lawn green): 56→46 [0.1ms]
[2026-05-08 21:03:58] MOVE asha (gray0): 8→17 [0.1ms]
[2026-05-08 21:03:59] MOVE chetan (lawn green): 46→56 [0.1ms]
[2026-05-08 21:03:59] MOVE asha (gray0): 17→8 [0.1ms]
[2026-05-08 21:03:59] MOVE chetan (lawn green): 56→46 [0.1ms]
[2026-05-08 21:04:00] MOVE asha (gray0): 8→17 [0.2ms]
[2026-05-08 21:04:00] MOVE chetan (lawn green): 46→56 [0.6ms]
[2026-05-08 21:04:00] MOVE asha (gray0): 17→8 [0.2ms]
[2026-05-08 21:04:00] MOVE chetan (lawn green): 56→46 [0.1ms]
[2026-05-08 21:04:01] MOVE asha (gray0): 8→17 [0.5ms]
[2026-05-08 21:04:01] MOVE chetan (lawn green): 46→56 [0.2ms]
[2026-05-08 21:04:02] MOVE asha (gray0): 17→8 [0.1ms]
[2026-05-08 21:04:02] MOVE chetan (lawn green): 56→46 [0.1ms]
[2026-05-08 21:04:03] MOVE asha (gray0): 8→17 [0.1ms]
[2026-05-08 21:04:03] MOVE chetan (lawn green): 46→56 [0.1ms]
[2026-05-08 21:04:03] MOVE asha (gray0): 17→8 [0.3ms]
[2026-05-08 21:04:03] MOVE chetan (lawn green): 56→46 [0.1ms]
[2026-05-08 21:04:04] MOVE asha (gray0): 8→17 [0.1ms]
[2026-05-08 21:04:04] MOVE chetan (lawn green): 46→56 [0.1ms]
[2026-05-08 21:04:04] MOVE asha (gray0): 17→8 [0.1ms]
[2026-05-08 21:04:04] MOVE chetan (lawn green): 56→46 [0.1ms]
[2026-05-08 21:04:05] MOVE asha (gray0): 8→17 [0.2ms]
[2026-05-08 21:04:05] MOVE chetan (lawn green): 46→56 [0.1ms]
[2026-05-08 21:04:05] MOVE asha (gray0): 17→8 [0.1ms]
[2026-05-08 21:04:06] MOVE chetan (lawn green): 56→46 [0.1ms]
[2026-05-08 21:04:06] MOVE asha (gray0): 8→17 [0.1ms]
[2026-05-08 21:04:06] MOVE chetan (lawn green): 46→56 [0.1ms]
[2026-05-08 21:04:07] MOVE asha (gray0): 17→8 [0.1ms]
[2026-05-08 21:04:07] MOVE chetan (lawn green): 56→46 [0.3ms]
[2026-05-08 21:04:08] MOVE asha (gray0): 8→17 [0.1ms]
[2026-05-08 21:04:08] MOVE chetan (lawn green): 46→56 [0.1ms]
[2026-05-08 21:04:08] MOVE asha (gray0): 17→8 [0.1ms]
[2026-05-08 21:04:08] MOVE chetan (lawn green): 56→46 [0.1ms]
[2026-05-08 21:04:09] MOVE asha (gray0): 8→17 [0.1ms]
[2026-05-08 21:04:09] MOVE chetan (lawn green): 46→56 [0.1ms]
[2026-05-08 21:04:09] MOVE asha (gray0): 17→8 [0.2ms]
[2026-05-08 21:04:10] MOVE chetan (lawn green): 56→46 [0.1ms]
[2026-05-08 21:04:11] MOVE asha (gray0): 8→17 [0.2ms]
[2026-05-08 21:04:11] MOVE chetan (lawn green): 46→56 [0.2ms]
[2026-05-08 21:04:11] MOVE asha (gray0): 17→8 [0.1ms]
[2026-05-08 21:04:11] MOVE chetan (lawn green): 56→46 [0.1ms]
[2026-05-08 21:04:12] MOVE asha (gray0): 8→17 [0.3ms]
[2026-05-08 21:04:12] MOVE chetan (lawn green): 46→56 [0.1ms]
[2026-05-08 21:04:12] MOVE asha (gray0): 17→8 [0.1ms]
[2026-05-08 21:04:12] MOVE chetan (lawn green): 56→46 [0.1ms]
[2026-05-08 21:04:13] MOVE asha (gray0): 8→17 [0.1ms]
[2026-05-08 21:04:13] MOVE chetan (lawn green): 46→56 [0.1ms]
[2026-05-08 21:04:13] MOVE asha (gray0): 17→8 [0.1ms]
[2026-05-08 21:04:14] MOVE chetan (lawn green): 56→46 [1.1ms]
[2026-05-08 21:04:14] MOVE asha (gray0): 8→17 [0.1ms]
[2026-05-08 21:04:15] MOVE chetan (lawn green): 46→56 [0.1ms]
[2026-05-08 21:04:15] MOVE asha (gray0): 17→8 [0.1ms]
[2026-05-08 21:04:15] MOVE chetan (lawn green): 56→46 [0.1ms]
[2026-05-08 21:04:16] MOVE asha (gray0): 8→17 [0.1ms]
[2026-05-08 21:04:16] MOVE chetan (lawn green): 46→56 [0.1ms]
[2026-05-08 21:04:16] MOVE asha (gray0): 17→8 [0.1ms]
[2026-05-08 21:04:16] MOVE chetan (lawn green): 56→46 [0.4ms]
[2026-05-08 21:04:17] MOVE asha (gray0): 8→17 [0.2ms]
[2026-05-08 21:04:17] MOVE chetan (lawn green): 46→56 [0.1ms]
[2026-05-08 21:04:17] MOVE asha (gray0): 17→8 [0.1ms]
[2026-05-08 21:04:17] MOVE chetan (lawn green): 56→46 [0.1ms]
[2026-05-08 21:04:18] MOVE asha (gray0): 8→17 [0.1ms]
[2026-05-08 21:04:18] MOVE chetan (lawn green): 46→56 [0.1ms]
[2026-05-08 21:04:18] MOVE asha (gray0): 17→8 [0.5ms]
[2026-05-08 21:04:19] MOVE chetan (lawn green): 56→46 [0.1ms]
[2026-05-08 21:04:19] MOVE asha (gray0): 8→17 [0.1ms]
[2026-05-08 21:04:20] MOVE chetan (lawn green): 46→56 [0.1ms]
[2026-05-08 21:04:20] MOVE asha (gray0): 17→8 [0.1ms]
[2026-05-08 21:04:20] MOVE chetan (lawn green): 56→46 [0.1ms]
[2026-05-08 21:04:21] MOVE asha (gray0): 8→17 [0.1ms]
[2026-05-08 21:04:21] MOVE chetan (lawn green): 46→56 [0.1ms]
[2026-05-08 21:04:21] MOVE asha (gray0): 17→8 [0.1ms]
[2026-05-08 21:04:21] MOVE chetan (lawn green): 56→46 [0.4ms]
[2026-05-08 21:04:22] MOVE asha (gray0): 8→17 [0.1ms]
[2026-05-08 21:04:22] MOVE chetan (lawn green): 46→56 [0.1ms]
[2026-05-08 21:04:22] MOVE asha (gray0): 17→8 [0.1ms]
[2026-05-08 21:04:22] MOVE chetan (lawn green): 56→46 [0.1ms]
[2026-05-08 21:04:23] MOVE asha (gray0): 8→17 [0.1ms]
[2026-05-08 21:04:23] MOVE chetan (lawn green): 46→56 [0.1ms]
[2026-05-08 21:04:24] MOVE asha (gray0): 17→8 [0.1ms]
[2026-05-08 21:04:24] MOVE chetan (lawn green): 56→46 [0.1ms]
[2026-05-08 21:04:25] MOVE asha (gray0): 8→17 [0.2ms]
[2026-05-08 21:04:25] MOVE chetan (lawn green): 46→56 [0.1ms]
[2026-05-08 21:04:25] MOVE asha (gray0): 17→8 [0.3ms]
[2026-05-08 21:04:25] MOVE chetan (lawn green): 56→46 [0.1ms]
[2026-05-08 21:04:26] MOVE asha (gray0): 8→17 [0.1ms]
[2026-05-08 21:04:26] MOVE chetan (lawn green): 46→56 [0.1ms]
[2026-05-08 21:04:26] MOVE asha (gray0): 17→8 [0.1ms]
[2026-05-08 21:04:26] MOVE chetan (lawn green): 56→46 [0.1ms]
[2026-05-08 21:04:27] MOVE asha (gray0): 8→17 [0.1ms]
[2026-05-08 21:04:27] MOVE chetan (lawn green): 46→56 [0.1ms]
[2026-05-08 21:04:27] MOVE asha (gray0): 17→8 [0.1ms]
[2026-05-08 21:04:28] MOVE chetan (lawn green): 56→46 [0.1ms]
[2026-05-08 21:04:28] MOVE asha (gray0): 8→17 [0.1ms]
[2026-05-08 21:04:29] MOVE chetan (lawn green): 46→56 [0.3ms]
[2026-05-08 21:04:29] MOVE asha (gray0): 17→8 [0.8ms]
[2026-05-08 21:04:29] MOVE chetan (lawn green): 56→46 [1.2ms]
[2026-05-08 21:04:29] MOVE asha (gray0): 8→17 [0.1ms]
[2026-05-08 21:04:30] MOVE chetan (lawn green): 46→56 [0.1ms]
[2026-05-08 21:04:30] MOVE asha (gray0): 17→8 [0.1ms]
[2026-05-08 21:04:30] MOVE chetan (lawn green): 56→46 [0.7ms]
[2026-05-08 21:04:31] MOVE asha (gray0): 8→17 [0.1ms]
[2026-05-08 21:04:31] MOVE chetan (lawn green): 46→56 [0.1ms]
[2026-05-08 21:04:31] MOVE asha (gray0): 17→8 [0.1ms]
[2026-05-08 21:04:31] MOVE chetan (lawn green): 56→46 [0.1ms]
[2026-05-08 21:04:32] MOVE asha (gray0): 8→17 [0.1ms]
[2026-05-08 21:04:32] MOVE chetan (lawn green): 46→56 [0.1ms]
[2026-05-08 21:04:33] MOVE asha (gray0): 17→8 [2.2ms]
[2026-05-08 21:04:33] MOVE chetan (lawn green): 56→46 [0.1ms]
[2026-05-08 21:04:34] MOVE asha (gray0): 8→17 [0.1ms]
[2026-05-08 21:04:34] MOVE chetan (lawn green): 46→56 [0.1ms]
[2026-05-08 21:04:34] MOVE asha (gray0): 17→8 [0.2ms]
[2026-05-08 21:04:34] MOVE chetan (lawn green): 56→46 [0.1ms]
[2026-05-08 21:04:35] MOVE asha (gray0): 8→17 [0.1ms]
[2026-05-08 21:04:35] MOVE chetan (lawn green): 46→56 [0.1ms]
[2026-05-08 21:04:35] MOVE asha (gray0): 17→8 [0.1ms]
[2026-05-08 21:04:35] MOVE chetan (lawn green): 56→46 [0.1ms]
[2026-05-08 21:04:36] MOVE asha (gray0): 8→17 [0.1ms]
[2026-05-08 21:04:36] MOVE chetan (lawn green): 46→56 [0.1ms]
[2026-05-08 21:04:36] MOVE asha (gray0): 17→8 [0.1ms]
[2026-05-08 21:04:36] MOVE chetan (lawn green): 56→46 [0.1ms]
[2026-05-08 21:04:37] MOVE asha (gray0): 8→17 [0.2ms]
[2026-05-08 21:04:37] MOVE chetan (lawn green): 46→56 [0.1ms]
[2026-05-08 21:04:38] MOVE asha (gray0): 17→8 [0.1ms]
[2026-05-08 21:04:38] MOVE chetan (lawn green): 56→46 [0.1ms]
[2026-05-08 21:04:38] MOVE asha (gray0): 8→17 [0.1ms]
[2026-05-08 21:04:38] MOVE chetan (lawn green): 46→56 [0.2ms]
[2026-05-08 21:04:39] MOVE asha (gray0): 17→8 [0.1ms]
[2026-05-08 21:04:39] MOVE chetan (lawn green): 56→46 [0.1ms]
[2026-05-08 21:04:40] MOVE asha (gray0): 8→17 [0.1ms]
[2026-05-08 21:04:40] MOVE chetan (lawn green): 46→56 [0.1ms]
[2026-05-08 21:04:40] MOVE asha (gray0): 17→8 [0.1ms]
[2026-05-08 21:04:40] MOVE chetan (lawn green): 56→46 [0.1ms]
[2026-05-08 21:04:41] MOVE asha (gray0): 8→17 [0.1ms]
[2026-05-08 21:04:41] MOVE chetan (lawn green): 46→56 [0.1ms]
[2026-05-08 21:04:41] MOVE asha (gray0): 17→8 [0.4ms]
[2026-05-08 21:04:41] MOVE chetan (lawn green): 56→46 [0.3ms]
[2026-05-08 21:04:42] MOVE asha (gray0): 8→17 [0.1ms]
[2026-05-08 21:04:42] MOVE chetan (lawn green): 46→56 [0.1ms]
[2026-05-08 21:04:42] MOVE asha (gray0): 17→8 [0.1ms]
[2026-05-08 21:04:43] MOVE chetan (lawn green): 56→46 [0.1ms]
[2026-05-08 21:04:43] MOVE asha (gray0): 8→17 [0.1ms]
[2026-05-08 21:04:43] MOVE chetan (lawn green): 46→56 [0.1ms]
[2026-05-08 21:04:44] MOVE asha (gray0): 17→8 [0.1ms]
[2026-05-08 21:04:44] MOVE chetan (lawn green): 56→46 [0.1ms]
[2026-05-08 21:04:45] MOVE asha (gray0): 8→17 [0.1ms]
[2026-05-08 21:04:45] MOVE chetan (lawn green): 46→56 [0.1ms]
[2026-05-08 21:04:45] MOVE asha (gray0): 17→8 [0.1ms]
[2026-05-08 21:04:45] MOVE chetan (lawn green): 56→46 [0.1ms]
[2026-05-08 21:04:46] MOVE asha (gray0): 8→17 [0.1ms]
[2026-05-08 21:04:46] MOVE chetan (lawn green): 46→56 [0.1ms]
[2026-05-08 21:04:46] MOVE asha (gray0): 17→8 [0.1ms]
[2026-05-08 21:04:46] MOVE chetan (lawn green): 56→46 [0.1ms]
[2026-05-08 21:04:47] MOVE asha (gray0): 8→17 [0.1ms]
[2026-05-08 21:04:47] MOVE chetan (lawn green): 46→56 [0.1ms]
[2026-05-08 21:04:47] MOVE asha (gray0): 17→8 [0.1ms]
[2026-05-08 21:04:47] MOVE chetan (lawn green): 56→46 [0.1ms]
[2026-05-08 21:04:48] MOVE asha (gray0): 8→17 [0.1ms]
[2026-05-08 21:04:48] MOVE chetan (lawn green): 46→56 [0.1ms]
[2026-05-08 21:04:49] MOVE asha (gray0): 17→8 [0.1ms]
[2026-05-08 21:04:49] MOVE chetan (lawn green): 56→46 [0.1ms]
[2026-05-08 21:04:50] MOVE asha (gray0): 8→17 [0.1ms]
[2026-05-08 21:04:50] MOVE chetan (lawn green): 46→56 [0.1ms]
[2026-05-08 21:04:50] MOVE asha (gray0): 17→8 [0.1ms]
[2026-05-08 21:04:50] MOVE chetan (lawn green): 56→46 [0.1ms]
[2026-05-08 21:04:51] MOVE asha (gray0): 8→17 [0.1ms]
[2026-05-08 21:04:51] MOVE chetan (lawn green): 46→56 [0.1ms]
[2026-05-08 21:04:51] MOVE asha (gray0): 17→8 [0.1ms]
[2026-05-08 21:04:51] MOVE chetan (lawn green): 56→46 [0.1ms]
[2026-05-08 21:04:52] MOVE asha (gray0): 8→17 [0.1ms]
[2026-05-08 21:04:52] MOVE chetan (lawn green): 46→56 [0.1ms]
[2026-05-08 21:04:52] MOVE asha (gray0): 17→8 [0.2ms]
[2026-05-08 21:04:52] MOVE chetan (lawn green): 56→46 [0.1ms]
[2026-05-08 21:04:53] MOVE asha (gray0): 8→17 [0.1ms]
[2026-05-08 21:04:53] MOVE chetan (lawn green): 46→56 [0.1ms]
[2026-05-08 21:04:53] MOVE asha (gray0): 17→8 [0.1ms]
[2026-05-08 21:04:54] MOVE chetan (lawn green): 56→46 [0.7ms]
[2026-05-08 21:04:54] MOVE asha (gray0): 8→17 [0.3ms]
[2026-05-08 21:04:55] MOVE chetan (lawn green): 46→56 [0.1ms]
[2026-05-08 21:04:55] MOVE asha (gray0): 17→8 [0.1ms]
[2026-05-08 21:04:55] MOVE chetan (lawn green): 56→46 [0.1ms]
[2026-05-08 21:04:56] MOVE asha (gray0): 8→17 [0.1ms]
[2026-05-08 21:04:56] MOVE chetan (lawn green): 46→56 [0.1ms]
[2026-05-08 21:04:56] MOVE asha (gray0): 17→8 [0.1ms]
[2026-05-08 21:04:56] MOVE chetan (lawn green): 56→46 [0.1ms]
[2026-05-08 21:04:57] MOVE asha (gray0): 8→17 [0.1ms]
[2026-05-08 21:04:57] MOVE chetan (lawn green): 46→56 [0.1ms]
[2026-05-08 21:04:57] MOVE asha (gray0): 17→8 [0.1ms]
[2026-05-08 21:04:57] MOVE chetan (lawn green): 56→46 [0.1ms]
[2026-05-08 21:04:58] MOVE asha (gray0): 8→17 [0.1ms]
[2026-05-08 21:04:58] MOVE chetan (lawn green): 46→56 [0.1ms]
[2026-05-08 21:04:58] MOVE asha (gray0): 17→8 [0.1ms]
[2026-05-08 21:04:59] MOVE chetan (lawn green): 56→46 [0.2ms]
[2026-05-08 21:04:59] MOVE asha (gray0): 8→17 [0.1ms]
[2026-05-08 21:05:00] MOVE chetan (lawn green): 46→56 [0.1ms]
[2026-05-08 21:05:00] MOVE asha (gray0): 17→8 [0.1ms]
[2026-05-08 21:05:00] MOVE chetan (lawn green): 56→46 [0.1ms]
[2026-05-08 21:05:00] MOVE asha (gray0): 8→17 [0.1ms]
[2026-05-08 21:05:01] MOVE chetan (lawn green): 46→56 [0.1ms]
[2026-05-08 21:05:01] MOVE asha (gray0): 17→8 [0.1ms]
[2026-05-08 21:05:01] MOVE chetan (lawn green): 56→46 [0.2ms]
[2026-05-08 21:05:02] MOVE asha (gray0): 8→17 [0.1ms]
[2026-05-08 21:05:02] MOVE chetan (lawn green): 46→56 [0.3ms]
[2026-05-08 21:05:02] MOVE asha (gray0): 17→8 [0.1ms]
[2026-05-08 21:05:03] MOVE chetan (lawn green): 56→46 [0.1ms]
[2026-05-08 21:05:04] MOVE asha (gray0): 8→17 [0.1ms]
[2026-05-08 21:05:04] MOVE chetan (lawn green): 46→56 [0.2ms]
[2026-05-08 21:05:04] MOVE asha (gray0): 17→8 [0.1ms]
[2026-05-08 21:05:04] MOVE chetan (lawn green): 56→46 [0.1ms]
[2026-05-08 21:05:05] MOVE asha (gray0): 8→17 [0.1ms]
[2026-05-08 21:05:05] MOVE chetan (lawn green): 46→56 [0.1ms]
[2026-05-08 21:05:05] MOVE asha (gray0): 17→8 [0.1ms]
[2026-05-08 21:05:05] MOVE chetan (lawn green): 56→46 [0.1ms]
[2026-05-08 21:05:06] MOVE asha (gray0): 8→17 [0.9ms]
[2026-05-08 21:05:06] MOVE chetan (lawn green): 46→56 [0.1ms]
[2026-05-08 21:05:07] MOVE asha (gray0): 17→8 [0.1ms]
[2026-05-08 21:05:07] MOVE chetan (lawn green): 56→46 [0.1ms]
[2026-05-08 21:05:08] MOVE asha (gray0): 8→17 [0.1ms]
[2026-05-08 21:05:08] MOVE chetan (lawn green): 46→56 [0.1ms]
[2026-05-08 21:05:08] MOVE asha (gray0): 17→8 [0.3ms]
[2026-05-08 21:05:08] MOVE chetan (lawn green): 56→46 [0.1ms]
[2026-05-08 21:05:09] MOVE asha (gray0): 8→17 [0.1ms]
[2026-05-08 21:05:09] MOVE chetan (lawn green): 46→56 [0.1ms]
[2026-05-08 21:05:09] MOVE asha (gray0): 17→8 [0.1ms]
[2026-05-08 21:05:09] MOVE chetan (lawn green): 56→46 [0.1ms]
[2026-05-08 21:05:10] MOVE asha (gray0): 8→17 [0.1ms]
[2026-05-08 21:05:10] MOVE chetan (lawn green): 46→56 [0.1ms]
[2026-05-08 21:05:11] MOVE asha (gray0): 17→8 [0.1ms]
[2026-05-08 21:05:11] MOVE chetan (lawn green): 56→46 [0.1ms]
[2026-05-08 21:05:12] MOVE asha (gray0): 8→17 [0.1ms]
[2026-05-08 21:05:12] MOVE chetan (lawn green): 46→56 [0.1ms]
[2026-05-08 21:05:12] MOVE asha (gray0): 17→8 [0.1ms]
[2026-05-08 21:05:12] MOVE chetan (lawn green): 56→46 [0.4ms]
[2026-05-08 21:05:13] MOVE asha (gray0): 8→17 [0.1ms]
[2026-05-08 21:05:13] MOVE chetan (lawn green): 46→56 [0.1ms]
[2026-05-08 21:05:13] MOVE asha (gray0): 17→8 [0.1ms]
[2026-05-08 21:05:14] MOVE chetan (lawn green): 56→46 [0.1ms]
[2026-05-08 21:05:14] MOVE asha (gray0): 8→17 [0.1ms]
[2026-05-08 21:05:14] MOVE chetan (lawn green): 46→56 [0.1ms]
[2026-05-08 21:05:15] MOVE asha (gray0): 17→8 [0.2ms]
[2026-05-08 21:05:15] MOVE chetan (lawn green): 56→46 [0.1ms]
[2026-05-08 21:05:16] MOVE asha (gray0): 8→17 [0.1ms]
[2026-05-08 21:05:16] MOVE chetan (lawn green): 46→56 [0.1ms]
[2026-05-08 21:05:16] MOVE asha (gray0): 17→8 [0.1ms]
[2026-05-08 21:05:16] MOVE chetan (lawn green): 56→46 [0.1ms]
[2026-05-08 21:05:17] MOVE asha (gray0): 8→17 [0.1ms]
[2026-05-08 21:05:17] MOVE chetan (lawn green): 46→56 [0.1ms]
[2026-05-08 21:05:17] MOVE asha (gray0): 17→8 [0.1ms]
[2026-05-08 21:05:17] MOVE chetan (lawn green): 56→46 [0.1ms]
[2026-05-08 21:05:18] MOVE asha (gray0): 8→17 [0.1ms]
[2026-05-08 21:05:18] MOVE chetan (lawn green): 46→56 [0.1ms]
[2026-05-08 21:05:18] MOVE asha (gray0): 17→8 [0.1ms]
[2026-05-08 21:05:19] MOVE chetan (lawn green): 56→46 [0.4ms]
[2026-05-08 21:05:20] MOVE asha (gray0): 8→17 [0.2ms]
[2026-05-08 21:05:20] MOVE chetan (lawn green): 46→56 [0.1ms]
[2026-05-08 21:05:20] MOVE asha (gray0): 17→8 [0.1ms]
[2026-05-08 21:05:20] MOVE chetan (lawn green): 56→46 [0.1ms]
[2026-05-08 21:05:21] MOVE asha (gray0): 8→17 [0.1ms]
[2026-05-08 21:05:21] MOVE chetan (lawn green): 46→56 [0.1ms]
[2026-05-08 21:05:21] MOVE asha (gray0): 17→8 [0.1ms]
[2026-05-08 21:05:21] MOVE chetan (lawn green): 56→46 [0.1ms]
[2026-05-08 21:05:22] MOVE asha (gray0): 8→17 [0.1ms]
[2026-05-08 21:05:22] MOVE chetan (lawn green): 46→56 [0.1ms]
[2026-05-08 21:05:22] MOVE asha (gray0): 17→8 [0.1ms]
[2026-05-08 21:05:23] MOVE chetan (lawn green): 56→46 [0.1ms]
[2026-05-08 21:05:23] MOVE asha (gray0): 8→17 [0.1ms]
[2026-05-08 21:05:23] MOVE chetan (lawn green): 46→56 [0.1ms]
[2026-05-08 21:05:24] MOVE asha (gray0): 17→8 [0.1ms]
[2026-05-08 21:05:24] MOVE chetan (lawn green): 56→46 [0.1ms]
[2026-05-08 21:05:25] MOVE asha (gray0): 8→17 [0.1ms]
[2026-05-08 21:05:25] MOVE chetan (lawn green): 46→56 [0.1ms]
[2026-05-08 21:05:25] MOVE asha (gray0): 17→8 [0.1ms]
[2026-05-08 21:05:25] MOVE chetan (lawn green): 56→46 [0.2ms]
[2026-05-08 21:05:26] MOVE asha (gray0): 8→17 [0.1ms]
[2026-05-08 21:05:26] MOVE chetan (lawn green): 46→56 [0.5ms]
[2026-05-08 21:05:26] MOVE asha (gray0): 17→8 [0.1ms]
[2026-05-08 21:05:26] MOVE chetan (lawn green): 56→46 [0.2ms]
[2026-05-08 21:05:27] MOVE asha (gray0): 8→17 [0.1ms]
[2026-05-08 21:05:27] MOVE chetan (lawn green): 46→56 [0.2ms]
[2026-05-08 21:05:27] MOVE asha (gray0): 17→8 [0.1ms]
[2026-05-08 21:05:28] MOVE chetan (lawn green): 56→46 [0.1ms]
[2026-05-08 21:05:28] MOVE asha (gray0): 8→17 [0.1ms]
[2026-05-08 21:05:28] MOVE chetan (lawn green): 46→56 [0.1ms]
[2026-05-08 21:05:29] MOVE asha (gray0): 17→8 [0.1ms]
[2026-05-08 21:05:29] MOVE chetan (lawn green): 56→46 [0.3ms]
[2026-05-08 21:05:29] MOVE asha (gray0): 8→17 [0.1ms]
[2026-05-08 21:05:30] MOVE chetan (lawn green): 46→56 [0.1ms]
[2026-05-08 21:05:30] MOVE asha (gray0): 17→8 [0.1ms]
[2026-05-08 21:05:30] MOVE chetan (lawn green): 56→46 [0.1ms]
[2026-05-08 21:05:31] MOVE asha (gray0): 8→17 [0.1ms]
[2026-05-08 21:05:31] MOVE chetan (lawn green): 46→56 [0.1ms]
[2026-05-08 21:05:31] MOVE asha (gray0): 17→8 [0.1ms]
[2026-05-08 21:05:31] MOVE chetan (lawn green): 56→46 [0.1ms]
[2026-05-08 21:05:32] MOVE asha (gray0): 8→17 [0.1ms]
[2026-05-08 21:05:32] MOVE chetan (lawn green): 46→56 [0.1ms]
[2026-05-08 21:05:32] MOVE asha (gray0): 17→8 [0.1ms]
[2026-05-08 21:05:33] MOVE chetan (lawn green): 56→46 [0.2ms]
[2026-05-08 21:05:33] MOVE asha (gray0): 8→17 [0.1ms]
[2026-05-08 21:05:33] MOVE chetan (lawn green): 46→56 [0.1ms]
[2026-05-08 21:05:33] MOVE asha (gray0): 17→8 [0.1ms]
[2026-05-08 21:05:34] MOVE chetan (lawn green): 56→46 [0.1ms]
[2026-05-08 21:05:34] MOVE asha (gray0): 8→17 [15.1ms]
[2026-05-08 21:05:35] MOVE chetan (lawn green): 46→56 [3.3ms]
[2026-05-08 21:05:35] MOVE asha (gray0): 17→8 [0.6ms]
[2026-05-08 21:05:35] MOVE chetan (lawn green): 56→46 [0.7ms]
[2026-05-08 21:05:36] MOVE asha (gray0): 8→17 [0.1ms]
[2026-05-08 21:05:36] MOVE chetan (lawn green): 46→56 [0.1ms]
[2026-05-08 21:05:37] MOVE asha (gray0): 17→8 [0.1ms]
[2026-05-08 21:05:37] MOVE chetan (lawn green): 56→46 [0.1ms]
[2026-05-08 21:05:38] MOVE asha (gray0): 8→17 [0.1ms]
[2026-05-08 21:05:38] MOVE chetan (lawn green): 46→56 [0.2ms]
[2026-05-08 21:05:38] MOVE asha (gray0): 17→8 [0.1ms]
[2026-05-08 21:05:38] MOVE chetan (lawn green): 56→46 [0.5ms]
[2026-05-08 21:05:39] MOVE asha (gray0): 8→17 [0.1ms]
[2026-05-08 21:05:39] MOVE chetan (lawn green): 46→56 [0.1ms]
[2026-05-08 21:05:39] MOVE asha (gray0): 17→8 [0.1ms]
[2026-05-08 21:05:39] MOVE chetan (lawn green): 56→46 [0.1ms]
[2026-05-08 21:05:40] MOVE asha (gray0): 8→17 [0.1ms]
[2026-05-08 21:05:40] MOVE chetan (lawn green): 46→56 [0.1ms]
[2026-05-08 21:05:40] MOVE asha (gray0): 17→8 [0.1ms]
[2026-05-08 21:05:40] MOVE chetan (lawn green): 56→46 [0.1ms]
[2026-05-08 21:05:41] MOVE asha (gray0): 8→17 [0.1ms]
[2026-05-08 21:05:41] MOVE chetan (lawn green): 46→56 [0.2ms]
[2026-05-08 21:05:42] MOVE asha (gray0): 17→8 [2.8ms]
[2026-05-08 21:05:42] MOVE chetan (lawn green): 56→46 [0.1ms]
[2026-05-08 21:05:43] MOVE asha (gray0): 8→17 [0.1ms]
[2026-05-08 21:05:43] MOVE chetan (lawn green): 46→56 [0.1ms]
[2026-05-08 21:05:43] MOVE asha (gray0): 17→8 [0.1ms]
[2026-05-08 21:05:43] MOVE chetan (lawn green): 56→46 [0.1ms]
[2026-05-08 21:05:44] MOVE asha (gray0): 8→17 [0.1ms]
[2026-05-08 21:05:44] MOVE chetan (lawn green): 46→56 [0.1ms]
[2026-05-08 21:05:44] MOVE asha (gray0): 17→8 [0.2ms]
[2026-05-08 21:05:44] MOVE chetan (lawn green): 56→46 [0.1ms]
[2026-05-08 21:05:45] MOVE asha (gray0): 8→17 [0.1ms]
[2026-05-08 21:05:45] MOVE chetan (lawn green): 46→56 [0.1ms]
[2026-05-08 21:05:45] MOVE asha (gray0): 17→8 [0.1ms]
[2026-05-08 21:05:45] MOVE chetan (lawn green): 56→46 [0.1ms]
[2026-05-08 21:05:46] MOVE asha (gray0): 8→17 [0.4ms]
[2026-05-08 21:05:46] MOVE chetan (lawn green): 46→56 [0.1ms]
[2026-05-08 21:05:47] MOVE asha (gray0): 17→8 [0.1ms]
[2026-05-08 21:05:47] MOVE chetan (lawn green): 56→46 [0.1ms]
[2026-05-08 21:05:48] MOVE asha (gray0): 8→17 [0.1ms]
[2026-05-08 21:05:48] MOVE chetan (lawn green): 46→56 [0.1ms]
[2026-05-08 21:05:48] MOVE asha (gray0): 17→8 [0.1ms]
[2026-05-08 21:05:48] MOVE chetan (lawn green): 56→46 [0.1ms]
[2026-05-08 21:05:49] MOVE asha (gray0): 8→17 [0.1ms]
[2026-05-08 21:05:49] MOVE chetan (lawn green): 46→56 [0.1ms]
[2026-05-08 21:05:49] MOVE asha (gray0): 17→8 [0.1ms]
[2026-05-08 21:05:49] MOVE chetan (lawn green): 56→46 [0.1ms]
[2026-05-08 21:05:50] MOVE asha (gray0): 8→17 [0.1ms]
[2026-05-08 21:05:50] MOVE chetan (lawn green): 46→56 [0.1ms]
[2026-05-08 21:05:50] MOVE asha (gray0): 17→8 [0.1ms]
[2026-05-08 21:05:50] MOVE chetan (lawn green): 56→46 [0.6ms]
[2026-05-08 21:05:51] MOVE asha (gray0): 8→17 [0.1ms]
[2026-05-08 21:05:51] MOVE chetan (lawn green): 46→56 [0.1ms]
[2026-05-08 21:05:51] MOVE asha (gray0): 17→8 [0.1ms]
[2026-05-08 21:05:52] MOVE chetan (lawn green): 56→46 [0.1ms]
[2026-05-08 21:05:52] MOVE asha (gray0): 8→17 [0.1ms]
[2026-05-08 21:05:53] MOVE chetan (lawn green): 46→56 [0.3ms]
[2026-05-08 21:05:53] MOVE asha (gray0): 17→8 [0.2ms]
[2026-05-08 21:05:53] MOVE chetan (lawn green): 56→46 [0.1ms]
[2026-05-08 21:05:54] MOVE asha (gray0): 8→17 [0.1ms]
[2026-05-08 21:05:54] MOVE chetan (lawn green): 46→56 [0.1ms]
[2026-05-08 21:05:54] MOVE asha (gray0): 17→8 [0.1ms]
[2026-05-08 21:05:54] MOVE chetan (lawn green): 56→46 [0.1ms]
[2026-05-08 21:05:55] MOVE asha (gray0): 8→17 [0.1ms]
[2026-05-08 21:05:55] MOVE chetan (lawn green): 46→56 [0.1ms]
[2026-05-08 21:05:55] MOVE asha (gray0): 17→8 [0.1ms]
[2026-05-08 21:05:55] MOVE chetan (lawn green): 56→46 [0.1ms]
[2026-05-08 21:05:56] MOVE asha (gray0): 8→17 [0.1ms]
[2026-05-08 21:05:56] MOVE chetan (lawn green): 46→56 [0.1ms]
[2026-05-08 21:05:56] MOVE asha (gray0): 17→8 [0.1ms]
[2026-05-08 21:05:57] MOVE chetan (lawn green): 56→46 [0.1ms]
[2026-05-08 21:05:57] MOVE asha (gray0): 8→17 [0.1ms]
[2026-05-08 21:05:57] MOVE chetan (lawn green): 46→56 [0.1ms]
[2026-05-08 21:05:58] MOVE asha (gray0): 17→8 [0.1ms]
[2026-05-08 21:05:58] MOVE chetan (lawn green): 56→46 [0.1ms]
[2026-05-08 21:05:58] MOVE asha (gray0): 8→17 [0.1ms]
[2026-05-08 21:05:59] MOVE chetan (lawn green): 46→56 [0.1ms]
[2026-05-08 21:05:59] MOVE asha (gray0): 17→8 [0.1ms]
[2026-05-08 21:05:59] MOVE chetan (lawn green): 56→46 [0.1ms]
[2026-05-08 21:06:00] MOVE asha (gray0): 8→17 [0.1ms]
[2026-05-08 21:06:00] MOVE chetan (lawn green): 46→56 [0.1ms]
[2026-05-08 21:06:00] MOVE asha (gray0): 17→8 [0.1ms]
[2026-05-08 21:06:00] MOVE chetan (lawn green): 56→46 [0.1ms]
[2026-05-08 21:06:01] MOVE asha (gray0): 8→17 [0.1ms]
[2026-05-08 21:06:01] MOVE chetan (lawn green): 46→56 [0.2ms]
[2026-05-08 21:06:01] MOVE asha (gray0): 17→8 [0.1ms]
[2026-05-08 21:06:02] MOVE chetan (lawn green): 56→46 [0.1ms]
[2026-05-08 21:06:02] MOVE asha (gray0): 8→17 [0.1ms]
[2026-05-08 21:06:02] MOVE chetan (lawn green): 46→56 [0.1ms]
[2026-05-08 21:06:02] MOVE asha (gray0): 17→8 [0.1ms]
[2026-05-08 21:06:03] MOVE chetan (lawn green): 56→46 [0.1ms]
[2026-05-08 21:06:03] MOVE asha (gray0): 8→17 [0.1ms]
[2026-05-08 21:06:04] MOVE chetan (lawn green): 46→56 [0.1ms]
[2026-05-08 21:06:04] MOVE asha (gray0): 17→8 [0.1ms]
[2026-05-08 21:06:04] MOVE chetan (lawn green): 56→46 [0.1ms]
[2026-05-08 21:06:05] MOVE asha (gray0): 8→17 [0.1ms]
[2026-05-08 21:06:05] MOVE chetan (lawn green): 46→56 [0.1ms]
[2026-05-08 21:06:05] MOVE asha (gray0): 17→8 [0.2ms]
[2026-05-08 21:06:05] MOVE chetan (lawn green): 56→46 [0.1ms]
[2026-05-08 21:06:06] MOVE asha (gray0): 8→17 [0.1ms]
[2026-05-08 21:06:06] MOVE chetan (lawn green): 46→56 [0.1ms]
[2026-05-08 21:06:06] MOVE asha (gray0): 17→8 [0.1ms]
[2026-05-08 21:06:07] MOVE chetan (lawn green): 56→46 [0.1ms]
[2026-05-08 21:06:07] MOVE asha (gray0): 8→17 [0.1ms]
[2026-05-08 21:06:07] MOVE chetan (lawn green): 46→56 [0.1ms]
[2026-05-08 21:06:08] MOVE asha (gray0): 17→8 [0.1ms]
[2026-05-08 21:06:08] MOVE chetan (lawn green): 56→46 [0.1ms]
[2026-05-08 21:06:09] MOVE asha (gray0): 8→17 [0.1ms]
[2026-05-08 21:06:09] MOVE chetan (lawn green): 46→56 [0.1ms]
[2026-05-08 21:06:09] MOVE asha (gray0): 17→8 [0.1ms]
[2026-05-08 21:06:09] MOVE chetan (lawn green): 56→46 [0.1ms]
[2026-05-08 21:06:10] MOVE asha (gray0): 8→17 [0.1ms]
[2026-05-08 21:06:10] MOVE chetan (lawn green): 46→56 [0.1ms]
[2026-05-08 21:06:10] MOVE asha (gray0): 17→8 [0.1ms]
[2026-05-08 21:06:10] MOVE chetan (lawn green): 56→46 [0.1ms]
[2026-05-08 21:06:11] MOVE asha (gray0): 8→17 [0.1ms]
[2026-05-08 21:06:11] MOVE chetan (lawn green): 46→56 [0.1ms]
[2026-05-08 21:06:11] MOVE asha (gray0): 17→8 [0.1ms]
[2026-05-08 21:06:11] MOVE chetan (lawn green): 56→46 [0.1ms]
[2026-05-08 21:06:12] MOVE asha (gray0): 8→17 [0.1ms]
[2026-05-08 21:06:12] MOVE chetan (lawn green): 46→56 [0.1ms]
[2026-05-08 21:06:13] MOVE asha (gray0): 17→8 [0.1ms]
[2026-05-08 21:06:13] MOVE chetan (lawn green): 56→46 [0.1ms]
[2026-05-08 21:06:13] MOVE asha (gray0): 8→17 [0.1ms]
[2026-05-08 21:06:14] MOVE chetan (lawn green): 46→56 [0.1ms]
[2026-05-08 21:06:14] MOVE asha (gray0): 17→8 [0.1ms]
[2026-05-08 21:06:14] MOVE chetan (lawn green): 56→46 [0.1ms]
[2026-05-08 21:06:15] MOVE asha (gray0): 8→17 [0.1ms]
[2026-05-08 21:06:15] MOVE chetan (lawn green): 46→56 [0.1ms]
[2026-05-08 21:06:15] MOVE asha (gray0): 17→8 [0.6ms]
[2026-05-08 21:06:15] MOVE chetan (lawn green): 56→46 [0.1ms]
[2026-05-08 21:06:16] MOVE asha (gray0): 8→17 [0.1ms]
[2026-05-08 21:06:16] MOVE chetan (lawn green): 46→56 [0.1ms]
[2026-05-08 21:06:16] MOVE asha (gray0): 17→8 [0.1ms]
[2026-05-08 21:06:16] MOVE chetan (lawn green): 56→46 [0.1ms]
[2026-05-08 21:06:17] MOVE asha (gray0): 8→17 [0.1ms]
[2026-05-08 21:06:17] MOVE chetan (lawn green): 46→56 [0.1ms]
[2026-05-08 21:06:17] MOVE asha (gray0): 17→8 [0.1ms]
[2026-05-08 21:06:18] MOVE chetan (lawn green): 56→46 [0.1ms]
[2026-05-08 21:06:18] MOVE asha (gray0): 8→17 [0.1ms]
[2026-05-08 21:06:29] SCORE chetan (lawn green): Final=284.0, Time=0.0, Moves(389)=0.0, Pins(1)=100.0, Dist=184.0
[2026-05-08 21:06:29] SCORE asha (gray0): Final=389.0, Time=0.0, Moves(389)=0.0, Pins(2)=200.0, Dist=189.0
[2026-05-08 21:06:29] TURN TIMEOUT: Player with colour lawn green exceeded 10s at move 778. Turn skipped.
[2026-05-08 21:06:39] SCORE chetan (lawn green): Final=284.0, Time=0.0, Moves(389)=0.0, Pins(1)=100.0, Dist=184.0
[2026-05-08 21:06:39] SCORE asha (gray0): Final=389.0, Time=0.0, Moves(389)=0.0, Pins(2)=200.0, Dist=189.0
[2026-05-08 21:06:39] TURN TIMEOUT: Player with colour gray0 exceeded 10s at move 778. Turn skipped.
[2026-05-08 21:06:50] SCORE chetan (lawn green): Final=284.0, Time=0.0, Moves(389)=0.0, Pins(1)=100.0, Dist=184.0
[2026-05-08 21:06:50] SCORE asha (gray0): Final=389.0, Time=0.0, Moves(389)=0.0, Pins(2)=200.0, Dist=189.0
[2026-05-08 21:06:50] TURN TIMEOUT: Player with colour lawn green exceeded 10s at move 778. Turn skipped.
[2026-05-08 21:07:00] SCORE chetan (lawn green): Final=284.0, Time=0.0, Moves(389)=0.0, Pins(1)=100.0, Dist=184.0
[2026-05-08 21:07:00] SCORE asha (gray0): Final=389.0, Time=0.0, Moves(389)=0.0, Pins(2)=200.0, Dist=189.0
[2026-05-08 21:07:00] TURN TIMEOUT: Player with colour gray0 exceeded 10s at move 778. Turn skipped.
[2026-05-08 21:07:10] SCORE chetan (lawn green): Final=284.0, Time=0.0, Moves(389)=0.0, Pins(1)=100.0, Dist=184.0
[2026-05-08 21:07:10] SCORE asha (gray0): Final=389.0, Time=0.0, Moves(389)=0.0, Pins(2)=200.0, Dist=189.0
[2026-05-08 21:07:10] TURN TIMEOUT: Player with colour lawn green exceeded 10s at move 778. Turn skipped.
[2026-05-08 21:07:21] SCORE chetan (lawn green): Final=284.0, Time=0.0, Moves(389)=0.0, Pins(1)=100.0, Dist=184.0
[2026-05-08 21:07:21] SCORE asha (gray0): Final=389.0, Time=0.0, Moves(389)=0.0, Pins(2)=200.0, Dist=189.0
[2026-05-08 21:07:21] TURN TIMEOUT: Player with colour gray0 exceeded 10s at move 778. Turn skipped.
[2026-05-08 21:07:31] SCORE chetan (lawn green): Final=284.0, Time=0.0, Moves(389)=0.0, Pins(1)=100.0, Dist=184.0
[2026-05-08 21:07:31] SCORE asha (gray0): Final=389.0, Time=0.0, Moves(389)=0.0, Pins(2)=200.0, Dist=189.0
[2026-05-08 21:07:31] TURN TIMEOUT: Player with colour lawn green exceeded 10s at move 778. Turn skipped.
[2026-05-08 21:07:41] SCORE chetan (lawn green): Final=284.0, Time=0.0, Moves(389)=0.0, Pins(1)=100.0, Dist=184.0
[2026-05-08 21:07:41] SCORE asha (gray0): Final=389.0, Time=0.0, Moves(389)=0.0, Pins(2)=200.0, Dist=189.0
[2026-05-08 21:07:41] TURN TIMEOUT: Player with colour gray0 exceeded 10s at move 778. Turn skipped.
[2026-05-08 21:07:49] SCORE chetan (lawn green): Final=284.0, Time=0.0, Moves(389)=0.0, Pins(1)=100.0, Dist=184.0
[2026-05-08 21:07:49] SCORE asha (gray0): Final=389.0, Time=0.0, Moves(389)=0.0, Pins(2)=200.0, Dist=189.0
[2026-05-08 21:07:49] GAME TIME LIMIT REACHED.
