[2026-05-08 22:54:14] GAME CREATED
[2026-05-08 22:54:22] PLAYER JOINED: chetan as red
[2026-05-08 22:54:36] PLAYER JOINED: asha as blue
[2026-05-08 22:54:40] GAME STARTED — turn order: ['red', 'blue']
[2026-05-08 22:54:42] MOVE chetan (red): 115→102 [0.1ms]
[2026-05-08 22:54:43] MOVE asha (blue): 5→16 [0.1ms]
[2026-05-08 22:54:45] MOVE chetan (red): 111→89 [0.2ms]
[2026-05-08 22:54:47] MOVE asha (blue): 0→5 [0.2ms]
[2026-05-08 22:54:49] MOVE chetan (red): 89→77 [0.1ms]
[2026-05-08 22:54:51] MOVE asha (blue): 5→0 [0.2ms]
[2026-05-08 22:54:52] MOVE chetan (red): 77→66 [0.1ms]
[2026-05-08 22:54:54] MOVE asha (blue): 0→5 [0.1ms]
[2026-05-08 22:54:56] MOVE chetan (red): 66→56 [0.1ms]
[2026-05-08 22:54:58] MOVE asha (blue): 5→0 [0.2ms]
[2026-05-08 22:55:00] MOVE chetan (red): 56→46 [0.1ms]
[2026-05-08 22:55:01] MOVE asha (blue): 0→5 [0.1ms]
[2026-05-08 22:55:03] MOVE chetan (red): 46→35 [0.1ms]
[2026-05-08 22:55:05] MOVE asha (blue): 5→0 [0.1ms]
[2026-05-08 22:55:07] MOVE chetan (red): 35→23 [0.1ms]
[2026-05-08 22:55:09] MOVE asha (blue): 0→5 [0.1ms]
[2026-05-08 22:55:10] MOVE chetan (red): 23→10 [0.1ms]
[2026-05-08 22:55:12] MOVE asha (blue): 5→0 [0.1ms]
[2026-05-08 22:55:14] MOVE chetan (red): 10→11 [0.1ms]
[2026-05-08 22:55:16] MOVE asha (blue): 0→5 [0.1ms]
[2026-05-08 22:55:18] MOVE chetan (red): 11→10 [0.1ms]
[2026-05-08 22:55:20] MOVE asha (blue): 5→0 [0.1ms]
[2026-05-08 22:55:22] MOVE chetan (red): 10→11 [0.1ms]
[2026-05-08 22:55:23] MOVE asha (blue): 0→5 [0.2ms]
[2026-05-08 22:55:25] MOVE chetan (red): 11→10 [0.2ms]
[2026-05-08 22:55:27] MOVE asha (blue): 5→0 [0.1ms]
[2026-05-08 22:55:29] MOVE chetan (red): 10→11 [0.1ms]
[2026-05-08 22:55:31] MOVE asha (blue): 0→5 [0.2ms]
[2026-05-08 22:55:32] MOVE chetan (red): 11→10 [0.1ms]
[2026-05-08 22:55:34] MOVE asha (blue): 5→0 [0.1ms]
[2026-05-08 22:55:36] MOVE chetan (red): 10→11 [0.1ms]
[2026-05-08 22:55:38] MOVE asha (blue): 0→5 [0.1ms]
[2026-05-08 22:55:39] MOVE chetan (red): 11→10 [0.2ms]
[2026-05-08 22:55:41] MOVE asha (blue): 5→0 [0.1ms]
[2026-05-08 22:55:43] MOVE chetan (red): 10→11 [0.1ms]
[2026-05-08 22:55:44] MOVE asha (blue): 0→5 [0.1ms]
[2026-05-08 22:55:46] MOVE chetan (red): 11→10 [0.1ms]
[2026-05-08 22:55:48] MOVE asha (blue): 5→0 [0.1ms]
[2026-05-08 22:55:49] MOVE chetan (red): 10→11 [0.2ms]
[2026-05-08 22:55:51] MOVE asha (blue): 0→5 [0.2ms]
[2026-05-08 22:55:53] MOVE chetan (red): 11→10 [0.1ms]
[2026-05-08 22:55:55] MOVE asha (blue): 5→0 [0.1ms]
[2026-05-08 22:55:57] MOVE chetan (red): 10→11 [0.1ms]
[2026-05-08 22:55:59] MOVE asha (blue): 0→5 [0.1ms]
[2026-05-08 22:56:00] MOVE chetan (red): 11→10 [0.1ms]
[2026-05-08 22:56:02] MOVE asha (blue): 5→0 [0.1ms]
[2026-05-08 22:56:04] MOVE chetan (red): 10→11 [0.4ms]
[2026-05-08 22:56:06] MOVE asha (blue): 0→5 [0.1ms]
[2026-05-08 22:56:07] MOVE chetan (red): 11→10 [0.1ms]
[2026-05-08 22:56:09] MOVE asha (blue): 5→0 [0.1ms]
[2026-05-08 22:56:11] MOVE chetan (red): 10→11 [0.2ms]
[2026-05-08 22:56:13] MOVE asha (blue): 0→5 [0.1ms]
[2026-05-08 22:56:15] MOVE chetan (red): 11→10 [0.1ms]
[2026-05-08 22:56:17] MOVE asha (blue): 5→0 [0.1ms]
[2026-05-08 22:56:19] MOVE chetan (red): 10→11 [0.1ms]
[2026-05-08 22:56:21] MOVE asha (blue): 0→5 [0.1ms]
[2026-05-08 22:56:23] MOVE chetan (red): 11→10 [0.1ms]
[2026-05-08 22:56:24] MOVE asha (blue): 5→0 [0.1ms]
[2026-05-08 22:56:26] MOVE chetan (red): 10→11 [0.1ms]
[2026-05-08 22:56:28] MOVE asha (blue): 0→5 [0.2ms]
[2026-05-08 22:56:30] MOVE chetan (red): 11→10 [0.1ms]
[2026-05-08 22:56:32] MOVE asha (blue): 5→0 [0.1ms]
[2026-05-08 22:56:33] MOVE chetan (red): 10→11 [0.2ms]
[2026-05-08 22:56:35] MOVE asha (blue): 0→5 [0.1ms]
[2026-05-08 22:56:37] MOVE chetan (red): 11→10 [0.1ms]
[2026-05-08 22:56:39] MOVE asha (blue): 5→0 [0.1ms]
[2026-05-08 22:56:40] MOVE chetan (red): 10→11 [0.1ms]
[2026-05-08 22:56:42] MOVE asha (blue): 0→5 [0.2ms]
[2026-05-08 22:56:44] MOVE chetan (red): 11→10 [0.1ms]
[2026-05-08 22:56:46] MOVE asha (blue): 5→0 [0.1ms]
[2026-05-08 22:56:48] MOVE chetan (red): 10→11 [0.1ms]
[2026-05-08 22:56:49] MOVE asha (blue): 0→5 [0.4ms]
[2026-05-08 22:56:51] MOVE chetan (red): 11→10 [0.1ms]
[2026-05-08 22:56:53] MOVE asha (blue): 5→0 [0.2ms]
[2026-05-08 22:56:55] MOVE chetan (red): 10→11 [0.2ms]
[2026-05-08 22:56:57] MOVE asha (blue): 0→5 [0.2ms]
[2026-05-08 22:56:58] MOVE chetan (red): 11→10 [0.1ms]
[2026-05-08 22:57:00] MOVE asha (blue): 5→0 [0.1ms]
[2026-05-08 22:57:02] MOVE chetan (red): 10→11 [0.1ms]
[2026-05-08 22:57:04] MOVE asha (blue): 0→5 [0.1ms]
[2026-05-08 22:57:05] MOVE chetan (red): 11→10 [0.1ms]
[2026-05-08 22:57:07] MOVE asha (blue): 5→0 [0.1ms]
[2026-05-08 22:57:09] MOVE chetan (red): 10→11 [0.1ms]
[2026-05-08 22:57:11] MOVE asha (blue): 0→5 [0.3ms]
[2026-05-08 22:57:13] MOVE chetan (red): 11→10 [0.1ms]
[2026-05-08 22:57:15] MOVE asha (blue): 5→0 [0.1ms]
[2026-05-08 22:57:16] MOVE chetan (red): 10→11 [0.1ms]
[2026-05-08 22:57:18] MOVE asha (blue): 0→5 [0.1ms]
[2026-05-08 22:57:20] MOVE chetan (red): 11→10 [0.1ms]
[2026-05-08 22:57:21] MOVE asha (blue): 5→0 [0.1ms]
[2026-05-08 22:57:23] MOVE chetan (red): 10→11 [0.1ms]
[2026-05-08 22:57:25] MOVE asha (blue): 0→5 [0.1ms]
[2026-05-08 22:57:27] MOVE chetan (red): 11→10 [0.1ms]
[2026-05-08 22:57:28] MOVE asha (blue): 5→0 [0.1ms]
[2026-05-08 22:57:30] MOVE chetan (red): 10→11 [0.1ms]
[2026-05-08 22:57:32] MOVE asha (blue): 0→5 [0.1ms]
[2026-05-08 22:57:34] MOVE chetan (red): 11→10 [0.1ms]
[2026-05-08 22:57:35] MOVE asha (blue): 5→0 [0.1ms]
[2026-05-08 22:57:37] MOVE chetan (red): 10→11 [0.1ms]
[2026-05-08 22:57:39] MOVE asha (blue): 0→5 [0.1ms]
[2026-05-08 22:57:41] MOVE chetan (red): 11→10 [0.1ms]
[2026-05-08 22:57:42] MOVE asha (blue): 5→0 [0.1ms]
[2026-05-08 22:57:44] MOVE chetan (red): 10→11 [0.1ms]
[2026-05-08 22:57:46] MOVE asha (blue): 0→5 [0.1ms]
[2026-05-08 22:57:48] MOVE chetan (red): 11→10 [0.1ms]
[2026-05-08 22:57:50] MOVE asha (blue): 5→0 [0.1ms]
[2026-05-08 22:57:51] MOVE chetan (red): 10→11 [0.2ms]
[2026-05-08 22:57:53] MOVE asha (blue): 0→5 [0.1ms]
[2026-05-08 22:57:55] MOVE chetan (red): 11→10 [0.1ms]
[2026-05-08 22:57:57] MOVE asha (blue): 5→0 [0.1ms]
[2026-05-08 22:57:59] MOVE chetan (red): 10→11 [0.2ms]
[2026-05-08 22:58:00] MOVE asha (blue): 0→5 [0.2ms]
[2026-05-08 22:58:02] MOVE chetan (red): 11→10 [0.2ms]
[2026-05-08 22:58:04] MOVE asha (blue): 5→0 [0.1ms]
[2026-05-08 22:58:06] MOVE chetan (red): 10→11 [0.1ms]
[2026-05-08 22:58:08] MOVE asha (blue): 0→5 [0.2ms]
[2026-05-08 22:58:10] MOVE chetan (red): 11→10 [0.1ms]
[2026-05-08 22:58:11] MOVE asha (blue): 5→0 [0.2ms]
[2026-05-08 22:58:13] MOVE chetan (red): 10→11 [0.1ms]
[2026-05-08 22:58:15] MOVE asha (blue): 0→5 [0.2ms]
[2026-05-08 22:58:17] MOVE chetan (red): 11→10 [0.1ms]
[2026-05-08 22:58:19] MOVE asha (blue): 5→0 [0.1ms]
[2026-05-08 22:58:21] MOVE chetan (red): 10→11 [0.1ms]
[2026-05-08 22:58:22] MOVE asha (blue): 0→5 [0.2ms]
[2026-05-08 22:58:24] MOVE chetan (red): 11→10 [0.2ms]
[2026-05-08 22:58:26] MOVE asha (blue): 5→0 [0.2ms]
[2026-05-08 22:58:28] MOVE chetan (red): 10→11 [0.1ms]
[2026-05-08 22:58:30] MOVE asha (blue): 0→5 [0.1ms]
[2026-05-08 22:58:32] MOVE chetan (red): 11→10 [0.1ms]
[2026-05-08 22:58:34] MOVE asha (blue): 5→0 [1.8ms]
[2026-05-08 22:58:35] MOVE chetan (red): 10→11 [0.1ms]
[2026-05-08 22:58:37] MOVE asha (blue): 0→5 [0.2ms]
[2026-05-08 22:58:39] MOVE chetan (red): 11→10 [0.1ms]
[2026-05-08 22:58:41] MOVE asha (blue): 5→0 [0.1ms]
[2026-05-08 22:58:42] MOVE chetan (red): 10→11 [0.2ms]
[2026-05-08 22:58:44] MOVE asha (blue): 0→5 [0.5ms]
[2026-05-08 22:58:46] MOVE chetan (red): 11→10 [0.1ms]
[2026-05-08 22:58:48] MOVE asha (blue): 5→0 [0.1ms]
[2026-05-08 22:58:49] MOVE chetan (red): 10→11 [0.1ms]
[2026-05-08 22:58:51] MOVE asha (blue): 0→5 [0.2ms]
[2026-05-08 22:58:53] MOVE chetan (red): 11→10 [0.1ms]
[2026-05-08 22:58:55] MOVE asha (blue): 5→0 [0.1ms]
[2026-05-08 22:58:57] MOVE chetan (red): 10→11 [0.1ms]
[2026-05-08 22:58:58] MOVE asha (blue): 0→5 [0.2ms]
[2026-05-08 22:59:00] MOVE chetan (red): 11→10 [0.1ms]
[2026-05-08 22:59:02] MOVE asha (blue): 5→0 [0.1ms]
[2026-05-08 22:59:04] MOVE chetan (red): 10→11 [0.1ms]
[2026-05-08 22:59:06] MOVE asha (blue): 0→5 [0.2ms]
[2026-05-08 22:59:08] MOVE chetan (red): 11→10 [0.1ms]
[2026-05-08 22:59:09] MOVE asha (blue): 5→0 [0.1ms]
[2026-05-08 22:59:11] MOVE chetan (red): 10→11 [0.3ms]
[2026-05-08 22:59:13] MOVE asha (blue): 0→5 [0.2ms]
[2026-05-08 22:59:15] MOVE chetan (red): 11→10 [0.1ms]
[2026-05-08 22:59:17] MOVE asha (blue): 5→0 [0.1ms]
[2026-05-08 22:59:18] MOVE chetan (red): 10→11 [0.1ms]
[2026-05-08 22:59:20] MOVE asha (blue): 0→5 [0.1ms]
[2026-05-08 22:59:22] MOVE chetan (red): 11→10 [0.1ms]
[2026-05-08 22:59:24] MOVE asha (blue): 5→0 [0.1ms]
[2026-05-08 22:59:26] MOVE chetan (red): 10→11 [0.1ms]
[2026-05-08 22:59:28] MOVE asha (blue): 0→5 [0.3ms]
[2026-05-08 22:59:30] MOVE chetan (red): 11→10 [0.1ms]
[2026-05-08 22:59:32] MOVE asha (blue): 5→0 [0.3ms]
[2026-05-08 22:59:33] MOVE chetan (red): 10→11 [0.1ms]
[2026-05-08 22:59:35] MOVE asha (blue): 0→5 [0.1ms]
[2026-05-08 22:59:37] MOVE chetan (red): 11→10 [0.1ms]
[2026-05-08 22:59:39] MOVE asha (blue): 5→0 [0.1ms]
[2026-05-08 22:59:41] MOVE chetan (red): 10→11 [0.1ms]
[2026-05-08 22:59:42] MOVE asha (blue): 0→5 [0.1ms]
[2026-05-08 22:59:44] MOVE chetan (red): 11→10 [0.3ms]
[2026-05-08 22:59:46] MOVE asha (blue): 5→0 [0.1ms]
[2026-05-08 22:59:48] MOVE chetan (red): 10→11 [0.1ms]
[2026-05-08 22:59:49] MOVE asha (blue): 0→5 [0.1ms]
[2026-05-08 22:59:51] MOVE chetan (red): 11→10 [0.1ms]
[2026-05-08 22:59:53] MOVE asha (blue): 5→0 [0.1ms]
[2026-05-08 22:59:55] MOVE chetan (red): 10→11 [0.2ms]
[2026-05-08 22:59:56] MOVE asha (blue): 0→5 [0.2ms]
[2026-05-08 22:59:58] MOVE chetan (red): 11→10 [0.1ms]
[2026-05-08 23:00:00] MOVE asha (blue): 5→0 [0.2ms]
[2026-05-08 23:00:02] MOVE chetan (red): 10→11 [0.1ms]
[2026-05-08 23:00:03] MOVE asha (blue): 0→5 [0.1ms]
[2026-05-08 23:00:05] MOVE chetan (red): 11→10 [0.2ms]
[2026-05-08 23:00:07] MOVE asha (blue): 5→0 [0.1ms]
[2026-05-08 23:00:09] MOVE chetan (red): 10→11 [0.3ms]
[2026-05-08 23:00:11] MOVE asha (blue): 0→5 [0.1ms]
[2026-05-08 23:00:12] MOVE chetan (red): 11→10 [0.3ms]
[2026-05-08 23:00:14] MOVE asha (blue): 5→0 [0.2ms]
[2026-05-08 23:00:16] MOVE chetan (red): 10→11 [0.2ms]
[2026-05-08 23:00:18] MOVE asha (blue): 0→5 [0.1ms]
[2026-05-08 23:00:19] MOVE chetan (red): 11→10 [0.1ms]
[2026-05-08 23:00:21] MOVE asha (blue): 5→0 [0.1ms]
[2026-05-08 23:00:23] MOVE chetan (red): 10→11 [0.1ms]
[2026-05-08 23:00:25] MOVE asha (blue): 0→5 [0.1ms]
[2026-05-08 23:00:27] MOVE chetan (red): 11→10 [0.1ms]
[2026-05-08 23:00:29] MOVE asha (blue): 5→0 [0.1ms]
[2026-05-08 23:00:31] MOVE chetan (red): 10→11 [0.1ms]
[2026-05-08 23:00:32] MOVE asha (blue): 0→5 [0.4ms]
[2026-05-08 23:00:35] MOVE chetan (red): 11→10 [0.1ms]
[2026-05-08 23:00:36] MOVE asha (blue): 5→0 [0.2ms]
[2026-05-08 23:00:38] MOVE chetan (red): 10→11 [0.1ms]
[2026-05-08 23:00:40] MOVE asha (blue): 0→5 [0.1ms]
[2026-05-08 23:00:42] MOVE chetan (red): 11→10 [0.1ms]
[2026-05-08 23:00:44] MOVE asha (blue): 5→0 [0.3ms]
[2026-05-08 23:00:46] MOVE chetan (red): 10→11 [0.1ms]
[2026-05-08 23:00:48] MOVE asha (blue): 0→5 [0.2ms]
[2026-05-08 23:00:50] MOVE chetan (red): 11→10 [0.1ms]
[2026-05-08 23:00:52] MOVE asha (blue): 5→0 [0.1ms]
[2026-05-08 23:00:53] MOVE chetan (red): 10→11 [0.1ms]
[2026-05-08 23:00:55] MOVE asha (blue): 0→5 [0.2ms]
[2026-05-08 23:00:57] MOVE chetan (red): 11→10 [0.1ms]
[2026-05-08 23:00:59] MOVE asha (blue): 5→0 [0.2ms]
