[2026-05-06 12:52:02] GAME CREATED
[2026-05-06 12:52:10] PLAYER JOINED: chetan as lawn green
[2026-05-06 12:52:15] PLAYER JOINED: asha as gray0
[2026-05-06 12:52:18] GAME STARTED — turn order: ['lawn green', 'gray0']
[2026-05-06 12:52:18] MOVE chetan (lawn green): 20→18 [0.4ms]
[2026-05-06 12:52:18] MOVE asha (gray0): 75→56 [0.1ms]
[2026-05-06 12:52:19] MOVE chetan (lawn green): 22→43 [0.1ms]
[2026-05-06 12:52:19] MOVE asha (gray0): 98→77 [0.1ms]
[2026-05-06 12:52:19] MOVE chetan (lawn green): 19→17 [0.1ms]
[2026-05-06 12:52:19] MOVE asha (gray0): 65→47 [0.2ms]
[2026-05-06 12:52:19] MOVE chetan (lawn green): 33→29 [0.2ms]
[2026-05-06 12:52:19] MOVE asha (gray0): 87→48 [0.1ms]
[2026-05-06 12:52:20] MOVE chetan (lawn green): 17→40 [0.1ms]
[2026-05-06 12:52:20] MOVE asha (gray0): 47→49 [0.1ms]
[2026-05-06 12:52:20] MOVE chetan (lawn green): 29→50 [0.1ms]
[2026-05-06 12:52:20] MOVE asha (gray0): 88→47 [0.2ms]
[2026-05-06 12:52:20] MOVE chetan (lawn green): 40→57 [0.1ms]
[2026-05-06 12:52:20] MOVE asha (gray0): 56→39 [0.1ms]
[2026-05-06 12:52:20] MOVE chetan (lawn green): 50→59 [0.1ms]
[2026-05-06 12:52:21] MOVE asha (gray0): 49→28 [0.1ms]
[2026-05-06 12:52:21] MOVE chetan (lawn green): 57→56 [0.2ms]
[2026-05-06 12:52:21] MOVE asha (gray0): 39→16 [0.2ms]
[2026-05-06 12:52:21] MOVE chetan (lawn green): 56→65 [0.1ms]
[2026-05-06 12:52:21] MOVE asha (gray0): 100→60 [0.1ms]
[2026-05-06 12:52:21] MOVE chetan (lawn green): 44→15 [0.1ms]
[2026-05-06 12:52:22] MOVE asha (gray0): 47→51 [0.1ms]
[2026-05-06 12:52:22] MOVE chetan (lawn green): 59→58 [0.1ms]
[2026-05-06 12:52:22] MOVE asha (gray0): 60→41 [0.1ms]
[2026-05-06 12:52:22] MOVE chetan (lawn green): 15→14 [0.1ms]
[2026-05-06 12:52:22] MOVE asha (gray0): 51→30 [0.2ms]
[2026-05-06 12:52:22] MOVE chetan (lawn green): 58→57 [0.1ms]
[2026-05-06 12:52:23] MOVE asha (gray0): 16→17 [0.1ms]
[2026-05-06 12:52:23] MOVE chetan (lawn green): 18→39 [0.1ms]
[2026-05-06 12:52:23] MOVE asha (gray0): 17→44 [0.1ms]
[2026-05-06 12:52:23] MOVE chetan (lawn green): 57→56 [0.1ms]
[2026-05-06 12:52:23] MOVE asha (gray0): 41→18 [0.1ms]
[2026-05-06 12:52:23] MOVE chetan (lawn green): 56→98 [0.1ms]
[2026-05-06 12:52:24] MOVE asha (gray0): 18→19 [0.1ms]
[2026-05-06 12:52:24] MOVE chetan (lawn green): 45→41 [0.1ms]
[2026-05-06 12:52:24] MOVE asha (gray0): 30→18 [0.1ms]
[2026-05-06 12:52:24] MOVE chetan (lawn green): 39→38 [0.1ms]
[2026-05-06 12:52:25] MOVE asha (gray0): 18→22 [0.1ms]
[2026-05-06 12:52:25] MOVE chetan (lawn green): 14→26 [0.1ms]
[2026-05-06 12:52:25] MOVE asha (gray0): 48→29 [0.6ms]
[2026-05-06 12:52:25] MOVE chetan (lawn green): 41→37 [0.1ms]
[2026-05-06 12:52:26] MOVE asha (gray0): 28→30 [0.1ms]
[2026-05-06 12:52:26] MOVE chetan (lawn green): 26→47 [0.2ms]
[2026-05-06 12:52:26] MOVE asha (gray0): 29→33 [0.1ms]
[2026-05-06 12:52:26] MOVE chetan (lawn green): 37→75 [0.1ms]
[2026-05-06 12:52:26] MOVE asha (gray0): 30→18 [0.1ms]
[2026-05-06 12:52:27] MOVE chetan (lawn green): 47→56 [0.1ms]
[2026-05-06 12:52:27] MOVE asha (gray0): 18→45 [0.1ms]
[2026-05-06 12:52:27] MOVE chetan (lawn green): 38→37 [0.2ms]
[2026-05-06 12:52:27] MOVE asha (gray0): 76→78 [0.1ms]
[2026-05-06 12:52:27] MOVE chetan (lawn green): 32→53 [0.1ms]
[2026-05-06 12:52:27] MOVE asha (gray0): 77→79 [0.1ms]
[2026-05-06 12:52:27] MOVE chetan (lawn green): 37→47 [0.1ms]
[2026-05-06 12:52:28] MOVE asha (gray0): 78→80 [0.1ms]
[2026-05-06 12:52:28] MOVE chetan (lawn green): 43→62 [0.1ms]
[2026-05-06 12:52:28] MOVE asha (gray0): 79→81 [0.1ms]
[2026-05-06 12:52:29] MOVE chetan (lawn green): 53→69 [0.2ms]
[2026-05-06 12:52:29] MOVE asha (gray0): 80→82 [0.1ms]
[2026-05-06 12:52:29] MOVE chetan (lawn green): 62→61 [0.1ms]
[2026-05-06 12:52:29] MOVE asha (gray0): 81→83 [0.5ms]
[2026-05-06 12:52:29] MOVE chetan (lawn green): 69→68 [0.2ms]
[2026-05-06 12:52:30] MOVE asha (gray0): 82→84 [0.1ms]
[2026-05-06 12:52:30] MOVE chetan (lawn green): 61→60 [0.1ms]
[2026-05-06 12:52:30] MOVE asha (gray0): 83→73 [0.1ms]
[2026-05-06 12:52:30] MOVE chetan (lawn green): 68→67 [0.1ms]
[2026-05-06 12:52:30] MOVE asha (gray0): 84→63 [0.1ms]
[2026-05-06 12:52:30] MOVE chetan (lawn green): 60→59 [0.1ms]
[2026-05-06 12:52:31] MOVE asha (gray0): 73→64 [0.1ms]
[2026-05-06 12:52:31] MOVE chetan (lawn green): 67→66 [0.2ms]
[2026-05-06 12:52:31] MOVE asha (gray0): 63→54 [0.2ms]
[2026-05-06 12:52:31] MOVE chetan (lawn green): 66→76 [0.1ms]
[2026-05-06 12:52:31] MOVE asha (gray0): 64→43 [0.2ms]
[2026-05-06 12:52:31] MOVE chetan (lawn green): 34→53 [0.3ms]
[2026-05-06 12:52:32] MOVE asha (gray0): 43→32 [0.1ms]
[2026-05-06 12:52:32] MOVE chetan (lawn green): 59→58 [0.1ms]
[2026-05-06 12:52:32] MOVE asha (gray0): 54→43 [0.2ms]
[2026-05-06 12:52:32] MOVE chetan (lawn green): 53→52 [0.2ms]
[2026-05-06 12:52:32] MOVE asha (gray0): 43→20 [0.2ms]
[2026-05-06 12:52:32] MOVE chetan (lawn green): 58→57 [0.1ms]
[2026-05-06 12:52:33] MOVE asha (gray0): 101→89 [0.1ms]
[2026-05-06 12:52:33] MOVE chetan (lawn green): 52→51 [0.1ms]
[2026-05-06 12:52:33] MOVE asha (gray0): 86→87 [0.1ms]
[2026-05-06 12:52:33] MOVE chetan (lawn green): 57→66 [0.2ms]
[2026-05-06 12:52:33] MOVE asha (gray0): 89→78 [0.3ms]
[2026-05-06 12:52:33] MOVE chetan (lawn green): 51→50 [0.1ms]
[2026-05-06 12:52:34] MOVE asha (gray0): 87→88 [0.1ms]
[2026-05-06 12:52:34] MOVE chetan (lawn green): 56→100 [0.1ms]
[2026-05-06 12:52:34] MOVE asha (gray0): 78→68 [0.1ms]
[2026-05-06 12:52:34] MOVE chetan (lawn green): 66→87 [0.2ms]
[2026-05-06 12:52:34] MOVE asha (gray0): 99→101 [0.1ms]
[2026-05-06 12:52:34] MOVE chetan (lawn green): 47→56 [0.1ms]
[2026-05-06 12:52:35] MOVE asha (gray0): 68→59 [0.3ms]
[2026-05-06 12:52:35] MOVE chetan (lawn green): 50→68 [0.1ms]
[2026-05-06 12:52:35] MOVE asha (gray0): 88→77 [0.1ms]
[2026-05-06 12:52:35] MOVE chetan (lawn green): 56→66 [0.1ms]
[2026-05-06 12:52:35] MOVE asha (gray0): 59→50 [0.2ms]
[2026-05-06 12:52:35] MOVE chetan (lawn green): 68→67 [0.1ms]
[2026-05-06 12:52:36] MOVE asha (gray0): 77→58 [0.3ms]
[2026-05-06 12:52:36] MOVE chetan (lawn green): 66→77 [0.1ms]
[2026-05-06 12:52:36] MOVE asha (gray0): 50→40 [0.3ms]
[2026-05-06 12:52:36] MOVE chetan (lawn green): 67→86 [0.1ms]
[2026-05-06 12:52:36] MOVE asha (gray0): 58→49 [0.1ms]
[2026-05-06 12:52:36] MOVE chetan (lawn green): 77→88 [0.1ms]
[2026-05-06 12:52:36] MOVE asha (gray0): 40→29 [0.1ms]
[2026-05-06 12:52:37] MOVE chetan (lawn green): 55→54 [0.1ms]
[2026-05-06 12:52:37] MOVE asha (gray0): 49→39 [0.1ms]
[2026-05-06 12:52:37] MOVE chetan (lawn green): 21→34 [0.1ms]
[2026-05-06 12:52:37] MOVE asha (gray0): 29→17 [0.1ms]
[2026-05-06 12:52:37] MOVE chetan (lawn green): 54→53 [0.1ms]
[2026-05-06 12:52:37] MOVE asha (gray0): 39→28 [0.2ms]
[2026-05-06 12:52:37] MOVE chetan (lawn green): 34→55 [0.1ms]
[2026-05-06 12:52:38] MOVE asha (gray0): 17→18 [0.1ms]
[2026-05-06 12:52:38] MOVE chetan (lawn green): 53→52 [0.2ms]
[2026-05-06 12:52:38] MOVE asha (gray0): 28→16 [0.1ms]
[2026-05-06 12:52:38] MOVE chetan (lawn green): 55→54 [0.2ms]
[2026-05-06 12:52:38] MOVE asha (gray0): 18→31 [0.1ms]
[2026-05-06 12:52:39] MOVE chetan (lawn green): 52→51 [0.1ms]
[2026-05-06 12:52:39] MOVE asha (gray0): 16→17 [0.1ms]
[2026-05-06 12:52:39] MOVE chetan (lawn green): 54→53 [0.1ms]
[2026-05-06 12:52:39] MOVE asha (gray0): 31→43 [0.1ms]
[2026-05-06 12:52:40] MOVE chetan (lawn green): 51→50 [0.1ms]
[2026-05-06 12:52:40] MOVE asha (gray0): 17→18 [0.1ms]
[2026-05-06 12:52:40] MOVE chetan (lawn green): 53→52 [0.1ms]
[2026-05-06 12:52:41] MOVE asha (gray0): 43→54 [0.1ms]
[2026-05-06 12:52:41] MOVE chetan (lawn green): 50→49 [0.1ms]
[2026-05-06 12:52:41] MOVE asha (gray0): 54→55 [0.3ms]
[2026-05-06 12:52:42] MOVE chetan (lawn green): 52→51 [0.1ms]
[2026-05-06 12:52:42] MOVE asha (gray0): 18→31 [0.1ms]
[2026-05-06 12:52:42] MOVE chetan (lawn green): 49→48 [0.2ms]
[2026-05-06 12:52:42] MOVE asha (gray0): 101→89 [0.1ms]
[2026-05-06 12:52:42] MOVE chetan (lawn green): 51→50 [0.1ms]
[2026-05-06 12:52:43] MOVE asha (gray0): 31→43 [0.1ms]
[2026-05-06 12:52:43] MOVE chetan (lawn green): 48→47 [0.1ms]
[2026-05-06 12:52:43] MOVE asha (gray0): 89→78 [0.1ms]
[2026-05-06 12:52:43] MOVE chetan (lawn green): 50→49 [0.1ms]
[2026-05-06 12:52:43] MOVE asha (gray0): 43→54 [0.1ms]
[2026-05-06 12:52:43] MOVE chetan (lawn green): 47→56 [0.1ms]
[2026-05-06 12:52:44] MOVE asha (gray0): 78→68 [0.1ms]
[2026-05-06 12:52:44] MOVE chetan (lawn green): 49→48 [0.3ms]
[2026-05-06 12:52:44] MOVE asha (gray0): 54→64 [0.1ms]
[2026-05-06 12:52:44] MOVE chetan (lawn green): 56→66 [0.3ms]
[2026-05-06 12:52:44] MOVE asha (gray0): 68→59 [0.1ms]
[2026-05-06 12:52:44] MOVE chetan (lawn green): 48→47 [0.1ms]
[2026-05-06 12:52:44] MOVE asha (gray0): 64→63 [0.1ms]
[2026-05-06 12:52:45] MOVE chetan (lawn green): 66→77 [0.1ms]
[2026-05-06 12:52:45] MOVE asha (gray0): 59→50 [0.1ms]
[2026-05-06 12:52:45] MOVE chetan (lawn green): 47→56 [0.1ms]
[2026-05-06 12:52:45] MOVE asha (gray0): 63→53 [0.1ms]
[2026-05-06 12:52:45] MOVE chetan (lawn green): 77→89 [0.1ms]
[2026-05-06 12:52:45] MOVE asha (gray0): 50→40 [0.2ms]
[2026-05-06 12:52:46] MOVE chetan (lawn green): 89→101 [0.1ms]
[2026-05-06 12:52:46] MOVE asha (gray0): 53→43 [0.1ms]
[2026-05-06 12:52:46] MOVE chetan (lawn green): 56→66 [0.1ms]
[2026-05-06 12:52:46] MOVE asha (gray0): 40→29 [0.1ms]
[2026-05-06 12:52:46] MOVE chetan (lawn green): 66→77 [0.1ms]
[2026-05-06 12:52:46] MOVE asha (gray0): 43→31 [0.1ms]
[2026-05-06 12:52:47] MOVE chetan (lawn green): 77→89 [0.1ms]
[2026-05-06 12:52:47] MOVE asha (gray0): 29→17 [0.1ms]
[2026-05-06 12:52:47] MOVE chetan (lawn green): 89→102 [0.1ms]
[2026-05-06 12:52:47] MOVE asha (gray0): 31→18 [0.1ms]
[2026-05-06 12:52:47] MOVE chetan (lawn green): 102→90 [0.1ms]
[2026-05-06 12:52:47] MOVE asha (gray0): 17→9 [0.1ms]
[2026-05-06 12:52:48] MOVE chetan (lawn green): 90→78 [0.1ms]
[2026-05-06 12:52:48] MOVE asha (gray0): 18→17 [0.1ms]
[2026-05-06 12:52:48] MOVE chetan (lawn green): 78→67 [0.1ms]
[2026-05-06 12:52:48] MOVE asha (gray0): 9→18 [0.1ms]
[2026-05-06 12:52:48] MOVE chetan (lawn green): 67→57 [0.1ms]
[2026-05-06 12:52:49] MOVE asha (gray0): 17→9 [0.1ms]
[2026-05-06 12:52:49] MOVE chetan (lawn green): 57→56 [0.1ms]
[2026-05-06 12:52:49] MOVE asha (gray0): 18→31 [0.1ms]
[2026-05-06 12:52:49] MOVE chetan (lawn green): 56→66 [0.1ms]
[2026-05-06 12:52:49] MOVE asha (gray0): 9→18 [0.1ms]
[2026-05-06 12:52:50] MOVE chetan (lawn green): 66→77 [0.2ms]
[2026-05-06 12:52:50] MOVE asha (gray0): 31→43 [0.2ms]
[2026-05-06 12:52:50] MOVE chetan (lawn green): 77→89 [0.1ms]
[2026-05-06 12:52:50] MOVE asha (gray0): 18→31 [0.1ms]
[2026-05-06 12:52:50] MOVE chetan (lawn green): 89→102 [0.1ms]
[2026-05-06 12:52:50] MOVE asha (gray0): 43→54 [0.3ms]
[2026-05-06 12:52:51] MOVE chetan (lawn green): 102→90 [0.1ms]
[2026-05-06 12:52:51] MOVE asha (gray0): 31→43 [0.2ms]
[2026-05-06 12:52:51] MOVE chetan (lawn green): 90→78 [0.1ms]
[2026-05-06 12:52:51] MOVE asha (gray0): 54→64 [0.1ms]
[2026-05-06 12:52:51] MOVE chetan (lawn green): 78→67 [0.1ms]
[2026-05-06 12:52:51] MOVE asha (gray0): 43→54 [0.1ms]
[2026-05-06 12:52:52] MOVE chetan (lawn green): 67→57 [0.1ms]
[2026-05-06 12:52:52] MOVE asha (gray0): 64→63 [0.2ms]
[2026-05-06 12:52:52] MOVE chetan (lawn green): 57→56 [0.1ms]
[2026-05-06 12:52:52] MOVE asha (gray0): 54→64 [0.1ms]
[2026-05-06 12:52:52] MOVE chetan (lawn green): 56→66 [0.1ms]
[2026-05-06 12:52:52] MOVE asha (gray0): 63→53 [0.1ms]
[2026-05-06 12:52:53] MOVE chetan (lawn green): 66→77 [0.1ms]
[2026-05-06 12:52:53] MOVE asha (gray0): 64→63 [0.1ms]
[2026-05-06 12:52:53] MOVE chetan (lawn green): 77→89 [0.1ms]
[2026-05-06 12:52:53] MOVE asha (gray0): 53→43 [0.3ms]
[2026-05-06 12:52:53] MOVE chetan (lawn green): 89→102 [0.1ms]
[2026-05-06 12:52:53] MOVE asha (gray0): 63→53 [0.1ms]
[2026-05-06 12:52:54] MOVE chetan (lawn green): 102→90 [0.1ms]
[2026-05-06 12:52:54] MOVE asha (gray0): 43→31 [0.4ms]
[2026-05-06 12:52:54] MOVE chetan (lawn green): 90→78 [0.2ms]
[2026-05-06 12:52:54] MOVE asha (gray0): 53→43 [0.1ms]
[2026-05-06 12:52:54] MOVE chetan (lawn green): 78→67 [0.4ms]
[2026-05-06 12:52:54] MOVE asha (gray0): 31→54 [0.1ms]
[2026-05-06 12:52:55] MOVE chetan (lawn green): 67→57 [0.1ms]
[2026-05-06 12:52:55] MOVE asha (gray0): 43→31 [0.1ms]
[2026-05-06 12:52:55] MOVE chetan (lawn green): 57→56 [0.1ms]
[2026-05-06 12:52:55] MOVE asha (gray0): 54→64 [0.1ms]
[2026-05-06 12:52:55] MOVE chetan (lawn green): 56→66 [0.1ms]
[2026-05-06 12:52:55] MOVE asha (gray0): 31→18 [0.2ms]
[2026-05-06 12:52:56] MOVE chetan (lawn green): 66→77 [0.2ms]
[2026-05-06 12:52:56] MOVE asha (gray0): 64→63 [0.1ms]
[2026-05-06 12:52:56] MOVE chetan (lawn green): 77→89 [0.1ms]
[2026-05-06 12:52:56] MOVE asha (gray0): 18→9 [0.1ms]
[2026-05-06 12:52:56] MOVE chetan (lawn green): 89→102 [0.1ms]
[2026-05-06 12:52:56] MOVE asha (gray0): 63→53 [0.1ms]
[2026-05-06 12:52:56] MOVE chetan (lawn green): 102→90 [0.1ms]
[2026-05-06 12:52:57] MOVE asha (gray0): 9→17 [0.1ms]
[2026-05-06 12:52:57] MOVE chetan (lawn green): 90→78 [0.1ms]
[2026-05-06 12:52:57] MOVE asha (gray0): 53→43 [0.2ms]
[2026-05-06 12:52:57] MOVE chetan (lawn green): 78→67 [0.1ms]
[2026-05-06 12:52:57] MOVE asha (gray0): 17→30 [0.1ms]
[2026-05-06 12:52:57] MOVE chetan (lawn green): 67→57 [0.1ms]
[2026-05-06 12:52:58] MOVE asha (gray0): 43→31 [0.2ms]
[2026-05-06 12:52:58] MOVE chetan (lawn green): 57→56 [0.1ms]
[2026-05-06 12:52:58] MOVE asha (gray0): 30→42 [0.1ms]
[2026-05-06 12:52:58] MOVE chetan (lawn green): 56→66 [0.1ms]
[2026-05-06 12:52:58] MOVE asha (gray0): 31→18 [0.1ms]
[2026-05-06 12:52:58] MOVE chetan (lawn green): 66→77 [0.1ms]
[2026-05-06 12:52:59] MOVE asha (gray0): 42→31 [0.1ms]
[2026-05-06 12:52:59] MOVE chetan (lawn green): 77→89 [0.1ms]
[2026-05-06 12:52:59] MOVE asha (gray0): 18→9 [0.2ms]
[2026-05-06 12:52:59] MOVE chetan (lawn green): 89→102 [0.1ms]
[2026-05-06 12:52:59] MOVE asha (gray0): 31→18 [0.1ms]
[2026-05-06 12:52:59] MOVE chetan (lawn green): 102→90 [0.1ms]
[2026-05-06 12:53:00] MOVE asha (gray0): 9→31 [0.1ms]
[2026-05-06 12:53:00] MOVE chetan (lawn green): 90→78 [0.1ms]
[2026-05-06 12:53:00] MOVE asha (gray0): 18→43 [0.1ms]
[2026-05-06 12:53:00] MOVE chetan (lawn green): 78→67 [0.1ms]
[2026-05-06 12:53:00] MOVE asha (gray0): 31→54 [0.1ms]
[2026-05-06 12:53:01] MOVE chetan (lawn green): 67→57 [0.1ms]
[2026-05-06 12:53:01] MOVE asha (gray0): 43→64 [0.1ms]
[2026-05-06 12:53:01] MOVE chetan (lawn green): 57→56 [0.1ms]
[2026-05-06 12:53:01] MOVE asha (gray0): 54→43 [0.2ms]
[2026-05-06 12:53:01] MOVE chetan (lawn green): 56→66 [0.1ms]
[2026-05-06 12:53:01] MOVE asha (gray0): 64→54 [0.1ms]
[2026-05-06 12:53:02] MOVE chetan (lawn green): 66→77 [0.1ms]
[2026-05-06 12:53:02] MOVE asha (gray0): 43→64 [0.1ms]
[2026-05-06 12:53:02] MOVE chetan (lawn green): 77→89 [1.1ms]
[2026-05-06 12:53:02] MOVE asha (gray0): 54→74 [0.1ms]
[2026-05-06 12:53:02] MOVE chetan (lawn green): 89→102 [0.1ms]
[2026-05-06 12:53:02] MOVE asha (gray0): 64→63 [0.1ms]
[2026-05-06 12:53:03] MOVE chetan (lawn green): 102→90 [0.1ms]
[2026-05-06 12:53:03] MOVE asha (gray0): 74→73 [0.2ms]
[2026-05-06 12:53:03] MOVE chetan (lawn green): 90→78 [0.2ms]
[2026-05-06 12:53:03] MOVE asha (gray0): 63→53 [0.1ms]
[2026-05-06 12:53:03] MOVE chetan (lawn green): 78→67 [0.1ms]
[2026-05-06 12:53:04] MOVE asha (gray0): 73→63 [0.1ms]
[2026-05-06 12:53:04] MOVE chetan (lawn green): 67→57 [0.2ms]
[2026-05-06 12:53:04] MOVE asha (gray0): 53→54 [0.1ms]
[2026-05-06 12:53:04] MOVE chetan (lawn green): 57→56 [0.2ms]
[2026-05-06 12:53:04] MOVE asha (gray0): 63→64 [0.1ms]
[2026-05-06 12:53:04] MOVE chetan (lawn green): 56→66 [0.1ms]
[2026-05-06 12:53:04] MOVE asha (gray0): 54→43 [0.1ms]
[2026-05-06 12:53:05] MOVE chetan (lawn green): 66→77 [0.2ms]
[2026-05-06 12:53:05] MOVE asha (gray0): 64→54 [0.2ms]
[2026-05-06 12:53:05] MOVE chetan (lawn green): 77→89 [0.2ms]
[2026-05-06 12:53:05] MOVE asha (gray0): 43→64 [0.1ms]
[2026-05-06 12:53:05] MOVE chetan (lawn green): 89→102 [0.1ms]
[2026-05-06 12:53:06] MOVE asha (gray0): 54→43 [0.1ms]
[2026-05-06 12:53:06] MOVE chetan (lawn green): 102→90 [0.1ms]
[2026-05-06 12:53:06] MOVE asha (gray0): 64→63 [0.1ms]
[2026-05-06 12:53:06] MOVE chetan (lawn green): 90→78 [0.1ms]
[2026-05-06 12:53:06] MOVE asha (gray0): 43→31 [0.2ms]
[2026-05-06 12:53:07] MOVE chetan (lawn green): 78→67 [0.1ms]
[2026-05-06 12:53:07] MOVE asha (gray0): 63→53 [0.1ms]
[2026-05-06 12:53:07] MOVE chetan (lawn green): 67→57 [0.1ms]
[2026-05-06 12:53:07] MOVE asha (gray0): 31→18 [0.1ms]
[2026-05-06 12:53:08] MOVE chetan (lawn green): 57→56 [0.1ms]
[2026-05-06 12:53:08] MOVE asha (gray0): 53→54 [0.2ms]
[2026-05-06 12:53:08] MOVE chetan (lawn green): 56→66 [0.1ms]
[2026-05-06 12:53:08] MOVE asha (gray0): 18→9 [0.1ms]
[2026-05-06 12:53:08] MOVE chetan (lawn green): 66→77 [0.2ms]
[2026-05-06 12:53:08] MOVE asha (gray0): 54→43 [0.1ms]
[2026-05-06 12:53:09] MOVE chetan (lawn green): 77→89 [0.1ms]
[2026-05-06 12:53:09] MOVE asha (gray0): 9→17 [0.1ms]
[2026-05-06 12:53:09] MOVE chetan (lawn green): 89→102 [0.1ms]
[2026-05-06 12:53:09] MOVE asha (gray0): 43→31 [0.1ms]
[2026-05-06 12:53:09] MOVE chetan (lawn green): 102→90 [0.1ms]
[2026-05-06 12:53:09] MOVE asha (gray0): 17→30 [0.2ms]
[2026-05-06 12:53:10] MOVE chetan (lawn green): 90→78 [0.1ms]
[2026-05-06 12:53:10] MOVE asha (gray0): 31→18 [0.1ms]
[2026-05-06 12:53:10] MOVE chetan (lawn green): 78→67 [0.1ms]
[2026-05-06 12:53:10] MOVE asha (gray0): 30→31 [0.1ms]
[2026-05-06 12:53:10] MOVE chetan (lawn green): 67→57 [0.1ms]
[2026-05-06 12:53:10] MOVE asha (gray0): 18→9 [0.3ms]
[2026-05-06 12:53:10] MOVE chetan (lawn green): 57→56 [0.1ms]
[2026-05-06 12:53:11] MOVE asha (gray0): 31→18 [0.1ms]
[2026-05-06 12:53:11] MOVE chetan (lawn green): 56→66 [0.1ms]
[2026-05-06 12:53:11] MOVE asha (gray0): 9→31 [0.1ms]
[2026-05-06 12:53:11] MOVE chetan (lawn green): 66→77 [0.1ms]
[2026-05-06 12:53:11] MOVE asha (gray0): 18→43 [0.1ms]
[2026-05-06 12:53:11] MOVE chetan (lawn green): 77→89 [0.1ms]
[2026-05-06 12:53:12] MOVE asha (gray0): 31→54 [0.1ms]
[2026-05-06 12:53:12] MOVE chetan (lawn green): 89→102 [0.1ms]
[2026-05-06 12:53:12] MOVE asha (gray0): 43→64 [0.1ms]
[2026-05-06 12:53:12] MOVE chetan (lawn green): 102→90 [0.1ms]
[2026-05-06 12:53:12] MOVE asha (gray0): 54→43 [0.1ms]
[2026-05-06 12:53:12] MOVE chetan (lawn green): 90→78 [0.1ms]
[2026-05-06 12:53:13] MOVE asha (gray0): 64→54 [0.2ms]
[2026-05-06 12:53:13] MOVE chetan (lawn green): 78→67 [0.1ms]
[2026-05-06 12:53:13] MOVE asha (gray0): 43→64 [0.1ms]
[2026-05-06 12:53:13] MOVE chetan (lawn green): 67→57 [0.1ms]
[2026-05-06 12:53:13] MOVE asha (gray0): 54→74 [0.1ms]
[2026-05-06 12:53:14] MOVE chetan (lawn green): 57→56 [0.3ms]
[2026-05-06 12:53:14] MOVE asha (gray0): 64→63 [0.1ms]
[2026-05-06 12:53:14] MOVE chetan (lawn green): 56→66 [0.1ms]
[2026-05-06 12:53:14] MOVE asha (gray0): 74→73 [0.1ms]
[2026-05-06 12:53:14] MOVE chetan (lawn green): 66→77 [0.1ms]
[2026-05-06 12:53:14] MOVE asha (gray0): 63→53 [0.1ms]
[2026-05-06 12:53:15] MOVE chetan (lawn green): 77→89 [0.1ms]
[2026-05-06 12:53:15] MOVE asha (gray0): 73→63 [0.1ms]
[2026-05-06 12:53:15] MOVE chetan (lawn green): 89→102 [0.1ms]
[2026-05-06 12:53:15] MOVE asha (gray0): 53→54 [0.1ms]
[2026-05-06 12:53:15] MOVE chetan (lawn green): 102→90 [0.1ms]
[2026-05-06 12:53:16] MOVE asha (gray0): 63→64 [0.1ms]
[2026-05-06 12:53:16] MOVE chetan (lawn green): 90→78 [0.1ms]
[2026-05-06 12:53:16] MOVE asha (gray0): 54→43 [0.1ms]
[2026-05-06 12:53:16] MOVE chetan (lawn green): 78→67 [0.1ms]
[2026-05-06 12:53:16] MOVE asha (gray0): 64→54 [0.1ms]
[2026-05-06 12:53:16] MOVE chetan (lawn green): 67→57 [0.2ms]
[2026-05-06 12:53:17] MOVE asha (gray0): 43→64 [0.3ms]
[2026-05-06 12:53:17] MOVE chetan (lawn green): 57→56 [0.1ms]
[2026-05-06 12:53:17] MOVE asha (gray0): 54→43 [0.1ms]
[2026-05-06 12:53:17] MOVE chetan (lawn green): 56→66 [0.1ms]
[2026-05-06 12:53:17] MOVE asha (gray0): 64→63 [0.1ms]
[2026-05-06 12:53:17] MOVE chetan (lawn green): 66→77 [0.1ms]
[2026-05-06 12:53:18] MOVE asha (gray0): 43→31 [0.1ms]
[2026-05-06 12:53:18] MOVE chetan (lawn green): 77→89 [0.1ms]
[2026-05-06 12:53:18] MOVE asha (gray0): 63→53 [0.1ms]
[2026-05-06 12:53:18] MOVE chetan (lawn green): 89→102 [0.1ms]
[2026-05-06 12:53:18] MOVE asha (gray0): 31→18 [0.1ms]
[2026-05-06 12:53:18] MOVE chetan (lawn green): 102→90 [0.1ms]
[2026-05-06 12:53:18] MOVE asha (gray0): 53→54 [0.1ms]
[2026-05-06 12:53:19] MOVE chetan (lawn green): 90→78 [0.1ms]
[2026-05-06 12:53:19] MOVE asha (gray0): 18→9 [0.1ms]
[2026-05-06 12:53:19] MOVE chetan (lawn green): 78→67 [0.2ms]
[2026-05-06 12:53:19] MOVE asha (gray0): 54→43 [0.2ms]
[2026-05-06 12:53:19] MOVE chetan (lawn green): 67→57 [0.1ms]
[2026-05-06 12:53:19] MOVE asha (gray0): 9→17 [0.1ms]
[2026-05-06 12:53:20] MOVE chetan (lawn green): 57→56 [0.1ms]
[2026-05-06 12:53:20] MOVE asha (gray0): 43→31 [0.1ms]
[2026-05-06 12:53:20] MOVE chetan (lawn green): 56→66 [0.2ms]
[2026-05-06 12:53:20] MOVE asha (gray0): 17→30 [0.3ms]
[2026-05-06 12:53:20] MOVE chetan (lawn green): 66→77 [0.1ms]
[2026-05-06 12:53:20] MOVE asha (gray0): 31→18 [0.1ms]
[2026-05-06 12:53:21] MOVE chetan (lawn green): 77→89 [0.1ms]
[2026-05-06 12:53:21] MOVE asha (gray0): 30→31 [0.1ms]
[2026-05-06 12:53:21] MOVE chetan (lawn green): 89→102 [0.1ms]
[2026-05-06 12:53:21] MOVE asha (gray0): 18→9 [0.1ms]
[2026-05-06 12:53:21] MOVE chetan (lawn green): 102→90 [0.1ms]
[2026-05-06 12:53:21] MOVE asha (gray0): 31→18 [0.1ms]
[2026-05-06 12:53:22] MOVE chetan (lawn green): 90→78 [0.1ms]
[2026-05-06 12:53:22] MOVE asha (gray0): 9→31 [0.2ms]
[2026-05-06 12:53:22] MOVE chetan (lawn green): 78→67 [0.1ms]
[2026-05-06 12:53:22] MOVE asha (gray0): 18→43 [0.1ms]
[2026-05-06 12:53:22] MOVE chetan (lawn green): 67→57 [0.1ms]
[2026-05-06 12:53:22] MOVE asha (gray0): 31→54 [0.1ms]
[2026-05-06 12:53:22] MOVE chetan (lawn green): 57→56 [0.1ms]
[2026-05-06 12:53:23] MOVE asha (gray0): 43→64 [0.1ms]
[2026-05-06 12:53:23] MOVE chetan (lawn green): 56→66 [0.1ms]
[2026-05-06 12:53:23] MOVE asha (gray0): 54→43 [0.1ms]
[2026-05-06 12:53:23] MOVE chetan (lawn green): 66→77 [0.1ms]
[2026-05-06 12:53:23] MOVE asha (gray0): 64→54 [0.2ms]
[2026-05-06 12:53:23] MOVE chetan (lawn green): 77→89 [0.1ms]
[2026-05-06 12:53:24] MOVE asha (gray0): 43→64 [0.1ms]
[2026-05-06 12:53:24] MOVE chetan (lawn green): 89→102 [0.1ms]
[2026-05-06 12:53:24] MOVE asha (gray0): 54→74 [0.1ms]
[2026-05-06 12:53:24] MOVE chetan (lawn green): 102→90 [0.1ms]
[2026-05-06 12:53:24] MOVE asha (gray0): 64→63 [0.1ms]
[2026-05-06 12:53:24] MOVE chetan (lawn green): 90→78 [0.1ms]
[2026-05-06 12:53:25] MOVE asha (gray0): 74→73 [0.1ms]
[2026-05-06 12:53:25] MOVE chetan (lawn green): 78→67 [0.2ms]
[2026-05-06 12:53:25] MOVE asha (gray0): 63→53 [0.2ms]
[2026-05-06 12:53:25] MOVE chetan (lawn green): 67→57 [0.1ms]
[2026-05-06 12:53:25] MOVE asha (gray0): 73→63 [0.1ms]
[2026-05-06 12:53:25] MOVE chetan (lawn green): 57→56 [0.1ms]
[2026-05-06 12:53:26] MOVE asha (gray0): 53→54 [0.1ms]
[2026-05-06 12:53:26] MOVE chetan (lawn green): 56→66 [0.1ms]
[2026-05-06 12:53:26] MOVE asha (gray0): 63→64 [0.1ms]
[2026-05-06 12:53:26] MOVE chetan (lawn green): 66→77 [0.1ms]
[2026-05-06 12:53:26] MOVE asha (gray0): 54→43 [0.1ms]
[2026-05-06 12:53:26] MOVE chetan (lawn green): 77→89 [0.1ms]
[2026-05-06 12:53:26] MOVE asha (gray0): 64→54 [0.1ms]
[2026-05-06 12:53:27] MOVE chetan (lawn green): 89→102 [0.1ms]
[2026-05-06 12:53:27] MOVE asha (gray0): 43→64 [0.1ms]
[2026-05-06 12:53:27] MOVE chetan (lawn green): 102→90 [0.2ms]
[2026-05-06 12:53:27] MOVE asha (gray0): 54→43 [0.1ms]
[2026-05-06 12:53:27] MOVE chetan (lawn green): 90→78 [0.2ms]
[2026-05-06 12:53:27] MOVE asha (gray0): 64→63 [0.1ms]
[2026-05-06 12:53:28] MOVE chetan (lawn green): 78→67 [0.1ms]
[2026-05-06 12:53:28] MOVE asha (gray0): 43→31 [0.1ms]
[2026-05-06 12:53:28] MOVE chetan (lawn green): 67→57 [0.1ms]
[2026-05-06 12:53:28] MOVE asha (gray0): 63→53 [0.1ms]
[2026-05-06 12:53:28] MOVE chetan (lawn green): 57→56 [0.1ms]
[2026-05-06 12:53:28] MOVE asha (gray0): 31→18 [0.2ms]
[2026-05-06 12:53:29] MOVE chetan (lawn green): 56→66 [0.1ms]
[2026-05-06 12:53:29] MOVE asha (gray0): 53→54 [0.1ms]
[2026-05-06 12:53:29] MOVE chetan (lawn green): 66→77 [0.1ms]
[2026-05-06 12:53:29] MOVE asha (gray0): 18→9 [0.1ms]
[2026-05-06 12:53:29] MOVE chetan (lawn green): 77→89 [0.1ms]
[2026-05-06 12:53:29] MOVE asha (gray0): 54→43 [0.1ms]
[2026-05-06 12:53:30] MOVE chetan (lawn green): 89→102 [0.2ms]
[2026-05-06 12:53:30] MOVE asha (gray0): 9→17 [0.2ms]
[2026-05-06 12:53:30] MOVE chetan (lawn green): 102→90 [0.1ms]
[2026-05-06 12:53:30] MOVE asha (gray0): 43→31 [0.1ms]
[2026-05-06 12:53:30] MOVE chetan (lawn green): 90→78 [0.1ms]
[2026-05-06 12:53:30] MOVE asha (gray0): 17→30 [0.1ms]
[2026-05-06 12:53:31] MOVE chetan (lawn green): 78→67 [0.2ms]
[2026-05-06 12:53:31] MOVE asha (gray0): 31→18 [0.1ms]
[2026-05-06 12:53:31] MOVE chetan (lawn green): 67→57 [0.1ms]
[2026-05-06 12:53:31] MOVE asha (gray0): 30→31 [0.3ms]
[2026-05-06 12:53:31] MOVE chetan (lawn green): 57→56 [0.1ms]
[2026-05-06 12:53:31] MOVE asha (gray0): 18→9 [0.1ms]
[2026-05-06 12:53:32] MOVE chetan (lawn green): 56→66 [0.1ms]
[2026-05-06 12:53:32] MOVE asha (gray0): 31→18 [0.1ms]
[2026-05-06 12:53:32] MOVE chetan (lawn green): 66→77 [0.1ms]
[2026-05-06 12:53:32] MOVE asha (gray0): 9→31 [0.2ms]
[2026-05-06 12:53:32] MOVE chetan (lawn green): 77→89 [0.1ms]
[2026-05-06 12:53:32] MOVE asha (gray0): 18→43 [0.1ms]
[2026-05-06 12:53:32] MOVE chetan (lawn green): 89→102 [0.1ms]
[2026-05-06 12:53:33] MOVE asha (gray0): 31→54 [0.1ms]
[2026-05-06 12:53:33] MOVE chetan (lawn green): 102→90 [0.1ms]
[2026-05-06 12:53:33] MOVE asha (gray0): 43→64 [0.1ms]
[2026-05-06 12:53:33] MOVE chetan (lawn green): 90→78 [0.1ms]
[2026-05-06 12:53:33] MOVE asha (gray0): 54→43 [0.2ms]
[2026-05-06 12:53:33] MOVE chetan (lawn green): 78→67 [0.1ms]
[2026-05-06 12:53:34] MOVE asha (gray0): 64→54 [0.1ms]
[2026-05-06 12:53:34] MOVE chetan (lawn green): 67→57 [0.1ms]
[2026-05-06 12:53:34] MOVE asha (gray0): 43→64 [0.1ms]
[2026-05-06 12:53:34] MOVE chetan (lawn green): 57→56 [0.1ms]
[2026-05-06 12:53:34] MOVE asha (gray0): 54→74 [0.1ms]
[2026-05-06 12:53:34] MOVE chetan (lawn green): 56→66 [0.1ms]
[2026-05-06 12:53:35] MOVE asha (gray0): 64→63 [0.2ms]
[2026-05-06 12:53:35] MOVE chetan (lawn green): 66→77 [0.1ms]
[2026-05-06 12:53:35] MOVE asha (gray0): 74→73 [0.1ms]
[2026-05-06 12:53:35] MOVE chetan (lawn green): 77→89 [0.1ms]
[2026-05-06 12:53:35] MOVE asha (gray0): 63→53 [0.1ms]
[2026-05-06 12:53:35] MOVE chetan (lawn green): 89→102 [0.1ms]
[2026-05-06 12:53:36] MOVE asha (gray0): 73→63 [0.1ms]
[2026-05-06 12:53:36] MOVE chetan (lawn green): 102→90 [0.3ms]
[2026-05-06 12:53:36] MOVE asha (gray0): 53→54 [0.2ms]
[2026-05-06 12:53:36] MOVE chetan (lawn green): 90→78 [0.1ms]
[2026-05-06 12:53:36] MOVE asha (gray0): 63→64 [0.1ms]
[2026-05-06 12:53:36] MOVE chetan (lawn green): 78→67 [0.2ms]
[2026-05-06 12:53:37] MOVE asha (gray0): 54→43 [0.2ms]
[2026-05-06 12:53:37] MOVE chetan (lawn green): 67→57 [0.1ms]
[2026-05-06 12:53:37] MOVE asha (gray0): 64→54 [0.1ms]
[2026-05-06 12:53:37] MOVE chetan (lawn green): 57→56 [0.1ms]
[2026-05-06 12:53:37] MOVE asha (gray0): 43→64 [0.2ms]
[2026-05-06 12:53:37] MOVE chetan (lawn green): 56→66 [16.6ms]
[2026-05-06 12:53:38] MOVE asha (gray0): 54→43 [0.1ms]
[2026-05-06 12:53:38] MOVE chetan (lawn green): 66→77 [0.1ms]
[2026-05-06 12:53:38] MOVE asha (gray0): 64→63 [0.3ms]
[2026-05-06 12:53:38] MOVE chetan (lawn green): 77→89 [0.1ms]
[2026-05-06 12:53:38] MOVE asha (gray0): 43→31 [0.1ms]
[2026-05-06 12:53:38] MOVE chetan (lawn green): 89→102 [0.1ms]
[2026-05-06 12:53:39] MOVE asha (gray0): 63→53 [0.1ms]
[2026-05-06 12:53:39] MOVE chetan (lawn green): 102→90 [0.1ms]
[2026-05-06 12:53:39] MOVE asha (gray0): 31→18 [0.1ms]
[2026-05-06 12:53:39] MOVE chetan (lawn green): 90→78 [0.1ms]
[2026-05-06 12:53:39] MOVE asha (gray0): 53→54 [0.1ms]
[2026-05-06 12:53:39] MOVE chetan (lawn green): 78→67 [0.2ms]
[2026-05-06 12:53:39] MOVE asha (gray0): 18→9 [0.2ms]
[2026-05-06 12:53:40] MOVE chetan (lawn green): 67→57 [0.1ms]
[2026-05-06 12:53:40] MOVE asha (gray0): 54→43 [0.3ms]
[2026-05-06 12:53:40] MOVE chetan (lawn green): 57→56 [0.2ms]
[2026-05-06 12:53:40] MOVE asha (gray0): 9→17 [0.2ms]
[2026-05-06 12:53:40] MOVE chetan (lawn green): 56→66 [0.2ms]
[2026-05-06 12:53:40] MOVE asha (gray0): 43→31 [0.2ms]
[2026-05-06 12:53:41] MOVE chetan (lawn green): 66→77 [0.1ms]
[2026-05-06 12:53:41] MOVE asha (gray0): 17→30 [0.1ms]
[2026-05-06 12:53:41] MOVE chetan (lawn green): 77→89 [0.5ms]
[2026-05-06 12:53:41] MOVE asha (gray0): 31→18 [0.3ms]
[2026-05-06 12:53:41] MOVE chetan (lawn green): 89→102 [0.2ms]
[2026-05-06 12:53:41] MOVE asha (gray0): 30→31 [0.3ms]
[2026-05-06 12:53:42] MOVE chetan (lawn green): 102→90 [0.3ms]
[2026-05-06 12:53:42] MOVE asha (gray0): 18→9 [0.2ms]
[2026-05-06 12:53:42] MOVE chetan (lawn green): 90→78 [0.1ms]
[2026-05-06 12:53:42] MOVE asha (gray0): 31→18 [0.2ms]
[2026-05-06 12:53:42] MOVE chetan (lawn green): 78→67 [0.2ms]
[2026-05-06 12:53:42] MOVE asha (gray0): 9→31 [0.2ms]
[2026-05-06 12:53:43] MOVE chetan (lawn green): 67→57 [0.8ms]
[2026-05-06 12:53:43] MOVE asha (gray0): 18→43 [0.2ms]
[2026-05-06 12:53:43] MOVE chetan (lawn green): 57→56 [1.4ms]
[2026-05-06 12:53:43] MOVE asha (gray0): 31→54 [7.3ms]
[2026-05-06 12:53:43] MOVE chetan (lawn green): 56→66 [0.2ms]
[2026-05-06 12:53:44] MOVE asha (gray0): 43→64 [0.2ms]
[2026-05-06 12:53:44] MOVE chetan (lawn green): 66→77 [0.2ms]
[2026-05-06 12:53:44] MOVE asha (gray0): 54→43 [0.3ms]
[2026-05-06 12:53:44] MOVE chetan (lawn green): 77→89 [0.9ms]
[2026-05-06 12:53:44] MOVE asha (gray0): 64→54 [0.2ms]
[2026-05-06 12:53:45] MOVE chetan (lawn green): 89→102 [0.2ms]
[2026-05-06 12:53:45] MOVE asha (gray0): 43→64 [0.2ms]
[2026-05-06 12:53:45] MOVE chetan (lawn green): 102→90 [0.1ms]
[2026-05-06 12:53:45] MOVE asha (gray0): 54→74 [0.2ms]
[2026-05-06 12:53:45] MOVE chetan (lawn green): 90→78 [0.4ms]
[2026-05-06 12:53:46] MOVE asha (gray0): 64→63 [0.1ms]
[2026-05-06 12:53:46] MOVE chetan (lawn green): 78→67 [0.2ms]
[2026-05-06 12:53:46] MOVE asha (gray0): 74→73 [0.2ms]
[2026-05-06 12:53:46] MOVE chetan (lawn green): 67→57 [0.1ms]
[2026-05-06 12:53:46] MOVE asha (gray0): 63→53 [0.2ms]
[2026-05-06 12:53:46] MOVE chetan (lawn green): 57→56 [0.2ms]
[2026-05-06 12:53:47] MOVE asha (gray0): 73→63 [0.3ms]
[2026-05-06 12:53:47] MOVE chetan (lawn green): 56→66 [0.2ms]
[2026-05-06 12:53:47] MOVE asha (gray0): 53→54 [0.2ms]
[2026-05-06 12:53:47] MOVE chetan (lawn green): 66→77 [0.2ms]
[2026-05-06 12:53:47] MOVE asha (gray0): 63→64 [0.2ms]
[2026-05-06 12:53:47] MOVE chetan (lawn green): 77→89 [0.5ms]
[2026-05-06 12:53:48] MOVE asha (gray0): 54→43 [0.2ms]
[2026-05-06 12:53:48] MOVE chetan (lawn green): 89→102 [0.2ms]
[2026-05-06 12:53:48] MOVE asha (gray0): 64→54 [0.2ms]
[2026-05-06 12:53:48] MOVE chetan (lawn green): 102→90 [0.2ms]
[2026-05-06 12:53:48] MOVE asha (gray0): 43→64 [0.2ms]
[2026-05-06 12:53:48] MOVE chetan (lawn green): 90→78 [0.2ms]
[2026-05-06 12:53:49] MOVE asha (gray0): 54→43 [0.3ms]
[2026-05-06 12:53:49] MOVE chetan (lawn green): 78→67 [0.2ms]
[2026-05-06 12:53:49] MOVE asha (gray0): 64→63 [0.2ms]
[2026-05-06 12:53:49] MOVE chetan (lawn green): 67→57 [0.2ms]
[2026-05-06 12:53:49] MOVE asha (gray0): 43→31 [0.2ms]
[2026-05-06 12:53:49] MOVE chetan (lawn green): 57→56 [0.2ms]
[2026-05-06 12:53:50] MOVE asha (gray0): 63→53 [0.3ms]
[2026-05-06 12:53:50] MOVE chetan (lawn green): 56→66 [0.2ms]
[2026-05-06 12:53:50] MOVE asha (gray0): 31→18 [0.2ms]
[2026-05-06 12:53:50] MOVE chetan (lawn green): 66→77 [0.2ms]
[2026-05-06 12:53:50] MOVE asha (gray0): 53→54 [0.2ms]
[2026-05-06 12:53:50] MOVE chetan (lawn green): 77→89 [10.1ms]
[2026-05-06 12:53:51] MOVE asha (gray0): 18→9 [0.3ms]
[2026-05-06 12:53:51] MOVE chetan (lawn green): 89→102 [0.1ms]
[2026-05-06 12:53:51] MOVE asha (gray0): 54→43 [0.2ms]
[2026-05-06 12:53:51] MOVE chetan (lawn green): 102→90 [0.2ms]
[2026-05-06 12:53:51] MOVE asha (gray0): 9→17 [0.2ms]
[2026-05-06 12:53:51] MOVE chetan (lawn green): 90→78 [0.2ms]
[2026-05-06 12:53:52] MOVE asha (gray0): 43→31 [0.2ms]
[2026-05-06 12:53:52] MOVE chetan (lawn green): 78→67 [0.2ms]
[2026-05-06 12:53:52] MOVE asha (gray0): 17→30 [0.3ms]
[2026-05-06 12:53:52] MOVE chetan (lawn green): 67→57 [0.3ms]
[2026-05-06 12:53:52] MOVE asha (gray0): 31→18 [0.2ms]
[2026-05-06 12:53:52] MOVE chetan (lawn green): 57→56 [0.2ms]
[2026-05-06 12:53:53] MOVE asha (gray0): 30→31 [0.2ms]
[2026-05-06 12:53:53] MOVE chetan (lawn green): 56→66 [0.2ms]
[2026-05-06 12:53:53] MOVE asha (gray0): 18→9 [0.2ms]
[2026-05-06 12:53:53] MOVE chetan (lawn green): 66→77 [5.8ms]
[2026-05-06 12:53:53] MOVE asha (gray0): 31→18 [0.2ms]
[2026-05-06 12:53:53] MOVE chetan (lawn green): 77→89 [0.3ms]
[2026-05-06 12:53:54] MOVE asha (gray0): 9→31 [0.2ms]
[2026-05-06 12:53:54] MOVE chetan (lawn green): 89→102 [0.2ms]
[2026-05-06 12:53:54] MOVE asha (gray0): 18→43 [0.2ms]
[2026-05-06 12:53:54] MOVE chetan (lawn green): 102→90 [0.3ms]
[2026-05-06 12:53:54] MOVE asha (gray0): 31→54 [0.2ms]
[2026-05-06 12:53:54] MOVE chetan (lawn green): 90→78 [0.4ms]
[2026-05-06 12:53:55] MOVE asha (gray0): 43→64 [0.1ms]
[2026-05-06 12:53:55] MOVE chetan (lawn green): 78→67 [0.1ms]
[2026-05-06 12:53:55] MOVE asha (gray0): 54→43 [0.1ms]
[2026-05-06 12:53:55] MOVE chetan (lawn green): 67→57 [0.1ms]
[2026-05-06 12:53:55] MOVE asha (gray0): 64→54 [0.1ms]
[2026-05-06 12:53:55] MOVE chetan (lawn green): 57→56 [0.1ms]
[2026-05-06 12:53:56] MOVE asha (gray0): 43→64 [0.2ms]
[2026-05-06 12:53:56] MOVE chetan (lawn green): 56→66 [0.2ms]
[2026-05-06 12:53:56] MOVE asha (gray0): 54→74 [0.2ms]
[2026-05-06 12:53:56] MOVE chetan (lawn green): 66→77 [0.1ms]
[2026-05-06 12:53:56] MOVE asha (gray0): 64→63 [0.2ms]
[2026-05-06 12:53:56] MOVE chetan (lawn green): 77→89 [0.2ms]
[2026-05-06 12:53:57] MOVE asha (gray0): 74→73 [0.1ms]
[2026-05-06 12:53:57] MOVE chetan (lawn green): 89→102 [0.1ms]
[2026-05-06 12:53:57] MOVE asha (gray0): 63→53 [0.1ms]
[2026-05-06 12:53:57] MOVE chetan (lawn green): 102→90 [0.1ms]
[2026-05-06 12:53:57] MOVE asha (gray0): 73→63 [0.2ms]
[2026-05-06 12:53:57] MOVE chetan (lawn green): 90→78 [0.1ms]
[2026-05-06 12:53:57] MOVE asha (gray0): 53→54 [0.1ms]
[2026-05-06 12:53:58] MOVE chetan (lawn green): 78→67 [0.1ms]
[2026-05-06 12:53:58] MOVE asha (gray0): 63→64 [0.2ms]
[2026-05-06 12:53:58] MOVE chetan (lawn green): 67→57 [0.1ms]
[2026-05-06 12:53:58] MOVE asha (gray0): 54→43 [0.1ms]
[2026-05-06 12:53:58] MOVE chetan (lawn green): 57→56 [0.2ms]
[2026-05-06 12:53:58] MOVE asha (gray0): 64→54 [0.1ms]
[2026-05-06 12:53:59] MOVE chetan (lawn green): 56→66 [0.1ms]
[2026-05-06 12:53:59] MOVE asha (gray0): 43→64 [0.1ms]
[2026-05-06 12:53:59] MOVE chetan (lawn green): 66→77 [0.1ms]
[2026-05-06 12:53:59] MOVE asha (gray0): 54→43 [0.1ms]
[2026-05-06 12:53:59] MOVE chetan (lawn green): 77→89 [0.1ms]
[2026-05-06 12:53:59] MOVE asha (gray0): 64→63 [0.1ms]
[2026-05-06 12:54:00] MOVE chetan (lawn green): 89→102 [0.1ms]
[2026-05-06 12:54:00] MOVE asha (gray0): 43→31 [0.1ms]
[2026-05-06 12:54:00] MOVE chetan (lawn green): 102→90 [0.1ms]
[2026-05-06 12:54:00] MOVE asha (gray0): 63→53 [0.1ms]
[2026-05-06 12:54:00] MOVE chetan (lawn green): 90→78 [0.1ms]
[2026-05-06 12:54:00] MOVE asha (gray0): 31→18 [0.2ms]
[2026-05-06 12:54:01] MOVE chetan (lawn green): 78→67 [0.1ms]
[2026-05-06 12:54:01] MOVE asha (gray0): 53→54 [0.1ms]
[2026-05-06 12:54:01] MOVE chetan (lawn green): 67→57 [0.1ms]
[2026-05-06 12:54:01] MOVE asha (gray0): 18→9 [0.1ms]
[2026-05-06 12:54:01] MOVE chetan (lawn green): 57→56 [0.1ms]
[2026-05-06 12:54:01] MOVE asha (gray0): 54→43 [0.1ms]
[2026-05-06 12:54:02] MOVE chetan (lawn green): 56→66 [0.1ms]
[2026-05-06 12:54:02] MOVE asha (gray0): 9→17 [0.1ms]
[2026-05-06 12:54:02] MOVE chetan (lawn green): 66→77 [0.1ms]
[2026-05-06 12:54:02] MOVE asha (gray0): 43→31 [0.1ms]
[2026-05-06 12:54:02] MOVE chetan (lawn green): 77→89 [0.1ms]
[2026-05-06 12:54:02] MOVE asha (gray0): 17→30 [0.1ms]
[2026-05-06 12:54:02] MOVE chetan (lawn green): 89→102 [0.2ms]
[2026-05-06 12:54:03] MOVE asha (gray0): 31→18 [1.6ms]
[2026-05-06 12:54:03] MOVE chetan (lawn green): 102→90 [0.1ms]
[2026-05-06 12:54:03] MOVE asha (gray0): 30→31 [0.1ms]
[2026-05-06 12:54:03] MOVE chetan (lawn green): 90→78 [0.2ms]
[2026-05-06 12:54:03] MOVE asha (gray0): 18→9 [0.1ms]
[2026-05-06 12:54:03] MOVE chetan (lawn green): 78→67 [0.1ms]
[2026-05-06 12:54:04] MOVE asha (gray0): 31→18 [0.2ms]
[2026-05-06 12:54:04] MOVE chetan (lawn green): 67→57 [0.1ms]
[2026-05-06 12:54:04] MOVE asha (gray0): 9→31 [0.1ms]
[2026-05-06 12:54:04] MOVE chetan (lawn green): 57→56 [0.1ms]
[2026-05-06 12:54:04] MOVE asha (gray0): 18→43 [0.1ms]
[2026-05-06 12:54:04] MOVE chetan (lawn green): 56→66 [0.2ms]
[2026-05-06 12:54:05] MOVE asha (gray0): 31→54 [0.2ms]
[2026-05-06 12:54:05] MOVE chetan (lawn green): 66→77 [0.1ms]
[2026-05-06 12:54:05] MOVE asha (gray0): 43→64 [0.1ms]
[2026-05-06 12:54:05] MOVE chetan (lawn green): 77→89 [0.1ms]
[2026-05-06 12:54:05] MOVE asha (gray0): 54→43 [0.1ms]
[2026-05-06 12:54:05] MOVE chetan (lawn green): 89→102 [0.1ms]
[2026-05-06 12:54:06] MOVE asha (gray0): 64→54 [0.4ms]
[2026-05-06 12:54:06] MOVE chetan (lawn green): 102→90 [0.1ms]
[2026-05-06 12:54:06] MOVE asha (gray0): 43→64 [0.1ms]
[2026-05-06 12:54:06] MOVE chetan (lawn green): 90→78 [0.1ms]
[2026-05-06 12:54:06] MOVE asha (gray0): 54→74 [0.1ms]
[2026-05-06 12:54:06] MOVE chetan (lawn green): 78→67 [0.1ms]
[2026-05-06 12:54:07] MOVE asha (gray0): 64→63 [0.1ms]
[2026-05-06 12:54:07] MOVE chetan (lawn green): 67→57 [0.1ms]
[2026-05-06 12:54:07] MOVE asha (gray0): 74→73 [0.1ms]
[2026-05-06 12:54:07] MOVE chetan (lawn green): 57→56 [0.2ms]
[2026-05-06 12:54:08] MOVE asha (gray0): 63→53 [0.2ms]
[2026-05-06 12:54:08] MOVE chetan (lawn green): 56→66 [0.3ms]
[2026-05-06 12:54:08] MOVE asha (gray0): 73→63 [0.1ms]
[2026-05-06 12:54:08] MOVE chetan (lawn green): 66→77 [0.1ms]
[2026-05-06 12:54:09] MOVE asha (gray0): 53→54 [0.1ms]
[2026-05-06 12:54:09] MOVE chetan (lawn green): 77→89 [0.2ms]
[2026-05-06 12:54:09] MOVE asha (gray0): 63→64 [0.1ms]
[2026-05-06 12:54:09] MOVE chetan (lawn green): 89→102 [0.1ms]
[2026-05-06 12:54:09] MOVE asha (gray0): 54→43 [0.1ms]
[2026-05-06 12:54:09] MOVE chetan (lawn green): 102→90 [0.1ms]
[2026-05-06 12:54:10] MOVE asha (gray0): 64→54 [0.1ms]
[2026-05-06 12:54:10] MOVE chetan (lawn green): 90→78 [0.1ms]
[2026-05-06 12:54:10] MOVE asha (gray0): 43→64 [0.1ms]
[2026-05-06 12:54:10] MOVE chetan (lawn green): 78→67 [0.1ms]
[2026-05-06 12:54:10] MOVE asha (gray0): 54→43 [0.1ms]
[2026-05-06 12:54:10] MOVE chetan (lawn green): 67→57 [0.2ms]
[2026-05-06 12:54:11] MOVE asha (gray0): 64→63 [0.1ms]
[2026-05-06 12:54:11] MOVE chetan (lawn green): 57→56 [0.1ms]
[2026-05-06 12:54:11] MOVE asha (gray0): 43→31 [0.1ms]
[2026-05-06 12:54:11] MOVE chetan (lawn green): 56→66 [0.1ms]
[2026-05-06 12:54:11] MOVE asha (gray0): 63→53 [0.1ms]
[2026-05-06 12:54:11] MOVE chetan (lawn green): 66→77 [0.1ms]
[2026-05-06 12:54:11] MOVE asha (gray0): 31→18 [0.1ms]
[2026-05-06 12:54:12] MOVE chetan (lawn green): 77→89 [0.1ms]
[2026-05-06 12:54:12] MOVE asha (gray0): 53→54 [0.1ms]
[2026-05-06 12:54:12] MOVE chetan (lawn green): 89→102 [0.1ms]
[2026-05-06 12:54:12] MOVE asha (gray0): 18→9 [0.1ms]
[2026-05-06 12:54:12] MOVE chetan (lawn green): 102→90 [0.1ms]
[2026-05-06 12:54:12] MOVE asha (gray0): 54→43 [0.2ms]
[2026-05-06 12:54:13] MOVE chetan (lawn green): 90→78 [0.1ms]
[2026-05-06 12:54:13] MOVE asha (gray0): 9→17 [0.3ms]
[2026-05-06 12:54:13] MOVE chetan (lawn green): 78→67 [0.3ms]
[2026-05-06 12:54:13] MOVE asha (gray0): 43→31 [0.1ms]
[2026-05-06 12:54:13] MOVE chetan (lawn green): 67→57 [0.1ms]
[2026-05-06 12:54:13] MOVE asha (gray0): 17→30 [0.1ms]
[2026-05-06 12:54:14] MOVE chetan (lawn green): 57→56 [0.1ms]
[2026-05-06 12:54:14] MOVE asha (gray0): 31→18 [0.1ms]
[2026-05-06 12:54:14] MOVE chetan (lawn green): 56→66 [0.1ms]
[2026-05-06 12:54:14] MOVE asha (gray0): 30→31 [0.1ms]
[2026-05-06 12:54:14] MOVE chetan (lawn green): 66→77 [0.1ms]
[2026-05-06 12:54:14] MOVE asha (gray0): 18→9 [0.1ms]
[2026-05-06 12:54:15] MOVE chetan (lawn green): 77→89 [0.1ms]
[2026-05-06 12:54:15] MOVE asha (gray0): 31→18 [0.2ms]
[2026-05-06 12:54:15] MOVE chetan (lawn green): 89→102 [0.1ms]
[2026-05-06 12:54:15] MOVE asha (gray0): 9→31 [0.1ms]
[2026-05-06 12:54:15] MOVE chetan (lawn green): 102→90 [0.1ms]
[2026-05-06 12:54:15] MOVE asha (gray0): 18→43 [0.1ms]
[2026-05-06 12:54:15] MOVE chetan (lawn green): 90→78 [0.1ms]
[2026-05-06 12:54:16] MOVE asha (gray0): 31→54 [0.1ms]
[2026-05-06 12:54:16] MOVE chetan (lawn green): 78→67 [0.1ms]
[2026-05-06 12:54:16] MOVE asha (gray0): 43→64 [0.1ms]
[2026-05-06 12:54:16] MOVE chetan (lawn green): 67→57 [0.1ms]
[2026-05-06 12:54:16] MOVE asha (gray0): 54→43 [0.1ms]
[2026-05-06 12:54:16] MOVE chetan (lawn green): 57→56 [0.1ms]
[2026-05-06 12:54:17] MOVE asha (gray0): 64→54 [0.1ms]
[2026-05-06 12:54:17] MOVE chetan (lawn green): 56→66 [0.2ms]
[2026-05-06 12:54:17] MOVE asha (gray0): 43→64 [0.1ms]
[2026-05-06 12:54:17] MOVE chetan (lawn green): 66→77 [0.2ms]
[2026-05-06 12:54:17] MOVE asha (gray0): 54→74 [0.1ms]
[2026-05-06 12:54:17] MOVE chetan (lawn green): 77→89 [0.1ms]
[2026-05-06 12:54:18] MOVE asha (gray0): 64→63 [0.2ms]
[2026-05-06 12:54:18] MOVE chetan (lawn green): 89→102 [0.1ms]
[2026-05-06 12:54:18] MOVE asha (gray0): 74→73 [0.1ms]
[2026-05-06 12:54:18] MOVE chetan (lawn green): 102→90 [0.1ms]
[2026-05-06 12:54:18] MOVE asha (gray0): 63→53 [0.1ms]
[2026-05-06 12:54:18] MOVE chetan (lawn green): 90→78 [0.1ms]
[2026-05-06 12:54:19] MOVE asha (gray0): 73→63 [0.1ms]
[2026-05-06 12:54:19] MOVE chetan (lawn green): 78→67 [0.1ms]
[2026-05-06 12:54:19] MOVE asha (gray0): 53→54 [0.1ms]
[2026-05-06 12:54:19] MOVE chetan (lawn green): 67→57 [0.1ms]
[2026-05-06 12:54:19] MOVE asha (gray0): 63→64 [0.2ms]
[2026-05-06 12:54:19] MOVE chetan (lawn green): 57→56 [0.1ms]
[2026-05-06 12:54:20] MOVE asha (gray0): 54→43 [0.1ms]
[2026-05-06 12:54:20] MOVE chetan (lawn green): 56→66 [0.2ms]
[2026-05-06 12:54:20] MOVE asha (gray0): 64→54 [0.2ms]
[2026-05-06 12:54:20] MOVE chetan (lawn green): 66→77 [0.1ms]
[2026-05-06 12:54:20] MOVE asha (gray0): 43→64 [0.1ms]
[2026-05-06 12:54:20] MOVE chetan (lawn green): 77→89 [0.1ms]
[2026-05-06 12:54:21] MOVE asha (gray0): 54→43 [0.1ms]
[2026-05-06 12:54:21] MOVE chetan (lawn green): 89→102 [0.1ms]
[2026-05-06 12:54:21] MOVE asha (gray0): 64→63 [0.2ms]
[2026-05-06 12:54:21] MOVE chetan (lawn green): 102→90 [0.1ms]
[2026-05-06 12:54:21] MOVE asha (gray0): 43→31 [0.1ms]
[2026-05-06 12:54:21] MOVE chetan (lawn green): 90→78 [0.2ms]
[2026-05-06 12:54:21] MOVE asha (gray0): 63→53 [0.1ms]
[2026-05-06 12:54:22] MOVE chetan (lawn green): 78→67 [0.1ms]
[2026-05-06 12:54:22] MOVE asha (gray0): 31→18 [0.1ms]
[2026-05-06 12:54:22] MOVE chetan (lawn green): 67→57 [0.1ms]
[2026-05-06 12:54:22] MOVE asha (gray0): 53→54 [0.1ms]
[2026-05-06 12:54:22] MOVE chetan (lawn green): 57→56 [0.4ms]
[2026-05-06 12:54:22] MOVE asha (gray0): 18→9 [0.1ms]
[2026-05-06 12:54:23] MOVE chetan (lawn green): 56→66 [0.1ms]
[2026-05-06 12:54:23] MOVE asha (gray0): 54→43 [0.1ms]
[2026-05-06 12:54:23] MOVE chetan (lawn green): 66→77 [0.1ms]
[2026-05-06 12:54:23] MOVE asha (gray0): 9→17 [0.1ms]
[2026-05-06 12:54:23] MOVE chetan (lawn green): 77→89 [0.1ms]
[2026-05-06 12:54:23] MOVE asha (gray0): 43→31 [0.1ms]
[2026-05-06 12:54:24] MOVE chetan (lawn green): 89→102 [0.1ms]
[2026-05-06 12:54:24] MOVE asha (gray0): 17→30 [0.1ms]
[2026-05-06 12:54:24] MOVE chetan (lawn green): 102→90 [0.1ms]
[2026-05-06 12:54:24] MOVE asha (gray0): 31→18 [0.1ms]
[2026-05-06 12:54:24] MOVE chetan (lawn green): 90→78 [0.2ms]
[2026-05-06 12:54:24] MOVE asha (gray0): 30→31 [0.1ms]
[2026-05-06 12:54:25] MOVE chetan (lawn green): 78→67 [0.1ms]
[2026-05-06 12:54:25] MOVE asha (gray0): 18→9 [0.1ms]
[2026-05-06 12:54:25] MOVE chetan (lawn green): 67→57 [0.1ms]
[2026-05-06 12:54:25] MOVE asha (gray0): 31→18 [0.2ms]
[2026-05-06 12:54:25] MOVE chetan (lawn green): 57→56 [0.1ms]
[2026-05-06 12:54:25] MOVE asha (gray0): 9→31 [0.1ms]
[2026-05-06 12:54:25] MOVE chetan (lawn green): 56→66 [0.2ms]
[2026-05-06 12:54:26] MOVE asha (gray0): 18→43 [0.1ms]
[2026-05-06 12:54:26] MOVE chetan (lawn green): 66→77 [0.1ms]
[2026-05-06 12:54:26] MOVE asha (gray0): 31→54 [0.1ms]
[2026-05-06 12:54:26] MOVE chetan (lawn green): 77→89 [0.2ms]
[2026-05-06 12:54:26] MOVE asha (gray0): 43→64 [0.1ms]
[2026-05-06 12:54:26] MOVE chetan (lawn green): 89→102 [0.2ms]
[2026-05-06 12:54:27] MOVE asha (gray0): 54→43 [0.1ms]
[2026-05-06 12:54:27] MOVE chetan (lawn green): 102→90 [0.1ms]
[2026-05-06 12:54:27] MOVE asha (gray0): 64→54 [0.4ms]
[2026-05-06 12:54:27] MOVE chetan (lawn green): 90→78 [0.2ms]
[2026-05-06 12:54:27] MOVE asha (gray0): 43→64 [0.2ms]
[2026-05-06 12:54:27] MOVE chetan (lawn green): 78→67 [0.1ms]
[2026-05-06 12:54:28] MOVE asha (gray0): 54→74 [0.2ms]
[2026-05-06 12:54:28] MOVE chetan (lawn green): 67→57 [0.1ms]
[2026-05-06 12:54:28] MOVE asha (gray0): 64→63 [0.1ms]
[2026-05-06 12:54:28] MOVE chetan (lawn green): 57→56 [0.1ms]
[2026-05-06 12:54:28] MOVE asha (gray0): 74→73 [0.1ms]
[2026-05-06 12:54:28] MOVE chetan (lawn green): 56→66 [0.1ms]
[2026-05-06 12:54:29] MOVE asha (gray0): 63→53 [0.2ms]
[2026-05-06 12:54:29] MOVE chetan (lawn green): 66→77 [0.1ms]
[2026-05-06 12:54:29] MOVE asha (gray0): 73→63 [0.1ms]
[2026-05-06 12:54:29] MOVE chetan (lawn green): 77→89 [0.1ms]
[2026-05-06 12:54:29] MOVE asha (gray0): 53→54 [0.1ms]
[2026-05-06 12:54:29] MOVE chetan (lawn green): 89→102 [0.1ms]
[2026-05-06 12:54:30] MOVE asha (gray0): 63→64 [0.1ms]
[2026-05-06 12:54:30] MOVE chetan (lawn green): 102→90 [0.2ms]
[2026-05-06 12:54:30] MOVE asha (gray0): 54→43 [0.1ms]
[2026-05-06 12:54:30] MOVE chetan (lawn green): 90→78 [1.9ms]
[2026-05-06 12:54:30] MOVE asha (gray0): 64→54 [0.4ms]
[2026-05-06 12:54:30] MOVE chetan (lawn green): 78→67 [0.1ms]
[2026-05-06 12:54:31] MOVE asha (gray0): 43→64 [0.2ms]
[2026-05-06 12:54:31] MOVE chetan (lawn green): 67→57 [0.1ms]
[2026-05-06 12:54:31] MOVE asha (gray0): 54→43 [0.1ms]
[2026-05-06 12:54:31] MOVE chetan (lawn green): 57→56 [0.1ms]
[2026-05-06 12:54:31] MOVE asha (gray0): 64→63 [0.1ms]
[2026-05-06 12:54:31] MOVE chetan (lawn green): 56→66 [0.3ms]
[2026-05-06 12:54:32] MOVE asha (gray0): 43→31 [0.1ms]
[2026-05-06 12:54:32] MOVE chetan (lawn green): 66→77 [0.1ms]
[2026-05-06 12:54:32] MOVE asha (gray0): 63→53 [0.1ms]
[2026-05-06 12:54:32] MOVE chetan (lawn green): 77→89 [0.1ms]
[2026-05-06 12:54:32] MOVE asha (gray0): 31→18 [0.1ms]
[2026-05-06 12:54:32] MOVE chetan (lawn green): 89→102 [0.1ms]
[2026-05-06 12:54:32] MOVE asha (gray0): 53→54 [0.3ms]
[2026-05-06 12:54:33] MOVE chetan (lawn green): 102→90 [0.1ms]
[2026-05-06 12:54:33] MOVE asha (gray0): 18→9 [0.3ms]
[2026-05-06 12:54:33] MOVE chetan (lawn green): 90→78 [0.1ms]
[2026-05-06 12:54:33] MOVE asha (gray0): 54→43 [0.1ms]
[2026-05-06 12:54:33] MOVE chetan (lawn green): 78→67 [0.1ms]
[2026-05-06 12:54:33] MOVE asha (gray0): 9→17 [0.1ms]
[2026-05-06 12:54:34] MOVE chetan (lawn green): 67→57 [0.9ms]
[2026-05-06 12:54:34] MOVE asha (gray0): 43→31 [0.2ms]
[2026-05-06 12:54:34] MOVE chetan (lawn green): 57→56 [0.1ms]
[2026-05-06 12:54:34] MOVE asha (gray0): 17→30 [0.2ms]
[2026-05-06 12:54:34] MOVE chetan (lawn green): 56→66 [0.3ms]
[2026-05-06 12:54:34] MOVE asha (gray0): 31→18 [0.1ms]
[2026-05-06 12:54:35] MOVE chetan (lawn green): 66→77 [0.1ms]
[2026-05-06 12:54:35] MOVE asha (gray0): 30→31 [0.3ms]
[2026-05-06 12:54:35] MOVE chetan (lawn green): 77→89 [0.1ms]
[2026-05-06 12:54:35] MOVE asha (gray0): 18→9 [0.1ms]
[2026-05-06 12:54:35] MOVE chetan (lawn green): 89→102 [0.1ms]
[2026-05-06 12:54:35] MOVE asha (gray0): 31→18 [0.1ms]
[2026-05-06 12:54:36] MOVE chetan (lawn green): 102→90 [0.2ms]
[2026-05-06 12:54:36] MOVE asha (gray0): 9→31 [0.1ms]
[2026-05-06 12:54:36] MOVE chetan (lawn green): 90→78 [0.2ms]
[2026-05-06 12:54:36] MOVE asha (gray0): 18→43 [0.1ms]
[2026-05-06 12:54:36] MOVE chetan (lawn green): 78→67 [0.1ms]
[2026-05-06 12:54:36] MOVE asha (gray0): 31→54 [0.2ms]
[2026-05-06 12:54:37] MOVE chetan (lawn green): 67→57 [0.2ms]
[2026-05-06 12:54:37] MOVE asha (gray0): 43→64 [0.1ms]
[2026-05-06 12:54:37] MOVE chetan (lawn green): 57→56 [0.1ms]
[2026-05-06 12:54:37] MOVE asha (gray0): 54→43 [0.2ms]
[2026-05-06 12:54:37] MOVE chetan (lawn green): 56→66 [0.1ms]
[2026-05-06 12:54:37] MOVE asha (gray0): 64→54 [0.1ms]
[2026-05-06 12:54:37] MOVE chetan (lawn green): 66→77 [0.1ms]
[2026-05-06 12:54:38] MOVE asha (gray0): 43→64 [0.1ms]
[2026-05-06 12:54:38] MOVE chetan (lawn green): 77→89 [0.2ms]
[2026-05-06 12:54:38] MOVE asha (gray0): 54→74 [0.1ms]
[2026-05-06 12:54:38] MOVE chetan (lawn green): 89→102 [0.1ms]
[2026-05-06 12:54:38] MOVE asha (gray0): 64→63 [0.1ms]
[2026-05-06 12:54:38] MOVE chetan (lawn green): 102→90 [0.2ms]
[2026-05-06 12:54:39] MOVE asha (gray0): 74→73 [0.2ms]
[2026-05-06 12:54:39] MOVE chetan (lawn green): 90→78 [0.2ms]
[2026-05-06 12:54:39] MOVE asha (gray0): 63→53 [0.2ms]
[2026-05-06 12:54:39] MOVE chetan (lawn green): 78→67 [0.1ms]
[2026-05-06 12:54:39] MOVE asha (gray0): 73→63 [0.2ms]
[2026-05-06 12:54:39] MOVE chetan (lawn green): 67→57 [0.2ms]
[2026-05-06 12:54:40] MOVE asha (gray0): 53→54 [0.1ms]
[2026-05-06 12:54:40] MOVE chetan (lawn green): 57→56 [0.1ms]
[2026-05-06 12:54:40] MOVE asha (gray0): 63→64 [0.1ms]
[2026-05-06 12:54:40] MOVE chetan (lawn green): 56→66 [0.1ms]
[2026-05-06 12:54:40] MOVE asha (gray0): 54→43 [0.1ms]
[2026-05-06 12:54:40] MOVE chetan (lawn green): 66→77 [0.1ms]
[2026-05-06 12:54:41] MOVE asha (gray0): 64→54 [0.1ms]
[2026-05-06 12:54:41] MOVE chetan (lawn green): 77→89 [0.1ms]
[2026-05-06 12:54:41] MOVE asha (gray0): 43→64 [0.2ms]
[2026-05-06 12:54:41] MOVE chetan (lawn green): 89→102 [0.2ms]
[2026-05-06 12:54:41] MOVE asha (gray0): 54→43 [0.2ms]
[2026-05-06 12:54:41] MOVE chetan (lawn green): 102→90 [0.1ms]
[2026-05-06 12:54:42] MOVE asha (gray0): 64→63 [0.2ms]
[2026-05-06 12:54:42] MOVE chetan (lawn green): 90→78 [0.5ms]
[2026-05-06 12:54:42] MOVE asha (gray0): 43→31 [0.5ms]
[2026-05-06 12:54:42] MOVE chetan (lawn green): 78→67 [0.6ms]
[2026-05-06 12:54:42] MOVE asha (gray0): 63→53 [0.1ms]
[2026-05-06 12:54:42] MOVE chetan (lawn green): 67→57 [0.1ms]
[2026-05-06 12:54:42] MOVE asha (gray0): 31→18 [0.1ms]
[2026-05-06 12:54:43] MOVE chetan (lawn green): 57→56 [0.1ms]
[2026-05-06 12:54:43] MOVE asha (gray0): 53→54 [0.1ms]
[2026-05-06 12:54:43] MOVE chetan (lawn green): 56→66 [0.1ms]
[2026-05-06 12:54:43] MOVE asha (gray0): 18→9 [0.1ms]
[2026-05-06 12:54:43] MOVE chetan (lawn green): 66→77 [0.2ms]
[2026-05-06 12:54:43] MOVE asha (gray0): 54→43 [0.4ms]
[2026-05-06 12:54:44] MOVE chetan (lawn green): 77→89 [0.1ms]
[2026-05-06 12:54:44] MOVE asha (gray0): 9→17 [0.2ms]
[2026-05-06 12:54:44] MOVE chetan (lawn green): 89→102 [0.1ms]
[2026-05-06 12:54:44] MOVE asha (gray0): 43→31 [0.1ms]
[2026-05-06 12:54:44] MOVE chetan (lawn green): 102→90 [0.2ms]
[2026-05-06 12:54:44] MOVE asha (gray0): 17→30 [0.2ms]
[2026-05-06 12:54:45] MOVE chetan (lawn green): 90→78 [0.1ms]
[2026-05-06 12:54:45] MOVE asha (gray0): 31→18 [0.2ms]
[2026-05-06 12:54:45] MOVE chetan (lawn green): 78→67 [0.1ms]
[2026-05-06 12:54:45] MOVE asha (gray0): 30→31 [0.1ms]
[2026-05-06 12:54:45] MOVE chetan (lawn green): 67→57 [0.1ms]
[2026-05-06 12:54:45] MOVE asha (gray0): 18→9 [0.2ms]
[2026-05-06 12:54:46] MOVE chetan (lawn green): 57→56 [0.1ms]
[2026-05-06 12:54:46] MOVE asha (gray0): 31→18 [0.1ms]
[2026-05-06 12:54:46] MOVE chetan (lawn green): 56→66 [0.1ms]
[2026-05-06 12:54:46] MOVE asha (gray0): 9→31 [0.1ms]
[2026-05-06 12:54:46] MOVE chetan (lawn green): 66→77 [0.1ms]
[2026-05-06 12:54:46] MOVE asha (gray0): 18→43 [0.1ms]
[2026-05-06 12:54:46] MOVE chetan (lawn green): 77→89 [0.1ms]
[2026-05-06 12:54:47] MOVE asha (gray0): 31→54 [0.1ms]
[2026-05-06 12:54:47] MOVE chetan (lawn green): 89→102 [0.2ms]
[2026-05-06 12:54:47] MOVE asha (gray0): 43→64 [0.1ms]
[2026-05-06 12:54:47] MOVE chetan (lawn green): 102→90 [0.1ms]
[2026-05-06 12:54:47] MOVE asha (gray0): 54→43 [0.1ms]
[2026-05-06 12:54:47] MOVE chetan (lawn green): 90→78 [0.1ms]
[2026-05-06 12:54:48] MOVE asha (gray0): 64→54 [0.1ms]
[2026-05-06 12:54:48] MOVE chetan (lawn green): 78→67 [0.1ms]
[2026-05-06 12:54:48] MOVE asha (gray0): 43→64 [0.1ms]
[2026-05-06 12:54:48] MOVE chetan (lawn green): 67→57 [0.1ms]
[2026-05-06 12:54:48] MOVE asha (gray0): 54→74 [0.1ms]
[2026-05-06 12:54:48] MOVE chetan (lawn green): 57→56 [0.1ms]
[2026-05-06 12:54:49] MOVE asha (gray0): 64→63 [0.1ms]
[2026-05-06 12:54:49] MOVE chetan (lawn green): 56→66 [0.1ms]
[2026-05-06 12:54:49] MOVE asha (gray0): 74→73 [0.1ms]
[2026-05-06 12:54:49] MOVE chetan (lawn green): 66→77 [0.1ms]
[2026-05-06 12:54:49] MOVE asha (gray0): 63→53 [0.1ms]
[2026-05-06 12:54:49] MOVE chetan (lawn green): 77→89 [0.1ms]
[2026-05-06 12:54:50] MOVE asha (gray0): 73→63 [0.2ms]
[2026-05-06 12:54:50] MOVE chetan (lawn green): 89→102 [0.6ms]
[2026-05-06 12:54:50] MOVE asha (gray0): 53→54 [0.1ms]
[2026-05-06 12:54:50] MOVE chetan (lawn green): 102→90 [0.1ms]
[2026-05-06 12:54:50] MOVE asha (gray0): 63→64 [0.1ms]
[2026-05-06 12:54:50] MOVE chetan (lawn green): 90→78 [0.1ms]
[2026-05-06 12:54:51] MOVE asha (gray0): 54→43 [0.1ms]
[2026-05-06 12:54:51] MOVE chetan (lawn green): 78→67 [0.1ms]
[2026-05-06 12:54:51] MOVE asha (gray0): 64→54 [0.1ms]
[2026-05-06 12:54:51] MOVE chetan (lawn green): 67→57 [0.1ms]
[2026-05-06 12:54:51] MOVE asha (gray0): 43→64 [0.1ms]
[2026-05-06 12:54:51] MOVE chetan (lawn green): 57→56 [0.3ms]
[2026-05-06 12:54:52] MOVE asha (gray0): 54→43 [0.1ms]
[2026-05-06 12:54:52] MOVE chetan (lawn green): 56→66 [0.1ms]
[2026-05-06 12:54:52] MOVE asha (gray0): 64→63 [0.1ms]
[2026-05-06 12:54:52] MOVE chetan (lawn green): 66→77 [0.2ms]
[2026-05-06 12:54:52] MOVE asha (gray0): 43→31 [0.1ms]
[2026-05-06 12:54:52] MOVE chetan (lawn green): 77→89 [0.2ms]
[2026-05-06 12:54:53] MOVE asha (gray0): 63→53 [0.4ms]
[2026-05-06 12:54:53] MOVE chetan (lawn green): 89→102 [0.3ms]
[2026-05-06 12:54:53] MOVE asha (gray0): 31→18 [0.2ms]
[2026-05-06 12:54:53] MOVE chetan (lawn green): 102→90 [0.1ms]
[2026-05-06 12:54:53] MOVE asha (gray0): 53→54 [0.1ms]
[2026-05-06 12:54:53] MOVE chetan (lawn green): 90→78 [0.2ms]
[2026-05-06 12:54:53] MOVE asha (gray0): 18→9 [0.1ms]
[2026-05-06 12:54:54] MOVE chetan (lawn green): 78→67 [0.1ms]
[2026-05-06 12:54:54] MOVE asha (gray0): 54→43 [0.1ms]
[2026-05-06 12:54:54] MOVE chetan (lawn green): 67→57 [0.1ms]
[2026-05-06 12:54:54] MOVE asha (gray0): 9→17 [0.1ms]
[2026-05-06 12:54:54] MOVE chetan (lawn green): 57→56 [0.1ms]
[2026-05-06 12:54:54] MOVE asha (gray0): 43→31 [0.1ms]
[2026-05-06 12:54:55] MOVE chetan (lawn green): 56→66 [0.2ms]
[2026-05-06 12:54:55] MOVE asha (gray0): 17→30 [0.1ms]
[2026-05-06 12:54:55] MOVE chetan (lawn green): 66→77 [0.6ms]
[2026-05-06 12:54:55] MOVE asha (gray0): 31→18 [0.1ms]
[2026-05-06 12:54:55] MOVE chetan (lawn green): 77→89 [0.2ms]
[2026-05-06 12:54:55] MOVE asha (gray0): 30→31 [0.1ms]
[2026-05-06 12:54:56] MOVE chetan (lawn green): 89→102 [0.1ms]
[2026-05-06 12:54:56] MOVE asha (gray0): 18→9 [0.1ms]
[2026-05-06 12:54:56] MOVE chetan (lawn green): 102→90 [0.2ms]
[2026-05-06 12:54:56] MOVE asha (gray0): 31→18 [0.1ms]
[2026-05-06 12:54:56] MOVE chetan (lawn green): 90→78 [0.2ms]
[2026-05-06 12:54:56] MOVE asha (gray0): 9→31 [0.1ms]
[2026-05-06 12:54:57] MOVE chetan (lawn green): 78→67 [0.1ms]
[2026-05-06 12:54:57] MOVE asha (gray0): 18→43 [0.2ms]
[2026-05-06 12:54:57] MOVE chetan (lawn green): 67→57 [0.1ms]
[2026-05-06 12:54:57] MOVE asha (gray0): 31→54 [0.1ms]
[2026-05-06 12:54:57] MOVE chetan (lawn green): 57→56 [0.2ms]
[2026-05-06 12:54:57] MOVE asha (gray0): 43→64 [0.1ms]
[2026-05-06 12:54:58] MOVE chetan (lawn green): 56→66 [0.1ms]
[2026-05-06 12:54:58] MOVE asha (gray0): 54→43 [0.1ms]
[2026-05-06 12:54:58] MOVE chetan (lawn green): 66→77 [0.1ms]
[2026-05-06 12:54:58] MOVE asha (gray0): 64→54 [0.1ms]
[2026-05-06 12:54:58] MOVE chetan (lawn green): 77→89 [0.1ms]
[2026-05-06 12:54:58] MOVE asha (gray0): 43→64 [0.2ms]
[2026-05-06 12:54:59] MOVE chetan (lawn green): 89→102 [0.1ms]
[2026-05-06 12:54:59] MOVE asha (gray0): 54→74 [0.1ms]
[2026-05-06 12:54:59] MOVE chetan (lawn green): 102→90 [0.2ms]
[2026-05-06 12:54:59] MOVE asha (gray0): 64→63 [0.1ms]
[2026-05-06 12:54:59] MOVE chetan (lawn green): 90→78 [0.1ms]
[2026-05-06 12:55:00] MOVE asha (gray0): 74→73 [0.1ms]
[2026-05-06 12:55:00] MOVE chetan (lawn green): 78→67 [0.4ms]
[2026-05-06 12:55:00] MOVE asha (gray0): 63→53 [0.2ms]
[2026-05-06 12:55:00] MOVE chetan (lawn green): 67→57 [0.2ms]
[2026-05-06 12:55:01] MOVE asha (gray0): 73→63 [0.4ms]
[2026-05-06 12:55:01] MOVE chetan (lawn green): 57→56 [0.2ms]
[2026-05-06 12:55:01] MOVE asha (gray0): 53→54 [0.2ms]
[2026-05-06 12:55:01] MOVE chetan (lawn green): 56→66 [0.2ms]
[2026-05-06 12:55:01] MOVE asha (gray0): 63→64 [0.3ms]
[2026-05-06 12:55:01] MOVE chetan (lawn green): 66→77 [0.2ms]
[2026-05-06 12:55:02] MOVE asha (gray0): 54→43 [0.2ms]
[2026-05-06 12:55:02] MOVE chetan (lawn green): 77→89 [0.3ms]
[2026-05-06 12:55:02] MOVE asha (gray0): 64→54 [0.2ms]
[2026-05-06 12:55:03] MOVE chetan (lawn green): 89→102 [0.2ms]
[2026-05-06 12:55:03] MOVE asha (gray0): 43→64 [0.2ms]
[2026-05-06 12:55:03] MOVE chetan (lawn green): 102→90 [0.3ms]
[2026-05-06 12:55:03] MOVE asha (gray0): 54→43 [0.2ms]
[2026-05-06 12:55:03] MOVE chetan (lawn green): 90→78 [0.2ms]
[2026-05-06 12:55:03] MOVE asha (gray0): 64→63 [0.2ms]
[2026-05-06 12:55:04] MOVE chetan (lawn green): 78→67 [0.2ms]
[2026-05-06 12:55:04] MOVE asha (gray0): 43→31 [0.2ms]
[2026-05-06 12:55:04] MOVE chetan (lawn green): 67→57 [0.1ms]
[2026-05-06 12:55:04] MOVE asha (gray0): 63→53 [0.1ms]
[2026-05-06 12:55:04] MOVE chetan (lawn green): 57→56 [0.3ms]
[2026-05-06 12:55:04] MOVE asha (gray0): 31→18 [0.1ms]
[2026-05-06 12:55:04] MOVE chetan (lawn green): 56→66 [0.1ms]
[2026-05-06 12:55:05] MOVE asha (gray0): 53→54 [0.1ms]
[2026-05-06 12:55:05] MOVE chetan (lawn green): 66→77 [0.1ms]
[2026-05-06 12:55:05] MOVE asha (gray0): 18→9 [0.1ms]
[2026-05-06 12:55:05] MOVE chetan (lawn green): 77→89 [0.2ms]
[2026-05-06 12:55:05] MOVE asha (gray0): 54→43 [0.1ms]
[2026-05-06 12:55:05] MOVE chetan (lawn green): 89→102 [0.2ms]
[2026-05-06 12:55:06] MOVE asha (gray0): 9→17 [0.1ms]
[2026-05-06 12:55:06] MOVE chetan (lawn green): 102→90 [0.1ms]
[2026-05-06 12:55:06] MOVE asha (gray0): 43→31 [0.1ms]
[2026-05-06 12:55:06] MOVE chetan (lawn green): 90→78 [0.1ms]
[2026-05-06 12:55:06] MOVE asha (gray0): 17→30 [0.1ms]
[2026-05-06 12:55:06] MOVE chetan (lawn green): 78→67 [0.1ms]
[2026-05-06 12:55:07] MOVE asha (gray0): 31→18 [0.2ms]
[2026-05-06 12:55:07] MOVE chetan (lawn green): 67→57 [0.3ms]
[2026-05-06 12:55:07] MOVE asha (gray0): 30→31 [0.1ms]
[2026-05-06 12:55:07] MOVE chetan (lawn green): 57→56 [0.1ms]
[2026-05-06 12:55:07] MOVE asha (gray0): 18→9 [0.1ms]
[2026-05-06 12:55:07] MOVE chetan (lawn green): 56→66 [0.2ms]
[2026-05-06 12:55:07] MOVE asha (gray0): 31→18 [0.1ms]
[2026-05-06 12:55:08] MOVE chetan (lawn green): 66→77 [0.1ms]
[2026-05-06 12:55:08] MOVE asha (gray0): 9→31 [0.1ms]
[2026-05-06 12:55:08] MOVE chetan (lawn green): 77→89 [0.1ms]
[2026-05-06 12:55:08] MOVE asha (gray0): 18→43 [0.1ms]
[2026-05-06 12:55:08] MOVE chetan (lawn green): 89→102 [0.1ms]
[2026-05-06 12:55:08] MOVE asha (gray0): 31→54 [0.1ms]
[2026-05-06 12:55:09] MOVE chetan (lawn green): 102→90 [0.1ms]
[2026-05-06 12:55:09] MOVE asha (gray0): 43→64 [0.1ms]
[2026-05-06 12:55:09] MOVE chetan (lawn green): 90→78 [0.3ms]
[2026-05-06 12:55:09] MOVE asha (gray0): 54→43 [0.1ms]
[2026-05-06 12:55:09] MOVE chetan (lawn green): 78→67 [0.2ms]
[2026-05-06 12:55:09] MOVE asha (gray0): 64→54 [0.2ms]
[2026-05-06 12:55:10] MOVE chetan (lawn green): 67→57 [0.1ms]
[2026-05-06 12:55:10] MOVE asha (gray0): 43→64 [0.1ms]
[2026-05-06 12:55:10] MOVE chetan (lawn green): 57→56 [0.1ms]
[2026-05-06 12:55:10] MOVE asha (gray0): 54→74 [0.1ms]
[2026-05-06 12:55:10] MOVE chetan (lawn green): 56→66 [0.1ms]
[2026-05-06 12:55:10] MOVE asha (gray0): 64→63 [0.1ms]
[2026-05-06 12:55:11] MOVE chetan (lawn green): 66→77 [0.1ms]
[2026-05-06 12:55:11] MOVE asha (gray0): 74→73 [0.1ms]
[2026-05-06 12:55:11] MOVE chetan (lawn green): 77→89 [0.1ms]
[2026-05-06 12:55:11] MOVE asha (gray0): 63→53 [0.3ms]
[2026-05-06 12:55:11] MOVE chetan (lawn green): 89→102 [0.1ms]
[2026-05-06 12:55:11] MOVE asha (gray0): 73→63 [0.1ms]
[2026-05-06 12:55:12] MOVE chetan (lawn green): 102→90 [0.2ms]
[2026-05-06 12:55:12] MOVE asha (gray0): 53→54 [0.1ms]
[2026-05-06 12:55:12] MOVE chetan (lawn green): 90→78 [0.1ms]
[2026-05-06 12:55:12] MOVE asha (gray0): 63→64 [0.4ms]
[2026-05-06 12:55:12] MOVE chetan (lawn green): 78→67 [0.2ms]
[2026-05-06 12:55:12] MOVE asha (gray0): 54→43 [0.1ms]
[2026-05-06 12:55:13] MOVE chetan (lawn green): 67→57 [0.1ms]
[2026-05-06 12:55:13] MOVE asha (gray0): 64→54 [0.1ms]
[2026-05-06 12:55:13] MOVE chetan (lawn green): 57→56 [0.1ms]
[2026-05-06 12:55:13] MOVE asha (gray0): 43→64 [0.2ms]
[2026-05-06 12:55:13] MOVE chetan (lawn green): 56→66 [0.2ms]
[2026-05-06 12:55:13] MOVE asha (gray0): 54→43 [0.1ms]
[2026-05-06 12:55:13] MOVE chetan (lawn green): 66→77 [0.2ms]
[2026-05-06 12:55:14] MOVE asha (gray0): 64→63 [0.1ms]
[2026-05-06 12:55:14] MOVE chetan (lawn green): 77→89 [0.1ms]
[2026-05-06 12:55:14] MOVE asha (gray0): 43→31 [0.1ms]
[2026-05-06 12:55:14] MOVE chetan (lawn green): 89→102 [0.1ms]
[2026-05-06 12:55:14] MOVE asha (gray0): 63→53 [0.1ms]
[2026-05-06 12:55:14] MOVE chetan (lawn green): 102→90 [0.2ms]
[2026-05-06 12:55:15] MOVE asha (gray0): 31→18 [0.1ms]
[2026-05-06 12:55:15] MOVE chetan (lawn green): 90→78 [0.3ms]
[2026-05-06 12:55:15] MOVE asha (gray0): 53→54 [0.1ms]
[2026-05-06 12:55:15] MOVE chetan (lawn green): 78→67 [0.1ms]
[2026-05-06 12:55:15] MOVE asha (gray0): 18→9 [0.1ms]
[2026-05-06 12:55:15] MOVE chetan (lawn green): 67→57 [0.2ms]
[2026-05-06 12:55:15] MOVE asha (gray0): 54→43 [0.3ms]
[2026-05-06 12:55:16] MOVE chetan (lawn green): 57→56 [0.1ms]
[2026-05-06 12:55:16] MOVE asha (gray0): 9→17 [0.2ms]
[2026-05-06 12:55:16] MOVE chetan (lawn green): 56→66 [0.1ms]
[2026-05-06 12:55:16] MOVE asha (gray0): 43→31 [0.1ms]
[2026-05-06 12:55:16] MOVE chetan (lawn green): 66→77 [0.1ms]
[2026-05-06 12:55:16] MOVE asha (gray0): 17→30 [0.1ms]
[2026-05-06 12:55:17] MOVE chetan (lawn green): 77→89 [0.3ms]
[2026-05-06 12:55:17] MOVE asha (gray0): 31→18 [0.2ms]
[2026-05-06 12:55:17] MOVE chetan (lawn green): 89→102 [0.1ms]
[2026-05-06 12:55:17] MOVE asha (gray0): 30→31 [0.2ms]
[2026-05-06 12:55:17] MOVE chetan (lawn green): 102→90 [0.1ms]
[2026-05-06 12:55:17] MOVE asha (gray0): 18→9 [0.2ms]
[2026-05-06 12:55:18] MOVE chetan (lawn green): 90→78 [1.2ms]
[2026-05-06 12:55:18] MOVE asha (gray0): 31→18 [0.8ms]
[2026-05-06 12:55:18] MOVE chetan (lawn green): 78→67 [0.1ms]
[2026-05-06 12:55:18] MOVE asha (gray0): 9→31 [0.2ms]
[2026-05-06 12:55:18] MOVE chetan (lawn green): 67→57 [0.1ms]
[2026-05-06 12:55:19] MOVE asha (gray0): 18→43 [0.1ms]
[2026-05-06 12:55:19] MOVE chetan (lawn green): 57→56 [0.1ms]
[2026-05-06 12:55:19] MOVE asha (gray0): 31→54 [0.1ms]
[2026-05-06 12:55:19] MOVE chetan (lawn green): 56→66 [0.1ms]
[2026-05-06 12:55:19] MOVE asha (gray0): 43→64 [0.1ms]
[2026-05-06 12:55:19] MOVE chetan (lawn green): 66→77 [0.1ms]
[2026-05-06 12:55:19] MOVE asha (gray0): 54→43 [0.1ms]
[2026-05-06 12:55:20] MOVE chetan (lawn green): 77→89 [0.1ms]
[2026-05-06 12:55:20] MOVE asha (gray0): 64→54 [0.2ms]
[2026-05-06 12:55:20] MOVE chetan (lawn green): 89→102 [0.1ms]
[2026-05-06 12:55:20] MOVE asha (gray0): 43→64 [0.2ms]
[2026-05-06 12:55:20] MOVE chetan (lawn green): 102→90 [0.1ms]
[2026-05-06 12:55:20] MOVE asha (gray0): 54→74 [0.1ms]
[2026-05-06 12:55:21] MOVE chetan (lawn green): 90→78 [1.3ms]
[2026-05-06 12:55:21] MOVE asha (gray0): 64→63 [0.1ms]
[2026-05-06 12:55:21] MOVE chetan (lawn green): 78→67 [0.1ms]
[2026-05-06 12:55:21] MOVE asha (gray0): 74→73 [0.1ms]
[2026-05-06 12:55:21] MOVE chetan (lawn green): 67→57 [0.1ms]
[2026-05-06 12:55:21] MOVE asha (gray0): 63→53 [0.1ms]
[2026-05-06 12:55:21] MOVE chetan (lawn green): 57→56 [0.1ms]
[2026-05-06 12:55:22] MOVE asha (gray0): 73→63 [0.1ms]
[2026-05-06 12:55:22] MOVE chetan (lawn green): 56→66 [0.2ms]
[2026-05-06 12:55:22] MOVE asha (gray0): 53→54 [0.1ms]
[2026-05-06 12:55:22] MOVE chetan (lawn green): 66→77 [0.1ms]
[2026-05-06 12:55:22] MOVE asha (gray0): 63→64 [0.1ms]
[2026-05-06 12:55:22] MOVE chetan (lawn green): 77→89 [0.2ms]
[2026-05-06 12:55:23] MOVE asha (gray0): 54→43 [0.1ms]
[2026-05-06 12:55:23] MOVE chetan (lawn green): 89→102 [0.1ms]
[2026-05-06 12:55:23] MOVE asha (gray0): 64→54 [0.1ms]
[2026-05-06 12:55:23] MOVE chetan (lawn green): 102→90 [0.1ms]
[2026-05-06 12:55:23] MOVE asha (gray0): 43→64 [0.1ms]
[2026-05-06 12:55:23] MOVE chetan (lawn green): 90→78 [0.1ms]
[2026-05-06 12:55:24] MOVE asha (gray0): 54→43 [0.1ms]
[2026-05-06 12:55:24] MOVE chetan (lawn green): 78→67 [0.1ms]
[2026-05-06 12:55:24] MOVE asha (gray0): 64→63 [0.1ms]
[2026-05-06 12:55:24] MOVE chetan (lawn green): 67→57 [0.2ms]
[2026-05-06 12:55:24] MOVE asha (gray0): 43→31 [0.3ms]
[2026-05-06 12:55:24] MOVE chetan (lawn green): 57→56 [0.1ms]
[2026-05-06 12:55:25] MOVE asha (gray0): 63→53 [0.2ms]
[2026-05-06 12:55:25] MOVE chetan (lawn green): 56→66 [0.1ms]
[2026-05-06 12:55:25] MOVE asha (gray0): 31→18 [0.3ms]
[2026-05-06 12:55:25] MOVE chetan (lawn green): 66→77 [0.1ms]
[2026-05-06 12:55:25] MOVE asha (gray0): 53→54 [0.1ms]
[2026-05-06 12:55:25] MOVE chetan (lawn green): 77→89 [0.2ms]
[2026-05-06 12:55:26] MOVE asha (gray0): 18→9 [0.1ms]
[2026-05-06 12:55:26] MOVE chetan (lawn green): 89→102 [0.1ms]
[2026-05-06 12:55:26] MOVE asha (gray0): 54→43 [0.1ms]
[2026-05-06 12:55:26] MOVE chetan (lawn green): 102→90 [0.1ms]
[2026-05-06 12:55:26] MOVE asha (gray0): 9→17 [0.2ms]
[2026-05-06 12:55:26] MOVE chetan (lawn green): 90→78 [0.1ms]
[2026-05-06 12:55:27] MOVE asha (gray0): 43→31 [0.1ms]
[2026-05-06 12:55:27] MOVE chetan (lawn green): 78→67 [0.1ms]
[2026-05-06 12:55:27] MOVE asha (gray0): 17→30 [0.1ms]
[2026-05-06 12:55:27] MOVE chetan (lawn green): 67→57 [0.1ms]
[2026-05-06 12:55:27] MOVE asha (gray0): 31→18 [0.1ms]
[2026-05-06 12:55:27] MOVE chetan (lawn green): 57→56 [0.1ms]
[2026-05-06 12:55:28] MOVE asha (gray0): 30→31 [0.1ms]
[2026-05-06 12:55:28] MOVE chetan (lawn green): 56→66 [0.1ms]
[2026-05-06 12:55:28] MOVE asha (gray0): 18→9 [0.1ms]
[2026-05-06 12:55:28] MOVE chetan (lawn green): 66→77 [0.1ms]
[2026-05-06 12:55:28] MOVE asha (gray0): 31→18 [0.1ms]
[2026-05-06 12:55:28] MOVE chetan (lawn green): 77→89 [0.1ms]
[2026-05-06 12:55:28] MOVE asha (gray0): 9→31 [0.2ms]
[2026-05-06 12:55:29] MOVE chetan (lawn green): 89→102 [0.2ms]
[2026-05-06 12:55:29] MOVE asha (gray0): 18→43 [0.1ms]
[2026-05-06 12:55:29] MOVE chetan (lawn green): 102→90 [0.1ms]
[2026-05-06 12:55:29] MOVE asha (gray0): 31→54 [0.2ms]
[2026-05-06 12:55:29] MOVE chetan (lawn green): 90→78 [0.1ms]
[2026-05-06 12:55:29] MOVE asha (gray0): 43→64 [0.1ms]
[2026-05-06 12:55:29] MOVE chetan (lawn green): 78→67 [0.1ms]
[2026-05-06 12:55:30] MOVE asha (gray0): 54→43 [0.1ms]
[2026-05-06 12:55:30] MOVE chetan (lawn green): 67→57 [0.1ms]
[2026-05-06 12:55:30] MOVE asha (gray0): 64→54 [0.2ms]
[2026-05-06 12:55:30] MOVE chetan (lawn green): 57→56 [0.1ms]
[2026-05-06 12:55:30] MOVE asha (gray0): 43→64 [0.1ms]
[2026-05-06 12:55:30] MOVE chetan (lawn green): 56→66 [0.1ms]
[2026-05-06 12:55:31] MOVE asha (gray0): 54→74 [0.1ms]
[2026-05-06 12:55:31] MOVE chetan (lawn green): 66→77 [0.1ms]
[2026-05-06 12:55:31] MOVE asha (gray0): 64→63 [0.1ms]
[2026-05-06 12:55:31] MOVE chetan (lawn green): 77→89 [0.1ms]
[2026-05-06 12:55:31] MOVE asha (gray0): 74→73 [0.1ms]
[2026-05-06 12:55:31] MOVE chetan (lawn green): 89→102 [0.1ms]
[2026-05-06 12:55:32] MOVE asha (gray0): 63→53 [0.1ms]
[2026-05-06 12:55:32] MOVE chetan (lawn green): 102→90 [0.1ms]
[2026-05-06 12:55:32] MOVE asha (gray0): 73→63 [0.1ms]
[2026-05-06 12:55:32] MOVE chetan (lawn green): 90→78 [0.1ms]
[2026-05-06 12:55:32] MOVE asha (gray0): 53→54 [0.1ms]
[2026-05-06 12:55:32] MOVE chetan (lawn green): 78→67 [0.2ms]
[2026-05-06 12:55:33] MOVE asha (gray0): 63→64 [0.1ms]
[2026-05-06 12:55:33] MOVE chetan (lawn green): 67→57 [0.2ms]
[2026-05-06 12:55:33] MOVE asha (gray0): 54→43 [0.2ms]
[2026-05-06 12:55:33] MOVE chetan (lawn green): 57→56 [0.1ms]
[2026-05-06 12:55:33] MOVE asha (gray0): 64→54 [0.2ms]
[2026-05-06 12:55:33] MOVE chetan (lawn green): 56→66 [0.2ms]
[2026-05-06 12:55:34] MOVE asha (gray0): 43→64 [0.2ms]
[2026-05-06 12:55:34] MOVE chetan (lawn green): 66→77 [0.1ms]
[2026-05-06 12:55:34] MOVE asha (gray0): 54→43 [0.3ms]
[2026-05-06 12:55:34] MOVE chetan (lawn green): 77→89 [0.1ms]
[2026-05-06 12:55:34] MOVE asha (gray0): 64→63 [0.1ms]
[2026-05-06 12:55:34] MOVE chetan (lawn green): 89→102 [0.1ms]
[2026-05-06 12:55:35] MOVE asha (gray0): 43→31 [0.1ms]
[2026-05-06 12:55:35] MOVE chetan (lawn green): 102→90 [0.2ms]
[2026-05-06 12:55:35] MOVE asha (gray0): 63→53 [0.1ms]
[2026-05-06 12:55:35] MOVE chetan (lawn green): 90→78 [0.1ms]
[2026-05-06 12:55:35] MOVE asha (gray0): 31→18 [0.1ms]
[2026-05-06 12:55:35] MOVE chetan (lawn green): 78→67 [0.1ms]
[2026-05-06 12:55:36] MOVE asha (gray0): 53→54 [0.2ms]
[2026-05-06 12:55:36] MOVE chetan (lawn green): 67→57 [0.1ms]
[2026-05-06 12:55:36] MOVE asha (gray0): 18→9 [0.1ms]
[2026-05-06 12:55:36] MOVE chetan (lawn green): 57→56 [0.1ms]
[2026-05-06 12:55:36] MOVE asha (gray0): 54→43 [0.1ms]
[2026-05-06 12:55:37] MOVE chetan (lawn green): 56→66 [0.2ms]
[2026-05-06 12:55:37] MOVE asha (gray0): 9→17 [0.1ms]
[2026-05-06 12:55:37] MOVE chetan (lawn green): 66→77 [0.1ms]
[2026-05-06 12:55:37] MOVE asha (gray0): 43→31 [0.2ms]
[2026-05-06 12:55:37] MOVE chetan (lawn green): 77→89 [0.1ms]
[2026-05-06 12:55:37] MOVE asha (gray0): 17→30 [0.2ms]
[2026-05-06 12:55:38] MOVE chetan (lawn green): 89→102 [0.1ms]
[2026-05-06 12:55:38] MOVE asha (gray0): 31→18 [0.2ms]
[2026-05-06 12:55:38] MOVE chetan (lawn green): 102→90 [0.1ms]
[2026-05-06 12:55:38] MOVE asha (gray0): 30→31 [0.1ms]
[2026-05-06 12:55:38] MOVE chetan (lawn green): 90→78 [0.2ms]
[2026-05-06 12:55:38] MOVE asha (gray0): 18→9 [0.1ms]
[2026-05-06 12:55:39] MOVE chetan (lawn green): 78→67 [0.1ms]
[2026-05-06 12:55:39] MOVE asha (gray0): 31→18 [0.1ms]
[2026-05-06 12:55:39] MOVE chetan (lawn green): 67→57 [0.1ms]
[2026-05-06 12:55:39] MOVE asha (gray0): 9→31 [0.1ms]
[2026-05-06 12:55:39] MOVE chetan (lawn green): 57→56 [0.3ms]
[2026-05-06 12:55:39] MOVE asha (gray0): 18→43 [0.2ms]
[2026-05-06 12:55:40] MOVE chetan (lawn green): 56→66 [0.1ms]
[2026-05-06 12:55:40] MOVE asha (gray0): 31→54 [0.2ms]
[2026-05-06 12:55:40] MOVE chetan (lawn green): 66→77 [0.1ms]
[2026-05-06 12:55:40] MOVE asha (gray0): 43→64 [0.1ms]
[2026-05-06 12:55:40] MOVE chetan (lawn green): 77→89 [0.2ms]
[2026-05-06 12:55:41] MOVE asha (gray0): 54→43 [0.2ms]
[2026-05-06 12:55:41] MOVE chetan (lawn green): 89→102 [0.1ms]
[2026-05-06 12:55:41] MOVE asha (gray0): 64→54 [0.1ms]
[2026-05-06 12:55:42] MOVE chetan (lawn green): 102→90 [0.1ms]
[2026-05-06 12:55:42] MOVE asha (gray0): 43→64 [0.4ms]
[2026-05-06 12:55:42] MOVE chetan (lawn green): 90→78 [0.1ms]
[2026-05-06 12:55:43] MOVE asha (gray0): 54→74 [0.1ms]
[2026-05-06 12:55:43] MOVE chetan (lawn green): 78→67 [0.1ms]
[2026-05-06 12:55:43] MOVE asha (gray0): 64→63 [0.1ms]
[2026-05-06 12:55:43] MOVE chetan (lawn green): 67→57 [0.5ms]
[2026-05-06 12:55:43] MOVE asha (gray0): 74→73 [0.1ms]
[2026-05-06 12:55:44] MOVE chetan (lawn green): 57→56 [0.1ms]
[2026-05-06 12:55:44] MOVE asha (gray0): 63→53 [0.1ms]
[2026-05-06 12:55:44] MOVE chetan (lawn green): 56→66 [0.1ms]
[2026-05-06 12:55:44] MOVE asha (gray0): 73→63 [0.1ms]
[2026-05-06 12:55:45] MOVE chetan (lawn green): 66→77 [0.1ms]
[2026-05-06 12:55:45] MOVE asha (gray0): 53→54 [1.5ms]
[2026-05-06 12:55:45] MOVE chetan (lawn green): 77→89 [0.1ms]
[2026-05-06 12:55:45] MOVE asha (gray0): 63→64 [1.8ms]
[2026-05-06 12:55:46] MOVE chetan (lawn green): 89→102 [0.1ms]
[2026-05-06 12:55:46] MOVE asha (gray0): 54→43 [0.2ms]
[2026-05-06 12:55:46] MOVE chetan (lawn green): 102→90 [0.1ms]
[2026-05-06 12:55:46] MOVE asha (gray0): 64→54 [0.1ms]
[2026-05-06 12:55:46] MOVE chetan (lawn green): 90→78 [0.1ms]
[2026-05-06 12:55:46] MOVE asha (gray0): 43→64 [0.1ms]
[2026-05-06 12:55:47] MOVE chetan (lawn green): 78→67 [0.1ms]
[2026-05-06 12:55:47] MOVE asha (gray0): 54→43 [0.1ms]
[2026-05-06 12:55:47] MOVE chetan (lawn green): 67→57 [0.1ms]
[2026-05-06 12:55:47] MOVE asha (gray0): 64→63 [0.1ms]
[2026-05-06 12:55:47] MOVE chetan (lawn green): 57→56 [0.1ms]
[2026-05-06 12:55:47] MOVE asha (gray0): 43→31 [0.1ms]
[2026-05-06 12:55:47] MOVE chetan (lawn green): 56→66 [0.3ms]
[2026-05-06 12:55:47] MOVE asha (gray0): 63→53 [0.1ms]
[2026-05-06 12:55:48] MOVE chetan (lawn green): 66→77 [0.1ms]
[2026-05-06 12:55:48] MOVE asha (gray0): 31→18 [0.1ms]
[2026-05-06 12:55:48] MOVE chetan (lawn green): 77→89 [0.1ms]
[2026-05-06 12:55:48] MOVE asha (gray0): 53→54 [0.3ms]
[2026-05-06 12:55:48] MOVE chetan (lawn green): 89→102 [0.1ms]
[2026-05-06 12:55:48] MOVE asha (gray0): 18→9 [0.2ms]
[2026-05-06 12:55:49] MOVE chetan (lawn green): 102→90 [0.2ms]
[2026-05-06 12:55:49] MOVE asha (gray0): 54→43 [0.1ms]
[2026-05-06 12:55:49] MOVE chetan (lawn green): 90→78 [0.1ms]
[2026-05-06 12:55:49] MOVE asha (gray0): 9→17 [0.1ms]
[2026-05-06 12:55:49] MOVE chetan (lawn green): 78→67 [0.1ms]
[2026-05-06 12:55:49] MOVE asha (gray0): 43→31 [0.1ms]
[2026-05-06 12:55:50] MOVE chetan (lawn green): 67→57 [0.1ms]
[2026-05-06 12:55:50] MOVE asha (gray0): 17→30 [0.4ms]
[2026-05-06 12:55:50] MOVE chetan (lawn green): 57→56 [0.1ms]
[2026-05-06 12:55:50] MOVE asha (gray0): 31→18 [0.2ms]
[2026-05-06 12:55:50] MOVE chetan (lawn green): 56→66 [0.1ms]
[2026-05-06 12:55:50] MOVE asha (gray0): 30→31 [0.1ms]
[2026-05-06 12:55:51] MOVE chetan (lawn green): 66→77 [0.1ms]
[2026-05-06 12:55:51] MOVE asha (gray0): 18→9 [0.5ms]
[2026-05-06 12:55:51] MOVE chetan (lawn green): 77→89 [0.2ms]
[2026-05-06 12:55:51] MOVE asha (gray0): 31→18 [0.2ms]
[2026-05-06 12:55:51] MOVE chetan (lawn green): 89→102 [0.1ms]
[2026-05-06 12:55:51] MOVE asha (gray0): 9→31 [0.1ms]
[2026-05-06 12:55:52] MOVE chetan (lawn green): 102→90 [0.1ms]
[2026-05-06 12:55:52] MOVE asha (gray0): 18→43 [0.2ms]
[2026-05-06 12:55:52] MOVE chetan (lawn green): 90→78 [0.1ms]
[2026-05-06 12:55:52] MOVE asha (gray0): 31→54 [0.1ms]
[2026-05-06 12:55:52] MOVE chetan (lawn green): 78→67 [0.1ms]
[2026-05-06 12:55:52] MOVE asha (gray0): 43→64 [0.8ms]
[2026-05-06 12:55:53] MOVE chetan (lawn green): 67→57 [0.1ms]
[2026-05-06 12:55:53] MOVE asha (gray0): 54→43 [0.1ms]
[2026-05-06 12:55:53] MOVE chetan (lawn green): 57→56 [0.1ms]
[2026-05-06 12:55:53] MOVE asha (gray0): 64→54 [0.1ms]
[2026-05-06 12:55:53] MOVE chetan (lawn green): 56→66 [0.1ms]
[2026-05-06 12:55:53] MOVE asha (gray0): 43→64 [0.1ms]
[2026-05-06 12:55:53] MOVE chetan (lawn green): 66→77 [0.1ms]
[2026-05-06 12:55:54] MOVE asha (gray0): 54→74 [0.1ms]
[2026-05-06 12:55:54] MOVE chetan (lawn green): 77→89 [0.1ms]
[2026-05-06 12:55:54] MOVE asha (gray0): 64→63 [0.1ms]
[2026-05-06 12:55:54] MOVE chetan (lawn green): 89→102 [0.1ms]
[2026-05-06 12:55:54] MOVE asha (gray0): 74→73 [0.1ms]
[2026-05-06 12:55:54] MOVE chetan (lawn green): 102→90 [0.1ms]
[2026-05-06 12:55:55] MOVE asha (gray0): 63→53 [0.2ms]
[2026-05-06 12:55:55] MOVE chetan (lawn green): 90→78 [0.2ms]
[2026-05-06 12:55:55] MOVE asha (gray0): 73→63 [0.1ms]
[2026-05-06 12:55:55] MOVE chetan (lawn green): 78→67 [0.2ms]
[2026-05-06 12:55:55] MOVE asha (gray0): 53→54 [0.1ms]
[2026-05-06 12:55:55] MOVE chetan (lawn green): 67→57 [0.1ms]
[2026-05-06 12:55:55] MOVE asha (gray0): 63→64 [0.1ms]
[2026-05-06 12:55:56] MOVE chetan (lawn green): 57→56 [0.1ms]
[2026-05-06 12:55:56] MOVE asha (gray0): 54→43 [0.1ms]
[2026-05-06 12:55:56] MOVE chetan (lawn green): 56→66 [0.1ms]
[2026-05-06 12:55:56] MOVE asha (gray0): 64→54 [0.3ms]
[2026-05-06 12:55:56] MOVE chetan (lawn green): 66→77 [0.1ms]
[2026-05-06 12:55:56] MOVE asha (gray0): 43→64 [0.1ms]
[2026-05-06 12:55:57] MOVE chetan (lawn green): 77→89 [0.2ms]
[2026-05-06 12:55:57] MOVE asha (gray0): 54→43 [0.1ms]
[2026-05-06 12:55:57] MOVE chetan (lawn green): 89→102 [0.1ms]
[2026-05-06 12:55:57] MOVE asha (gray0): 64→63 [0.2ms]
[2026-05-06 12:55:57] MOVE chetan (lawn green): 102→90 [0.1ms]
[2026-05-06 12:55:57] MOVE asha (gray0): 43→31 [0.1ms]
[2026-05-06 12:55:58] MOVE chetan (lawn green): 90→78 [0.1ms]
[2026-05-06 12:55:58] MOVE asha (gray0): 63→53 [0.1ms]
[2026-05-06 12:55:58] MOVE chetan (lawn green): 78→67 [0.1ms]
[2026-05-06 12:55:58] MOVE asha (gray0): 31→18 [0.1ms]
[2026-05-06 12:55:58] MOVE chetan (lawn green): 67→57 [0.1ms]
[2026-05-06 12:55:58] MOVE asha (gray0): 53→54 [0.1ms]
[2026-05-06 12:55:59] MOVE chetan (lawn green): 57→56 [0.1ms]
[2026-05-06 12:55:59] MOVE asha (gray0): 18→9 [0.1ms]
[2026-05-06 12:55:59] MOVE chetan (lawn green): 56→66 [0.2ms]
[2026-05-06 12:55:59] MOVE asha (gray0): 54→43 [0.1ms]
[2026-05-06 12:55:59] MOVE chetan (lawn green): 66→77 [0.1ms]
[2026-05-06 12:55:59] MOVE asha (gray0): 9→17 [0.1ms]
[2026-05-06 12:56:00] MOVE chetan (lawn green): 77→89 [0.1ms]
[2026-05-06 12:56:00] MOVE asha (gray0): 43→31 [0.1ms]
[2026-05-06 12:56:00] MOVE chetan (lawn green): 89→102 [0.2ms]
[2026-05-06 12:56:00] MOVE asha (gray0): 17→30 [0.3ms]
[2026-05-06 12:56:00] MOVE chetan (lawn green): 102→90 [0.1ms]
[2026-05-06 12:56:00] MOVE asha (gray0): 31→18 [0.1ms]
[2026-05-06 12:56:01] MOVE chetan (lawn green): 90→78 [0.1ms]
[2026-05-06 12:56:01] MOVE asha (gray0): 30→31 [0.1ms]
[2026-05-06 12:56:01] MOVE chetan (lawn green): 78→67 [0.1ms]
[2026-05-06 12:56:01] MOVE asha (gray0): 18→9 [0.1ms]
[2026-05-06 12:56:01] MOVE chetan (lawn green): 67→57 [0.1ms]
[2026-05-06 12:56:01] MOVE asha (gray0): 31→18 [0.2ms]
[2026-05-06 12:56:02] MOVE chetan (lawn green): 57→56 [0.1ms]
[2026-05-06 12:56:02] MOVE asha (gray0): 9→31 [0.1ms]
[2026-05-06 12:56:02] MOVE chetan (lawn green): 56→66 [0.2ms]
[2026-05-06 12:56:02] MOVE asha (gray0): 18→43 [0.1ms]
[2026-05-06 12:56:02] MOVE chetan (lawn green): 66→77 [0.1ms]
[2026-05-06 12:56:02] MOVE asha (gray0): 31→54 [0.1ms]
[2026-05-06 12:56:03] MOVE chetan (lawn green): 77→89 [0.1ms]
[2026-05-06 12:56:03] MOVE asha (gray0): 43→64 [0.1ms]
[2026-05-06 12:56:03] MOVE chetan (lawn green): 89→102 [0.1ms]
[2026-05-06 12:56:03] MOVE asha (gray0): 54→43 [0.1ms]
[2026-05-06 12:56:03] MOVE chetan (lawn green): 102→90 [0.1ms]
[2026-05-06 12:56:03] MOVE asha (gray0): 64→54 [0.2ms]
[2026-05-06 12:56:03] MOVE chetan (lawn green): 90→78 [0.1ms]
[2026-05-06 12:56:04] MOVE asha (gray0): 43→64 [0.1ms]
[2026-05-06 12:56:04] MOVE chetan (lawn green): 78→67 [0.1ms]
[2026-05-06 12:56:04] MOVE asha (gray0): 54→74 [0.2ms]
[2026-05-06 12:56:04] MOVE chetan (lawn green): 67→57 [0.1ms]
[2026-05-06 12:56:04] MOVE asha (gray0): 64→63 [0.1ms]
[2026-05-06 12:56:04] MOVE chetan (lawn green): 57→56 [0.1ms]
[2026-05-06 12:56:04] MOVE asha (gray0): 74→73 [0.1ms]
[2026-05-06 12:56:05] MOVE chetan (lawn green): 56→66 [0.1ms]
[2026-05-06 12:56:05] MOVE asha (gray0): 63→53 [0.1ms]
[2026-05-06 12:56:05] MOVE chetan (lawn green): 66→77 [0.1ms]
[2026-05-06 12:56:05] MOVE asha (gray0): 73→63 [0.1ms]
[2026-05-06 12:56:05] MOVE chetan (lawn green): 77→89 [0.2ms]
[2026-05-06 12:56:05] MOVE asha (gray0): 53→54 [0.1ms]
[2026-05-06 12:56:06] MOVE chetan (lawn green): 89→102 [0.2ms]
[2026-05-06 12:56:06] MOVE asha (gray0): 63→64 [0.1ms]
[2026-05-06 12:56:06] MOVE chetan (lawn green): 102→90 [0.1ms]
[2026-05-06 12:56:06] MOVE asha (gray0): 54→43 [0.2ms]
[2026-05-06 12:56:06] MOVE chetan (lawn green): 90→78 [0.2ms]
[2026-05-06 12:56:06] MOVE asha (gray0): 64→54 [0.1ms]
[2026-05-06 12:56:07] MOVE chetan (lawn green): 78→67 [0.2ms]
[2026-05-06 12:56:07] MOVE asha (gray0): 43→64 [0.1ms]
[2026-05-06 12:56:07] MOVE chetan (lawn green): 67→57 [0.1ms]
[2026-05-06 12:56:07] MOVE asha (gray0): 54→43 [0.4ms]
[2026-05-06 12:56:07] MOVE chetan (lawn green): 57→56 [0.1ms]
[2026-05-06 12:56:07] MOVE asha (gray0): 64→63 [0.1ms]
[2026-05-06 12:56:08] MOVE chetan (lawn green): 56→66 [0.2ms]
[2026-05-06 12:56:08] MOVE asha (gray0): 43→31 [0.1ms]
[2026-05-06 12:56:08] MOVE chetan (lawn green): 66→77 [0.1ms]
[2026-05-06 12:56:08] MOVE asha (gray0): 63→53 [0.1ms]
[2026-05-06 12:56:08] MOVE chetan (lawn green): 77→89 [0.2ms]
[2026-05-06 12:56:08] MOVE asha (gray0): 31→18 [0.1ms]
[2026-05-06 12:56:09] MOVE chetan (lawn green): 89→102 [0.1ms]
[2026-05-06 12:56:09] MOVE asha (gray0): 53→54 [0.1ms]
[2026-05-06 12:56:09] MOVE chetan (lawn green): 102→90 [0.1ms]
[2026-05-06 12:56:09] MOVE asha (gray0): 18→9 [0.1ms]
[2026-05-06 12:56:09] MOVE chetan (lawn green): 90→78 [0.1ms]
[2026-05-06 12:56:09] MOVE asha (gray0): 54→43 [0.1ms]
[2026-05-06 12:56:10] MOVE chetan (lawn green): 78→67 [0.1ms]
[2026-05-06 12:56:10] MOVE asha (gray0): 9→17 [0.2ms]
[2026-05-06 12:56:10] MOVE chetan (lawn green): 67→57 [0.1ms]
[2026-05-06 12:56:10] MOVE asha (gray0): 43→31 [0.1ms]
[2026-05-06 12:56:10] MOVE chetan (lawn green): 57→56 [0.1ms]
[2026-05-06 12:56:10] MOVE asha (gray0): 17→30 [0.1ms]
[2026-05-06 12:56:11] MOVE chetan (lawn green): 56→66 [0.2ms]
[2026-05-06 12:56:11] MOVE asha (gray0): 31→18 [0.1ms]
[2026-05-06 12:56:11] MOVE chetan (lawn green): 66→77 [0.1ms]
[2026-05-06 12:56:11] MOVE asha (gray0): 30→31 [0.1ms]
[2026-05-06 12:56:11] MOVE chetan (lawn green): 77→89 [0.1ms]
[2026-05-06 12:56:11] MOVE asha (gray0): 18→9 [0.2ms]
[2026-05-06 12:56:11] MOVE chetan (lawn green): 89→102 [0.2ms]
[2026-05-06 12:56:12] MOVE asha (gray0): 31→18 [0.2ms]
[2026-05-06 12:56:12] MOVE chetan (lawn green): 102→90 [0.1ms]
[2026-05-06 12:56:12] MOVE asha (gray0): 9→31 [0.1ms]
[2026-05-06 12:56:12] MOVE chetan (lawn green): 90→78 [0.1ms]
[2026-05-06 12:56:12] MOVE asha (gray0): 18→43 [0.1ms]
[2026-05-06 12:56:12] MOVE chetan (lawn green): 78→67 [0.1ms]
[2026-05-06 12:56:13] MOVE asha (gray0): 31→54 [0.1ms]
[2026-05-06 12:56:13] MOVE chetan (lawn green): 67→57 [0.4ms]
[2026-05-06 12:56:13] MOVE asha (gray0): 43→64 [0.2ms]
[2026-05-06 12:56:13] MOVE chetan (lawn green): 57→56 [0.1ms]
[2026-05-06 12:56:13] MOVE asha (gray0): 54→43 [0.1ms]
[2026-05-06 12:56:13] MOVE chetan (lawn green): 56→66 [0.1ms]
[2026-05-06 12:56:14] MOVE asha (gray0): 64→54 [0.1ms]
[2026-05-06 12:56:14] MOVE chetan (lawn green): 66→77 [0.3ms]
[2026-05-06 12:56:14] MOVE asha (gray0): 43→64 [0.1ms]
[2026-05-06 12:56:14] MOVE chetan (lawn green): 77→89 [0.3ms]
[2026-05-06 12:56:14] MOVE asha (gray0): 54→74 [0.1ms]
[2026-05-06 12:56:14] MOVE chetan (lawn green): 89→102 [0.2ms]
[2026-05-06 12:56:15] MOVE asha (gray0): 64→63 [0.3ms]
[2026-05-06 12:56:15] MOVE chetan (lawn green): 102→90 [0.1ms]
[2026-05-06 12:56:15] MOVE asha (gray0): 74→73 [0.1ms]
[2026-05-06 12:56:15] MOVE chetan (lawn green): 90→78 [0.1ms]
[2026-05-06 12:56:15] MOVE asha (gray0): 63→53 [0.2ms]
[2026-05-06 12:56:15] MOVE chetan (lawn green): 78→67 [0.1ms]
[2026-05-06 12:56:16] MOVE asha (gray0): 73→63 [0.2ms]
[2026-05-06 12:56:16] MOVE chetan (lawn green): 67→57 [0.1ms]
[2026-05-06 12:56:16] MOVE asha (gray0): 53→54 [0.1ms]
[2026-05-06 12:56:16] MOVE chetan (lawn green): 57→56 [0.1ms]
[2026-05-06 12:56:16] MOVE asha (gray0): 63→64 [0.2ms]
[2026-05-06 12:56:16] MOVE chetan (lawn green): 56→66 [0.1ms]
