[2026-05-08 21:26:49] GAME CREATED
[2026-05-08 21:26:54] PLAYER JOINED: chetan as lawn green
[2026-05-08 21:26:58] PLAYER JOINED: asha as gray0
[2026-05-08 21:27:02] GAME STARTED — turn order: ['lawn green', 'gray0']
[2026-05-08 21:27:03] MOVE chetan (lawn green): 55→54 [0.2ms]
[2026-05-08 21:27:05] MOVE asha (gray0): 65→66 [0.1ms]
[2026-05-08 21:27:07] MOVE chetan (lawn green): 34→53 [0.1ms]
[2026-05-08 21:27:09] MOVE asha (gray0): 75→56 [0.1ms]
[2026-05-08 21:27:10] MOVE chetan (lawn green): 20→18 [0.1ms]
[2026-05-08 21:27:12] MOVE asha (gray0): 88→67 [0.1ms]
[2026-05-08 21:27:14] MOVE chetan (lawn green): 45→55 [0.1ms]
[2026-05-08 21:27:15] MOVE asha (gray0): 87→88 [0.1ms]
[2026-05-08 21:27:17] MOVE chetan (lawn green): 53→62 [0.1ms]
[2026-05-08 21:27:19] MOVE asha (gray0): 99→87 [0.2ms]
[2026-05-08 21:27:20] MOVE chetan (lawn green): 22→43 [0.1ms]
[2026-05-08 21:27:22] MOVE asha (gray0): 100→58 [0.1ms]
[2026-05-08 21:27:24] MOVE chetan (lawn green): 18→30 [0.2ms]
[2026-05-08 21:27:25] MOVE asha (gray0): 76→59 [0.1ms]
[2026-05-08 21:27:27] MOVE chetan (lawn green): 44→63 [0.1ms]
[2026-05-08 21:27:29] MOVE asha (gray0): 101→57 [0.2ms]
[2026-05-08 21:27:31] MOVE chetan (lawn green): 63→61 [0.2ms]
[2026-05-08 21:27:32] MOVE asha (gray0): 98→99 [0.2ms]
[2026-05-08 21:27:34] MOVE chetan (lawn green): 54→63 [0.4ms]
[2026-05-08 21:27:35] MOVE asha (gray0): 87→89 [0.1ms]
[2026-05-08 21:27:37] MOVE chetan (lawn green): 33→44 [0.1ms]
[2026-05-08 21:27:39] MOVE asha (gray0): 86→75 [0.1ms]
[2026-05-08 21:27:41] MOVE chetan (lawn green): 32→51 [0.2ms]
[2026-05-08 21:27:43] MOVE asha (gray0): 57→48 [0.1ms]
[2026-05-08 21:27:44] MOVE chetan (lawn green): 55→53 [0.4ms]
[2026-05-08 21:27:46] MOVE asha (gray0): 48→72 [0.1ms]
[2026-05-08 21:27:47] MOVE chetan (lawn green): 44→54 [0.1ms]
[2026-05-08 21:27:49] MOVE asha (gray0): 72→73 [0.1ms]
[2026-05-08 21:27:51] MOVE chetan (lawn green): 54→48 [0.2ms]
[2026-05-08 21:27:52] MOVE asha (gray0): 99→100 [0.1ms]
[2026-05-08 21:27:54] MOVE chetan (lawn green): 61→70 [0.1ms]
[2026-05-08 21:27:56] MOVE asha (gray0): 73→64 [0.1ms]
[2026-05-08 21:27:58] MOVE chetan (lawn green): 53→52 [0.2ms]
[2026-05-08 21:27:59] MOVE asha (gray0): 58→49 [0.1ms]
[2026-05-08 21:28:01] MOVE chetan (lawn green): 48→57 [0.1ms]
[2026-05-08 21:28:02] MOVE asha (gray0): 64→55 [0.1ms]
[2026-05-08 21:28:04] MOVE chetan (lawn green): 63→80 [0.1ms]
[2026-05-08 21:28:06] MOVE asha (gray0): 49→71 [0.1ms]
[2026-05-08 21:28:08] MOVE chetan (lawn green): 19→18 [0.1ms]
[2026-05-08 21:28:09] MOVE asha (gray0): 89→78 [0.1ms]
[2026-05-08 21:28:11] MOVE chetan (lawn green): 80→91 [0.1ms]
[2026-05-08 21:28:13] MOVE asha (gray0): 71→32 [0.1ms]
[2026-05-08 21:28:15] MOVE chetan (lawn green): 91→103 [0.1ms]
[2026-05-08 21:28:16] MOVE asha (gray0): 100→81 [0.1ms]
[2026-05-08 21:28:18] MOVE chetan (lawn green): 62→58 [0.5ms]
[2026-05-08 21:28:20] MOVE asha (gray0): 78→68 [0.1ms]
[2026-05-08 21:28:21] MOVE chetan (lawn green): 70→80 [0.1ms]
[2026-05-08 21:28:23] MOVE asha (gray0): 81→82 [0.1ms]
[2026-05-08 21:28:25] MOVE chetan (lawn green): 58→100 [0.2ms]
[2026-05-08 21:28:26] MOVE asha (gray0): 56→62 [0.1ms]
[2026-05-08 21:28:28] MOVE chetan (lawn green): 18→79 [0.1ms]
[2026-05-08 21:28:30] MOVE asha (gray0): 68→50 [0.1ms]
[2026-05-08 21:28:31] MOVE chetan (lawn green): 30→29 [0.1ms]
[2026-05-08 21:28:33] MOVE asha (gray0): 59→42 [0.1ms]
[2026-05-08 21:28:35] MOVE chetan (lawn green): 80→78 [0.3ms]
[2026-05-08 21:28:36] MOVE asha (gray0): 62→53 [0.1ms]
[2026-05-08 21:28:38] MOVE chetan (lawn green): 29→28 [0.1ms]
[2026-05-08 21:28:39] MOVE asha (gray0): 67→58 [0.1ms]
[2026-05-08 21:28:41] MOVE chetan (lawn green): 51→112 [0.3ms]
[2026-05-08 21:28:43] MOVE asha (gray0): 75→76 [0.1ms]
[2026-05-08 21:28:45] MOVE chetan (lawn green): 78→89 [0.1ms]
[2026-05-08 21:28:46] MOVE asha (gray0): 88→69 [0.1ms]
[2026-05-08 21:28:48] MOVE chetan (lawn green): 79→78 [0.1ms]
[2026-05-08 21:28:50] MOVE asha (gray0): 42→19 [0.1ms]
[2026-05-08 21:28:51] MOVE chetan (lawn green): 112→111 [0.1ms]
[2026-05-08 21:28:53] MOVE asha (gray0): 66→70 [0.1ms]
[2026-05-08 21:28:55] MOVE chetan (lawn green): 89→88 [0.1ms]
[2026-05-08 21:28:56] MOVE asha (gray0): 76→77 [0.1ms]
[2026-05-08 21:28:58] MOVE chetan (lawn green): 43→41 [0.1ms]
[2026-05-08 21:29:00] MOVE asha (gray0): 77→16 [0.3ms]
[2026-05-08 21:29:01] MOVE chetan (lawn green): 21→20 [0.1ms]
[2026-05-08 21:29:03] MOVE asha (gray0): 50→40 [0.1ms]
[2026-05-08 21:29:05] MOVE chetan (lawn green): 20→18 [0.1ms]
[2026-05-08 21:29:06] MOVE asha (gray0): 58→49 [0.2ms]
[2026-05-08 21:29:08] MOVE chetan (lawn green): 28→27 [0.1ms]
[2026-05-08 21:29:10] MOVE asha (gray0): 82→72 [0.1ms]
[2026-05-08 21:29:12] MOVE chetan (lawn green): 57→56 [0.1ms]
[2026-05-08 21:29:13] MOVE asha (gray0): 49→50 [0.1ms]
[2026-05-08 21:29:15] MOVE chetan (lawn green): 18→30 [0.1ms]
[2026-05-08 21:29:17] MOVE asha (gray0): 69→60 [0.3ms]
[2026-05-08 21:29:18] MOVE chetan (lawn green): 30→69 [0.3ms]
[2026-05-08 21:29:20] MOVE asha (gray0): 40→42 [0.1ms]
[2026-05-08 21:29:22] MOVE chetan (lawn green): 69→79 [0.1ms]
[2026-05-08 21:29:23] MOVE asha (gray0): 42→43 [0.1ms]
[2026-05-08 21:29:25] MOVE chetan (lawn green): 111→89 [0.1ms]
[2026-05-08 21:29:27] MOVE asha (gray0): 16→17 [0.1ms]
[2026-05-08 21:29:28] MOVE chetan (lawn green): 79→90 [0.1ms]
[2026-05-08 21:29:30] MOVE asha (gray0): 70→61 [0.1ms]
[2026-05-08 21:29:32] MOVE chetan (lawn green): 89→87 [0.1ms]
[2026-05-08 21:29:33] MOVE asha (gray0): 61→63 [0.1ms]
[2026-05-08 21:29:35] MOVE chetan (lawn green): 56→65 [0.1ms]
[2026-05-08 21:29:37] MOVE asha (gray0): 17→18 [0.1ms]
[2026-05-08 21:29:38] MOVE chetan (lawn green): 41→40 [0.1ms]
[2026-05-08 21:29:40] MOVE asha (gray0): 50→29 [0.4ms]
[2026-05-08 21:29:42] MOVE chetan (lawn green): 52→61 [0.1ms]
[2026-05-08 21:29:43] MOVE asha (gray0): 72→9 [0.1ms]
[2026-05-08 21:29:45] MOVE chetan (lawn green): 40→50 [0.1ms]
[2026-05-08 21:29:46] MOVE asha (gray0): 60→64 [0.1ms]
[2026-05-08 21:29:48] MOVE chetan (lawn green): 50→49 [0.2ms]
[2026-05-08 21:29:49] MOVE asha (gray0): 9→33 [0.1ms]
[2026-05-08 21:29:51] MOVE chetan (lawn green): 90→102 [0.2ms]
[2026-05-08 21:29:52] MOVE asha (gray0): 29→17 [0.1ms]
[2026-05-08 21:29:53] MOVE chetan (lawn green): 103→99 [0.1ms]
[2026-05-08 21:29:54] MOVE asha (gray0): 64→45 [0.1ms]
[2026-05-08 21:29:55] MOVE chetan (lawn green): 27→26 [0.1ms]
[2026-05-08 21:29:56] MOVE asha (gray0): 63→21 [0.4ms]
[2026-05-08 21:29:56] MOVE chetan (lawn green): 102→101 [0.1ms]
[2026-05-08 21:29:57] MOVE asha (gray0): 43→44 [0.1ms]
[2026-05-08 21:29:57] MOVE chetan (lawn green): 26→37 [0.1ms]
[2026-05-08 21:29:58] MOVE asha (gray0): 18→22 [0.2ms]
[2026-05-08 21:29:58] MOVE chetan (lawn green): 37→47 [0.1ms]
[2026-05-08 21:29:59] MOVE asha (gray0): 17→18 [0.1ms]
[2026-05-08 21:29:59] MOVE chetan (lawn green): 47→56 [0.1ms]
[2026-05-08 21:30:00] MOVE asha (gray0): 18→20 [0.1ms]
[2026-05-08 21:30:00] MOVE chetan (lawn green): 56→75 [0.1ms]
[2026-05-08 21:30:01] MOVE asha (gray0): 53→54 [0.1ms]
[2026-05-08 21:30:01] MOVE chetan (lawn green): 61→70 [0.1ms]
[2026-05-08 21:30:01] MOVE asha (gray0): 21→34 [0.1ms]
[2026-05-08 21:30:01] MOVE chetan (lawn green): 70→80 [0.1ms]
[2026-05-08 21:30:01] MOVE asha (gray0): 34→21 [0.1ms]
[2026-05-08 21:30:01] MOVE chetan (lawn green): 80→91 [0.1ms]
[2026-05-08 21:30:01] MOVE asha (gray0): 21→34 [0.1ms]
[2026-05-08 21:30:02] MOVE chetan (lawn green): 91→103 [0.1ms]
[2026-05-08 21:30:02] MOVE asha (gray0): 34→21 [0.1ms]
[2026-05-08 21:30:02] MOVE chetan (lawn green): 103→102 [0.2ms]
[2026-05-08 21:30:02] MOVE asha (gray0): 21→34 [0.1ms]
[2026-05-08 21:30:02] MOVE chetan (lawn green): 49→58 [0.1ms]
[2026-05-08 21:30:02] MOVE asha (gray0): 34→21 [0.1ms]
[2026-05-08 21:30:03] MOVE chetan (lawn green): 58→67 [1.4ms]
[2026-05-08 21:30:03] MOVE asha (gray0): 21→34 [0.1ms]
[2026-05-08 21:30:03] MOVE chetan (lawn green): 67→77 [0.1ms]
[2026-05-08 21:30:03] MOVE asha (gray0): 34→21 [0.2ms]
[2026-05-08 21:30:03] MOVE chetan (lawn green): 77→76 [0.1ms]
[2026-05-08 21:30:03] MOVE asha (gray0): 21→34 [0.1ms]
[2026-05-08 21:30:04] MOVE chetan (lawn green): 78→89 [0.1ms]
[2026-05-08 21:30:04] MOVE asha (gray0): 34→21 [0.1ms]
[2026-05-08 21:30:04] MOVE chetan (lawn green): 89→77 [0.1ms]
[2026-05-08 21:30:04] MOVE asha (gray0): 21→34 [0.1ms]
[2026-05-08 21:30:04] MOVE chetan (lawn green): 77→66 [0.1ms]
[2026-05-08 21:30:04] MOVE asha (gray0): 34→21 [0.1ms]
[2026-05-08 21:30:05] MOVE chetan (lawn green): 66→56 [0.1ms]
[2026-05-08 21:30:05] MOVE asha (gray0): 21→34 [0.2ms]
[2026-05-08 21:30:05] MOVE chetan (lawn green): 56→46 [0.1ms]
[2026-05-08 21:30:05] MOVE asha (gray0): 34→21 [0.2ms]
[2026-05-08 21:30:05] MOVE chetan (lawn green): 46→56 [0.1ms]
[2026-05-08 21:30:05] MOVE asha (gray0): 21→34 [0.1ms]
[2026-05-08 21:30:06] MOVE chetan (lawn green): 56→46 [0.1ms]
[2026-05-08 21:30:06] MOVE asha (gray0): 34→21 [0.1ms]
[2026-05-08 21:30:06] MOVE chetan (lawn green): 46→56 [0.1ms]
[2026-05-08 21:30:06] MOVE asha (gray0): 21→34 [0.1ms]
[2026-05-08 21:30:06] MOVE chetan (lawn green): 56→46 [0.2ms]
[2026-05-08 21:30:06] MOVE asha (gray0): 34→21 [0.1ms]
[2026-05-08 21:30:07] MOVE chetan (lawn green): 46→56 [0.1ms]
[2026-05-08 21:30:07] MOVE asha (gray0): 21→34 [0.1ms]
[2026-05-08 21:30:07] MOVE chetan (lawn green): 56→46 [0.1ms]
[2026-05-08 21:30:07] MOVE asha (gray0): 34→21 [0.1ms]
[2026-05-08 21:30:07] MOVE chetan (lawn green): 46→56 [0.1ms]
[2026-05-08 21:30:07] MOVE asha (gray0): 21→34 [0.1ms]
[2026-05-08 21:30:07] MOVE chetan (lawn green): 56→46 [0.1ms]
[2026-05-08 21:30:08] MOVE asha (gray0): 34→21 [0.1ms]
[2026-05-08 21:30:08] MOVE chetan (lawn green): 46→56 [0.1ms]
[2026-05-08 21:30:08] MOVE asha (gray0): 21→34 [0.1ms]
[2026-05-08 21:30:08] MOVE chetan (lawn green): 56→46 [0.1ms]
[2026-05-08 21:30:08] MOVE asha (gray0): 34→21 [0.1ms]
[2026-05-08 21:30:08] MOVE chetan (lawn green): 46→56 [0.1ms]
[2026-05-08 21:30:09] MOVE asha (gray0): 21→34 [0.1ms]
[2026-05-08 21:30:09] MOVE chetan (lawn green): 56→46 [0.2ms]
[2026-05-08 21:30:09] MOVE asha (gray0): 34→21 [0.1ms]
[2026-05-08 21:30:09] MOVE chetan (lawn green): 46→56 [0.1ms]
[2026-05-08 21:30:09] MOVE asha (gray0): 21→34 [0.1ms]
[2026-05-08 21:30:09] MOVE chetan (lawn green): 56→46 [0.1ms]
[2026-05-08 21:30:09] MOVE asha (gray0): 34→21 [0.1ms]
[2026-05-08 21:30:10] MOVE chetan (lawn green): 46→56 [0.1ms]
[2026-05-08 21:30:10] MOVE asha (gray0): 21→34 [0.1ms]
[2026-05-08 21:30:10] MOVE chetan (lawn green): 56→46 [0.1ms]
[2026-05-08 21:30:10] MOVE asha (gray0): 34→21 [0.1ms]
[2026-05-08 21:30:10] MOVE chetan (lawn green): 46→56 [0.1ms]
[2026-05-08 21:30:10] MOVE asha (gray0): 21→34 [0.4ms]
[2026-05-08 21:30:11] MOVE chetan (lawn green): 56→46 [0.1ms]
[2026-05-08 21:30:11] MOVE asha (gray0): 34→21 [0.1ms]
[2026-05-08 21:30:11] MOVE chetan (lawn green): 46→56 [0.1ms]
[2026-05-08 21:30:11] MOVE asha (gray0): 21→34 [0.2ms]
[2026-05-08 21:30:11] MOVE chetan (lawn green): 56→46 [0.2ms]
[2026-05-08 21:30:11] MOVE asha (gray0): 34→21 [0.1ms]
[2026-05-08 21:30:12] MOVE chetan (lawn green): 46→56 [0.1ms]
[2026-05-08 21:30:12] MOVE asha (gray0): 21→34 [0.1ms]
[2026-05-08 21:30:12] MOVE chetan (lawn green): 56→46 [0.1ms]
[2026-05-08 21:30:12] MOVE asha (gray0): 34→21 [0.1ms]
[2026-05-08 21:30:12] MOVE chetan (lawn green): 46→56 [0.1ms]
[2026-05-08 21:30:12] MOVE asha (gray0): 21→34 [0.1ms]
[2026-05-08 21:30:12] MOVE chetan (lawn green): 56→46 [0.1ms]
[2026-05-08 21:30:13] MOVE asha (gray0): 34→21 [0.1ms]
[2026-05-08 21:30:13] MOVE chetan (lawn green): 46→56 [0.1ms]
[2026-05-08 21:30:13] MOVE asha (gray0): 21→34 [0.1ms]
[2026-05-08 21:30:13] MOVE chetan (lawn green): 56→46 [0.2ms]
[2026-05-08 21:30:13] MOVE asha (gray0): 34→21 [0.1ms]
[2026-05-08 21:30:13] MOVE chetan (lawn green): 46→56 [0.1ms]
[2026-05-08 21:30:14] MOVE asha (gray0): 21→34 [0.3ms]
[2026-05-08 21:30:14] MOVE chetan (lawn green): 56→46 [0.1ms]
[2026-05-08 21:30:14] MOVE asha (gray0): 34→21 [0.1ms]
[2026-05-08 21:30:14] MOVE chetan (lawn green): 46→56 [0.1ms]
[2026-05-08 21:30:14] MOVE asha (gray0): 21→34 [0.2ms]
[2026-05-08 21:30:14] MOVE chetan (lawn green): 56→46 [0.1ms]
[2026-05-08 21:30:15] MOVE asha (gray0): 34→21 [0.1ms]
[2026-05-08 21:30:15] MOVE chetan (lawn green): 46→56 [0.1ms]
[2026-05-08 21:30:15] MOVE asha (gray0): 21→34 [0.2ms]
[2026-05-08 21:30:15] MOVE chetan (lawn green): 56→46 [0.1ms]
[2026-05-08 21:30:15] MOVE asha (gray0): 34→21 [0.2ms]
[2026-05-08 21:30:15] MOVE chetan (lawn green): 46→56 [0.1ms]
[2026-05-08 21:30:16] MOVE asha (gray0): 21→34 [0.1ms]
[2026-05-08 21:30:16] MOVE chetan (lawn green): 56→46 [0.1ms]
[2026-05-08 21:30:16] MOVE asha (gray0): 34→21 [0.1ms]
[2026-05-08 21:30:16] MOVE chetan (lawn green): 46→56 [0.1ms]
[2026-05-08 21:30:16] MOVE asha (gray0): 21→34 [0.1ms]
[2026-05-08 21:30:16] MOVE chetan (lawn green): 56→46 [0.1ms]
[2026-05-08 21:30:17] MOVE asha (gray0): 34→21 [0.1ms]
[2026-05-08 21:30:17] MOVE chetan (lawn green): 46→56 [0.1ms]
[2026-05-08 21:30:17] MOVE asha (gray0): 21→34 [0.1ms]
[2026-05-08 21:30:17] MOVE chetan (lawn green): 56→46 [0.1ms]
[2026-05-08 21:30:17] MOVE asha (gray0): 34→21 [0.1ms]
[2026-05-08 21:30:17] MOVE chetan (lawn green): 46→56 [0.1ms]
[2026-05-08 21:30:18] MOVE asha (gray0): 21→34 [0.1ms]
[2026-05-08 21:30:18] MOVE chetan (lawn green): 56→46 [0.1ms]
[2026-05-08 21:30:18] MOVE asha (gray0): 34→21 [0.1ms]
[2026-05-08 21:30:18] MOVE chetan (lawn green): 46→56 [0.1ms]
[2026-05-08 21:30:18] MOVE asha (gray0): 21→34 [0.1ms]
[2026-05-08 21:30:18] MOVE chetan (lawn green): 56→46 [0.1ms]
[2026-05-08 21:30:18] MOVE asha (gray0): 34→21 [0.1ms]
[2026-05-08 21:30:19] MOVE chetan (lawn green): 46→56 [0.1ms]
[2026-05-08 21:30:19] MOVE asha (gray0): 21→34 [0.1ms]
[2026-05-08 21:30:19] MOVE chetan (lawn green): 56→46 [0.1ms]
[2026-05-08 21:30:19] MOVE asha (gray0): 34→21 [0.1ms]
[2026-05-08 21:30:19] MOVE chetan (lawn green): 46→56 [0.1ms]
[2026-05-08 21:30:19] MOVE asha (gray0): 21→34 [0.1ms]
[2026-05-08 21:30:20] MOVE chetan (lawn green): 56→46 [0.1ms]
[2026-05-08 21:30:20] MOVE asha (gray0): 34→21 [0.1ms]
[2026-05-08 21:30:20] MOVE chetan (lawn green): 46→56 [0.1ms]
[2026-05-08 21:30:20] MOVE asha (gray0): 21→34 [0.1ms]
[2026-05-08 21:30:20] MOVE chetan (lawn green): 56→46 [0.1ms]
[2026-05-08 21:30:20] MOVE asha (gray0): 34→21 [0.1ms]
[2026-05-08 21:30:21] MOVE chetan (lawn green): 46→56 [0.1ms]
[2026-05-08 21:30:21] MOVE asha (gray0): 21→34 [0.1ms]
[2026-05-08 21:30:21] MOVE chetan (lawn green): 56→46 [0.1ms]
[2026-05-08 21:30:21] MOVE asha (gray0): 34→21 [0.1ms]
[2026-05-08 21:30:21] MOVE chetan (lawn green): 46→56 [0.1ms]
[2026-05-08 21:30:21] MOVE asha (gray0): 21→34 [0.1ms]
[2026-05-08 21:30:21] MOVE chetan (lawn green): 56→46 [0.1ms]
[2026-05-08 21:30:22] MOVE asha (gray0): 34→21 [0.1ms]
[2026-05-08 21:30:22] MOVE chetan (lawn green): 46→56 [0.2ms]
[2026-05-08 21:30:22] MOVE asha (gray0): 21→34 [0.1ms]
[2026-05-08 21:30:22] MOVE chetan (lawn green): 56→46 [0.2ms]
[2026-05-08 21:30:22] MOVE asha (gray0): 34→21 [0.1ms]
[2026-05-08 21:30:22] MOVE chetan (lawn green): 46→56 [0.1ms]
[2026-05-08 21:30:23] MOVE asha (gray0): 21→34 [0.1ms]
[2026-05-08 21:30:23] MOVE chetan (lawn green): 56→46 [0.1ms]
[2026-05-08 21:30:23] MOVE asha (gray0): 34→21 [0.1ms]
[2026-05-08 21:30:23] MOVE chetan (lawn green): 46→56 [0.1ms]
[2026-05-08 21:30:23] MOVE asha (gray0): 21→34 [0.2ms]
[2026-05-08 21:30:23] MOVE chetan (lawn green): 56→46 [0.1ms]
[2026-05-08 21:30:24] MOVE asha (gray0): 34→21 [0.1ms]
[2026-05-08 21:30:24] MOVE chetan (lawn green): 46→56 [0.1ms]
[2026-05-08 21:30:24] MOVE asha (gray0): 21→34 [0.3ms]
[2026-05-08 21:30:24] MOVE chetan (lawn green): 56→46 [0.1ms]
[2026-05-08 21:30:24] MOVE asha (gray0): 34→21 [0.1ms]
[2026-05-08 21:30:24] MOVE chetan (lawn green): 46→56 [0.1ms]
[2026-05-08 21:30:25] MOVE asha (gray0): 21→34 [0.1ms]
[2026-05-08 21:30:25] MOVE chetan (lawn green): 56→46 [0.3ms]
[2026-05-08 21:30:25] MOVE asha (gray0): 34→21 [0.1ms]
[2026-05-08 21:30:25] MOVE chetan (lawn green): 46→56 [0.1ms]
[2026-05-08 21:30:25] MOVE asha (gray0): 21→34 [0.2ms]
[2026-05-08 21:30:25] MOVE chetan (lawn green): 56→46 [0.1ms]
[2026-05-08 21:30:26] MOVE asha (gray0): 34→21 [0.1ms]
[2026-05-08 21:30:26] MOVE chetan (lawn green): 46→56 [0.2ms]
[2026-05-08 21:30:26] MOVE asha (gray0): 21→34 [0.1ms]
[2026-05-08 21:30:26] MOVE chetan (lawn green): 56→46 [0.1ms]
[2026-05-08 21:30:26] MOVE asha (gray0): 34→21 [0.1ms]
[2026-05-08 21:30:26] MOVE chetan (lawn green): 46→56 [0.1ms]
[2026-05-08 21:30:26] MOVE asha (gray0): 21→34 [0.1ms]
[2026-05-08 21:30:27] MOVE chetan (lawn green): 56→46 [0.1ms]
[2026-05-08 21:30:27] MOVE asha (gray0): 34→21 [0.1ms]
[2026-05-08 21:30:27] MOVE chetan (lawn green): 46→56 [0.1ms]
[2026-05-08 21:30:27] MOVE asha (gray0): 21→34 [0.1ms]
[2026-05-08 21:30:27] MOVE chetan (lawn green): 56→46 [0.1ms]
[2026-05-08 21:30:27] MOVE asha (gray0): 34→21 [0.1ms]
[2026-05-08 21:30:27] MOVE chetan (lawn green): 46→56 [0.1ms]
[2026-05-08 21:30:28] MOVE asha (gray0): 21→34 [0.1ms]
[2026-05-08 21:30:28] MOVE chetan (lawn green): 56→46 [0.4ms]
[2026-05-08 21:30:28] MOVE asha (gray0): 34→21 [0.2ms]
[2026-05-08 21:30:28] MOVE chetan (lawn green): 46→56 [0.1ms]
[2026-05-08 21:30:28] MOVE asha (gray0): 21→34 [0.1ms]
[2026-05-08 21:30:28] MOVE chetan (lawn green): 56→46 [0.1ms]
[2026-05-08 21:30:29] MOVE asha (gray0): 34→21 [0.1ms]
[2026-05-08 21:30:29] MOVE chetan (lawn green): 46→56 [0.1ms]
[2026-05-08 21:30:29] MOVE asha (gray0): 21→34 [0.2ms]
[2026-05-08 21:30:29] MOVE chetan (lawn green): 56→46 [0.1ms]
[2026-05-08 21:30:29] MOVE asha (gray0): 34→21 [0.1ms]
[2026-05-08 21:30:29] MOVE chetan (lawn green): 46→56 [0.1ms]
[2026-05-08 21:30:30] MOVE asha (gray0): 21→34 [0.1ms]
[2026-05-08 21:30:30] MOVE chetan (lawn green): 56→46 [0.1ms]
[2026-05-08 21:30:30] MOVE asha (gray0): 34→21 [0.3ms]
[2026-05-08 21:30:30] MOVE chetan (lawn green): 46→56 [0.1ms]
[2026-05-08 21:30:30] MOVE asha (gray0): 21→34 [0.1ms]
[2026-05-08 21:30:30] MOVE chetan (lawn green): 56→46 [0.1ms]
[2026-05-08 21:30:31] MOVE asha (gray0): 34→21 [0.1ms]
[2026-05-08 21:30:31] MOVE chetan (lawn green): 46→56 [0.2ms]
[2026-05-08 21:30:31] MOVE asha (gray0): 21→34 [0.1ms]
[2026-05-08 21:30:31] MOVE chetan (lawn green): 56→46 [0.1ms]
[2026-05-08 21:30:31] MOVE asha (gray0): 34→21 [0.1ms]
[2026-05-08 21:30:31] MOVE chetan (lawn green): 46→56 [0.1ms]
[2026-05-08 21:30:32] MOVE asha (gray0): 21→34 [0.1ms]
[2026-05-08 21:30:32] MOVE chetan (lawn green): 56→46 [0.4ms]
[2026-05-08 21:30:32] MOVE asha (gray0): 34→21 [0.1ms]
[2026-05-08 21:30:32] MOVE chetan (lawn green): 46→56 [0.1ms]
[2026-05-08 21:30:32] MOVE asha (gray0): 21→34 [0.1ms]
[2026-05-08 21:30:32] MOVE chetan (lawn green): 56→46 [0.1ms]
[2026-05-08 21:30:33] MOVE asha (gray0): 34→21 [0.1ms]
[2026-05-08 21:30:33] MOVE chetan (lawn green): 46→56 [0.1ms]
[2026-05-08 21:30:33] MOVE asha (gray0): 21→34 [0.1ms]
[2026-05-08 21:30:33] MOVE chetan (lawn green): 56→46 [0.1ms]
[2026-05-08 21:30:33] MOVE asha (gray0): 34→21 [0.1ms]
[2026-05-08 21:30:33] MOVE chetan (lawn green): 46→56 [0.1ms]
[2026-05-08 21:30:33] MOVE asha (gray0): 21→34 [0.1ms]
[2026-05-08 21:30:34] MOVE chetan (lawn green): 56→46 [0.3ms]
[2026-05-08 21:30:34] MOVE asha (gray0): 34→21 [0.1ms]
[2026-05-08 21:30:34] MOVE chetan (lawn green): 46→56 [0.1ms]
[2026-05-08 21:30:34] MOVE asha (gray0): 21→34 [0.1ms]
[2026-05-08 21:30:34] MOVE chetan (lawn green): 56→46 [0.1ms]
[2026-05-08 21:30:34] MOVE asha (gray0): 34→21 [0.1ms]
[2026-05-08 21:30:35] MOVE chetan (lawn green): 46→56 [0.1ms]
[2026-05-08 21:30:35] MOVE asha (gray0): 21→34 [0.1ms]
[2026-05-08 21:30:35] MOVE chetan (lawn green): 56→46 [0.1ms]
[2026-05-08 21:30:35] MOVE asha (gray0): 34→21 [0.1ms]
[2026-05-08 21:30:35] MOVE chetan (lawn green): 46→56 [0.1ms]
[2026-05-08 21:30:35] MOVE asha (gray0): 21→34 [0.1ms]
[2026-05-08 21:30:35] MOVE chetan (lawn green): 56→46 [0.2ms]
[2026-05-08 21:30:36] MOVE asha (gray0): 34→21 [0.1ms]
[2026-05-08 21:30:36] MOVE chetan (lawn green): 46→56 [0.2ms]
[2026-05-08 21:30:36] MOVE asha (gray0): 21→34 [0.1ms]
[2026-05-08 21:30:36] MOVE chetan (lawn green): 56→46 [0.1ms]
[2026-05-08 21:30:36] MOVE asha (gray0): 34→21 [0.1ms]
[2026-05-08 21:30:36] MOVE chetan (lawn green): 46→56 [0.1ms]
[2026-05-08 21:30:37] MOVE asha (gray0): 21→34 [0.1ms]
[2026-05-08 21:30:37] MOVE chetan (lawn green): 56→46 [0.1ms]
[2026-05-08 21:30:37] MOVE asha (gray0): 34→21 [0.1ms]
[2026-05-08 21:30:37] MOVE chetan (lawn green): 46→56 [0.1ms]
[2026-05-08 21:30:37] MOVE asha (gray0): 21→34 [0.1ms]
[2026-05-08 21:30:37] MOVE chetan (lawn green): 56→46 [0.1ms]
[2026-05-08 21:30:38] MOVE asha (gray0): 34→21 [0.1ms]
[2026-05-08 21:30:38] MOVE chetan (lawn green): 46→56 [0.1ms]
[2026-05-08 21:30:38] MOVE asha (gray0): 21→34 [0.1ms]
[2026-05-08 21:30:38] MOVE chetan (lawn green): 56→46 [0.1ms]
[2026-05-08 21:30:38] MOVE asha (gray0): 34→21 [0.1ms]
[2026-05-08 21:30:38] MOVE chetan (lawn green): 46→56 [0.1ms]
[2026-05-08 21:30:39] MOVE asha (gray0): 21→34 [0.1ms]
[2026-05-08 21:30:39] MOVE chetan (lawn green): 56→46 [0.1ms]
[2026-05-08 21:30:39] MOVE asha (gray0): 34→21 [0.1ms]
[2026-05-08 21:30:39] MOVE chetan (lawn green): 46→56 [0.2ms]
[2026-05-08 21:30:39] MOVE asha (gray0): 21→34 [0.1ms]
[2026-05-08 21:30:39] MOVE chetan (lawn green): 56→46 [0.1ms]
[2026-05-08 21:30:39] MOVE asha (gray0): 34→21 [0.1ms]
[2026-05-08 21:30:40] MOVE chetan (lawn green): 46→56 [0.1ms]
[2026-05-08 21:30:40] MOVE asha (gray0): 21→34 [0.1ms]
[2026-05-08 21:30:40] MOVE chetan (lawn green): 56→46 [0.1ms]
[2026-05-08 21:30:40] MOVE asha (gray0): 34→21 [0.1ms]
[2026-05-08 21:30:40] MOVE chetan (lawn green): 46→56 [0.1ms]
[2026-05-08 21:30:40] MOVE asha (gray0): 21→34 [0.1ms]
[2026-05-08 21:30:41] MOVE chetan (lawn green): 56→46 [0.1ms]
[2026-05-08 21:30:41] MOVE asha (gray0): 34→21 [0.1ms]
[2026-05-08 21:30:41] MOVE chetan (lawn green): 46→56 [0.1ms]
[2026-05-08 21:30:41] MOVE asha (gray0): 21→34 [0.1ms]
[2026-05-08 21:30:41] MOVE chetan (lawn green): 56→46 [0.2ms]
[2026-05-08 21:30:41] MOVE asha (gray0): 34→21 [0.1ms]
[2026-05-08 21:30:42] MOVE chetan (lawn green): 46→56 [0.1ms]
[2026-05-08 21:30:42] MOVE asha (gray0): 21→34 [0.1ms]
[2026-05-08 21:30:42] MOVE chetan (lawn green): 56→46 [0.1ms]
[2026-05-08 21:30:42] MOVE asha (gray0): 34→21 [0.1ms]
[2026-05-08 21:30:42] MOVE chetan (lawn green): 46→56 [0.1ms]
[2026-05-08 21:30:42] MOVE asha (gray0): 21→34 [0.1ms]
[2026-05-08 21:30:43] MOVE chetan (lawn green): 56→46 [0.1ms]
[2026-05-08 21:30:43] MOVE asha (gray0): 34→21 [0.1ms]
[2026-05-08 21:30:43] MOVE chetan (lawn green): 46→56 [0.1ms]
[2026-05-08 21:30:43] MOVE asha (gray0): 21→34 [0.1ms]
[2026-05-08 21:30:43] MOVE chetan (lawn green): 56→46 [0.1ms]
[2026-05-08 21:30:43] MOVE asha (gray0): 34→21 [0.1ms]
[2026-05-08 21:30:44] MOVE chetan (lawn green): 46→56 [0.1ms]
[2026-05-08 21:30:44] MOVE asha (gray0): 21→34 [0.1ms]
[2026-05-08 21:30:44] MOVE chetan (lawn green): 56→46 [0.1ms]
[2026-05-08 21:30:44] MOVE asha (gray0): 34→21 [0.1ms]
[2026-05-08 21:30:44] MOVE chetan (lawn green): 46→56 [0.1ms]
[2026-05-08 21:30:44] MOVE asha (gray0): 21→34 [0.1ms]
[2026-05-08 21:30:44] MOVE chetan (lawn green): 56→46 [0.1ms]
[2026-05-08 21:30:45] MOVE asha (gray0): 34→21 [0.1ms]
[2026-05-08 21:30:45] MOVE chetan (lawn green): 46→56 [0.1ms]
[2026-05-08 21:30:45] MOVE asha (gray0): 21→34 [0.2ms]
[2026-05-08 21:30:45] MOVE chetan (lawn green): 56→46 [0.2ms]
[2026-05-08 21:30:45] MOVE asha (gray0): 34→21 [0.1ms]
[2026-05-08 21:30:45] MOVE chetan (lawn green): 46→56 [0.1ms]
[2026-05-08 21:30:45] MOVE asha (gray0): 21→34 [0.1ms]
[2026-05-08 21:30:46] MOVE chetan (lawn green): 56→46 [0.1ms]
[2026-05-08 21:30:46] MOVE asha (gray0): 34→21 [0.1ms]
[2026-05-08 21:30:46] MOVE chetan (lawn green): 46→56 [0.2ms]
[2026-05-08 21:30:46] MOVE asha (gray0): 21→34 [0.1ms]
[2026-05-08 21:30:46] MOVE chetan (lawn green): 56→46 [0.1ms]
[2026-05-08 21:30:46] MOVE asha (gray0): 34→21 [0.2ms]
[2026-05-08 21:30:47] MOVE chetan (lawn green): 46→56 [0.1ms]
[2026-05-08 21:30:47] MOVE asha (gray0): 21→34 [0.1ms]
[2026-05-08 21:30:47] MOVE chetan (lawn green): 56→46 [0.1ms]
[2026-05-08 21:30:47] MOVE asha (gray0): 34→21 [0.4ms]
[2026-05-08 21:30:47] MOVE chetan (lawn green): 46→56 [0.1ms]
[2026-05-08 21:30:47] MOVE asha (gray0): 21→34 [0.1ms]
[2026-05-08 21:30:48] MOVE chetan (lawn green): 56→46 [0.1ms]
[2026-05-08 21:30:48] MOVE asha (gray0): 34→21 [0.1ms]
[2026-05-08 21:30:48] MOVE chetan (lawn green): 46→56 [0.1ms]
[2026-05-08 21:30:48] MOVE asha (gray0): 21→34 [0.1ms]
[2026-05-08 21:30:48] MOVE chetan (lawn green): 56→46 [0.1ms]
[2026-05-08 21:30:48] MOVE asha (gray0): 34→21 [0.1ms]
[2026-05-08 21:30:49] MOVE chetan (lawn green): 46→56 [0.1ms]
[2026-05-08 21:30:49] MOVE asha (gray0): 21→34 [0.1ms]
[2026-05-08 21:30:49] MOVE chetan (lawn green): 56→46 [0.1ms]
[2026-05-08 21:30:49] MOVE asha (gray0): 34→21 [0.1ms]
[2026-05-08 21:30:49] MOVE chetan (lawn green): 46→56 [0.1ms]
[2026-05-08 21:30:49] MOVE asha (gray0): 21→34 [0.1ms]
[2026-05-08 21:30:50] MOVE chetan (lawn green): 56→46 [0.1ms]
[2026-05-08 21:30:50] MOVE asha (gray0): 34→21 [0.1ms]
[2026-05-08 21:30:50] MOVE chetan (lawn green): 46→56 [0.1ms]
[2026-05-08 21:30:50] MOVE asha (gray0): 21→34 [0.1ms]
[2026-05-08 21:30:50] MOVE chetan (lawn green): 56→46 [0.1ms]
[2026-05-08 21:30:50] MOVE asha (gray0): 34→21 [0.1ms]
[2026-05-08 21:30:51] MOVE chetan (lawn green): 46→56 [0.1ms]
[2026-05-08 21:30:51] MOVE asha (gray0): 21→34 [0.1ms]
[2026-05-08 21:30:51] MOVE chetan (lawn green): 56→46 [0.1ms]
[2026-05-08 21:30:51] MOVE asha (gray0): 34→21 [0.4ms]
[2026-05-08 21:30:51] MOVE chetan (lawn green): 46→56 [0.1ms]
[2026-05-08 21:30:51] MOVE asha (gray0): 21→34 [0.1ms]
[2026-05-08 21:30:52] MOVE chetan (lawn green): 56→46 [0.1ms]
[2026-05-08 21:30:52] MOVE asha (gray0): 34→21 [0.1ms]
[2026-05-08 21:30:52] MOVE chetan (lawn green): 46→56 [0.1ms]
[2026-05-08 21:30:52] MOVE asha (gray0): 21→34 [0.1ms]
[2026-05-08 21:30:52] MOVE chetan (lawn green): 56→46 [0.1ms]
[2026-05-08 21:30:52] MOVE asha (gray0): 34→21 [0.1ms]
[2026-05-08 21:30:52] MOVE chetan (lawn green): 46→56 [0.1ms]
[2026-05-08 21:30:52] MOVE asha (gray0): 21→34 [0.1ms]
[2026-05-08 21:30:53] MOVE chetan (lawn green): 56→46 [0.1ms]
[2026-05-08 21:30:53] MOVE asha (gray0): 34→21 [0.1ms]
[2026-05-08 21:30:53] MOVE chetan (lawn green): 46→56 [0.9ms]
[2026-05-08 21:30:53] MOVE asha (gray0): 21→34 [0.4ms]
[2026-05-08 21:30:53] MOVE chetan (lawn green): 56→46 [0.1ms]
[2026-05-08 21:30:53] MOVE asha (gray0): 34→21 [0.1ms]
[2026-05-08 21:30:54] MOVE chetan (lawn green): 46→56 [0.1ms]
[2026-05-08 21:30:54] MOVE asha (gray0): 21→34 [0.1ms]
[2026-05-08 21:30:54] MOVE chetan (lawn green): 56→46 [0.1ms]
[2026-05-08 21:30:54] MOVE asha (gray0): 34→21 [0.1ms]
[2026-05-08 21:30:54] MOVE chetan (lawn green): 46→56 [0.1ms]
[2026-05-08 21:30:54] MOVE asha (gray0): 21→34 [0.1ms]
[2026-05-08 21:30:55] MOVE chetan (lawn green): 56→46 [0.6ms]
[2026-05-08 21:30:55] MOVE asha (gray0): 34→21 [0.1ms]
[2026-05-08 21:30:55] MOVE chetan (lawn green): 46→56 [0.1ms]
[2026-05-08 21:30:55] MOVE asha (gray0): 21→34 [0.1ms]
[2026-05-08 21:30:56] MOVE chetan (lawn green): 56→46 [0.1ms]
[2026-05-08 21:30:56] MOVE asha (gray0): 34→21 [0.1ms]
[2026-05-08 21:30:56] MOVE chetan (lawn green): 46→56 [0.1ms]
[2026-05-08 21:30:56] MOVE asha (gray0): 21→34 [0.1ms]
[2026-05-08 21:30:56] MOVE chetan (lawn green): 56→46 [0.1ms]
[2026-05-08 21:30:56] MOVE asha (gray0): 34→21 [0.1ms]
[2026-05-08 21:30:57] MOVE chetan (lawn green): 46→56 [0.1ms]
[2026-05-08 21:30:57] MOVE asha (gray0): 21→34 [0.1ms]
[2026-05-08 21:30:57] MOVE chetan (lawn green): 56→46 [0.1ms]
[2026-05-08 21:30:57] MOVE asha (gray0): 34→21 [0.1ms]
[2026-05-08 21:30:57] MOVE chetan (lawn green): 46→56 [0.1ms]
[2026-05-08 21:30:57] MOVE asha (gray0): 21→34 [0.1ms]
[2026-05-08 21:30:58] MOVE chetan (lawn green): 56→46 [0.2ms]
[2026-05-08 21:30:58] MOVE asha (gray0): 34→21 [0.1ms]
[2026-05-08 21:30:58] MOVE chetan (lawn green): 46→56 [0.1ms]
[2026-05-08 21:30:58] MOVE asha (gray0): 21→34 [0.1ms]
[2026-05-08 21:30:58] MOVE chetan (lawn green): 56→46 [0.1ms]
[2026-05-08 21:30:59] MOVE asha (gray0): 34→21 [0.2ms]
[2026-05-08 21:30:59] MOVE chetan (lawn green): 46→56 [0.1ms]
[2026-05-08 21:30:59] MOVE asha (gray0): 21→34 [0.2ms]
[2026-05-08 21:30:59] MOVE chetan (lawn green): 56→46 [0.1ms]
[2026-05-08 21:30:59] MOVE asha (gray0): 34→21 [0.2ms]
[2026-05-08 21:31:00] MOVE chetan (lawn green): 46→56 [0.1ms]
[2026-05-08 21:31:00] MOVE asha (gray0): 21→34 [0.1ms]
[2026-05-08 21:31:00] MOVE chetan (lawn green): 56→46 [0.1ms]
[2026-05-08 21:31:00] MOVE asha (gray0): 34→21 [0.1ms]
[2026-05-08 21:31:00] MOVE chetan (lawn green): 46→56 [0.1ms]
[2026-05-08 21:31:00] MOVE asha (gray0): 21→34 [0.1ms]
[2026-05-08 21:31:00] MOVE chetan (lawn green): 56→46 [0.2ms]
[2026-05-08 21:31:01] MOVE asha (gray0): 34→21 [0.1ms]
[2026-05-08 21:31:01] MOVE chetan (lawn green): 46→56 [0.1ms]
[2026-05-08 21:31:01] MOVE asha (gray0): 21→34 [0.1ms]
[2026-05-08 21:31:01] MOVE chetan (lawn green): 56→46 [0.1ms]
[2026-05-08 21:31:01] MOVE asha (gray0): 34→21 [0.2ms]
[2026-05-08 21:31:01] MOVE chetan (lawn green): 46→56 [0.1ms]
[2026-05-08 21:31:01] MOVE asha (gray0): 21→34 [0.1ms]
[2026-05-08 21:31:02] MOVE chetan (lawn green): 56→46 [0.1ms]
[2026-05-08 21:31:02] MOVE asha (gray0): 34→21 [0.1ms]
[2026-05-08 21:31:02] MOVE chetan (lawn green): 46→56 [0.1ms]
[2026-05-08 21:31:02] MOVE asha (gray0): 21→34 [0.1ms]
[2026-05-08 21:31:02] MOVE chetan (lawn green): 56→46 [0.1ms]
[2026-05-08 21:31:02] MOVE asha (gray0): 34→21 [0.1ms]
[2026-05-08 21:31:03] MOVE chetan (lawn green): 46→56 [0.1ms]
[2026-05-08 21:31:03] MOVE asha (gray0): 21→34 [0.1ms]
[2026-05-08 21:31:03] MOVE chetan (lawn green): 56→46 [0.1ms]
[2026-05-08 21:31:03] MOVE asha (gray0): 34→21 [0.1ms]
[2026-05-08 21:31:03] MOVE chetan (lawn green): 46→56 [0.1ms]
[2026-05-08 21:31:03] MOVE asha (gray0): 21→34 [0.1ms]
[2026-05-08 21:31:04] MOVE chetan (lawn green): 56→46 [0.1ms]
[2026-05-08 21:31:04] MOVE asha (gray0): 34→21 [0.1ms]
[2026-05-08 21:31:04] MOVE chetan (lawn green): 46→56 [0.1ms]
[2026-05-08 21:31:04] MOVE asha (gray0): 21→34 [0.2ms]
[2026-05-08 21:31:04] MOVE chetan (lawn green): 56→46 [0.1ms]
[2026-05-08 21:31:04] MOVE asha (gray0): 34→21 [0.1ms]
[2026-05-08 21:31:05] MOVE chetan (lawn green): 46→56 [0.1ms]
[2026-05-08 21:31:05] MOVE asha (gray0): 21→34 [0.1ms]
[2026-05-08 21:31:05] MOVE chetan (lawn green): 56→46 [0.1ms]
[2026-05-08 21:31:05] MOVE asha (gray0): 34→21 [0.1ms]
[2026-05-08 21:31:05] MOVE chetan (lawn green): 46→56 [0.3ms]
[2026-05-08 21:31:05] MOVE asha (gray0): 21→34 [0.1ms]
[2026-05-08 21:31:06] MOVE chetan (lawn green): 56→46 [0.1ms]
[2026-05-08 21:31:06] MOVE asha (gray0): 34→21 [0.1ms]
[2026-05-08 21:31:06] MOVE chetan (lawn green): 46→56 [0.1ms]
[2026-05-08 21:31:06] MOVE asha (gray0): 21→34 [0.1ms]
[2026-05-08 21:31:06] MOVE chetan (lawn green): 56→46 [0.1ms]
[2026-05-08 21:31:06] MOVE asha (gray0): 34→21 [0.1ms]
[2026-05-08 21:31:07] MOVE chetan (lawn green): 46→56 [0.1ms]
[2026-05-08 21:31:07] MOVE asha (gray0): 21→34 [0.1ms]
[2026-05-08 21:31:07] MOVE chetan (lawn green): 56→46 [0.1ms]
[2026-05-08 21:31:07] MOVE asha (gray0): 34→21 [0.1ms]
[2026-05-08 21:31:07] MOVE chetan (lawn green): 46→56 [0.5ms]
[2026-05-08 21:31:07] MOVE asha (gray0): 21→34 [0.5ms]
[2026-05-08 21:31:07] MOVE chetan (lawn green): 56→46 [0.1ms]
[2026-05-08 21:31:07] MOVE asha (gray0): 34→21 [0.4ms]
[2026-05-08 21:31:08] MOVE chetan (lawn green): 46→56 [0.1ms]
[2026-05-08 21:31:08] MOVE asha (gray0): 21→34 [0.1ms]
[2026-05-08 21:31:08] MOVE chetan (lawn green): 56→46 [0.1ms]
[2026-05-08 21:31:08] MOVE asha (gray0): 34→21 [0.1ms]
[2026-05-08 21:31:08] MOVE chetan (lawn green): 46→56 [0.1ms]
[2026-05-08 21:31:08] MOVE asha (gray0): 21→34 [0.1ms]
[2026-05-08 21:31:09] MOVE chetan (lawn green): 56→46 [0.1ms]
[2026-05-08 21:31:09] MOVE asha (gray0): 34→21 [0.2ms]
[2026-05-08 21:31:09] MOVE chetan (lawn green): 46→56 [0.1ms]
[2026-05-08 21:31:09] MOVE asha (gray0): 21→34 [0.1ms]
[2026-05-08 21:31:09] MOVE chetan (lawn green): 56→46 [0.1ms]
[2026-05-08 21:31:09] MOVE asha (gray0): 34→21 [0.1ms]
[2026-05-08 21:31:10] MOVE chetan (lawn green): 46→56 [0.1ms]
[2026-05-08 21:31:10] MOVE asha (gray0): 21→34 [0.1ms]
[2026-05-08 21:31:10] MOVE chetan (lawn green): 56→46 [0.1ms]
[2026-05-08 21:31:10] MOVE asha (gray0): 34→21 [0.1ms]
[2026-05-08 21:31:10] MOVE chetan (lawn green): 46→56 [0.1ms]
[2026-05-08 21:31:10] MOVE asha (gray0): 21→34 [0.1ms]
[2026-05-08 21:31:11] MOVE chetan (lawn green): 56→46 [0.1ms]
[2026-05-08 21:31:11] MOVE asha (gray0): 34→21 [0.1ms]
[2026-05-08 21:31:11] MOVE chetan (lawn green): 46→56 [0.1ms]
[2026-05-08 21:31:11] MOVE asha (gray0): 21→34 [0.1ms]
[2026-05-08 21:31:11] MOVE chetan (lawn green): 56→46 [0.1ms]
[2026-05-08 21:31:12] MOVE asha (gray0): 34→21 [0.5ms]
[2026-05-08 21:31:12] MOVE chetan (lawn green): 46→56 [0.1ms]
[2026-05-08 21:31:12] MOVE asha (gray0): 21→34 [0.1ms]
[2026-05-08 21:31:12] MOVE chetan (lawn green): 56→46 [0.2ms]
[2026-05-08 21:31:12] MOVE asha (gray0): 34→21 [0.1ms]
[2026-05-08 21:31:12] MOVE chetan (lawn green): 46→56 [0.1ms]
[2026-05-08 21:31:13] MOVE asha (gray0): 21→34 [0.1ms]
[2026-05-08 21:31:13] MOVE chetan (lawn green): 56→46 [0.1ms]
[2026-05-08 21:31:13] MOVE asha (gray0): 34→21 [0.1ms]
[2026-05-08 21:31:13] MOVE chetan (lawn green): 46→56 [0.1ms]
[2026-05-08 21:31:13] MOVE asha (gray0): 21→34 [0.1ms]
[2026-05-08 21:31:13] MOVE chetan (lawn green): 56→46 [0.2ms]
[2026-05-08 21:31:14] MOVE asha (gray0): 34→21 [0.1ms]
[2026-05-08 21:31:14] MOVE chetan (lawn green): 46→56 [0.1ms]
[2026-05-08 21:31:14] MOVE asha (gray0): 21→34 [0.1ms]
[2026-05-08 21:31:14] MOVE chetan (lawn green): 56→46 [0.1ms]
[2026-05-08 21:31:14] MOVE asha (gray0): 34→21 [0.3ms]
[2026-05-08 21:31:14] MOVE chetan (lawn green): 46→56 [0.1ms]
[2026-05-08 21:31:15] MOVE asha (gray0): 21→34 [0.1ms]
[2026-05-08 21:31:15] MOVE chetan (lawn green): 56→46 [0.1ms]
[2026-05-08 21:31:15] MOVE asha (gray0): 34→21 [0.1ms]
[2026-05-08 21:31:15] MOVE chetan (lawn green): 46→56 [0.1ms]
[2026-05-08 21:31:15] MOVE asha (gray0): 21→34 [0.1ms]
[2026-05-08 21:31:16] MOVE chetan (lawn green): 56→46 [0.1ms]
[2026-05-08 21:31:16] MOVE asha (gray0): 34→21 [0.1ms]
[2026-05-08 21:31:16] MOVE chetan (lawn green): 46→56 [0.1ms]
[2026-05-08 21:31:16] MOVE asha (gray0): 21→34 [0.1ms]
[2026-05-08 21:31:16] MOVE chetan (lawn green): 56→46 [0.2ms]
[2026-05-08 21:31:17] MOVE asha (gray0): 34→21 [0.1ms]
[2026-05-08 21:31:17] MOVE chetan (lawn green): 46→56 [0.1ms]
[2026-05-08 21:31:17] MOVE asha (gray0): 21→34 [0.1ms]
[2026-05-08 21:31:17] MOVE chetan (lawn green): 56→46 [0.1ms]
[2026-05-08 21:31:17] MOVE asha (gray0): 34→21 [0.1ms]
[2026-05-08 21:31:17] MOVE chetan (lawn green): 46→56 [0.1ms]
[2026-05-08 21:31:18] MOVE asha (gray0): 21→34 [0.1ms]
[2026-05-08 21:31:18] MOVE chetan (lawn green): 56→46 [0.1ms]
[2026-05-08 21:31:18] MOVE asha (gray0): 34→21 [0.1ms]
[2026-05-08 21:31:18] MOVE chetan (lawn green): 46→56 [0.1ms]
[2026-05-08 21:31:18] MOVE asha (gray0): 21→34 [0.1ms]
[2026-05-08 21:31:19] MOVE chetan (lawn green): 56→46 [0.1ms]
[2026-05-08 21:31:19] MOVE asha (gray0): 34→21 [0.1ms]
[2026-05-08 21:31:19] MOVE chetan (lawn green): 46→56 [0.1ms]
[2026-05-08 21:31:19] MOVE asha (gray0): 21→34 [0.1ms]
[2026-05-08 21:31:19] MOVE chetan (lawn green): 56→46 [0.1ms]
[2026-05-08 21:31:19] MOVE asha (gray0): 34→21 [0.2ms]
[2026-05-08 21:31:20] MOVE chetan (lawn green): 46→56 [0.1ms]
[2026-05-08 21:31:20] MOVE asha (gray0): 21→34 [0.1ms]
[2026-05-08 21:31:20] MOVE chetan (lawn green): 56→46 [0.1ms]
[2026-05-08 21:31:20] MOVE asha (gray0): 34→21 [0.1ms]
[2026-05-08 21:31:20] MOVE chetan (lawn green): 46→56 [0.1ms]
[2026-05-08 21:31:20] MOVE asha (gray0): 21→34 [0.1ms]
[2026-05-08 21:31:21] MOVE chetan (lawn green): 56→46 [0.1ms]
[2026-05-08 21:31:21] MOVE asha (gray0): 34→21 [0.1ms]
[2026-05-08 21:31:21] MOVE chetan (lawn green): 46→56 [0.3ms]
[2026-05-08 21:31:21] MOVE asha (gray0): 21→34 [0.1ms]
[2026-05-08 21:31:21] MOVE chetan (lawn green): 56→46 [0.2ms]
[2026-05-08 21:31:22] MOVE asha (gray0): 34→21 [0.1ms]
[2026-05-08 21:31:22] MOVE chetan (lawn green): 46→56 [0.1ms]
[2026-05-08 21:31:22] MOVE asha (gray0): 21→34 [0.1ms]
[2026-05-08 21:31:22] MOVE chetan (lawn green): 56→46 [0.1ms]
[2026-05-08 21:31:22] MOVE asha (gray0): 34→21 [0.1ms]
[2026-05-08 21:31:23] MOVE chetan (lawn green): 46→56 [0.1ms]
[2026-05-08 21:31:23] MOVE asha (gray0): 21→34 [0.1ms]
[2026-05-08 21:31:23] MOVE chetan (lawn green): 56→46 [0.1ms]
[2026-05-08 21:31:23] MOVE asha (gray0): 34→21 [0.2ms]
[2026-05-08 21:31:24] MOVE chetan (lawn green): 46→56 [0.1ms]
[2026-05-08 21:31:24] MOVE asha (gray0): 21→34 [0.1ms]
[2026-05-08 21:31:24] MOVE chetan (lawn green): 56→46 [0.1ms]
[2026-05-08 21:31:24] MOVE asha (gray0): 34→21 [0.1ms]
[2026-05-08 21:31:24] MOVE chetan (lawn green): 46→56 [0.1ms]
[2026-05-08 21:31:24] MOVE asha (gray0): 21→34 [0.1ms]
[2026-05-08 21:31:25] MOVE chetan (lawn green): 56→46 [0.3ms]
[2026-05-08 21:31:25] MOVE asha (gray0): 34→21 [0.8ms]
[2026-05-08 21:31:25] MOVE chetan (lawn green): 46→56 [0.2ms]
[2026-05-08 21:31:25] MOVE asha (gray0): 21→34 [0.1ms]
[2026-05-08 21:31:25] MOVE chetan (lawn green): 56→46 [0.1ms]
[2026-05-08 21:31:25] MOVE asha (gray0): 34→21 [0.1ms]
[2026-05-08 21:31:25] MOVE chetan (lawn green): 46→56 [0.1ms]
[2026-05-08 21:31:26] MOVE asha (gray0): 21→34 [0.1ms]
[2026-05-08 21:31:26] MOVE chetan (lawn green): 56→46 [0.1ms]
[2026-05-08 21:31:26] MOVE asha (gray0): 34→21 [0.1ms]
[2026-05-08 21:31:26] MOVE chetan (lawn green): 46→56 [0.1ms]
[2026-05-08 21:31:26] MOVE asha (gray0): 21→34 [0.2ms]
[2026-05-08 21:31:26] MOVE chetan (lawn green): 56→46 [0.1ms]
[2026-05-08 21:31:26] MOVE asha (gray0): 34→21 [0.4ms]
[2026-05-08 21:31:27] MOVE chetan (lawn green): 46→56 [0.1ms]
[2026-05-08 21:31:27] MOVE asha (gray0): 21→34 [0.1ms]
[2026-05-08 21:31:27] MOVE chetan (lawn green): 56→46 [0.1ms]
[2026-05-08 21:31:27] MOVE asha (gray0): 34→21 [0.1ms]
[2026-05-08 21:31:27] MOVE chetan (lawn green): 46→56 [0.3ms]
[2026-05-08 21:31:27] MOVE asha (gray0): 21→34 [0.1ms]
[2026-05-08 21:31:28] MOVE chetan (lawn green): 56→46 [0.1ms]
[2026-05-08 21:31:28] MOVE asha (gray0): 34→21 [0.2ms]
[2026-05-08 21:31:28] MOVE chetan (lawn green): 46→56 [0.1ms]
[2026-05-08 21:31:28] MOVE asha (gray0): 21→34 [0.1ms]
[2026-05-08 21:31:29] MOVE chetan (lawn green): 56→46 [0.1ms]
[2026-05-08 21:31:29] MOVE asha (gray0): 34→21 [0.1ms]
[2026-05-08 21:31:29] MOVE chetan (lawn green): 46→56 [0.1ms]
[2026-05-08 21:31:29] MOVE asha (gray0): 21→34 [0.3ms]
[2026-05-08 21:31:29] MOVE chetan (lawn green): 56→46 [0.1ms]
[2026-05-08 21:31:29] MOVE asha (gray0): 34→21 [0.1ms]
[2026-05-08 21:31:30] MOVE chetan (lawn green): 46→56 [0.1ms]
[2026-05-08 21:31:30] MOVE asha (gray0): 21→34 [0.1ms]
[2026-05-08 21:31:30] MOVE chetan (lawn green): 56→46 [0.1ms]
[2026-05-08 21:31:30] MOVE asha (gray0): 34→21 [0.1ms]
[2026-05-08 21:31:30] MOVE chetan (lawn green): 46→56 [0.4ms]
[2026-05-08 21:31:30] MOVE asha (gray0): 21→34 [0.1ms]
[2026-05-08 21:31:31] MOVE chetan (lawn green): 56→46 [0.1ms]
[2026-05-08 21:31:31] MOVE asha (gray0): 34→21 [0.2ms]
[2026-05-08 21:31:31] MOVE chetan (lawn green): 46→56 [0.1ms]
[2026-05-08 21:31:31] MOVE asha (gray0): 21→34 [0.1ms]
[2026-05-08 21:31:31] MOVE chetan (lawn green): 56→46 [0.1ms]
[2026-05-08 21:31:31] MOVE asha (gray0): 34→21 [0.1ms]
[2026-05-08 21:31:32] MOVE chetan (lawn green): 46→56 [0.1ms]
[2026-05-08 21:31:32] MOVE asha (gray0): 21→34 [0.1ms]
[2026-05-08 21:31:32] MOVE chetan (lawn green): 56→46 [0.1ms]
[2026-05-08 21:31:32] MOVE asha (gray0): 34→21 [0.1ms]
[2026-05-08 21:31:32] MOVE chetan (lawn green): 46→56 [0.1ms]
[2026-05-08 21:31:32] MOVE asha (gray0): 21→34 [0.1ms]
[2026-05-08 21:31:32] MOVE chetan (lawn green): 56→46 [0.1ms]
[2026-05-08 21:31:33] MOVE asha (gray0): 34→21 [0.1ms]
[2026-05-08 21:31:33] MOVE chetan (lawn green): 46→56 [0.1ms]
[2026-05-08 21:31:33] MOVE asha (gray0): 21→34 [0.3ms]
[2026-05-08 21:31:33] MOVE chetan (lawn green): 56→46 [0.1ms]
[2026-05-08 21:31:33] MOVE asha (gray0): 34→21 [0.2ms]
[2026-05-08 21:31:33] MOVE chetan (lawn green): 46→56 [0.1ms]
[2026-05-08 21:31:34] MOVE asha (gray0): 21→34 [0.1ms]
[2026-05-08 21:31:34] MOVE chetan (lawn green): 56→46 [0.1ms]
[2026-05-08 21:31:34] MOVE asha (gray0): 34→21 [0.1ms]
[2026-05-08 21:31:34] MOVE chetan (lawn green): 46→56 [0.1ms]
[2026-05-08 21:31:34] MOVE asha (gray0): 21→34 [0.1ms]
[2026-05-08 21:31:34] MOVE chetan (lawn green): 56→46 [0.2ms]
[2026-05-08 21:31:35] MOVE asha (gray0): 34→21 [0.1ms]
[2026-05-08 21:31:35] MOVE chetan (lawn green): 46→56 [0.1ms]
[2026-05-08 21:31:35] MOVE asha (gray0): 21→34 [0.2ms]
[2026-05-08 21:31:35] MOVE chetan (lawn green): 56→46 [0.1ms]
[2026-05-08 21:31:35] MOVE asha (gray0): 34→21 [0.1ms]
[2026-05-08 21:31:35] MOVE chetan (lawn green): 46→56 [0.2ms]
[2026-05-08 21:31:35] MOVE asha (gray0): 21→34 [0.1ms]
[2026-05-08 21:31:36] MOVE chetan (lawn green): 56→46 [0.1ms]
[2026-05-08 21:31:36] MOVE asha (gray0): 34→21 [0.1ms]
[2026-05-08 21:31:36] MOVE chetan (lawn green): 46→56 [0.1ms]
[2026-05-08 21:31:36] MOVE asha (gray0): 21→34 [0.1ms]
[2026-05-08 21:31:36] MOVE chetan (lawn green): 56→46 [0.1ms]
[2026-05-08 21:31:36] MOVE asha (gray0): 34→21 [0.1ms]
[2026-05-08 21:31:37] MOVE chetan (lawn green): 46→56 [0.1ms]
[2026-05-08 21:31:37] MOVE asha (gray0): 21→34 [0.1ms]
[2026-05-08 21:31:37] MOVE chetan (lawn green): 56→46 [0.1ms]
[2026-05-08 21:31:37] MOVE asha (gray0): 34→21 [0.1ms]
[2026-05-08 21:31:37] MOVE chetan (lawn green): 46→56 [0.1ms]
[2026-05-08 21:31:37] MOVE asha (gray0): 21→34 [0.1ms]
[2026-05-08 21:31:38] MOVE chetan (lawn green): 56→46 [0.4ms]
[2026-05-08 21:31:38] MOVE asha (gray0): 34→21 [0.1ms]
[2026-05-08 21:31:38] MOVE chetan (lawn green): 46→56 [0.1ms]
[2026-05-08 21:31:38] MOVE asha (gray0): 21→34 [0.1ms]
[2026-05-08 21:31:38] MOVE chetan (lawn green): 56→46 [0.2ms]
[2026-05-08 21:31:38] MOVE asha (gray0): 34→21 [0.1ms]
[2026-05-08 21:31:39] MOVE chetan (lawn green): 46→56 [0.1ms]
[2026-05-08 21:31:39] MOVE asha (gray0): 21→34 [0.1ms]
[2026-05-08 21:31:39] MOVE chetan (lawn green): 56→46 [0.1ms]
[2026-05-08 21:31:39] MOVE asha (gray0): 34→21 [0.1ms]
[2026-05-08 21:31:39] MOVE chetan (lawn green): 46→56 [0.1ms]
[2026-05-08 21:31:39] MOVE asha (gray0): 21→34 [0.1ms]
[2026-05-08 21:31:40] MOVE chetan (lawn green): 56→46 [5.2ms]
[2026-05-08 21:31:40] MOVE asha (gray0): 34→21 [3.8ms]
[2026-05-08 21:31:40] MOVE chetan (lawn green): 46→56 [2.9ms]
[2026-05-08 21:31:40] MOVE asha (gray0): 21→34 [0.1ms]
[2026-05-08 21:31:40] MOVE chetan (lawn green): 56→46 [0.2ms]
[2026-05-08 21:31:40] MOVE asha (gray0): 34→21 [0.1ms]
[2026-05-08 21:31:41] MOVE chetan (lawn green): 46→56 [0.1ms]
[2026-05-08 21:31:41] MOVE asha (gray0): 21→34 [0.2ms]
[2026-05-08 21:31:41] MOVE chetan (lawn green): 56→46 [0.1ms]
[2026-05-08 21:31:41] MOVE asha (gray0): 34→21 [0.1ms]
[2026-05-08 21:31:41] MOVE chetan (lawn green): 46→56 [0.1ms]
[2026-05-08 21:31:42] MOVE asha (gray0): 21→34 [0.2ms]
[2026-05-08 21:31:42] MOVE chetan (lawn green): 56→46 [0.1ms]
[2026-05-08 21:31:42] MOVE asha (gray0): 34→21 [0.1ms]
[2026-05-08 21:31:42] MOVE chetan (lawn green): 46→56 [0.6ms]
[2026-05-08 21:31:42] MOVE asha (gray0): 21→34 [0.7ms]
[2026-05-08 21:31:43] MOVE chetan (lawn green): 56→46 [0.2ms]
[2026-05-08 21:31:43] MOVE asha (gray0): 34→21 [26.8ms]
[2026-05-08 21:31:43] MOVE chetan (lawn green): 46→56 [7.8ms]
[2026-05-08 21:31:44] MOVE asha (gray0): 21→34 [0.1ms]
[2026-05-08 21:31:44] MOVE chetan (lawn green): 56→46 [1.4ms]
[2026-05-08 21:31:44] MOVE asha (gray0): 34→21 [2.6ms]
[2026-05-08 21:31:44] MOVE chetan (lawn green): 46→56 [0.1ms]
[2026-05-08 21:31:44] MOVE asha (gray0): 21→34 [0.1ms]
[2026-05-08 21:31:45] MOVE chetan (lawn green): 56→46 [8.0ms]
[2026-05-08 21:31:45] MOVE asha (gray0): 34→21 [0.3ms]
[2026-05-08 21:31:45] MOVE chetan (lawn green): 46→56 [3.4ms]
[2026-05-08 21:31:45] MOVE asha (gray0): 21→34 [0.5ms]
[2026-05-08 21:31:45] MOVE chetan (lawn green): 56→46 [0.3ms]
[2026-05-08 21:31:46] MOVE asha (gray0): 34→21 [0.2ms]
[2026-05-08 21:31:46] MOVE chetan (lawn green): 46→56 [0.1ms]
[2026-05-08 21:31:46] MOVE asha (gray0): 21→34 [0.1ms]
[2026-05-08 21:31:46] MOVE chetan (lawn green): 56→46 [0.1ms]
[2026-05-08 21:31:46] MOVE asha (gray0): 34→21 [0.2ms]
[2026-05-08 21:31:46] MOVE chetan (lawn green): 46→56 [0.1ms]
[2026-05-08 21:31:46] MOVE asha (gray0): 21→34 [0.2ms]
[2026-05-08 21:31:47] MOVE chetan (lawn green): 56→46 [0.1ms]
[2026-05-08 21:31:47] MOVE asha (gray0): 34→21 [0.1ms]
[2026-05-08 21:31:47] MOVE chetan (lawn green): 46→56 [0.1ms]
[2026-05-08 21:31:47] MOVE asha (gray0): 21→34 [0.2ms]
[2026-05-08 21:31:47] MOVE chetan (lawn green): 56→46 [0.1ms]
[2026-05-08 21:31:47] MOVE asha (gray0): 34→21 [0.1ms]
[2026-05-08 21:31:48] MOVE chetan (lawn green): 46→56 [1.1ms]
[2026-05-08 21:31:48] MOVE asha (gray0): 21→34 [0.2ms]
[2026-05-08 21:31:48] MOVE chetan (lawn green): 56→46 [0.1ms]
[2026-05-08 21:31:48] MOVE asha (gray0): 34→21 [0.1ms]
[2026-05-08 21:31:48] MOVE chetan (lawn green): 46→56 [0.1ms]
[2026-05-08 21:31:48] MOVE asha (gray0): 21→34 [0.1ms]
[2026-05-08 21:31:48] MOVE chetan (lawn green): 56→46 [0.2ms]
[2026-05-08 21:31:49] MOVE asha (gray0): 34→21 [0.1ms]
[2026-05-08 21:31:49] MOVE chetan (lawn green): 46→56 [0.1ms]
[2026-05-08 21:31:49] MOVE asha (gray0): 21→34 [0.1ms]
[2026-05-08 21:31:49] MOVE chetan (lawn green): 56→46 [0.1ms]
[2026-05-08 21:31:49] MOVE asha (gray0): 34→21 [0.1ms]
[2026-05-08 21:31:49] MOVE chetan (lawn green): 46→56 [0.2ms]
[2026-05-08 21:31:50] MOVE asha (gray0): 21→34 [11.5ms]
[2026-05-08 21:31:50] MOVE chetan (lawn green): 56→46 [0.1ms]
[2026-05-08 21:31:50] MOVE asha (gray0): 34→21 [0.1ms]
[2026-05-08 21:31:50] MOVE chetan (lawn green): 46→56 [0.1ms]
[2026-05-08 21:31:51] MOVE asha (gray0): 21→34 [0.1ms]
[2026-05-08 21:31:51] MOVE chetan (lawn green): 56→46 [0.1ms]
[2026-05-08 21:31:51] MOVE asha (gray0): 34→21 [0.2ms]
[2026-05-08 21:31:51] MOVE chetan (lawn green): 46→56 [0.2ms]
[2026-05-08 21:31:51] MOVE asha (gray0): 21→34 [0.2ms]
[2026-05-08 21:31:51] MOVE chetan (lawn green): 56→46 [0.1ms]
[2026-05-08 21:31:51] MOVE asha (gray0): 34→21 [0.1ms]
[2026-05-08 21:31:52] MOVE chetan (lawn green): 46→56 [0.2ms]
[2026-05-08 21:31:52] MOVE asha (gray0): 21→34 [0.2ms]
[2026-05-08 21:31:52] MOVE chetan (lawn green): 56→46 [0.1ms]
[2026-05-08 21:31:52] MOVE asha (gray0): 34→21 [2.9ms]
[2026-05-08 21:31:52] MOVE chetan (lawn green): 46→56 [0.1ms]
[2026-05-08 21:31:52] MOVE asha (gray0): 21→34 [0.1ms]
[2026-05-08 21:31:53] MOVE chetan (lawn green): 56→46 [0.1ms]
[2026-05-08 21:31:53] MOVE asha (gray0): 34→21 [0.1ms]
[2026-05-08 21:31:53] MOVE chetan (lawn green): 46→56 [0.1ms]
[2026-05-08 21:31:53] MOVE asha (gray0): 21→34 [0.1ms]
[2026-05-08 21:31:53] MOVE chetan (lawn green): 56→46 [0.1ms]
[2026-05-08 21:31:53] MOVE asha (gray0): 34→21 [0.1ms]
[2026-05-08 21:31:54] MOVE chetan (lawn green): 46→56 [0.1ms]
[2026-05-08 21:31:54] MOVE asha (gray0): 21→34 [0.1ms]
[2026-05-08 21:31:54] MOVE chetan (lawn green): 56→46 [0.1ms]
[2026-05-08 21:31:54] MOVE asha (gray0): 34→21 [0.1ms]
[2026-05-08 21:31:54] MOVE chetan (lawn green): 46→56 [0.1ms]
[2026-05-08 21:31:54] MOVE asha (gray0): 21→34 [0.1ms]
[2026-05-08 21:31:55] MOVE chetan (lawn green): 56→46 [0.1ms]
[2026-05-08 21:31:55] MOVE asha (gray0): 34→21 [0.1ms]
[2026-05-08 21:31:55] MOVE chetan (lawn green): 46→56 [0.2ms]
[2026-05-08 21:31:55] MOVE asha (gray0): 21→34 [0.2ms]
[2026-05-08 21:31:55] MOVE chetan (lawn green): 56→46 [0.2ms]
[2026-05-08 21:31:55] MOVE asha (gray0): 34→21 [0.1ms]
[2026-05-08 21:31:55] MOVE chetan (lawn green): 46→56 [0.2ms]
[2026-05-08 21:31:56] MOVE asha (gray0): 21→34 [0.1ms]
[2026-05-08 21:31:56] MOVE chetan (lawn green): 56→46 [0.6ms]
[2026-05-08 21:31:56] MOVE asha (gray0): 34→21 [0.1ms]
[2026-05-08 21:31:56] MOVE chetan (lawn green): 46→56 [0.2ms]
[2026-05-08 21:31:56] MOVE asha (gray0): 21→34 [0.1ms]
[2026-05-08 21:31:57] MOVE chetan (lawn green): 56→46 [0.1ms]
[2026-05-08 21:31:57] MOVE asha (gray0): 34→21 [0.1ms]
[2026-05-08 21:31:57] MOVE chetan (lawn green): 46→56 [0.1ms]
[2026-05-08 21:31:57] MOVE asha (gray0): 21→34 [0.1ms]
[2026-05-08 21:31:57] MOVE chetan (lawn green): 56→46 [0.1ms]
[2026-05-08 21:31:57] MOVE asha (gray0): 34→21 [0.1ms]
[2026-05-08 21:31:57] MOVE chetan (lawn green): 46→56 [0.1ms]
[2026-05-08 21:31:58] MOVE asha (gray0): 21→34 [0.1ms]
[2026-05-08 21:31:58] MOVE chetan (lawn green): 56→46 [0.1ms]
[2026-05-08 21:31:58] MOVE asha (gray0): 34→21 [0.1ms]
[2026-05-08 21:31:58] MOVE chetan (lawn green): 46→56 [0.1ms]
[2026-05-08 21:31:58] MOVE asha (gray0): 21→34 [0.1ms]
[2026-05-08 21:31:58] MOVE chetan (lawn green): 56→46 [0.1ms]
[2026-05-08 21:31:59] MOVE asha (gray0): 34→21 [0.2ms]
[2026-05-08 21:31:59] MOVE chetan (lawn green): 46→56 [0.1ms]
[2026-05-08 21:31:59] MOVE asha (gray0): 21→34 [0.1ms]
[2026-05-08 21:31:59] MOVE chetan (lawn green): 56→46 [0.1ms]
[2026-05-08 21:31:59] MOVE asha (gray0): 34→21 [0.2ms]
[2026-05-08 21:31:59] MOVE chetan (lawn green): 46→56 [1.0ms]
[2026-05-08 21:32:00] MOVE asha (gray0): 21→34 [0.2ms]
[2026-05-08 21:32:00] MOVE chetan (lawn green): 56→46 [0.1ms]
[2026-05-08 21:32:00] MOVE asha (gray0): 34→21 [0.3ms]
[2026-05-08 21:32:00] MOVE chetan (lawn green): 46→56 [0.1ms]
[2026-05-08 21:32:00] MOVE asha (gray0): 21→34 [0.1ms]
[2026-05-08 21:32:00] MOVE chetan (lawn green): 56→46 [0.1ms]
[2026-05-08 21:32:01] MOVE asha (gray0): 34→21 [0.2ms]
[2026-05-08 21:32:01] MOVE chetan (lawn green): 46→56 [0.1ms]
[2026-05-08 21:32:01] MOVE asha (gray0): 21→34 [0.1ms]
[2026-05-08 21:32:01] MOVE chetan (lawn green): 56→46 [0.1ms]
[2026-05-08 21:32:01] MOVE asha (gray0): 34→21 [0.1ms]
[2026-05-08 21:32:01] MOVE chetan (lawn green): 46→56 [0.1ms]
[2026-05-08 21:32:02] MOVE asha (gray0): 21→34 [0.1ms]
[2026-05-08 21:32:02] MOVE chetan (lawn green): 56→46 [0.1ms]
[2026-05-08 21:32:02] MOVE asha (gray0): 34→21 [0.1ms]
[2026-05-08 21:32:02] MOVE chetan (lawn green): 46→56 [0.1ms]
[2026-05-08 21:32:02] MOVE asha (gray0): 21→34 [0.1ms]
[2026-05-08 21:32:02] MOVE chetan (lawn green): 56→46 [0.1ms]
[2026-05-08 21:32:02] MOVE asha (gray0): 34→21 [0.1ms]
[2026-05-08 21:32:03] MOVE chetan (lawn green): 46→56 [0.1ms]
[2026-05-08 21:32:03] MOVE asha (gray0): 21→34 [0.1ms]
[2026-05-08 21:32:03] MOVE chetan (lawn green): 56→46 [0.1ms]
[2026-05-08 21:32:03] MOVE asha (gray0): 34→21 [0.1ms]
[2026-05-08 21:32:03] MOVE chetan (lawn green): 46→56 [0.2ms]
[2026-05-08 21:32:03] MOVE asha (gray0): 21→34 [0.1ms]
[2026-05-08 21:32:04] MOVE chetan (lawn green): 56→46 [0.1ms]
[2026-05-08 21:32:04] MOVE asha (gray0): 34→21 [0.1ms]
[2026-05-08 21:32:04] MOVE chetan (lawn green): 46→56 [0.1ms]
[2026-05-08 21:32:04] MOVE asha (gray0): 21→34 [0.1ms]
[2026-05-08 21:32:04] MOVE chetan (lawn green): 56→46 [0.1ms]
[2026-05-08 21:32:04] MOVE asha (gray0): 34→21 [0.1ms]
[2026-05-08 21:32:05] MOVE chetan (lawn green): 46→56 [0.4ms]
[2026-05-08 21:32:05] MOVE asha (gray0): 21→34 [1.2ms]
[2026-05-08 21:32:05] MOVE chetan (lawn green): 56→46 [0.1ms]
[2026-05-08 21:32:05] MOVE asha (gray0): 34→21 [0.1ms]
[2026-05-08 21:32:06] MOVE chetan (lawn green): 46→56 [0.1ms]
[2026-05-08 21:32:06] MOVE asha (gray0): 21→34 [0.1ms]
[2026-05-08 21:32:06] MOVE chetan (lawn green): 56→46 [0.1ms]
[2026-05-08 21:32:06] MOVE asha (gray0): 34→21 [0.1ms]
[2026-05-08 21:32:06] MOVE chetan (lawn green): 46→56 [0.1ms]
[2026-05-08 21:32:06] MOVE asha (gray0): 21→34 [0.1ms]
[2026-05-08 21:32:07] MOVE chetan (lawn green): 56→46 [0.1ms]
[2026-05-08 21:32:07] MOVE asha (gray0): 34→21 [0.1ms]
[2026-05-08 21:32:07] MOVE chetan (lawn green): 46→56 [0.1ms]
[2026-05-08 21:32:07] MOVE asha (gray0): 21→34 [0.2ms]
[2026-05-08 21:32:07] MOVE chetan (lawn green): 56→46 [0.1ms]
[2026-05-08 21:32:08] MOVE asha (gray0): 34→21 [0.2ms]
[2026-05-08 21:32:08] MOVE chetan (lawn green): 46→56 [0.1ms]
[2026-05-08 21:32:08] MOVE asha (gray0): 21→34 [0.1ms]
[2026-05-08 21:32:08] MOVE chetan (lawn green): 56→46 [0.1ms]
[2026-05-08 21:32:08] MOVE asha (gray0): 34→21 [0.1ms]
[2026-05-08 21:32:08] MOVE chetan (lawn green): 46→56 [0.1ms]
[2026-05-08 21:32:09] MOVE asha (gray0): 21→34 [0.1ms]
[2026-05-08 21:32:09] MOVE chetan (lawn green): 56→46 [0.1ms]
[2026-05-08 21:32:09] MOVE asha (gray0): 34→21 [0.1ms]
[2026-05-08 21:32:09] MOVE chetan (lawn green): 46→56 [0.1ms]
[2026-05-08 21:32:09] MOVE asha (gray0): 21→34 [0.1ms]
[2026-05-08 21:32:09] MOVE chetan (lawn green): 56→46 [0.1ms]
[2026-05-08 21:32:09] MOVE asha (gray0): 34→21 [0.1ms]
[2026-05-08 21:32:10] MOVE chetan (lawn green): 46→56 [0.1ms]
[2026-05-08 21:32:10] MOVE asha (gray0): 21→34 [0.3ms]
[2026-05-08 21:32:10] MOVE chetan (lawn green): 56→46 [0.1ms]
[2026-05-08 21:32:10] MOVE asha (gray0): 34→21 [1.8ms]
[2026-05-08 21:32:10] MOVE chetan (lawn green): 46→56 [0.1ms]
[2026-05-08 21:32:10] MOVE asha (gray0): 21→34 [0.1ms]
[2026-05-08 21:32:11] MOVE chetan (lawn green): 56→46 [46.4ms]
[2026-05-08 21:32:11] MOVE asha (gray0): 34→21 [22.4ms]
[2026-05-08 21:32:11] MOVE chetan (lawn green): 46→56 [3.9ms]
[2026-05-08 21:32:12] MOVE asha (gray0): 21→34 [0.1ms]
[2026-05-08 21:32:12] MOVE chetan (lawn green): 56→46 [0.3ms]
[2026-05-08 21:32:12] MOVE asha (gray0): 34→21 [0.1ms]
[2026-05-08 21:32:12] MOVE chetan (lawn green): 46→56 [0.1ms]
[2026-05-08 21:32:12] MOVE asha (gray0): 21→34 [0.3ms]
[2026-05-08 21:32:12] MOVE chetan (lawn green): 56→46 [0.1ms]
[2026-05-08 21:32:12] MOVE asha (gray0): 34→21 [0.1ms]
[2026-05-08 21:32:13] MOVE chetan (lawn green): 46→56 [0.1ms]
[2026-05-08 21:32:13] MOVE asha (gray0): 21→34 [0.3ms]
[2026-05-08 21:32:13] MOVE chetan (lawn green): 56→46 [0.2ms]
[2026-05-08 21:32:13] MOVE asha (gray0): 34→21 [0.1ms]
[2026-05-08 21:32:13] MOVE chetan (lawn green): 46→56 [0.2ms]
[2026-05-08 21:32:13] MOVE asha (gray0): 21→34 [0.1ms]
[2026-05-08 21:32:14] MOVE chetan (lawn green): 56→46 [0.2ms]
[2026-05-08 21:32:14] MOVE asha (gray0): 34→21 [0.1ms]
[2026-05-08 21:32:14] MOVE chetan (lawn green): 46→56 [0.2ms]
[2026-05-08 21:32:14] MOVE asha (gray0): 21→34 [0.3ms]
[2026-05-08 21:32:14] MOVE chetan (lawn green): 56→46 [0.1ms]
[2026-05-08 21:32:14] MOVE asha (gray0): 34→21 [10.4ms]
[2026-05-08 21:32:15] MOVE chetan (lawn green): 46→56 [0.1ms]
[2026-05-08 21:32:15] MOVE asha (gray0): 21→34 [0.1ms]
[2026-05-08 21:32:15] MOVE chetan (lawn green): 56→46 [0.1ms]
[2026-05-08 21:32:15] MOVE asha (gray0): 34→21 [0.1ms]
[2026-05-08 21:32:15] MOVE chetan (lawn green): 46→56 [0.1ms]
[2026-05-08 21:32:15] MOVE asha (gray0): 21→34 [0.1ms]
[2026-05-08 21:32:15] MOVE chetan (lawn green): 56→46 [0.1ms]
[2026-05-08 21:32:16] MOVE asha (gray0): 34→21 [0.1ms]
[2026-05-08 21:32:16] MOVE chetan (lawn green): 46→56 [60.6ms]
[2026-05-08 21:32:16] MOVE asha (gray0): 21→34 [1.2ms]
[2026-05-08 21:32:16] MOVE chetan (lawn green): 56→46 [0.5ms]
[2026-05-08 21:32:17] MOVE asha (gray0): 34→21 [0.3ms]
[2026-05-08 21:32:17] MOVE chetan (lawn green): 46→56 [0.1ms]
[2026-05-08 21:32:17] MOVE asha (gray0): 21→34 [0.1ms]
[2026-05-08 21:32:17] MOVE chetan (lawn green): 56→46 [1.9ms]
[2026-05-08 21:32:17] MOVE asha (gray0): 34→21 [0.1ms]
[2026-05-08 21:32:17] MOVE chetan (lawn green): 46→56 [0.2ms]
[2026-05-08 21:32:18] MOVE asha (gray0): 21→34 [0.3ms]
[2026-05-08 21:32:18] MOVE chetan (lawn green): 56→46 [0.2ms]
[2026-05-08 21:32:18] MOVE asha (gray0): 34→21 [0.2ms]
[2026-05-08 21:32:18] MOVE chetan (lawn green): 46→56 [0.2ms]
[2026-05-08 21:32:18] MOVE asha (gray0): 21→34 [0.2ms]
[2026-05-08 21:32:18] MOVE chetan (lawn green): 56→46 [0.1ms]
[2026-05-08 21:32:19] MOVE asha (gray0): 34→21 [2.8ms]
[2026-05-08 21:32:19] MOVE chetan (lawn green): 46→56 [0.1ms]
[2026-05-08 21:32:19] MOVE asha (gray0): 21→34 [0.8ms]
[2026-05-08 21:32:19] MOVE chetan (lawn green): 56→46 [0.1ms]
[2026-05-08 21:32:19] MOVE asha (gray0): 34→21 [0.1ms]
[2026-05-08 21:32:19] MOVE chetan (lawn green): 46→56 [0.1ms]
[2026-05-08 21:32:20] MOVE asha (gray0): 21→34 [0.1ms]
[2026-05-08 21:32:20] MOVE chetan (lawn green): 56→46 [0.1ms]
[2026-05-08 21:32:20] MOVE asha (gray0): 34→21 [0.1ms]
[2026-05-08 21:32:20] MOVE chetan (lawn green): 46→56 [0.1ms]
[2026-05-08 21:32:20] MOVE asha (gray0): 21→34 [0.1ms]
[2026-05-08 21:32:20] MOVE chetan (lawn green): 56→46 [0.1ms]
[2026-05-08 21:32:21] MOVE asha (gray0): 34→21 [0.1ms]
[2026-05-08 21:32:21] MOVE chetan (lawn green): 46→56 [0.1ms]
[2026-05-08 21:32:21] MOVE asha (gray0): 21→34 [0.1ms]
[2026-05-08 21:32:21] MOVE chetan (lawn green): 56→46 [0.1ms]
[2026-05-08 21:32:21] MOVE asha (gray0): 34→21 [0.3ms]
[2026-05-08 21:32:21] MOVE chetan (lawn green): 46→56 [1.0ms]
[2026-05-08 21:32:22] MOVE asha (gray0): 21→34 [0.1ms]
[2026-05-08 21:32:22] MOVE chetan (lawn green): 56→46 [0.1ms]
[2026-05-08 21:32:22] MOVE asha (gray0): 34→21 [0.1ms]
[2026-05-08 21:32:22] MOVE chetan (lawn green): 46→56 [0.1ms]
[2026-05-08 21:32:22] MOVE asha (gray0): 21→34 [0.1ms]
[2026-05-08 21:32:22] MOVE chetan (lawn green): 56→46 [0.1ms]
[2026-05-08 21:32:23] MOVE asha (gray0): 34→21 [0.1ms]
[2026-05-08 21:32:23] MOVE chetan (lawn green): 46→56 [0.1ms]
[2026-05-08 21:32:23] MOVE asha (gray0): 21→34 [0.1ms]
[2026-05-08 21:32:23] MOVE chetan (lawn green): 56→46 [0.1ms]
[2026-05-08 21:32:23] MOVE asha (gray0): 34→21 [0.1ms]
[2026-05-08 21:32:23] MOVE chetan (lawn green): 46→56 [0.1ms]
[2026-05-08 21:32:23] MOVE asha (gray0): 21→34 [0.1ms]
[2026-05-08 21:32:23] MOVE chetan (lawn green): 56→46 [0.1ms]
[2026-05-08 21:32:24] MOVE asha (gray0): 34→21 [0.1ms]
[2026-05-08 21:32:24] MOVE chetan (lawn green): 46→56 [0.2ms]
[2026-05-08 21:32:24] MOVE asha (gray0): 21→34 [0.1ms]
[2026-05-08 21:32:24] MOVE chetan (lawn green): 56→46 [0.2ms]
[2026-05-08 21:32:24] MOVE asha (gray0): 34→21 [0.1ms]
[2026-05-08 21:32:24] MOVE chetan (lawn green): 46→56 [0.1ms]
[2026-05-08 21:32:25] MOVE asha (gray0): 21→34 [0.1ms]
[2026-05-08 21:32:25] MOVE chetan (lawn green): 56→46 [0.6ms]
[2026-05-08 21:32:25] MOVE asha (gray0): 34→21 [0.1ms]
[2026-05-08 21:32:25] MOVE chetan (lawn green): 46→56 [0.2ms]
[2026-05-08 21:32:25] MOVE asha (gray0): 21→34 [0.1ms]
[2026-05-08 21:32:25] MOVE chetan (lawn green): 56→46 [0.2ms]
[2026-05-08 21:32:26] MOVE asha (gray0): 34→21 [0.1ms]
[2026-05-08 21:32:26] MOVE chetan (lawn green): 46→56 [0.1ms]
[2026-05-08 21:32:26] MOVE asha (gray0): 21→34 [0.1ms]
[2026-05-08 21:32:26] MOVE chetan (lawn green): 56→46 [0.1ms]
[2026-05-08 21:32:26] MOVE asha (gray0): 34→21 [0.1ms]
[2026-05-08 21:32:26] MOVE chetan (lawn green): 46→56 [0.1ms]
[2026-05-08 21:32:27] MOVE asha (gray0): 21→34 [0.1ms]
[2026-05-08 21:32:27] MOVE chetan (lawn green): 56→46 [0.1ms]
[2026-05-08 21:32:27] MOVE asha (gray0): 34→21 [0.1ms]
[2026-05-08 21:32:27] MOVE chetan (lawn green): 46→56 [0.1ms]
[2026-05-08 21:32:27] MOVE asha (gray0): 21→34 [0.1ms]
[2026-05-08 21:32:27] MOVE chetan (lawn green): 56→46 [0.1ms]
[2026-05-08 21:32:28] MOVE asha (gray0): 34→21 [0.2ms]
[2026-05-08 21:32:28] MOVE chetan (lawn green): 46→56 [0.1ms]
[2026-05-08 21:32:28] MOVE asha (gray0): 21→34 [0.2ms]
[2026-05-08 21:32:28] MOVE chetan (lawn green): 56→46 [0.3ms]
[2026-05-08 21:32:28] MOVE asha (gray0): 34→21 [0.1ms]
[2026-05-08 21:32:28] MOVE chetan (lawn green): 46→56 [0.2ms]
[2026-05-08 21:32:29] MOVE asha (gray0): 21→34 [0.1ms]
[2026-05-08 21:32:29] MOVE chetan (lawn green): 56→46 [0.1ms]
[2026-05-08 21:32:29] MOVE asha (gray0): 34→21 [0.2ms]
[2026-05-08 21:32:29] MOVE chetan (lawn green): 46→56 [0.1ms]
[2026-05-08 21:32:29] MOVE asha (gray0): 21→34 [0.2ms]
[2026-05-08 21:32:29] MOVE chetan (lawn green): 56→46 [0.2ms]
[2026-05-08 21:32:30] MOVE asha (gray0): 34→21 [0.1ms]
[2026-05-08 21:32:30] MOVE chetan (lawn green): 46→56 [0.1ms]
[2026-05-08 21:32:30] MOVE asha (gray0): 21→34 [0.1ms]
[2026-05-08 21:32:30] MOVE chetan (lawn green): 56→46 [0.1ms]
[2026-05-08 21:32:30] MOVE asha (gray0): 34→21 [0.1ms]
[2026-05-08 21:32:30] MOVE chetan (lawn green): 46→56 [0.1ms]
[2026-05-08 21:32:31] MOVE asha (gray0): 21→34 [0.1ms]
[2026-05-08 21:32:31] MOVE chetan (lawn green): 56→46 [0.1ms]
[2026-05-08 21:32:31] MOVE asha (gray0): 34→21 [0.9ms]
[2026-05-08 21:32:31] MOVE chetan (lawn green): 46→56 [0.1ms]
[2026-05-08 21:32:31] MOVE asha (gray0): 21→34 [0.2ms]
[2026-05-08 21:32:31] MOVE chetan (lawn green): 56→46 [0.1ms]
[2026-05-08 21:32:32] MOVE asha (gray0): 34→21 [0.1ms]
[2026-05-08 21:32:32] MOVE chetan (lawn green): 46→56 [0.1ms]
[2026-05-08 21:32:32] MOVE asha (gray0): 21→34 [0.2ms]
[2026-05-08 21:32:32] MOVE chetan (lawn green): 56→46 [0.1ms]
[2026-05-08 21:32:32] MOVE asha (gray0): 34→21 [0.1ms]
[2026-05-08 21:32:32] MOVE chetan (lawn green): 46→56 [0.1ms]
[2026-05-08 21:32:33] MOVE asha (gray0): 21→34 [0.1ms]
[2026-05-08 21:32:33] MOVE chetan (lawn green): 56→46 [0.2ms]
[2026-05-08 21:32:33] MOVE asha (gray0): 34→21 [0.1ms]
[2026-05-08 21:32:33] MOVE chetan (lawn green): 46→56 [0.1ms]
[2026-05-08 21:32:33] MOVE asha (gray0): 21→34 [0.1ms]
[2026-05-08 21:32:33] MOVE chetan (lawn green): 56→46 [0.1ms]
[2026-05-08 21:32:33] MOVE asha (gray0): 34→21 [0.1ms]
[2026-05-08 21:32:34] MOVE chetan (lawn green): 46→56 [0.6ms]
[2026-05-08 21:32:34] MOVE asha (gray0): 21→34 [0.1ms]
[2026-05-08 21:32:34] MOVE chetan (lawn green): 56→46 [0.1ms]
[2026-05-08 21:32:34] MOVE asha (gray0): 34→21 [0.1ms]
[2026-05-08 21:32:34] MOVE chetan (lawn green): 46→56 [0.1ms]
[2026-05-08 21:32:35] MOVE asha (gray0): 21→34 [0.1ms]
[2026-05-08 21:32:35] MOVE chetan (lawn green): 56→46 [0.1ms]
[2026-05-08 21:32:35] MOVE asha (gray0): 34→21 [0.1ms]
[2026-05-08 21:32:36] MOVE chetan (lawn green): 46→56 [0.1ms]
[2026-05-08 21:32:36] MOVE asha (gray0): 21→34 [0.1ms]
[2026-05-08 21:32:36] MOVE chetan (lawn green): 56→46 [0.1ms]
[2026-05-08 21:32:36] MOVE asha (gray0): 34→21 [0.1ms]
[2026-05-08 21:32:36] MOVE chetan (lawn green): 46→56 [0.1ms]
[2026-05-08 21:32:37] MOVE asha (gray0): 21→34 [0.3ms]
[2026-05-08 21:32:37] MOVE chetan (lawn green): 56→46 [41.9ms]
[2026-05-08 21:32:37] MOVE asha (gray0): 34→21 [0.4ms]
[2026-05-08 21:32:38] MOVE chetan (lawn green): 46→56 [0.9ms]
[2026-05-08 21:32:38] MOVE asha (gray0): 21→34 [0.1ms]
[2026-05-08 21:32:38] MOVE chetan (lawn green): 56→46 [0.1ms]
[2026-05-08 21:32:38] MOVE asha (gray0): 34→21 [13.5ms]
[2026-05-08 21:32:38] MOVE chetan (lawn green): 46→56 [0.1ms]
[2026-05-08 21:32:38] MOVE asha (gray0): 21→34 [0.1ms]
[2026-05-08 21:32:38] MOVE chetan (lawn green): 56→46 [0.1ms]
[2026-05-08 21:32:39] MOVE asha (gray0): 34→21 [0.1ms]
[2026-05-08 21:32:39] MOVE chetan (lawn green): 46→56 [0.1ms]
[2026-05-08 21:32:39] MOVE asha (gray0): 21→34 [0.1ms]
[2026-05-08 21:32:39] MOVE chetan (lawn green): 56→46 [0.1ms]
[2026-05-08 21:32:39] MOVE asha (gray0): 34→21 [0.1ms]
[2026-05-08 21:32:39] MOVE chetan (lawn green): 46→56 [0.1ms]
[2026-05-08 21:32:40] MOVE asha (gray0): 21→34 [0.1ms]
[2026-05-08 21:32:40] MOVE chetan (lawn green): 56→46 [0.1ms]
[2026-05-08 21:32:40] MOVE asha (gray0): 34→21 [0.1ms]
[2026-05-08 21:32:40] MOVE chetan (lawn green): 46→56 [0.1ms]
[2026-05-08 21:32:40] MOVE asha (gray0): 21→34 [0.1ms]
[2026-05-08 21:32:40] MOVE chetan (lawn green): 56→46 [0.8ms]
[2026-05-08 21:32:41] MOVE asha (gray0): 34→21 [0.1ms]
[2026-05-08 21:32:41] MOVE chetan (lawn green): 46→56 [0.1ms]
[2026-05-08 21:32:41] MOVE asha (gray0): 21→34 [0.1ms]
[2026-05-08 21:32:41] MOVE chetan (lawn green): 56→46 [0.1ms]
[2026-05-08 21:32:41] MOVE asha (gray0): 34→21 [0.1ms]
[2026-05-08 21:32:41] MOVE chetan (lawn green): 46→56 [0.1ms]
[2026-05-08 21:32:42] MOVE asha (gray0): 21→34 [0.1ms]
[2026-05-08 21:32:42] MOVE chetan (lawn green): 56→46 [0.3ms]
[2026-05-08 21:32:42] MOVE asha (gray0): 34→21 [20.3ms]
[2026-05-08 21:32:42] MOVE chetan (lawn green): 46→56 [0.3ms]
[2026-05-08 21:32:43] MOVE asha (gray0): 21→34 [1.2ms]
[2026-05-08 21:32:43] MOVE chetan (lawn green): 56→46 [0.1ms]
[2026-05-08 21:32:43] MOVE asha (gray0): 34→21 [0.2ms]
[2026-05-08 21:32:43] MOVE chetan (lawn green): 46→56 [9.0ms]
[2026-05-08 21:32:43] MOVE asha (gray0): 21→34 [0.1ms]
[2026-05-08 21:32:43] MOVE chetan (lawn green): 56→46 [0.1ms]
[2026-05-08 21:32:43] MOVE asha (gray0): 34→21 [0.1ms]
[2026-05-08 21:32:44] MOVE chetan (lawn green): 46→56 [0.1ms]
[2026-05-08 21:32:44] MOVE asha (gray0): 21→34 [0.1ms]
[2026-05-08 21:32:44] MOVE chetan (lawn green): 56→46 [0.1ms]
[2026-05-08 21:32:44] MOVE asha (gray0): 34→21 [0.2ms]
[2026-05-08 21:32:44] MOVE chetan (lawn green): 46→56 [0.3ms]
[2026-05-08 21:32:44] MOVE asha (gray0): 21→34 [0.1ms]
[2026-05-08 21:32:45] MOVE chetan (lawn green): 56→46 [2.4ms]
[2026-05-08 21:32:45] MOVE asha (gray0): 34→21 [0.1ms]
[2026-05-08 21:32:45] MOVE chetan (lawn green): 46→56 [0.1ms]
[2026-05-08 21:32:45] MOVE asha (gray0): 21→34 [0.1ms]
[2026-05-08 21:32:45] MOVE chetan (lawn green): 56→46 [0.1ms]
[2026-05-08 21:32:45] MOVE asha (gray0): 34→21 [0.1ms]
[2026-05-08 21:32:46] MOVE chetan (lawn green): 46→56 [0.2ms]
[2026-05-08 21:32:46] MOVE asha (gray0): 21→34 [0.1ms]
[2026-05-08 21:32:46] MOVE chetan (lawn green): 56→46 [0.2ms]
[2026-05-08 21:32:46] MOVE asha (gray0): 34→21 [0.1ms]
[2026-05-08 21:32:46] MOVE chetan (lawn green): 46→56 [0.1ms]
[2026-05-08 21:32:46] MOVE asha (gray0): 21→34 [0.1ms]
[2026-05-08 21:32:47] MOVE chetan (lawn green): 56→46 [0.1ms]
[2026-05-08 21:32:47] MOVE asha (gray0): 34→21 [0.1ms]
[2026-05-08 21:32:47] MOVE chetan (lawn green): 46→56 [0.2ms]
[2026-05-08 21:32:47] MOVE asha (gray0): 21→34 [0.1ms]
[2026-05-08 21:32:47] MOVE chetan (lawn green): 56→46 [0.1ms]
[2026-05-08 21:32:47] MOVE asha (gray0): 34→21 [0.1ms]
[2026-05-08 21:32:48] MOVE chetan (lawn green): 46→56 [0.1ms]
[2026-05-08 21:32:48] MOVE asha (gray0): 21→34 [0.1ms]
[2026-05-08 21:32:48] MOVE chetan (lawn green): 56→46 [0.1ms]
[2026-05-08 21:32:48] MOVE asha (gray0): 34→21 [0.1ms]
[2026-05-08 21:32:48] MOVE chetan (lawn green): 46→56 [0.1ms]
[2026-05-08 21:32:48] MOVE asha (gray0): 21→34 [0.1ms]
[2026-05-08 21:32:49] MOVE chetan (lawn green): 56→46 [0.1ms]
[2026-05-08 21:32:49] MOVE asha (gray0): 34→21 [0.3ms]
[2026-05-08 21:32:49] MOVE chetan (lawn green): 46→56 [0.2ms]
[2026-05-08 21:32:49] MOVE asha (gray0): 21→34 [0.1ms]
[2026-05-08 21:32:49] MOVE chetan (lawn green): 56→46 [0.1ms]
[2026-05-08 21:32:49] MOVE asha (gray0): 34→21 [0.1ms]
[2026-05-08 21:32:49] MOVE chetan (lawn green): 46→56 [0.1ms]
[2026-05-08 21:32:50] MOVE asha (gray0): 21→34 [0.1ms]
[2026-05-08 21:32:50] MOVE chetan (lawn green): 56→46 [0.1ms]
[2026-05-08 21:32:50] MOVE asha (gray0): 34→21 [0.1ms]
[2026-05-08 21:32:50] MOVE chetan (lawn green): 46→56 [0.1ms]
[2026-05-08 21:32:50] MOVE asha (gray0): 21→34 [0.1ms]
[2026-05-08 21:32:50] MOVE chetan (lawn green): 56→46 [0.1ms]
[2026-05-08 21:32:51] MOVE asha (gray0): 34→21 [0.1ms]
[2026-05-08 21:32:51] MOVE chetan (lawn green): 46→56 [0.1ms]
[2026-05-08 21:32:51] MOVE asha (gray0): 21→34 [0.1ms]
[2026-05-08 21:32:51] MOVE chetan (lawn green): 56→46 [0.2ms]
[2026-05-08 21:32:51] MOVE asha (gray0): 34→21 [0.1ms]
[2026-05-08 21:32:51] MOVE chetan (lawn green): 46→56 [0.1ms]
[2026-05-08 21:32:52] MOVE asha (gray0): 21→34 [0.1ms]
[2026-05-08 21:32:52] MOVE chetan (lawn green): 56→46 [0.1ms]
[2026-05-08 21:32:52] MOVE asha (gray0): 34→21 [0.1ms]
[2026-05-08 21:32:52] MOVE chetan (lawn green): 46→56 [0.2ms]
[2026-05-08 21:32:52] MOVE asha (gray0): 21→34 [0.1ms]
[2026-05-08 21:32:52] MOVE chetan (lawn green): 56→46 [0.1ms]
[2026-05-08 21:32:52] MOVE asha (gray0): 34→21 [0.2ms]
[2026-05-08 21:32:53] MOVE chetan (lawn green): 46→56 [2.9ms]
[2026-05-08 21:32:53] MOVE asha (gray0): 21→34 [0.4ms]
[2026-05-08 21:32:53] MOVE chetan (lawn green): 56→46 [0.1ms]
[2026-05-08 21:32:53] MOVE asha (gray0): 34→21 [0.1ms]
[2026-05-08 21:32:53] MOVE chetan (lawn green): 46→56 [0.1ms]
[2026-05-08 21:32:53] MOVE asha (gray0): 21→34 [0.1ms]
[2026-05-08 21:32:54] MOVE chetan (lawn green): 56→46 [0.1ms]
[2026-05-08 21:32:54] MOVE asha (gray0): 34→21 [0.1ms]
[2026-05-08 21:32:54] MOVE chetan (lawn green): 46→56 [0.4ms]
[2026-05-08 21:32:54] MOVE asha (gray0): 21→34 [0.1ms]
[2026-05-08 21:32:55] MOVE chetan (lawn green): 56→46 [0.1ms]
[2026-05-08 21:32:55] MOVE asha (gray0): 34→21 [0.2ms]
[2026-05-08 21:32:55] MOVE chetan (lawn green): 46→56 [0.1ms]
[2026-05-08 21:32:55] MOVE asha (gray0): 21→34 [0.1ms]
[2026-05-08 21:32:56] MOVE chetan (lawn green): 56→46 [0.2ms]
[2026-05-08 21:32:56] MOVE asha (gray0): 34→21 [0.2ms]
[2026-05-08 21:32:56] MOVE chetan (lawn green): 46→56 [0.2ms]
[2026-05-08 21:32:57] MOVE asha (gray0): 21→34 [0.1ms]
[2026-05-08 21:32:57] MOVE chetan (lawn green): 56→46 [0.1ms]
[2026-05-08 21:32:57] MOVE asha (gray0): 34→21 [0.1ms]
[2026-05-08 21:32:57] MOVE chetan (lawn green): 46→56 [0.1ms]
[2026-05-08 21:32:57] MOVE asha (gray0): 21→34 [0.1ms]
[2026-05-08 21:32:57] MOVE chetan (lawn green): 56→46 [0.1ms]
[2026-05-08 21:32:57] MOVE asha (gray0): 34→21 [0.1ms]
[2026-05-08 21:32:58] MOVE chetan (lawn green): 46→56 [0.1ms]
[2026-05-08 21:32:58] MOVE asha (gray0): 21→34 [0.1ms]
[2026-05-08 21:32:58] MOVE chetan (lawn green): 56→46 [0.2ms]
[2026-05-08 21:32:58] MOVE asha (gray0): 34→21 [0.1ms]
[2026-05-08 21:32:58] MOVE chetan (lawn green): 46→56 [2.6ms]
[2026-05-08 21:32:59] MOVE asha (gray0): 21→34 [3.8ms]
[2026-05-08 21:32:59] MOVE chetan (lawn green): 56→46 [0.6ms]
[2026-05-08 21:32:59] MOVE asha (gray0): 34→21 [0.1ms]
[2026-05-08 21:32:59] MOVE chetan (lawn green): 46→56 [0.5ms]
[2026-05-08 21:32:59] MOVE asha (gray0): 21→34 [0.1ms]
[2026-05-08 21:33:00] MOVE chetan (lawn green): 56→46 [2.4ms]
[2026-05-08 21:33:00] MOVE asha (gray0): 34→21 [0.1ms]
[2026-05-08 21:33:00] MOVE chetan (lawn green): 46→56 [0.1ms]
[2026-05-08 21:33:00] MOVE asha (gray0): 21→34 [0.1ms]
[2026-05-08 21:33:00] MOVE chetan (lawn green): 56→46 [0.1ms]
[2026-05-08 21:33:00] MOVE asha (gray0): 34→21 [0.1ms]
[2026-05-08 21:33:00] MOVE chetan (lawn green): 46→56 [0.2ms]
[2026-05-08 21:33:00] MOVE asha (gray0): 21→34 [0.3ms]
[2026-05-08 21:33:01] MOVE chetan (lawn green): 56→46 [0.1ms]
[2026-05-08 21:33:01] MOVE asha (gray0): 34→21 [0.1ms]
[2026-05-08 21:33:01] MOVE chetan (lawn green): 46→56 [0.1ms]
[2026-05-08 21:33:01] MOVE asha (gray0): 21→34 [0.1ms]
[2026-05-08 21:33:01] MOVE chetan (lawn green): 56→46 [0.1ms]
[2026-05-08 21:33:01] MOVE asha (gray0): 34→21 [0.1ms]
[2026-05-08 21:33:02] MOVE chetan (lawn green): 46→56 [0.1ms]
[2026-05-08 21:33:02] MOVE asha (gray0): 21→34 [0.1ms]
[2026-05-08 21:33:02] MOVE chetan (lawn green): 56→46 [0.1ms]
[2026-05-08 21:33:02] MOVE asha (gray0): 34→21 [0.1ms]
[2026-05-08 21:33:02] MOVE chetan (lawn green): 46→56 [0.2ms]
[2026-05-08 21:33:02] MOVE asha (gray0): 21→34 [0.1ms]
[2026-05-08 21:33:03] MOVE chetan (lawn green): 56→46 [0.1ms]
[2026-05-08 21:33:03] MOVE asha (gray0): 34→21 [0.1ms]
[2026-05-08 21:33:03] MOVE chetan (lawn green): 46→56 [0.1ms]
[2026-05-08 21:33:03] MOVE asha (gray0): 21→34 [0.1ms]
[2026-05-08 21:33:04] MOVE chetan (lawn green): 56→46 [32.4ms]
[2026-05-08 21:33:04] MOVE asha (gray0): 34→21 [2.3ms]
[2026-05-08 21:33:04] MOVE chetan (lawn green): 46→56 [0.1ms]
[2026-05-08 21:33:04] MOVE asha (gray0): 21→34 [2.0ms]
[2026-05-08 21:33:04] MOVE chetan (lawn green): 56→46 [0.1ms]
[2026-05-08 21:33:05] MOVE asha (gray0): 34→21 [0.1ms]
[2026-05-08 21:33:05] MOVE chetan (lawn green): 46→56 [0.1ms]
[2026-05-08 21:33:05] MOVE asha (gray0): 21→34 [3.8ms]
[2026-05-08 21:33:05] MOVE chetan (lawn green): 56→46 [0.1ms]
[2026-05-08 21:33:05] MOVE asha (gray0): 34→21 [0.1ms]
[2026-05-08 21:33:05] MOVE chetan (lawn green): 46→56 [0.1ms]
[2026-05-08 21:33:05] MOVE asha (gray0): 21→34 [0.1ms]
[2026-05-08 21:33:06] MOVE chetan (lawn green): 56→46 [0.9ms]
[2026-05-08 21:33:06] MOVE asha (gray0): 34→21 [0.1ms]
[2026-05-08 21:33:06] MOVE chetan (lawn green): 46→56 [0.1ms]
[2026-05-08 21:33:06] MOVE asha (gray0): 21→34 [0.1ms]
[2026-05-08 21:33:06] MOVE chetan (lawn green): 56→46 [0.4ms]
[2026-05-08 21:33:06] MOVE asha (gray0): 34→21 [0.1ms]
[2026-05-08 21:33:07] MOVE chetan (lawn green): 46→56 [0.1ms]
[2026-05-08 21:33:07] MOVE asha (gray0): 21→34 [0.1ms]
[2026-05-08 21:33:07] MOVE chetan (lawn green): 56→46 [0.1ms]
[2026-05-08 21:33:07] MOVE asha (gray0): 34→21 [0.1ms]
[2026-05-08 21:33:07] MOVE chetan (lawn green): 46→56 [0.1ms]
[2026-05-08 21:33:07] MOVE asha (gray0): 21→34 [0.1ms]
[2026-05-08 21:33:08] MOVE chetan (lawn green): 56→46 [0.1ms]
[2026-05-08 21:33:08] MOVE asha (gray0): 34→21 [0.1ms]
[2026-05-08 21:33:08] MOVE chetan (lawn green): 46→56 [0.1ms]
[2026-05-08 21:33:08] MOVE asha (gray0): 21→34 [0.1ms]
[2026-05-08 21:33:08] MOVE chetan (lawn green): 56→46 [7.1ms]
[2026-05-08 21:33:09] MOVE asha (gray0): 34→21 [0.8ms]
[2026-05-08 21:33:09] MOVE chetan (lawn green): 46→56 [0.2ms]
[2026-05-08 21:33:09] MOVE asha (gray0): 21→34 [0.1ms]
[2026-05-08 21:33:09] MOVE chetan (lawn green): 56→46 [0.6ms]
[2026-05-08 21:33:09] MOVE asha (gray0): 34→21 [5.7ms]
[2026-05-08 21:33:10] MOVE chetan (lawn green): 46→56 [0.1ms]
[2026-05-08 21:33:10] MOVE asha (gray0): 21→34 [0.1ms]
[2026-05-08 21:33:10] MOVE chetan (lawn green): 56→46 [0.1ms]
[2026-05-08 21:33:10] MOVE asha (gray0): 34→21 [5.9ms]
[2026-05-08 21:33:10] MOVE chetan (lawn green): 46→56 [0.2ms]
[2026-05-08 21:33:10] MOVE asha (gray0): 21→34 [0.2ms]
[2026-05-08 21:33:11] MOVE chetan (lawn green): 56→46 [0.3ms]
[2026-05-08 21:33:11] MOVE asha (gray0): 34→21 [0.2ms]
[2026-05-08 21:33:11] MOVE chetan (lawn green): 46→56 [0.1ms]
[2026-05-08 21:33:11] MOVE asha (gray0): 21→34 [1.2ms]
[2026-05-08 21:33:11] MOVE chetan (lawn green): 56→46 [0.2ms]
[2026-05-08 21:33:11] MOVE asha (gray0): 34→21 [0.1ms]
[2026-05-08 21:33:12] MOVE chetan (lawn green): 46→56 [0.1ms]
[2026-05-08 21:33:12] MOVE asha (gray0): 21→34 [0.1ms]
[2026-05-08 21:33:12] MOVE chetan (lawn green): 56→46 [0.1ms]
[2026-05-08 21:33:12] MOVE asha (gray0): 34→21 [0.1ms]
[2026-05-08 21:33:12] MOVE chetan (lawn green): 46→56 [0.1ms]
[2026-05-08 21:33:12] MOVE asha (gray0): 21→34 [0.1ms]
[2026-05-08 21:33:13] MOVE chetan (lawn green): 56→46 [0.1ms]
[2026-05-08 21:33:13] MOVE asha (gray0): 34→21 [0.1ms]
[2026-05-08 21:33:13] MOVE chetan (lawn green): 46→56 [0.1ms]
[2026-05-08 21:33:13] MOVE asha (gray0): 21→34 [0.1ms]
[2026-05-08 21:33:13] MOVE chetan (lawn green): 56→46 [0.1ms]
[2026-05-08 21:33:13] MOVE asha (gray0): 34→21 [0.1ms]
[2026-05-08 21:33:14] MOVE chetan (lawn green): 46→56 [0.1ms]
[2026-05-08 21:33:14] MOVE asha (gray0): 21→34 [0.1ms]
[2026-05-08 21:33:14] MOVE chetan (lawn green): 56→46 [0.1ms]
[2026-05-08 21:33:14] MOVE asha (gray0): 34→21 [0.2ms]
[2026-05-08 21:33:14] MOVE chetan (lawn green): 46→56 [0.1ms]
[2026-05-08 21:33:14] MOVE asha (gray0): 21→34 [0.1ms]
[2026-05-08 21:33:15] MOVE chetan (lawn green): 56→46 [0.1ms]
[2026-05-08 21:33:15] MOVE asha (gray0): 34→21 [0.1ms]
[2026-05-08 21:33:15] MOVE chetan (lawn green): 46→56 [0.1ms]
[2026-05-08 21:33:15] MOVE asha (gray0): 21→34 [0.1ms]
[2026-05-08 21:33:15] MOVE chetan (lawn green): 56→46 [1.2ms]
[2026-05-08 21:33:15] MOVE asha (gray0): 34→21 [0.1ms]
[2026-05-08 21:33:16] MOVE chetan (lawn green): 46→56 [0.1ms]
[2026-05-08 21:33:16] MOVE asha (gray0): 21→34 [0.1ms]
[2026-05-08 21:33:16] MOVE chetan (lawn green): 56→46 [0.1ms]
[2026-05-08 21:33:16] MOVE asha (gray0): 34→21 [0.1ms]
[2026-05-08 21:33:16] MOVE chetan (lawn green): 46→56 [0.1ms]
[2026-05-08 21:33:16] MOVE asha (gray0): 21→34 [0.1ms]
[2026-05-08 21:33:17] MOVE chetan (lawn green): 56→46 [0.2ms]
[2026-05-08 21:33:17] MOVE asha (gray0): 34→21 [0.1ms]
[2026-05-08 21:33:17] MOVE chetan (lawn green): 46→56 [0.1ms]
[2026-05-08 21:33:17] MOVE asha (gray0): 21→34 [0.1ms]
[2026-05-08 21:33:17] MOVE chetan (lawn green): 56→46 [0.1ms]
[2026-05-08 21:33:17] MOVE asha (gray0): 34→21 [0.1ms]
[2026-05-08 21:33:17] MOVE chetan (lawn green): 46→56 [0.2ms]
[2026-05-08 21:33:18] MOVE asha (gray0): 21→34 [0.1ms]
[2026-05-08 21:33:18] MOVE chetan (lawn green): 56→46 [0.1ms]
[2026-05-08 21:33:18] MOVE asha (gray0): 34→21 [0.1ms]
[2026-05-08 21:33:18] MOVE chetan (lawn green): 46→56 [0.1ms]
[2026-05-08 21:33:18] MOVE asha (gray0): 21→34 [0.1ms]
[2026-05-08 21:33:18] MOVE chetan (lawn green): 56→46 [0.1ms]
[2026-05-08 21:33:19] MOVE asha (gray0): 34→21 [0.1ms]
[2026-05-08 21:33:19] MOVE chetan (lawn green): 46→56 [0.1ms]
[2026-05-08 21:33:19] MOVE asha (gray0): 21→34 [0.1ms]
[2026-05-08 21:33:19] MOVE chetan (lawn green): 56→46 [0.1ms]
[2026-05-08 21:33:19] MOVE asha (gray0): 34→21 [0.1ms]
[2026-05-08 21:33:19] MOVE chetan (lawn green): 46→56 [0.1ms]
[2026-05-08 21:33:20] MOVE asha (gray0): 21→34 [0.1ms]
[2026-05-08 21:33:20] MOVE chetan (lawn green): 56→46 [0.1ms]
[2026-05-08 21:33:20] MOVE asha (gray0): 34→21 [0.1ms]
[2026-05-08 21:33:20] MOVE chetan (lawn green): 46→56 [0.1ms]
[2026-05-08 21:33:20] MOVE asha (gray0): 21→34 [0.2ms]
[2026-05-08 21:33:20] MOVE chetan (lawn green): 56→46 [0.1ms]
[2026-05-08 21:33:21] MOVE asha (gray0): 34→21 [0.3ms]
[2026-05-08 21:33:24] MOVE chetan (lawn green): 46→56 [3.7ms]
[2026-05-08 21:33:24] MOVE asha (gray0): 21→34 [0.1ms]
[2026-05-08 21:33:24] MOVE chetan (lawn green): 56→46 [0.1ms]
[2026-05-08 21:33:24] MOVE asha (gray0): 34→21 [0.1ms]
[2026-05-08 21:33:24] MOVE chetan (lawn green): 46→56 [0.2ms]
[2026-05-08 21:33:24] MOVE asha (gray0): 21→34 [0.2ms]
[2026-05-08 21:33:24] MOVE chetan (lawn green): 56→46 [0.1ms]
[2026-05-08 21:33:25] MOVE asha (gray0): 34→21 [0.1ms]
[2026-05-08 21:33:25] MOVE chetan (lawn green): 46→56 [0.1ms]
[2026-05-08 21:33:25] MOVE asha (gray0): 21→34 [0.1ms]
[2026-05-08 21:33:25] MOVE chetan (lawn green): 56→46 [0.1ms]
[2026-05-08 21:33:25] MOVE asha (gray0): 34→21 [0.1ms]
[2026-05-08 21:33:25] MOVE chetan (lawn green): 46→56 [3.9ms]
[2026-05-08 21:33:26] MOVE asha (gray0): 21→34 [0.1ms]
[2026-05-08 21:33:26] MOVE chetan (lawn green): 56→46 [0.1ms]
[2026-05-08 21:33:26] MOVE asha (gray0): 34→21 [0.1ms]
[2026-05-08 21:33:26] MOVE chetan (lawn green): 46→56 [0.1ms]
[2026-05-08 21:33:26] MOVE asha (gray0): 21→34 [0.3ms]
[2026-05-08 21:33:26] MOVE chetan (lawn green): 56→46 [0.1ms]
[2026-05-08 21:33:27] MOVE asha (gray0): 34→21 [0.1ms]
[2026-05-08 21:33:27] MOVE chetan (lawn green): 46→56 [0.3ms]
[2026-05-08 21:33:27] MOVE asha (gray0): 21→34 [0.1ms]
[2026-05-08 21:33:27] MOVE chetan (lawn green): 56→46 [0.1ms]
[2026-05-08 21:33:27] MOVE asha (gray0): 34→21 [0.2ms]
[2026-05-08 21:33:27] MOVE chetan (lawn green): 46→56 [0.1ms]
[2026-05-08 21:33:28] MOVE asha (gray0): 21→34 [0.2ms]
[2026-05-08 21:33:28] MOVE chetan (lawn green): 56→46 [0.1ms]
[2026-05-08 21:33:28] MOVE asha (gray0): 34→21 [0.1ms]
[2026-05-08 21:33:28] MOVE chetan (lawn green): 46→56 [0.1ms]
[2026-05-08 22:13:06] SCORE chetan (lawn green): Final=998.0, Time=0.0, Moves(667)=0.0, Pins(8)=800.0, Dist=198.0
[2026-05-08 22:13:07] SCORE asha (gray0): Final=1099.0, Time=0.0, Moves(666)=0.0, Pins(9)=900.0, Dist=199.0
[2026-05-08 22:13:07] GAME TIME LIMIT REACHED.
[2026-05-08 22:13:07] SCORE chetan (lawn green): Final=998.0, Time=0.0, Moves(667)=0.0, Pins(8)=800.0, Dist=198.0
[2026-05-08 22:13:07] SCORE asha (gray0): Final=1099.0, Time=0.0, Moves(666)=0.0, Pins(9)=900.0, Dist=199.0
[2026-05-08 22:13:07] GAME TIME LIMIT REACHED.
[2026-05-08 22:13:07] SCORE chetan (lawn green): Final=998.0, Time=0.0, Moves(667)=0.0, Pins(8)=800.0, Dist=198.0
[2026-05-08 22:13:07] SCORE asha (gray0): Final=1099.0, Time=0.0, Moves(666)=0.0, Pins(9)=900.0, Dist=199.0
[2026-05-08 22:13:07] GAME TIME LIMIT REACHED.
