[2026-05-06 15:14:49] GAME CREATED
[2026-05-06 15:14:54] PLAYER JOINED: chetan as lawn green
[2026-05-06 15:15:00] PLAYER JOINED: asha as gray0
[2026-05-06 15:15:03] GAME STARTED — turn order: ['lawn green', 'gray0']
[2026-05-06 15:15:04] MOVE chetan (lawn green): 20→18 [0.1ms]
[2026-05-06 15:15:05] MOVE asha (gray0): 101→102 [0.1ms]
[2026-05-06 15:15:05] MOVE chetan (lawn green): 32→20 [1.1ms]
[2026-05-06 15:15:06] MOVE asha (gray0): 100→101 [0.2ms]
[2026-05-06 15:15:07] MOVE chetan (lawn green): 19→32 [0.1ms]
[2026-05-06 15:15:08] MOVE asha (gray0): 88→89 [0.1ms]
[2026-05-06 15:15:08] MOVE chetan (lawn green): 18→9 [0.2ms]
[2026-05-06 15:15:09] MOVE asha (gray0): 101→103 [0.1ms]
[2026-05-06 15:15:10] MOVE chetan (lawn green): 45→43 [0.1ms]
[2026-05-06 15:15:11] MOVE asha (gray0): 87→100 [0.2ms]
[2026-05-06 15:15:11] MOVE chetan (lawn green): 44→19 [0.3ms]
[2026-05-06 15:15:12] MOVE asha (gray0): 99→87 [0.1ms]
[2026-05-06 15:15:13] MOVE chetan (lawn green): 32→31 [0.1ms]
[2026-05-06 15:15:14] MOVE asha (gray0): 103→78 [0.1ms]
[2026-05-06 15:15:15] MOVE chetan (lawn green): 43→54 [0.2ms]
[2026-05-06 15:15:15] MOVE asha (gray0): 76→99 [0.1ms]
[2026-05-06 15:15:16] MOVE chetan (lawn green): 19→42 [0.1ms]
[2026-05-06 15:15:17] MOVE asha (gray0): 78→79 [0.1ms]
[2026-05-06 15:15:18] MOVE chetan (lawn green): 22→64 [0.2ms]
[2026-05-06 15:15:18] MOVE asha (gray0): 89→77 [0.1ms]
[2026-05-06 15:15:19] MOVE chetan (lawn green): 31→43 [0.1ms]
[2026-05-06 15:15:20] MOVE asha (gray0): 99→80 [0.2ms]
[2026-05-06 15:15:21] MOVE chetan (lawn green): 64→22 [0.1ms]
[2026-05-06 15:15:22] MOVE asha (gray0): 98→99 [0.2ms]
[2026-05-06 15:15:22] MOVE chetan (lawn green): 42→44 [0.1ms]
[2026-05-06 15:15:23] MOVE asha (gray0): 102→89 [0.1ms]
[2026-05-06 15:15:24] MOVE chetan (lawn green): 33→32 [0.1ms]
[2026-05-06 15:15:25] MOVE asha (gray0): 80→81 [0.2ms]
[2026-05-06 15:15:25] MOVE chetan (lawn green): 55→64 [0.1ms]
[2026-05-06 15:15:26] MOVE asha (gray0): 81→82 [0.5ms]
[2026-05-06 15:15:27] MOVE chetan (lawn green): 32→53 [0.1ms]
[2026-05-06 15:15:28] MOVE asha (gray0): 82→71 [0.1ms]
[2026-05-06 15:15:28] MOVE chetan (lawn green): 9→5 [0.2ms]
[2026-05-06 15:15:29] MOVE asha (gray0): 89→101 [0.3ms]
[2026-05-06 15:15:30] MOVE chetan (lawn green): 44→55 [0.1ms]
[2026-05-06 15:15:31] MOVE asha (gray0): 79→68 [0.1ms]
[2026-05-06 15:15:32] MOVE chetan (lawn green): 43→81 [0.3ms]
[2026-05-06 15:15:32] MOVE asha (gray0): 77→66 [0.2ms]
[2026-05-06 15:15:33] MOVE chetan (lawn green): 64→62 [0.1ms]
[2026-05-06 15:15:34] MOVE asha (gray0): 100→102 [0.1ms]
[2026-05-06 15:15:35] MOVE chetan (lawn green): 22→43 [0.2ms]
[2026-05-06 15:15:36] MOVE asha (gray0): 101→88 [0.1ms]
[2026-05-06 15:15:36] MOVE chetan (lawn green): 43→22 [0.1ms]
[2026-05-06 15:15:37] MOVE asha (gray0): 66→77 [0.1ms]
[2026-05-06 15:15:38] MOVE chetan (lawn green): 55→44 [0.1ms]
[2026-05-06 15:15:39] MOVE asha (gray0): 71→61 [0.1ms]
[2026-05-06 15:15:40] MOVE chetan (lawn green): 44→42 [0.1ms]
[2026-05-06 15:15:40] MOVE asha (gray0): 75→76 [0.1ms]
[2026-05-06 15:15:41] MOVE chetan (lawn green): 54→64 [0.1ms]
[2026-05-06 15:15:42] MOVE asha (gray0): 76→101 [0.1ms]
[2026-05-06 15:15:43] MOVE chetan (lawn green): 5→4 [0.1ms]
[2026-05-06 15:15:43] MOVE asha (gray0): 88→76 [0.1ms]
[2026-05-06 15:15:44] MOVE chetan (lawn green): 64→55 [0.1ms]
[2026-05-06 15:15:45] MOVE asha (gray0): 101→88 [0.1ms]
[2026-05-06 15:15:46] MOVE chetan (lawn green): 62→71 [0.1ms]
[2026-05-06 15:15:46] MOVE asha (gray0): 68→69 [0.1ms]
[2026-05-06 15:15:47] MOVE chetan (lawn green): 4→5 [0.1ms]
[2026-05-06 15:15:48] MOVE asha (gray0): 102→101 [0.3ms]
[2026-05-06 15:15:49] MOVE chetan (lawn green): 81→80 [0.1ms]
[2026-05-06 15:15:49] MOVE asha (gray0): 61→60 [0.1ms]
[2026-05-06 15:15:50] MOVE chetan (lawn green): 5→2 [0.1ms]
[2026-05-06 15:15:51] MOVE asha (gray0): 60→43 [0.2ms]
[2026-05-06 15:15:52] MOVE chetan (lawn green): 2→0 [0.1ms]
[2026-05-06 15:15:53] MOVE asha (gray0): 65→56 [0.2ms]
[2026-05-06 15:15:53] MOVE chetan (lawn green): 0→1 [0.1ms]
[2026-05-06 15:15:54] MOVE asha (gray0): 43→44 [0.1ms]
[2026-05-06 15:15:55] MOVE chetan (lawn green): 22→41 [0.3ms]
[2026-05-06 15:15:56] MOVE asha (gray0): 69→70 [0.1ms]
[2026-05-06 15:15:56] MOVE chetan (lawn green): 42→63 [0.1ms]
[2026-05-06 15:15:57] MOVE asha (gray0): 77→78 [0.2ms]
[2026-05-06 15:15:58] MOVE chetan (lawn green): 1→4 [0.1ms]
[2026-05-06 15:15:59] MOVE asha (gray0): 44→54 [0.1ms]
[2026-05-06 15:15:59] MOVE chetan (lawn green): 20→33 [0.1ms]
[2026-05-06 15:16:00] MOVE asha (gray0): 86→98 [0.1ms]
[2026-05-06 15:16:01] MOVE chetan (lawn green): 71→61 [0.1ms]
[2026-05-06 15:16:02] MOVE asha (gray0): 70→52 [0.1ms]
[2026-05-06 15:16:03] MOVE chetan (lawn green): 4→8 [0.1ms]
[2026-05-06 15:16:03] MOVE asha (gray0): 54→44 [0.1ms]
[2026-05-06 15:16:04] MOVE chetan (lawn green): 53→73 [0.2ms]
[2026-05-06 15:16:05] MOVE asha (gray0): 76→75 [0.1ms]
[2026-05-06 15:16:06] MOVE chetan (lawn green): 80→92 [0.1ms]
[2026-05-06 15:16:07] MOVE asha (gray0): 98→86 [0.1ms]
[2026-05-06 15:16:07] MOVE chetan (lawn green): 34→22 [0.1ms]
[2026-05-06 15:16:08] MOVE asha (gray0): 86→65 [0.1ms]
[2026-05-06 15:16:09] MOVE chetan (lawn green): 8→9 [0.2ms]
[2026-05-06 15:16:10] MOVE asha (gray0): 88→89 [0.1ms]
[2026-05-06 15:16:11] MOVE chetan (lawn green): 55→34 [0.1ms]
[2026-05-06 15:16:11] MOVE asha (gray0): 78→79 [0.2ms]
[2026-05-06 15:16:12] MOVE chetan (lawn green): 34→55 [0.1ms]
[2026-05-06 15:16:13] MOVE asha (gray0): 89→90 [0.1ms]
[2026-05-06 15:16:14] MOVE chetan (lawn green): 92→80 [0.1ms]
[2026-05-06 15:16:14] MOVE asha (gray0): 87→86 [0.2ms]
[2026-05-06 15:16:15] MOVE chetan (lawn green): 73→53 [0.1ms]
[2026-05-06 15:16:16] MOVE asha (gray0): 52→91 [0.2ms]
[2026-05-06 15:16:17] MOVE chetan (lawn green): 22→60 [0.1ms]
[2026-05-06 15:16:17] MOVE asha (gray0): 56→46 [0.1ms]
[2026-05-06 15:16:18] MOVE chetan (lawn green): 80→69 [0.1ms]
[2026-05-06 15:16:19] MOVE asha (gray0): 101→102 [0.2ms]
[2026-05-06 15:16:20] MOVE chetan (lawn green): 60→20 [0.1ms]
[2026-05-06 15:16:21] MOVE asha (gray0): 79→62 [0.2ms]
[2026-05-06 15:16:21] MOVE chetan (lawn green): 21→22 [0.1ms]
[2026-05-06 15:16:22] MOVE asha (gray0): 91→104 [0.1ms]
[2026-05-06 15:16:23] MOVE chetan (lawn green): 41→29 [0.1ms]
[2026-05-06 15:16:24] MOVE asha (gray0): 62→43 [0.1ms]
[2026-05-06 15:16:24] MOVE chetan (lawn green): 55→32 [0.1ms]
[2026-05-06 15:16:25] MOVE asha (gray0): 104→103 [0.1ms]
[2026-05-06 15:16:26] MOVE chetan (lawn green): 63→64 [0.2ms]
[2026-05-06 15:16:27] MOVE asha (gray0): 44→63 [0.2ms]
[2026-05-06 15:16:28] MOVE chetan (lawn green): 69→60 [0.1ms]
[2026-05-06 15:16:28] MOVE asha (gray0): 90→91 [0.1ms]
[2026-05-06 15:16:29] MOVE chetan (lawn green): 9→5 [0.2ms]
[2026-05-06 15:16:30] MOVE asha (gray0): 75→56 [0.2ms]
[2026-05-06 15:16:31] MOVE chetan (lawn green): 5→8 [0.1ms]
[2026-05-06 15:16:31] MOVE asha (gray0): 56→100 [0.1ms]
[2026-05-06 15:16:32] MOVE chetan (lawn green): 8→4 [0.2ms]
[2026-05-06 15:16:33] MOVE asha (gray0): 63→21 [0.1ms]
[2026-05-06 15:16:34] MOVE chetan (lawn green): 32→19 [0.1ms]
[2026-05-06 15:16:34] MOVE asha (gray0): 100→75 [0.1ms]
[2026-05-06 15:16:35] MOVE chetan (lawn green): 4→2 [0.1ms]
[2026-05-06 15:16:36] MOVE asha (gray0): 91→80 [0.2ms]
[2026-05-06 15:16:37] MOVE chetan (lawn green): 64→55 [0.1ms]
[2026-05-06 15:16:38] MOVE asha (gray0): 102→104 [0.1ms]
[2026-05-06 15:16:38] MOVE chetan (lawn green): 60→62 [0.1ms]
[2026-05-06 15:16:39] MOVE asha (gray0): 103→105 [0.1ms]
[2026-05-06 15:16:40] MOVE chetan (lawn green): 20→18 [0.2ms]
[2026-05-06 15:16:41] MOVE asha (gray0): 80→81 [0.1ms]
[2026-05-06 15:16:41] MOVE chetan (lawn green): 29→41 [0.1ms]
[2026-05-06 15:16:42] MOVE asha (gray0): 43→32 [0.1ms]
[2026-05-06 15:16:43] MOVE chetan (lawn green): 53→30 [0.1ms]
[2026-05-06 15:16:43] SCORE chetan (lawn green): Final=159.7, Time=49.2, Moves(65)=0.5, Pins(0)=0.0, Dist=110.0
[2026-05-06 15:16:43] SCORE asha (gray0): Final=379.8, Time=51.2, Moves(64)=0.6, Pins(2)=200.0, Dist=128.0
[2026-05-06 15:16:43] GAME TIME LIMIT REACHED.
[2026-05-06 15:16:43] SCORE chetan (lawn green): Final=159.7, Time=49.2, Moves(65)=0.5, Pins(0)=0.0, Dist=110.0
[2026-05-06 15:16:43] SCORE asha (gray0): Final=379.8, Time=51.2, Moves(64)=0.6, Pins(2)=200.0, Dist=128.0
[2026-05-06 15:16:43] GAME TIME LIMIT REACHED.
[2026-05-06 15:16:43] SCORE chetan (lawn green): Final=159.7, Time=49.2, Moves(65)=0.5, Pins(0)=0.0, Dist=110.0
[2026-05-06 15:16:43] SCORE asha (gray0): Final=379.8, Time=51.2, Moves(64)=0.6, Pins(2)=200.0, Dist=128.0
[2026-05-06 15:16:43] GAME TIME LIMIT REACHED.
