[2026-05-06 12:08:47] GAME CREATED
[2026-05-06 12:08:52] PLAYER JOINED: chetan as lawn green
[2026-05-06 12:08:56] PLAYER JOINED: asha as gray0
[2026-05-06 12:08:59] GAME STARTED — turn order: ['lawn green', 'gray0']
[2026-05-06 12:08:59] MOVE chetan (lawn green): 20→18 [0.9ms]
[2026-05-06 12:08:59] MOVE asha (gray0): 75→56 [0.1ms]
[2026-05-06 12:08:59] MOVE chetan (lawn green): 22→43 [0.1ms]
[2026-05-06 12:09:00] MOVE asha (gray0): 98→77 [0.1ms]
[2026-05-06 12:09:00] MOVE chetan (lawn green): 19→17 [3.7ms]
[2026-05-06 12:09:00] MOVE asha (gray0): 65→47 [0.2ms]
[2026-05-06 12:09:00] MOVE chetan (lawn green): 33→29 [0.5ms]
[2026-05-06 12:09:00] MOVE asha (gray0): 87→48 [0.1ms]
[2026-05-06 12:09:00] MOVE chetan (lawn green): 17→40 [0.1ms]
[2026-05-06 12:09:01] MOVE asha (gray0): 47→49 [0.5ms]
[2026-05-06 12:09:01] MOVE chetan (lawn green): 29→50 [0.1ms]
[2026-05-06 12:09:01] MOVE asha (gray0): 88→47 [0.1ms]
[2026-05-06 12:09:01] MOVE chetan (lawn green): 40→57 [0.1ms]
[2026-05-06 12:09:01] MOVE asha (gray0): 56→39 [0.1ms]
[2026-05-06 12:09:01] MOVE chetan (lawn green): 50→59 [0.1ms]
[2026-05-06 12:09:02] MOVE asha (gray0): 49→28 [0.2ms]
[2026-05-06 12:09:02] MOVE chetan (lawn green): 57→56 [0.1ms]
[2026-05-06 12:09:02] MOVE asha (gray0): 39→16 [0.1ms]
[2026-05-06 12:09:02] MOVE chetan (lawn green): 56→65 [0.1ms]
[2026-05-06 12:09:02] MOVE asha (gray0): 100→60 [0.1ms]
[2026-05-06 12:09:02] MOVE chetan (lawn green): 44→15 [0.1ms]
[2026-05-06 12:09:03] MOVE asha (gray0): 47→51 [0.1ms]
[2026-05-06 12:09:03] MOVE chetan (lawn green): 59→58 [0.3ms]
[2026-05-06 12:09:03] MOVE asha (gray0): 60→41 [0.1ms]
[2026-05-06 12:09:03] MOVE chetan (lawn green): 15→14 [0.1ms]
[2026-05-06 12:09:03] MOVE asha (gray0): 51→30 [0.1ms]
[2026-05-06 12:09:03] MOVE chetan (lawn green): 58→57 [0.2ms]
[2026-05-06 12:09:03] MOVE asha (gray0): 16→17 [0.1ms]
[2026-05-06 12:09:03] MOVE chetan (lawn green): 18→39 [0.1ms]
[2026-05-06 12:09:04] MOVE asha (gray0): 17→44 [0.1ms]
[2026-05-06 12:09:04] MOVE chetan (lawn green): 57→56 [0.1ms]
[2026-05-06 12:09:04] MOVE asha (gray0): 41→18 [0.1ms]
[2026-05-06 12:09:04] MOVE chetan (lawn green): 56→98 [0.1ms]
[2026-05-06 12:09:04] MOVE asha (gray0): 18→19 [0.1ms]
[2026-05-06 12:09:04] MOVE chetan (lawn green): 45→41 [0.1ms]
[2026-05-06 12:09:05] MOVE asha (gray0): 30→18 [0.1ms]
[2026-05-06 12:09:05] MOVE chetan (lawn green): 39→38 [0.1ms]
[2026-05-06 12:09:05] MOVE asha (gray0): 18→22 [0.1ms]
[2026-05-06 12:09:05] MOVE chetan (lawn green): 14→26 [11.4ms]
[2026-05-06 12:09:05] MOVE asha (gray0): 48→29 [0.1ms]
[2026-05-06 12:09:05] MOVE chetan (lawn green): 41→37 [0.1ms]
[2026-05-06 12:09:06] MOVE asha (gray0): 28→30 [0.1ms]
[2026-05-06 12:09:06] MOVE chetan (lawn green): 26→47 [0.1ms]
[2026-05-06 12:09:06] MOVE asha (gray0): 29→33 [0.1ms]
[2026-05-06 12:09:06] MOVE chetan (lawn green): 37→75 [0.1ms]
[2026-05-06 12:09:06] MOVE asha (gray0): 30→18 [0.1ms]
[2026-05-06 12:09:06] MOVE chetan (lawn green): 47→56 [0.1ms]
[2026-05-06 12:09:07] MOVE asha (gray0): 18→45 [0.1ms]
[2026-05-06 12:09:07] MOVE chetan (lawn green): 38→37 [0.1ms]
[2026-05-06 12:09:07] MOVE asha (gray0): 76→78 [0.1ms]
[2026-05-06 12:09:07] MOVE chetan (lawn green): 32→53 [0.1ms]
[2026-05-06 12:09:07] MOVE asha (gray0): 77→79 [0.1ms]
[2026-05-06 12:09:07] MOVE chetan (lawn green): 37→47 [0.1ms]
[2026-05-06 12:09:08] MOVE asha (gray0): 78→80 [0.7ms]
[2026-05-06 12:09:08] MOVE chetan (lawn green): 43→62 [0.1ms]
[2026-05-06 12:09:08] MOVE asha (gray0): 79→81 [0.1ms]
[2026-05-06 12:09:08] MOVE chetan (lawn green): 53→69 [0.1ms]
[2026-05-06 12:09:08] MOVE asha (gray0): 80→82 [0.1ms]
[2026-05-06 12:09:08] MOVE chetan (lawn green): 62→61 [0.1ms]
[2026-05-06 12:09:08] MOVE asha (gray0): 81→83 [0.2ms]
[2026-05-06 12:09:09] MOVE chetan (lawn green): 69→68 [0.1ms]
[2026-05-06 12:09:09] MOVE asha (gray0): 82→84 [0.1ms]
[2026-05-06 12:09:09] MOVE chetan (lawn green): 61→60 [0.1ms]
[2026-05-06 12:09:09] MOVE asha (gray0): 83→73 [0.1ms]
[2026-05-06 12:09:09] MOVE chetan (lawn green): 68→67 [0.1ms]
[2026-05-06 12:09:09] MOVE asha (gray0): 84→63 [0.1ms]
[2026-05-06 12:09:10] MOVE chetan (lawn green): 60→59 [0.1ms]
[2026-05-06 12:09:10] MOVE asha (gray0): 73→64 [0.1ms]
[2026-05-06 12:09:10] MOVE chetan (lawn green): 67→66 [0.1ms]
[2026-05-06 12:09:10] MOVE asha (gray0): 63→54 [0.1ms]
[2026-05-06 12:09:10] MOVE chetan (lawn green): 66→76 [0.1ms]
[2026-05-06 12:09:10] MOVE asha (gray0): 64→43 [0.1ms]
[2026-05-06 12:09:10] MOVE chetan (lawn green): 34→53 [0.1ms]
[2026-05-06 12:09:11] MOVE asha (gray0): 43→32 [0.1ms]
[2026-05-06 12:09:11] MOVE chetan (lawn green): 59→58 [0.1ms]
[2026-05-06 12:09:11] MOVE asha (gray0): 54→43 [9.3ms]
[2026-05-06 12:09:11] MOVE chetan (lawn green): 53→52 [0.1ms]
[2026-05-06 12:09:11] MOVE asha (gray0): 43→20 [0.1ms]
[2026-05-06 12:09:11] MOVE chetan (lawn green): 58→57 [0.1ms]
[2026-05-06 12:09:12] MOVE asha (gray0): 101→89 [0.1ms]
[2026-05-06 12:09:12] MOVE chetan (lawn green): 52→51 [0.4ms]
[2026-05-06 12:09:12] MOVE asha (gray0): 86→87 [0.1ms]
[2026-05-06 12:09:12] MOVE chetan (lawn green): 57→66 [0.1ms]
[2026-05-06 12:09:12] MOVE asha (gray0): 89→78 [0.1ms]
[2026-05-06 12:09:12] MOVE chetan (lawn green): 51→50 [12.4ms]
[2026-05-06 12:09:13] MOVE asha (gray0): 87→88 [0.1ms]
[2026-05-06 12:09:13] MOVE chetan (lawn green): 56→100 [0.1ms]
[2026-05-06 12:09:13] MOVE asha (gray0): 78→68 [0.1ms]
[2026-05-06 12:09:13] MOVE chetan (lawn green): 66→87 [0.1ms]
[2026-05-06 12:09:13] MOVE asha (gray0): 99→101 [0.1ms]
[2026-05-06 12:09:13] MOVE chetan (lawn green): 47→56 [0.1ms]
[2026-05-06 12:09:13] MOVE asha (gray0): 68→59 [0.1ms]
[2026-05-06 12:09:14] MOVE chetan (lawn green): 50→68 [0.1ms]
[2026-05-06 12:09:14] MOVE asha (gray0): 88→77 [0.1ms]
[2026-05-06 12:09:14] MOVE chetan (lawn green): 56→66 [0.3ms]
[2026-05-06 12:09:14] MOVE asha (gray0): 59→50 [0.1ms]
[2026-05-06 12:09:14] MOVE chetan (lawn green): 68→67 [0.1ms]
[2026-05-06 12:09:14] MOVE asha (gray0): 77→58 [0.1ms]
[2026-05-06 12:09:15] MOVE chetan (lawn green): 66→77 [0.1ms]
[2026-05-06 12:09:15] MOVE asha (gray0): 50→40 [0.1ms]
[2026-05-06 12:09:15] MOVE chetan (lawn green): 67→86 [0.1ms]
[2026-05-06 12:09:15] MOVE asha (gray0): 58→49 [0.1ms]
[2026-05-06 12:09:15] MOVE chetan (lawn green): 77→88 [0.1ms]
[2026-05-06 12:09:15] MOVE asha (gray0): 40→29 [0.1ms]
[2026-05-06 12:09:15] MOVE chetan (lawn green): 55→54 [0.1ms]
[2026-05-06 12:09:16] MOVE asha (gray0): 49→39 [0.1ms]
[2026-05-06 12:09:16] MOVE chetan (lawn green): 21→34 [0.1ms]
[2026-05-06 12:09:16] MOVE asha (gray0): 29→17 [0.1ms]
[2026-05-06 12:09:16] MOVE chetan (lawn green): 54→53 [0.1ms]
[2026-05-06 12:09:16] MOVE asha (gray0): 39→28 [0.1ms]
[2026-05-06 12:09:16] MOVE chetan (lawn green): 34→55 [0.3ms]
[2026-05-06 12:09:17] MOVE asha (gray0): 17→18 [0.1ms]
[2026-05-06 12:09:17] MOVE chetan (lawn green): 53→52 [0.1ms]
[2026-05-06 12:09:17] MOVE asha (gray0): 28→16 [0.1ms]
[2026-05-06 12:09:17] MOVE chetan (lawn green): 55→54 [0.1ms]
[2026-05-06 12:09:17] MOVE asha (gray0): 18→31 [0.1ms]
[2026-05-06 12:09:17] MOVE chetan (lawn green): 52→51 [0.1ms]
[2026-05-06 12:09:18] MOVE asha (gray0): 16→17 [0.1ms]
[2026-05-06 12:09:18] MOVE chetan (lawn green): 54→53 [0.1ms]
[2026-05-06 12:09:18] MOVE asha (gray0): 31→43 [0.1ms]
[2026-05-06 12:09:18] MOVE chetan (lawn green): 51→50 [0.1ms]
[2026-05-06 12:09:18] MOVE asha (gray0): 17→18 [0.1ms]
[2026-05-06 12:09:18] MOVE chetan (lawn green): 53→52 [0.3ms]
[2026-05-06 12:09:18] MOVE asha (gray0): 43→54 [0.1ms]
[2026-05-06 12:09:19] MOVE chetan (lawn green): 50→49 [0.1ms]
[2026-05-06 12:09:19] MOVE asha (gray0): 54→55 [0.1ms]
[2026-05-06 12:09:19] MOVE chetan (lawn green): 52→51 [0.3ms]
[2026-05-06 12:09:19] MOVE asha (gray0): 18→31 [0.1ms]
[2026-05-06 12:09:19] MOVE chetan (lawn green): 49→48 [0.1ms]
[2026-05-06 12:09:19] MOVE asha (gray0): 101→89 [0.1ms]
[2026-05-06 12:09:19] MOVE chetan (lawn green): 51→50 [0.1ms]
[2026-05-06 12:09:20] MOVE asha (gray0): 31→43 [0.1ms]
[2026-05-06 12:09:20] MOVE chetan (lawn green): 48→47 [0.1ms]
[2026-05-06 12:09:20] MOVE asha (gray0): 89→78 [0.1ms]
[2026-05-06 12:09:20] MOVE chetan (lawn green): 50→49 [0.1ms]
[2026-05-06 12:09:20] MOVE asha (gray0): 43→54 [0.1ms]
[2026-05-06 12:09:20] MOVE chetan (lawn green): 47→56 [0.1ms]
[2026-05-06 12:09:21] MOVE asha (gray0): 78→68 [0.1ms]
[2026-05-06 12:09:21] MOVE chetan (lawn green): 49→48 [0.1ms]
[2026-05-06 12:09:21] MOVE asha (gray0): 54→64 [0.1ms]
[2026-05-06 12:09:21] MOVE chetan (lawn green): 56→66 [0.1ms]
[2026-05-06 12:09:21] MOVE asha (gray0): 68→59 [0.1ms]
[2026-05-06 12:09:21] MOVE chetan (lawn green): 48→47 [0.1ms]
[2026-05-06 12:09:22] MOVE asha (gray0): 64→63 [0.4ms]
[2026-05-06 12:09:22] MOVE chetan (lawn green): 66→77 [0.1ms]
[2026-05-06 12:09:22] MOVE asha (gray0): 59→50 [0.1ms]
[2026-05-06 12:09:22] MOVE chetan (lawn green): 47→56 [0.1ms]
[2026-05-06 12:09:22] MOVE asha (gray0): 63→53 [0.1ms]
[2026-05-06 12:09:22] MOVE chetan (lawn green): 77→89 [0.1ms]
[2026-05-06 12:09:22] MOVE asha (gray0): 50→40 [0.1ms]
[2026-05-06 12:09:23] MOVE chetan (lawn green): 89→101 [0.1ms]
[2026-05-06 12:09:23] MOVE asha (gray0): 53→43 [0.1ms]
[2026-05-06 12:09:23] MOVE chetan (lawn green): 56→66 [0.1ms]
[2026-05-06 12:09:23] MOVE asha (gray0): 40→29 [0.1ms]
[2026-05-06 12:09:23] MOVE chetan (lawn green): 66→77 [0.1ms]
[2026-05-06 12:09:23] MOVE asha (gray0): 43→31 [0.1ms]
[2026-05-06 12:09:24] MOVE chetan (lawn green): 77→89 [0.1ms]
[2026-05-06 12:09:24] MOVE asha (gray0): 29→17 [0.7ms]
[2026-05-06 12:09:24] MOVE chetan (lawn green): 89→102 [0.1ms]
[2026-05-06 12:09:24] MOVE asha (gray0): 31→18 [0.1ms]
[2026-05-06 12:09:24] MOVE chetan (lawn green): 102→90 [0.1ms]
[2026-05-06 12:09:24] MOVE asha (gray0): 17→9 [0.1ms]
[2026-05-06 12:09:24] MOVE chetan (lawn green): 90→78 [0.1ms]
[2026-05-06 12:09:25] MOVE asha (gray0): 18→17 [0.1ms]
[2026-05-06 12:09:25] MOVE chetan (lawn green): 78→67 [0.1ms]
[2026-05-06 12:09:25] MOVE asha (gray0): 9→18 [0.1ms]
[2026-05-06 12:09:25] MOVE chetan (lawn green): 67→57 [0.1ms]
[2026-05-06 12:09:25] MOVE asha (gray0): 17→9 [0.1ms]
[2026-05-06 12:09:25] MOVE chetan (lawn green): 57→56 [0.1ms]
[2026-05-06 12:09:26] MOVE asha (gray0): 18→31 [0.1ms]
[2026-05-06 12:09:26] MOVE chetan (lawn green): 56→66 [0.1ms]
[2026-05-06 12:09:26] MOVE asha (gray0): 9→18 [0.1ms]
[2026-05-06 12:09:26] MOVE chetan (lawn green): 66→77 [0.1ms]
[2026-05-06 12:09:26] MOVE asha (gray0): 31→43 [0.1ms]
[2026-05-06 12:09:26] MOVE chetan (lawn green): 77→89 [0.1ms]
[2026-05-06 12:09:27] MOVE asha (gray0): 18→31 [0.1ms]
[2026-05-06 12:09:27] MOVE chetan (lawn green): 89→102 [0.1ms]
[2026-05-06 12:09:27] MOVE asha (gray0): 43→54 [0.1ms]
[2026-05-06 12:09:27] MOVE chetan (lawn green): 102→90 [0.1ms]
[2026-05-06 12:09:27] MOVE asha (gray0): 31→43 [0.2ms]
[2026-05-06 12:09:27] MOVE chetan (lawn green): 90→78 [0.1ms]
[2026-05-06 12:09:27] MOVE asha (gray0): 54→64 [0.1ms]
[2026-05-06 12:09:28] MOVE chetan (lawn green): 78→67 [0.1ms]
[2026-05-06 12:09:28] MOVE asha (gray0): 43→54 [0.1ms]
[2026-05-06 12:09:28] MOVE chetan (lawn green): 67→57 [0.1ms]
[2026-05-06 12:09:28] MOVE asha (gray0): 64→63 [0.1ms]
[2026-05-06 12:09:28] MOVE chetan (lawn green): 57→56 [0.1ms]
[2026-05-06 12:09:28] MOVE asha (gray0): 54→64 [0.1ms]
[2026-05-06 12:09:28] MOVE chetan (lawn green): 56→66 [0.1ms]
[2026-05-06 12:09:29] MOVE asha (gray0): 63→53 [0.1ms]
[2026-05-06 12:09:29] MOVE chetan (lawn green): 66→77 [0.1ms]
[2026-05-06 12:09:29] MOVE asha (gray0): 64→63 [0.1ms]
[2026-05-06 12:09:29] MOVE chetan (lawn green): 77→89 [0.1ms]
[2026-05-06 12:09:29] MOVE asha (gray0): 53→43 [0.1ms]
[2026-05-06 12:09:29] MOVE chetan (lawn green): 89→102 [0.1ms]
[2026-05-06 12:09:30] MOVE asha (gray0): 63→53 [0.1ms]
[2026-05-06 12:09:30] MOVE chetan (lawn green): 102→90 [0.1ms]
[2026-05-06 12:09:30] MOVE asha (gray0): 43→31 [0.1ms]
[2026-05-06 12:09:30] MOVE chetan (lawn green): 90→78 [0.1ms]
[2026-05-06 12:09:30] MOVE asha (gray0): 53→43 [0.1ms]
[2026-05-06 12:09:30] MOVE chetan (lawn green): 78→67 [0.1ms]
[2026-05-06 12:09:31] MOVE asha (gray0): 31→54 [0.1ms]
[2026-05-06 12:09:31] MOVE chetan (lawn green): 67→57 [0.1ms]
[2026-05-06 12:09:31] MOVE asha (gray0): 43→31 [0.1ms]
[2026-05-06 12:09:31] MOVE chetan (lawn green): 57→56 [0.1ms]
[2026-05-06 12:09:31] MOVE asha (gray0): 54→64 [0.1ms]
[2026-05-06 12:09:31] MOVE chetan (lawn green): 56→66 [0.1ms]
[2026-05-06 12:09:31] MOVE asha (gray0): 31→18 [0.1ms]
[2026-05-06 12:09:32] MOVE chetan (lawn green): 66→77 [0.1ms]
[2026-05-06 12:09:32] MOVE asha (gray0): 64→63 [0.1ms]
[2026-05-06 12:09:32] MOVE chetan (lawn green): 77→89 [0.1ms]
[2026-05-06 12:09:32] MOVE asha (gray0): 18→9 [0.1ms]
[2026-05-06 12:09:32] MOVE chetan (lawn green): 89→102 [0.1ms]
[2026-05-06 12:09:32] MOVE asha (gray0): 63→53 [0.1ms]
[2026-05-06 12:09:32] MOVE chetan (lawn green): 102→90 [0.1ms]
[2026-05-06 12:09:33] MOVE asha (gray0): 9→17 [0.1ms]
[2026-05-06 12:09:33] MOVE chetan (lawn green): 90→78 [0.1ms]
[2026-05-06 12:09:33] MOVE asha (gray0): 53→43 [0.1ms]
[2026-05-06 12:09:33] MOVE chetan (lawn green): 78→67 [0.1ms]
[2026-05-06 12:09:33] MOVE asha (gray0): 17→30 [0.2ms]
[2026-05-06 12:09:33] MOVE chetan (lawn green): 67→57 [0.1ms]
[2026-05-06 12:09:34] MOVE asha (gray0): 43→31 [0.1ms]
[2026-05-06 12:09:34] MOVE chetan (lawn green): 57→56 [0.1ms]
[2026-05-06 12:09:34] MOVE asha (gray0): 30→42 [0.1ms]
[2026-05-06 12:09:34] MOVE chetan (lawn green): 56→66 [0.1ms]
[2026-05-06 12:09:34] MOVE asha (gray0): 31→18 [0.1ms]
[2026-05-06 12:09:34] MOVE chetan (lawn green): 66→77 [0.1ms]
[2026-05-06 12:09:35] MOVE asha (gray0): 42→31 [0.2ms]
[2026-05-06 12:09:35] MOVE chetan (lawn green): 77→89 [0.1ms]
[2026-05-06 12:09:35] MOVE asha (gray0): 18→9 [0.1ms]
[2026-05-06 12:09:35] MOVE chetan (lawn green): 89→102 [0.1ms]
[2026-05-06 12:09:35] MOVE asha (gray0): 31→18 [0.1ms]
[2026-05-06 12:09:35] MOVE chetan (lawn green): 102→90 [0.1ms]
[2026-05-06 12:09:36] MOVE asha (gray0): 9→31 [0.1ms]
[2026-05-06 12:09:36] MOVE chetan (lawn green): 90→78 [0.2ms]
[2026-05-06 12:09:36] MOVE asha (gray0): 18→43 [0.1ms]
[2026-05-06 12:09:36] MOVE chetan (lawn green): 78→67 [0.1ms]
[2026-05-06 12:09:36] MOVE asha (gray0): 31→54 [0.1ms]
[2026-05-06 12:09:36] MOVE chetan (lawn green): 67→57 [3.8ms]
[2026-05-06 12:09:36] MOVE asha (gray0): 43→64 [0.1ms]
[2026-05-06 12:09:37] MOVE chetan (lawn green): 57→56 [0.1ms]
[2026-05-06 12:09:37] MOVE asha (gray0): 54→43 [0.1ms]
[2026-05-06 12:09:37] MOVE chetan (lawn green): 56→66 [0.1ms]
[2026-05-06 12:09:37] MOVE asha (gray0): 64→54 [0.1ms]
[2026-05-06 12:09:37] MOVE chetan (lawn green): 66→77 [0.1ms]
[2026-05-06 12:09:37] MOVE asha (gray0): 43→64 [0.1ms]
[2026-05-06 12:09:38] MOVE chetan (lawn green): 77→89 [0.1ms]
[2026-05-06 12:09:38] MOVE asha (gray0): 54→74 [0.3ms]
[2026-05-06 12:09:38] MOVE chetan (lawn green): 89→102 [0.1ms]
[2026-05-06 12:09:38] MOVE asha (gray0): 64→63 [0.4ms]
[2026-05-06 12:09:38] MOVE chetan (lawn green): 102→90 [0.1ms]
[2026-05-06 12:09:38] MOVE asha (gray0): 74→73 [0.1ms]
[2026-05-06 12:09:38] MOVE chetan (lawn green): 90→78 [0.3ms]
[2026-05-06 12:09:39] MOVE asha (gray0): 63→53 [0.1ms]
[2026-05-06 12:09:39] MOVE chetan (lawn green): 78→67 [0.1ms]
[2026-05-06 12:09:39] MOVE asha (gray0): 73→63 [0.1ms]
[2026-05-06 12:09:39] MOVE chetan (lawn green): 67→57 [0.1ms]
[2026-05-06 12:09:39] MOVE asha (gray0): 53→54 [0.1ms]
[2026-05-06 12:09:39] MOVE chetan (lawn green): 57→56 [0.1ms]
[2026-05-06 12:09:40] MOVE asha (gray0): 63→64 [0.1ms]
[2026-05-06 12:09:40] MOVE chetan (lawn green): 56→66 [0.1ms]
[2026-05-06 12:09:40] MOVE asha (gray0): 54→43 [0.1ms]
[2026-05-06 12:09:40] MOVE chetan (lawn green): 66→77 [0.1ms]
[2026-05-06 12:09:40] MOVE asha (gray0): 64→54 [0.1ms]
[2026-05-06 12:09:40] MOVE chetan (lawn green): 77→89 [0.1ms]
[2026-05-06 12:09:41] MOVE asha (gray0): 43→64 [0.1ms]
[2026-05-06 12:09:41] MOVE chetan (lawn green): 89→102 [0.1ms]
[2026-05-06 12:09:41] MOVE asha (gray0): 54→43 [0.5ms]
[2026-05-06 12:09:41] MOVE chetan (lawn green): 102→90 [0.1ms]
[2026-05-06 12:09:41] MOVE asha (gray0): 64→63 [0.1ms]
[2026-05-06 12:09:41] MOVE chetan (lawn green): 90→78 [0.3ms]
[2026-05-06 12:09:42] MOVE asha (gray0): 43→31 [0.3ms]
[2026-05-06 12:09:42] MOVE chetan (lawn green): 78→67 [0.1ms]
[2026-05-06 12:09:42] MOVE asha (gray0): 63→53 [0.1ms]
[2026-05-06 12:09:42] MOVE chetan (lawn green): 67→57 [0.1ms]
[2026-05-06 12:09:42] MOVE asha (gray0): 31→18 [0.1ms]
[2026-05-06 12:09:42] MOVE chetan (lawn green): 57→56 [0.1ms]
[2026-05-06 12:09:42] MOVE asha (gray0): 53→54 [0.1ms]
[2026-05-06 12:09:43] MOVE chetan (lawn green): 56→66 [0.1ms]
[2026-05-06 12:09:43] MOVE asha (gray0): 18→9 [0.3ms]
[2026-05-06 12:09:43] MOVE chetan (lawn green): 66→77 [0.8ms]
[2026-05-06 12:09:43] MOVE asha (gray0): 54→43 [0.1ms]
[2026-05-06 12:09:43] MOVE chetan (lawn green): 77→89 [0.1ms]
[2026-05-06 12:09:43] MOVE asha (gray0): 9→17 [0.1ms]
[2026-05-06 12:09:44] MOVE chetan (lawn green): 89→102 [0.1ms]
[2026-05-06 12:09:44] MOVE asha (gray0): 43→31 [0.1ms]
[2026-05-06 12:09:44] MOVE chetan (lawn green): 102→90 [0.1ms]
[2026-05-06 12:09:44] MOVE asha (gray0): 17→30 [0.1ms]
[2026-05-06 12:09:44] MOVE chetan (lawn green): 90→78 [0.1ms]
[2026-05-06 12:09:44] MOVE asha (gray0): 31→18 [0.1ms]
[2026-05-06 12:09:44] MOVE chetan (lawn green): 78→67 [0.1ms]
[2026-05-06 12:09:45] MOVE asha (gray0): 30→31 [0.1ms]
[2026-05-06 12:09:45] MOVE chetan (lawn green): 67→57 [0.4ms]
[2026-05-06 12:09:45] MOVE asha (gray0): 18→9 [0.1ms]
[2026-05-06 12:09:45] MOVE chetan (lawn green): 57→56 [0.1ms]
[2026-05-06 12:09:45] MOVE asha (gray0): 31→18 [0.1ms]
[2026-05-06 12:09:45] MOVE chetan (lawn green): 56→66 [0.1ms]
[2026-05-06 12:09:46] MOVE asha (gray0): 9→31 [0.1ms]
[2026-05-06 12:09:46] MOVE chetan (lawn green): 66→77 [0.1ms]
[2026-05-06 12:09:46] MOVE asha (gray0): 18→43 [0.1ms]
[2026-05-06 12:09:46] MOVE chetan (lawn green): 77→89 [0.1ms]
[2026-05-06 12:09:46] MOVE asha (gray0): 31→54 [0.1ms]
[2026-05-06 12:09:46] MOVE chetan (lawn green): 89→102 [0.1ms]
[2026-05-06 12:09:47] MOVE asha (gray0): 43→64 [0.1ms]
[2026-05-06 12:09:47] MOVE chetan (lawn green): 102→90 [0.1ms]
[2026-05-06 12:09:47] MOVE asha (gray0): 54→43 [0.1ms]
[2026-05-06 12:09:47] MOVE chetan (lawn green): 90→78 [0.2ms]
[2026-05-06 12:09:47] MOVE asha (gray0): 64→54 [0.1ms]
[2026-05-06 12:09:47] MOVE chetan (lawn green): 78→67 [0.1ms]
[2026-05-06 12:09:48] MOVE asha (gray0): 43→64 [0.1ms]
[2026-05-06 12:09:48] MOVE chetan (lawn green): 67→57 [0.1ms]
[2026-05-06 12:09:48] MOVE asha (gray0): 54→74 [0.2ms]
[2026-05-06 12:09:48] MOVE chetan (lawn green): 57→56 [0.1ms]
[2026-05-06 12:09:48] MOVE asha (gray0): 64→63 [0.1ms]
[2026-05-06 12:09:48] MOVE chetan (lawn green): 56→66 [0.1ms]
[2026-05-06 12:09:49] MOVE asha (gray0): 74→73 [0.1ms]
[2026-05-06 12:09:49] MOVE chetan (lawn green): 66→77 [0.1ms]
[2026-05-06 12:09:49] MOVE asha (gray0): 63→53 [0.1ms]
[2026-05-06 12:09:49] MOVE chetan (lawn green): 77→89 [0.1ms]
[2026-05-06 12:09:49] MOVE asha (gray0): 73→63 [0.1ms]
[2026-05-06 12:09:49] MOVE chetan (lawn green): 89→102 [0.2ms]
[2026-05-06 12:09:49] MOVE asha (gray0): 53→54 [0.1ms]
[2026-05-06 12:09:50] MOVE chetan (lawn green): 102→90 [0.1ms]
[2026-05-06 12:09:50] MOVE asha (gray0): 63→64 [0.2ms]
[2026-05-06 12:09:50] MOVE chetan (lawn green): 90→78 [0.1ms]
[2026-05-06 12:09:50] MOVE asha (gray0): 54→43 [0.1ms]
[2026-05-06 12:09:50] MOVE chetan (lawn green): 78→67 [0.1ms]
[2026-05-06 12:09:50] MOVE asha (gray0): 64→54 [0.5ms]
[2026-05-06 12:09:51] MOVE chetan (lawn green): 67→57 [0.1ms]
[2026-05-06 12:09:51] MOVE asha (gray0): 43→64 [0.1ms]
[2026-05-06 12:09:51] MOVE chetan (lawn green): 57→56 [0.1ms]
[2026-05-06 12:09:51] MOVE asha (gray0): 54→43 [0.1ms]
[2026-05-06 12:09:51] MOVE chetan (lawn green): 56→66 [0.3ms]
[2026-05-06 12:09:51] MOVE asha (gray0): 64→63 [0.1ms]
[2026-05-06 12:09:51] MOVE chetan (lawn green): 66→77 [0.3ms]
[2026-05-06 12:09:52] MOVE asha (gray0): 43→31 [0.1ms]
[2026-05-06 12:09:52] MOVE chetan (lawn green): 77→89 [0.1ms]
[2026-05-06 12:09:52] MOVE asha (gray0): 63→53 [0.1ms]
[2026-05-06 12:09:52] MOVE chetan (lawn green): 89→102 [0.1ms]
[2026-05-06 12:09:52] MOVE asha (gray0): 31→18 [0.1ms]
[2026-05-06 12:09:52] MOVE chetan (lawn green): 102→90 [0.2ms]
[2026-05-06 12:09:53] MOVE asha (gray0): 53→54 [0.1ms]
[2026-05-06 12:09:53] MOVE chetan (lawn green): 90→78 [0.1ms]
[2026-05-06 12:09:53] MOVE asha (gray0): 18→9 [0.1ms]
[2026-05-06 12:09:53] MOVE chetan (lawn green): 78→67 [0.1ms]
[2026-05-06 12:09:53] MOVE asha (gray0): 54→43 [0.1ms]
[2026-05-06 12:09:53] MOVE chetan (lawn green): 67→57 [0.1ms]
[2026-05-06 12:09:54] MOVE asha (gray0): 9→17 [0.1ms]
[2026-05-06 12:09:54] MOVE chetan (lawn green): 57→56 [0.1ms]
[2026-05-06 12:09:54] MOVE asha (gray0): 43→31 [0.1ms]
[2026-05-06 12:09:54] MOVE chetan (lawn green): 56→66 [0.3ms]
[2026-05-06 12:09:54] MOVE asha (gray0): 17→30 [0.1ms]
[2026-05-06 12:09:54] MOVE chetan (lawn green): 66→77 [0.1ms]
[2026-05-06 12:09:55] MOVE asha (gray0): 31→18 [0.8ms]
[2026-05-06 12:09:55] MOVE chetan (lawn green): 77→89 [0.1ms]
[2026-05-06 12:09:55] MOVE asha (gray0): 30→31 [0.1ms]
[2026-05-06 12:09:55] MOVE chetan (lawn green): 89→102 [1.4ms]
[2026-05-06 12:09:55] MOVE asha (gray0): 18→9 [0.1ms]
[2026-05-06 12:09:55] MOVE chetan (lawn green): 102→90 [0.1ms]
[2026-05-06 12:09:55] MOVE asha (gray0): 31→18 [0.1ms]
[2026-05-06 12:09:56] MOVE chetan (lawn green): 90→78 [0.1ms]
[2026-05-06 12:09:56] MOVE asha (gray0): 9→31 [0.1ms]
[2026-05-06 12:09:56] MOVE chetan (lawn green): 78→67 [0.8ms]
[2026-05-06 12:09:56] MOVE asha (gray0): 18→43 [0.1ms]
[2026-05-06 12:09:56] MOVE chetan (lawn green): 67→57 [0.1ms]
[2026-05-06 12:09:56] MOVE asha (gray0): 31→54 [0.1ms]
[2026-05-06 12:09:57] MOVE chetan (lawn green): 57→56 [0.1ms]
[2026-05-06 12:09:57] MOVE asha (gray0): 43→64 [0.1ms]
[2026-05-06 12:09:57] MOVE chetan (lawn green): 56→66 [0.1ms]
[2026-05-06 12:09:57] MOVE asha (gray0): 54→43 [0.2ms]
[2026-05-06 12:09:57] MOVE chetan (lawn green): 66→77 [0.1ms]
[2026-05-06 12:09:57] MOVE asha (gray0): 64→54 [0.1ms]
[2026-05-06 12:09:58] MOVE chetan (lawn green): 77→89 [0.1ms]
[2026-05-06 12:09:58] MOVE asha (gray0): 43→64 [0.1ms]
[2026-05-06 12:09:58] MOVE chetan (lawn green): 89→102 [0.1ms]
[2026-05-06 12:09:58] MOVE asha (gray0): 54→74 [0.1ms]
[2026-05-06 12:09:58] MOVE chetan (lawn green): 102→90 [0.1ms]
[2026-05-06 12:09:58] MOVE asha (gray0): 64→63 [0.1ms]
[2026-05-06 12:09:58] MOVE chetan (lawn green): 90→78 [0.1ms]
[2026-05-06 12:09:59] MOVE asha (gray0): 74→73 [0.1ms]
[2026-05-06 12:09:59] MOVE chetan (lawn green): 78→67 [0.1ms]
[2026-05-06 12:09:59] MOVE asha (gray0): 63→53 [0.2ms]
[2026-05-06 12:09:59] MOVE chetan (lawn green): 67→57 [0.1ms]
[2026-05-06 12:09:59] MOVE asha (gray0): 73→63 [0.1ms]
[2026-05-06 12:09:59] MOVE chetan (lawn green): 57→56 [0.1ms]
[2026-05-06 12:10:00] MOVE asha (gray0): 53→54 [0.1ms]
[2026-05-06 12:10:00] MOVE chetan (lawn green): 56→66 [0.1ms]
[2026-05-06 12:10:00] MOVE asha (gray0): 63→64 [0.1ms]
[2026-05-06 12:10:00] MOVE chetan (lawn green): 66→77 [0.1ms]
[2026-05-06 12:10:00] MOVE asha (gray0): 54→43 [0.1ms]
[2026-05-06 12:10:00] MOVE chetan (lawn green): 77→89 [0.1ms]
[2026-05-06 12:10:01] MOVE asha (gray0): 64→54 [0.1ms]
[2026-05-06 12:10:01] MOVE chetan (lawn green): 89→102 [0.1ms]
[2026-05-06 12:10:01] MOVE asha (gray0): 43→64 [0.1ms]
[2026-05-06 12:10:01] MOVE chetan (lawn green): 102→90 [0.1ms]
[2026-05-06 12:10:01] MOVE asha (gray0): 54→43 [0.1ms]
[2026-05-06 12:10:01] MOVE chetan (lawn green): 90→78 [0.1ms]
[2026-05-06 12:10:02] MOVE asha (gray0): 64→63 [0.1ms]
[2026-05-06 12:10:02] MOVE chetan (lawn green): 78→67 [0.2ms]
[2026-05-06 12:10:02] MOVE asha (gray0): 43→31 [0.1ms]
[2026-05-06 12:10:02] MOVE chetan (lawn green): 67→57 [0.1ms]
[2026-05-06 12:10:02] MOVE asha (gray0): 63→53 [0.1ms]
[2026-05-06 12:10:02] MOVE chetan (lawn green): 57→56 [0.1ms]
[2026-05-06 12:10:02] MOVE asha (gray0): 31→18 [0.1ms]
[2026-05-06 12:10:03] MOVE chetan (lawn green): 56→66 [0.1ms]
[2026-05-06 12:10:03] MOVE asha (gray0): 53→54 [0.1ms]
[2026-05-06 12:10:03] MOVE chetan (lawn green): 66→77 [0.2ms]
[2026-05-06 12:10:03] MOVE asha (gray0): 18→9 [0.1ms]
[2026-05-06 12:10:03] MOVE chetan (lawn green): 77→89 [0.1ms]
[2026-05-06 12:10:03] MOVE asha (gray0): 54→43 [0.1ms]
[2026-05-06 12:10:04] MOVE chetan (lawn green): 89→102 [0.1ms]
[2026-05-06 12:10:04] MOVE asha (gray0): 9→17 [0.1ms]
[2026-05-06 12:10:04] MOVE chetan (lawn green): 102→90 [0.1ms]
[2026-05-06 12:10:04] MOVE asha (gray0): 43→31 [0.1ms]
[2026-05-06 12:10:04] MOVE chetan (lawn green): 90→78 [0.3ms]
[2026-05-06 12:10:04] MOVE asha (gray0): 17→30 [0.2ms]
[2026-05-06 12:10:05] MOVE chetan (lawn green): 78→67 [0.1ms]
[2026-05-06 12:10:05] MOVE asha (gray0): 31→18 [0.1ms]
[2026-05-06 12:10:05] MOVE chetan (lawn green): 67→57 [0.1ms]
[2026-05-06 12:10:05] MOVE asha (gray0): 30→31 [0.2ms]
[2026-05-06 12:10:05] MOVE chetan (lawn green): 57→56 [0.1ms]
[2026-05-06 12:10:05] MOVE asha (gray0): 18→9 [0.1ms]
[2026-05-06 12:10:06] MOVE chetan (lawn green): 56→66 [0.1ms]
[2026-05-06 12:10:06] MOVE asha (gray0): 31→18 [0.2ms]
[2026-05-06 12:10:06] MOVE chetan (lawn green): 66→77 [0.1ms]
[2026-05-06 12:10:06] MOVE asha (gray0): 9→31 [0.1ms]
[2026-05-06 12:10:06] MOVE chetan (lawn green): 77→89 [0.1ms]
[2026-05-06 12:10:06] MOVE asha (gray0): 18→43 [0.1ms]
[2026-05-06 12:10:07] MOVE chetan (lawn green): 89→102 [0.1ms]
[2026-05-06 12:10:07] MOVE asha (gray0): 31→54 [0.1ms]
[2026-05-06 12:10:07] MOVE chetan (lawn green): 102→90 [0.1ms]
[2026-05-06 12:10:07] MOVE asha (gray0): 43→64 [0.1ms]
[2026-05-06 12:10:07] MOVE chetan (lawn green): 90→78 [0.4ms]
[2026-05-06 12:10:07] MOVE asha (gray0): 54→43 [0.1ms]
[2026-05-06 12:10:07] MOVE chetan (lawn green): 78→67 [0.2ms]
[2026-05-06 12:10:08] MOVE asha (gray0): 64→54 [0.1ms]
[2026-05-06 12:10:08] MOVE chetan (lawn green): 67→57 [0.1ms]
[2026-05-06 12:10:08] MOVE asha (gray0): 43→64 [0.1ms]
[2026-05-06 12:10:08] MOVE chetan (lawn green): 57→56 [0.2ms]
[2026-05-06 12:10:08] MOVE asha (gray0): 54→74 [0.1ms]
[2026-05-06 12:10:08] MOVE chetan (lawn green): 56→66 [0.2ms]
[2026-05-06 12:10:09] MOVE asha (gray0): 64→63 [0.1ms]
[2026-05-06 12:10:09] MOVE chetan (lawn green): 66→77 [0.1ms]
[2026-05-06 12:10:09] MOVE asha (gray0): 74→73 [0.1ms]
[2026-05-06 12:10:09] MOVE chetan (lawn green): 77→89 [0.5ms]
[2026-05-06 12:10:09] MOVE asha (gray0): 63→53 [0.1ms]
[2026-05-06 12:10:09] MOVE chetan (lawn green): 89→102 [0.1ms]
[2026-05-06 12:10:10] MOVE asha (gray0): 73→63 [0.1ms]
[2026-05-06 12:10:10] MOVE chetan (lawn green): 102→90 [0.1ms]
[2026-05-06 12:10:10] MOVE asha (gray0): 53→54 [0.1ms]
[2026-05-06 12:10:10] MOVE chetan (lawn green): 90→78 [0.1ms]
[2026-05-06 12:10:10] MOVE asha (gray0): 63→64 [0.1ms]
[2026-05-06 12:10:10] MOVE chetan (lawn green): 78→67 [0.1ms]
[2026-05-06 12:10:11] MOVE asha (gray0): 54→43 [0.7ms]
[2026-05-06 12:10:11] MOVE chetan (lawn green): 67→57 [0.1ms]
[2026-05-06 12:10:11] MOVE asha (gray0): 64→54 [0.2ms]
[2026-05-06 12:10:11] MOVE chetan (lawn green): 57→56 [0.1ms]
[2026-05-06 12:10:11] MOVE asha (gray0): 43→64 [0.1ms]
[2026-05-06 12:10:11] MOVE chetan (lawn green): 56→66 [0.1ms]
[2026-05-06 12:10:11] MOVE asha (gray0): 54→43 [0.1ms]
[2026-05-06 12:10:12] MOVE chetan (lawn green): 66→77 [0.1ms]
[2026-05-06 12:10:12] MOVE asha (gray0): 64→63 [0.1ms]
[2026-05-06 12:10:12] MOVE chetan (lawn green): 77→89 [0.2ms]
[2026-05-06 12:10:12] MOVE asha (gray0): 43→31 [0.1ms]
[2026-05-06 12:10:12] MOVE chetan (lawn green): 89→102 [0.2ms]
[2026-05-06 12:10:12] MOVE asha (gray0): 63→53 [0.1ms]
[2026-05-06 12:10:13] MOVE chetan (lawn green): 102→90 [0.1ms]
[2026-05-06 12:10:13] MOVE asha (gray0): 31→18 [0.1ms]
[2026-05-06 12:10:13] MOVE chetan (lawn green): 90→78 [0.2ms]
[2026-05-06 12:10:13] MOVE asha (gray0): 53→54 [0.2ms]
[2026-05-06 12:10:13] MOVE chetan (lawn green): 78→67 [0.1ms]
[2026-05-06 12:10:13] MOVE asha (gray0): 18→9 [0.1ms]
[2026-05-06 12:10:14] MOVE chetan (lawn green): 67→57 [0.3ms]
[2026-05-06 12:10:14] MOVE asha (gray0): 54→43 [0.1ms]
[2026-05-06 12:10:14] MOVE chetan (lawn green): 57→56 [0.5ms]
[2026-05-06 12:10:14] MOVE asha (gray0): 9→17 [0.1ms]
[2026-05-06 12:10:14] MOVE chetan (lawn green): 56→66 [0.1ms]
[2026-05-06 12:10:15] MOVE asha (gray0): 43→31 [0.1ms]
[2026-05-06 12:10:15] MOVE chetan (lawn green): 66→77 [0.1ms]
[2026-05-06 12:10:15] MOVE asha (gray0): 17→30 [0.4ms]
[2026-05-06 12:10:15] MOVE chetan (lawn green): 77→89 [2.8ms]
[2026-05-06 12:10:15] MOVE asha (gray0): 31→18 [0.1ms]
[2026-05-06 12:10:15] MOVE chetan (lawn green): 89→102 [0.1ms]
[2026-05-06 12:10:16] MOVE asha (gray0): 30→31 [0.1ms]
[2026-05-06 12:10:16] MOVE chetan (lawn green): 102→90 [0.5ms]
[2026-05-06 12:10:16] MOVE asha (gray0): 18→9 [0.1ms]
[2026-05-06 12:10:16] MOVE chetan (lawn green): 90→78 [0.1ms]
[2026-05-06 12:10:16] MOVE asha (gray0): 31→18 [0.1ms]
[2026-05-06 12:10:16] MOVE chetan (lawn green): 78→67 [0.1ms]
[2026-05-06 12:10:17] MOVE asha (gray0): 9→31 [0.1ms]
[2026-05-06 12:10:17] MOVE chetan (lawn green): 67→57 [0.1ms]
[2026-05-06 12:10:17] MOVE asha (gray0): 18→43 [0.2ms]
[2026-05-06 12:10:17] MOVE chetan (lawn green): 57→56 [0.1ms]
[2026-05-06 12:10:17] MOVE asha (gray0): 31→54 [0.3ms]
[2026-05-06 12:10:17] MOVE chetan (lawn green): 56→66 [0.1ms]
[2026-05-06 12:10:18] MOVE asha (gray0): 43→64 [0.2ms]
[2026-05-06 12:10:18] MOVE chetan (lawn green): 66→77 [0.1ms]
[2026-05-06 12:10:18] MOVE asha (gray0): 54→43 [0.1ms]
[2026-05-06 12:10:18] MOVE chetan (lawn green): 77→89 [0.1ms]
[2026-05-06 12:10:18] MOVE asha (gray0): 64→54 [0.1ms]
[2026-05-06 12:10:19] MOVE chetan (lawn green): 89→102 [0.1ms]
[2026-05-06 12:10:19] MOVE asha (gray0): 43→64 [0.2ms]
[2026-05-06 12:10:19] MOVE chetan (lawn green): 102→90 [0.1ms]
[2026-05-06 12:10:19] MOVE asha (gray0): 54→74 [0.2ms]
[2026-05-06 12:10:19] MOVE chetan (lawn green): 90→78 [0.1ms]
[2026-05-06 12:10:19] MOVE asha (gray0): 64→63 [0.1ms]
[2026-05-06 12:10:19] MOVE chetan (lawn green): 78→67 [0.1ms]
[2026-05-06 12:10:19] MOVE asha (gray0): 74→73 [0.1ms]
[2026-05-06 12:10:20] MOVE chetan (lawn green): 67→57 [0.1ms]
[2026-05-06 12:10:20] MOVE asha (gray0): 63→53 [0.1ms]
[2026-05-06 12:10:20] MOVE chetan (lawn green): 57→56 [0.1ms]
[2026-05-06 12:10:20] MOVE asha (gray0): 73→63 [0.2ms]
[2026-05-06 12:10:20] MOVE chetan (lawn green): 56→66 [0.1ms]
[2026-05-06 12:10:20] MOVE asha (gray0): 53→54 [0.3ms]
[2026-05-06 12:10:21] MOVE chetan (lawn green): 66→77 [0.1ms]
[2026-05-06 12:10:21] MOVE asha (gray0): 63→64 [0.1ms]
[2026-05-06 12:10:21] MOVE chetan (lawn green): 77→89 [0.1ms]
[2026-05-06 12:10:21] MOVE asha (gray0): 54→43 [0.1ms]
[2026-05-06 12:10:21] MOVE chetan (lawn green): 89→102 [0.1ms]
[2026-05-06 12:10:21] MOVE asha (gray0): 64→54 [0.2ms]
[2026-05-06 12:10:22] MOVE chetan (lawn green): 102→90 [0.1ms]
[2026-05-06 12:10:22] MOVE asha (gray0): 43→64 [0.1ms]
[2026-05-06 12:10:22] MOVE chetan (lawn green): 90→78 [0.1ms]
[2026-05-06 12:10:22] MOVE asha (gray0): 54→43 [0.2ms]
[2026-05-06 12:10:22] MOVE chetan (lawn green): 78→67 [0.1ms]
[2026-05-06 12:10:22] MOVE asha (gray0): 64→63 [0.2ms]
[2026-05-06 12:10:23] MOVE chetan (lawn green): 67→57 [0.1ms]
[2026-05-06 12:10:23] MOVE asha (gray0): 43→31 [0.1ms]
[2026-05-06 12:10:23] MOVE chetan (lawn green): 57→56 [0.1ms]
[2026-05-06 12:10:23] MOVE asha (gray0): 63→53 [0.1ms]
[2026-05-06 12:10:23] MOVE chetan (lawn green): 56→66 [0.1ms]
[2026-05-06 12:10:23] MOVE asha (gray0): 31→18 [0.2ms]
[2026-05-06 12:10:24] MOVE chetan (lawn green): 66→77 [0.1ms]
[2026-05-06 12:10:24] MOVE asha (gray0): 53→54 [5.0ms]
[2026-05-06 12:10:24] MOVE chetan (lawn green): 77→89 [0.2ms]
[2026-05-06 12:10:24] MOVE asha (gray0): 18→9 [0.1ms]
[2026-05-06 12:10:24] MOVE chetan (lawn green): 89→102 [0.1ms]
[2026-05-06 12:10:24] MOVE asha (gray0): 54→43 [0.1ms]
[2026-05-06 12:10:25] MOVE chetan (lawn green): 102→90 [0.1ms]
[2026-05-06 12:10:25] MOVE asha (gray0): 9→17 [0.1ms]
[2026-05-06 12:10:25] MOVE chetan (lawn green): 90→78 [0.2ms]
[2026-05-06 12:10:25] MOVE asha (gray0): 43→31 [0.1ms]
[2026-05-06 12:10:25] MOVE chetan (lawn green): 78→67 [0.1ms]
[2026-05-06 12:10:25] MOVE asha (gray0): 17→30 [0.1ms]
[2026-05-06 12:10:25] MOVE chetan (lawn green): 67→57 [0.1ms]
[2026-05-06 12:10:26] MOVE asha (gray0): 31→18 [0.1ms]
[2026-05-06 12:10:26] MOVE chetan (lawn green): 57→56 [0.2ms]
[2026-05-06 12:10:26] MOVE asha (gray0): 30→31 [0.1ms]
[2026-05-06 12:10:26] MOVE chetan (lawn green): 56→66 [0.1ms]
[2026-05-06 12:10:26] MOVE asha (gray0): 18→9 [0.1ms]
[2026-05-06 12:10:26] MOVE chetan (lawn green): 66→77 [0.5ms]
[2026-05-06 12:10:27] MOVE asha (gray0): 31→18 [0.1ms]
[2026-05-06 12:10:27] MOVE chetan (lawn green): 77→89 [0.1ms]
[2026-05-06 12:10:27] MOVE asha (gray0): 9→31 [0.1ms]
[2026-05-06 12:10:27] MOVE chetan (lawn green): 89→102 [0.1ms]
[2026-05-06 12:10:27] MOVE asha (gray0): 18→43 [0.1ms]
[2026-05-06 12:10:27] MOVE chetan (lawn green): 102→90 [0.1ms]
[2026-05-06 12:10:27] MOVE asha (gray0): 31→54 [0.1ms]
[2026-05-06 12:10:28] MOVE chetan (lawn green): 90→78 [0.1ms]
[2026-05-06 12:10:28] MOVE asha (gray0): 43→64 [0.1ms]
[2026-05-06 12:10:28] MOVE chetan (lawn green): 78→67 [0.1ms]
[2026-05-06 12:10:28] MOVE asha (gray0): 54→43 [0.1ms]
[2026-05-06 12:10:28] MOVE chetan (lawn green): 67→57 [2.5ms]
[2026-05-06 12:10:28] MOVE asha (gray0): 64→54 [0.4ms]
[2026-05-06 12:10:29] MOVE chetan (lawn green): 57→56 [0.1ms]
[2026-05-06 12:10:29] MOVE asha (gray0): 43→64 [0.1ms]
[2026-05-06 12:10:29] MOVE chetan (lawn green): 56→66 [0.1ms]
[2026-05-06 12:10:29] MOVE asha (gray0): 54→74 [0.9ms]
[2026-05-06 12:10:29] MOVE chetan (lawn green): 66→77 [0.1ms]
[2026-05-06 12:10:29] MOVE asha (gray0): 64→63 [0.3ms]
[2026-05-06 12:10:30] MOVE chetan (lawn green): 77→89 [0.1ms]
[2026-05-06 12:10:30] MOVE asha (gray0): 74→73 [0.1ms]
[2026-05-06 12:10:30] MOVE chetan (lawn green): 89→102 [0.1ms]
[2026-05-06 12:10:30] MOVE asha (gray0): 63→53 [0.1ms]
[2026-05-06 12:10:30] MOVE chetan (lawn green): 102→90 [0.1ms]
[2026-05-06 12:10:30] MOVE asha (gray0): 73→63 [0.1ms]
[2026-05-06 12:10:31] MOVE chetan (lawn green): 90→78 [0.1ms]
[2026-05-06 12:10:31] MOVE asha (gray0): 53→54 [0.1ms]
[2026-05-06 12:10:31] MOVE chetan (lawn green): 78→67 [0.1ms]
[2026-05-06 12:10:31] MOVE asha (gray0): 63→64 [0.1ms]
[2026-05-06 12:10:31] MOVE chetan (lawn green): 67→57 [1.0ms]
[2026-05-06 12:10:31] MOVE asha (gray0): 54→43 [0.1ms]
[2026-05-06 12:10:32] MOVE chetan (lawn green): 57→56 [0.1ms]
[2026-05-06 12:10:32] MOVE asha (gray0): 64→54 [0.1ms]
[2026-05-06 12:10:32] MOVE chetan (lawn green): 56→66 [1.1ms]
[2026-05-06 12:10:32] MOVE asha (gray0): 43→64 [0.1ms]
[2026-05-06 12:10:32] MOVE chetan (lawn green): 66→77 [0.1ms]
[2026-05-06 12:10:32] MOVE asha (gray0): 54→43 [0.2ms]
[2026-05-06 12:10:32] MOVE chetan (lawn green): 77→89 [0.1ms]
[2026-05-06 12:10:33] MOVE asha (gray0): 64→63 [0.3ms]
[2026-05-06 12:10:33] MOVE chetan (lawn green): 89→102 [0.1ms]
[2026-05-06 12:10:33] MOVE asha (gray0): 43→31 [0.2ms]
[2026-05-06 12:10:33] MOVE chetan (lawn green): 102→90 [0.1ms]
[2026-05-06 12:10:33] MOVE asha (gray0): 63→53 [0.1ms]
[2026-05-06 12:10:33] MOVE chetan (lawn green): 90→78 [0.2ms]
[2026-05-06 12:10:33] MOVE asha (gray0): 31→18 [0.1ms]
[2026-05-06 12:10:34] MOVE chetan (lawn green): 78→67 [0.1ms]
[2026-05-06 12:10:34] MOVE asha (gray0): 53→54 [0.1ms]
[2026-05-06 12:10:34] MOVE chetan (lawn green): 67→57 [0.1ms]
[2026-05-06 12:10:34] MOVE asha (gray0): 18→9 [0.1ms]
[2026-05-06 12:10:34] MOVE chetan (lawn green): 57→56 [0.1ms]
[2026-05-06 12:10:34] MOVE asha (gray0): 54→43 [0.1ms]
[2026-05-06 12:10:35] MOVE chetan (lawn green): 56→66 [0.1ms]
[2026-05-06 12:10:35] MOVE asha (gray0): 9→17 [0.1ms]
[2026-05-06 12:10:35] MOVE chetan (lawn green): 66→77 [0.1ms]
[2026-05-06 12:10:35] MOVE asha (gray0): 43→31 [0.1ms]
[2026-05-06 12:10:35] MOVE chetan (lawn green): 77→89 [0.1ms]
[2026-05-06 12:10:35] MOVE asha (gray0): 17→30 [0.1ms]
[2026-05-06 12:10:36] MOVE chetan (lawn green): 89→102 [0.1ms]
[2026-05-06 12:10:36] MOVE asha (gray0): 31→18 [0.1ms]
[2026-05-06 12:10:36] MOVE chetan (lawn green): 102→90 [0.1ms]
[2026-05-06 12:10:36] MOVE asha (gray0): 30→31 [0.1ms]
[2026-05-06 12:10:36] MOVE chetan (lawn green): 90→78 [0.1ms]
[2026-05-06 12:10:36] MOVE asha (gray0): 18→9 [8.8ms]
[2026-05-06 12:10:37] MOVE chetan (lawn green): 78→67 [0.4ms]
[2026-05-06 12:10:37] MOVE asha (gray0): 31→18 [0.1ms]
[2026-05-06 12:10:37] MOVE chetan (lawn green): 67→57 [0.1ms]
[2026-05-06 12:10:37] MOVE asha (gray0): 9→31 [0.1ms]
[2026-05-06 12:10:37] MOVE chetan (lawn green): 57→56 [0.1ms]
[2026-05-06 12:10:37] MOVE asha (gray0): 18→43 [0.1ms]
[2026-05-06 12:10:37] MOVE chetan (lawn green): 56→66 [0.1ms]
[2026-05-06 12:10:38] MOVE asha (gray0): 31→54 [0.1ms]
[2026-05-06 12:10:38] MOVE chetan (lawn green): 66→77 [0.1ms]
[2026-05-06 12:10:38] MOVE asha (gray0): 43→64 [0.1ms]
[2026-05-06 12:10:38] MOVE chetan (lawn green): 77→89 [0.1ms]
[2026-05-06 12:10:38] MOVE asha (gray0): 54→43 [0.1ms]
[2026-05-06 12:10:38] MOVE chetan (lawn green): 89→102 [0.1ms]
[2026-05-06 12:10:39] MOVE asha (gray0): 64→54 [0.1ms]
[2026-05-06 12:10:39] MOVE chetan (lawn green): 102→90 [0.1ms]
[2026-05-06 12:10:39] MOVE asha (gray0): 43→64 [0.1ms]
[2026-05-06 12:10:39] MOVE chetan (lawn green): 90→78 [0.1ms]
[2026-05-06 12:10:39] MOVE asha (gray0): 54→74 [0.4ms]
[2026-05-06 12:10:39] MOVE chetan (lawn green): 78→67 [0.1ms]
[2026-05-06 12:10:40] MOVE asha (gray0): 64→63 [0.1ms]
[2026-05-06 12:10:40] MOVE chetan (lawn green): 67→57 [0.1ms]
[2026-05-06 12:10:40] MOVE asha (gray0): 74→73 [0.4ms]
[2026-05-06 12:10:40] MOVE chetan (lawn green): 57→56 [0.1ms]
[2026-05-06 12:10:40] MOVE asha (gray0): 63→53 [0.1ms]
[2026-05-06 12:10:40] MOVE chetan (lawn green): 56→66 [0.1ms]
[2026-05-06 12:10:41] MOVE asha (gray0): 73→63 [0.2ms]
[2026-05-06 12:10:41] MOVE chetan (lawn green): 66→77 [0.1ms]
[2026-05-06 12:10:41] MOVE asha (gray0): 53→54 [0.1ms]
[2026-05-06 12:10:41] MOVE chetan (lawn green): 77→89 [0.1ms]
[2026-05-06 12:10:41] MOVE asha (gray0): 63→64 [0.1ms]
[2026-05-06 12:10:41] MOVE chetan (lawn green): 89→102 [0.1ms]
[2026-05-06 12:10:42] MOVE asha (gray0): 54→43 [0.1ms]
[2026-05-06 12:10:42] MOVE chetan (lawn green): 102→90 [0.1ms]
[2026-05-06 12:10:42] MOVE asha (gray0): 64→54 [0.1ms]
[2026-05-06 12:10:42] MOVE chetan (lawn green): 90→78 [0.1ms]
[2026-05-06 12:10:42] MOVE asha (gray0): 43→64 [0.1ms]
[2026-05-06 12:10:42] MOVE chetan (lawn green): 78→67 [0.1ms]
[2026-05-06 12:10:42] MOVE asha (gray0): 54→43 [0.1ms]
[2026-05-06 12:10:43] MOVE chetan (lawn green): 67→57 [0.1ms]
[2026-05-06 12:10:43] MOVE asha (gray0): 64→63 [0.1ms]
[2026-05-06 12:10:43] MOVE chetan (lawn green): 57→56 [0.1ms]
[2026-05-06 12:10:43] MOVE asha (gray0): 43→31 [0.1ms]
[2026-05-06 12:10:43] MOVE chetan (lawn green): 56→66 [0.1ms]
[2026-05-06 12:10:43] MOVE asha (gray0): 63→53 [0.1ms]
[2026-05-06 12:10:44] MOVE chetan (lawn green): 66→77 [0.2ms]
[2026-05-06 12:10:44] MOVE asha (gray0): 31→18 [0.1ms]
[2026-05-06 12:10:44] MOVE chetan (lawn green): 77→89 [0.1ms]
[2026-05-06 12:10:44] MOVE asha (gray0): 53→54 [0.1ms]
[2026-05-06 12:10:44] MOVE chetan (lawn green): 89→102 [0.1ms]
[2026-05-06 12:10:44] MOVE asha (gray0): 18→9 [0.1ms]
[2026-05-06 12:10:44] MOVE chetan (lawn green): 102→90 [0.1ms]
[2026-05-06 12:10:45] MOVE asha (gray0): 54→43 [0.1ms]
[2026-05-06 12:10:45] MOVE chetan (lawn green): 90→78 [0.1ms]
[2026-05-06 12:10:45] MOVE asha (gray0): 9→17 [0.1ms]
[2026-05-06 12:10:45] MOVE chetan (lawn green): 78→67 [0.1ms]
[2026-05-06 12:10:45] MOVE asha (gray0): 43→31 [0.3ms]
[2026-05-06 12:10:45] MOVE chetan (lawn green): 67→57 [0.1ms]
[2026-05-06 12:10:46] MOVE asha (gray0): 17→30 [0.1ms]
[2026-05-06 12:10:46] MOVE chetan (lawn green): 57→56 [0.1ms]
[2026-05-06 12:10:46] MOVE asha (gray0): 31→18 [0.1ms]
[2026-05-06 12:10:46] MOVE chetan (lawn green): 56→66 [0.1ms]
[2026-05-06 12:10:46] MOVE asha (gray0): 30→31 [0.1ms]
[2026-05-06 12:10:46] MOVE chetan (lawn green): 66→77 [0.4ms]
[2026-05-06 12:10:47] MOVE asha (gray0): 18→9 [0.1ms]
[2026-05-06 12:10:47] MOVE chetan (lawn green): 77→89 [0.1ms]
[2026-05-06 12:10:47] MOVE asha (gray0): 31→18 [0.3ms]
[2026-05-06 12:10:47] MOVE chetan (lawn green): 89→102 [0.2ms]
[2026-05-06 12:10:47] MOVE asha (gray0): 9→31 [0.2ms]
[2026-05-06 12:10:47] MOVE chetan (lawn green): 102→90 [0.1ms]
[2026-05-06 12:10:48] MOVE asha (gray0): 18→43 [0.4ms]
[2026-05-06 12:10:48] MOVE chetan (lawn green): 90→78 [0.3ms]
[2026-05-06 12:10:48] MOVE asha (gray0): 31→54 [0.1ms]
[2026-05-06 12:10:48] MOVE chetan (lawn green): 78→67 [0.1ms]
[2026-05-06 12:10:48] MOVE asha (gray0): 43→64 [0.1ms]
[2026-05-06 12:10:48] MOVE chetan (lawn green): 67→57 [0.1ms]
[2026-05-06 12:10:48] MOVE asha (gray0): 54→43 [0.1ms]
[2026-05-06 12:10:49] MOVE chetan (lawn green): 57→56 [0.2ms]
[2026-05-06 12:10:49] MOVE asha (gray0): 64→54 [0.1ms]
[2026-05-06 12:10:49] MOVE chetan (lawn green): 56→66 [0.1ms]
[2026-05-06 12:10:49] MOVE asha (gray0): 43→64 [0.1ms]
[2026-05-06 12:10:49] MOVE chetan (lawn green): 66→77 [0.1ms]
[2026-05-06 12:10:49] MOVE asha (gray0): 54→74 [0.1ms]
[2026-05-06 12:10:50] MOVE chetan (lawn green): 77→89 [0.1ms]
[2026-05-06 12:10:50] MOVE asha (gray0): 64→63 [0.1ms]
[2026-05-06 12:10:50] MOVE chetan (lawn green): 89→102 [0.1ms]
[2026-05-06 12:10:50] MOVE asha (gray0): 74→73 [0.1ms]
[2026-05-06 12:10:50] MOVE chetan (lawn green): 102→90 [0.1ms]
[2026-05-06 12:10:50] MOVE asha (gray0): 63→53 [0.1ms]
[2026-05-06 12:10:51] MOVE chetan (lawn green): 90→78 [0.1ms]
[2026-05-06 12:10:51] MOVE asha (gray0): 73→63 [0.1ms]
[2026-05-06 12:10:51] MOVE chetan (lawn green): 78→67 [0.1ms]
[2026-05-06 12:10:51] MOVE asha (gray0): 53→54 [0.1ms]
[2026-05-06 12:10:51] MOVE chetan (lawn green): 67→57 [0.1ms]
[2026-05-06 12:10:51] MOVE asha (gray0): 63→64 [0.2ms]
[2026-05-06 12:10:51] MOVE chetan (lawn green): 57→56 [0.2ms]
[2026-05-06 12:10:52] MOVE asha (gray0): 54→43 [0.2ms]
[2026-05-06 12:10:52] MOVE chetan (lawn green): 56→66 [0.1ms]
[2026-05-06 12:10:52] MOVE asha (gray0): 64→54 [0.2ms]
[2026-05-06 12:10:52] MOVE chetan (lawn green): 66→77 [0.1ms]
[2026-05-06 12:10:52] MOVE asha (gray0): 43→64 [0.3ms]
[2026-05-06 12:10:52] MOVE chetan (lawn green): 77→89 [0.1ms]
[2026-05-06 12:10:53] MOVE asha (gray0): 54→43 [0.1ms]
[2026-05-06 12:10:53] MOVE chetan (lawn green): 89→102 [0.1ms]
[2026-05-06 12:10:53] MOVE asha (gray0): 64→63 [0.1ms]
[2026-05-06 12:10:53] MOVE chetan (lawn green): 102→90 [0.1ms]
[2026-05-06 12:10:53] MOVE asha (gray0): 43→31 [0.5ms]
[2026-05-06 12:10:53] MOVE chetan (lawn green): 90→78 [0.1ms]
[2026-05-06 12:10:54] MOVE asha (gray0): 63→53 [0.1ms]
[2026-05-06 12:10:54] MOVE chetan (lawn green): 78→67 [0.8ms]
[2026-05-06 12:10:54] MOVE asha (gray0): 31→18 [0.1ms]
[2026-05-06 12:10:54] MOVE chetan (lawn green): 67→57 [0.1ms]
[2026-05-06 12:10:54] MOVE asha (gray0): 53→54 [0.1ms]
[2026-05-06 12:10:54] MOVE chetan (lawn green): 57→56 [0.2ms]
[2026-05-06 12:10:54] MOVE asha (gray0): 18→9 [0.1ms]
[2026-05-06 12:10:55] MOVE chetan (lawn green): 56→66 [0.1ms]
[2026-05-06 12:10:55] MOVE asha (gray0): 54→43 [0.1ms]
[2026-05-06 12:10:55] MOVE chetan (lawn green): 66→77 [0.1ms]
[2026-05-06 12:10:55] MOVE asha (gray0): 9→17 [0.1ms]
[2026-05-06 12:10:55] MOVE chetan (lawn green): 77→89 [0.1ms]
[2026-05-06 12:10:55] MOVE asha (gray0): 43→31 [0.2ms]
[2026-05-06 12:10:56] MOVE chetan (lawn green): 89→102 [0.1ms]
[2026-05-06 12:10:56] MOVE asha (gray0): 17→30 [0.1ms]
[2026-05-06 12:10:56] MOVE chetan (lawn green): 102→90 [0.1ms]
[2026-05-06 12:10:56] MOVE asha (gray0): 31→18 [0.1ms]
[2026-05-06 12:10:56] MOVE chetan (lawn green): 90→78 [0.1ms]
[2026-05-06 12:10:56] MOVE asha (gray0): 30→31 [0.1ms]
[2026-05-06 12:10:57] MOVE chetan (lawn green): 78→67 [0.3ms]
[2026-05-06 12:10:57] MOVE asha (gray0): 18→9 [0.5ms]
[2026-05-06 12:10:57] MOVE chetan (lawn green): 67→57 [0.1ms]
[2026-05-06 12:10:57] MOVE asha (gray0): 31→18 [0.1ms]
[2026-05-06 12:10:57] MOVE chetan (lawn green): 57→56 [0.1ms]
[2026-05-06 12:10:57] MOVE asha (gray0): 9→31 [0.1ms]
[2026-05-06 12:10:57] MOVE chetan (lawn green): 56→66 [0.1ms]
[2026-05-06 12:10:58] MOVE asha (gray0): 18→43 [0.1ms]
[2026-05-06 12:10:58] MOVE chetan (lawn green): 66→77 [0.1ms]
[2026-05-06 12:10:58] MOVE asha (gray0): 31→54 [0.1ms]
[2026-05-06 12:10:58] MOVE chetan (lawn green): 77→89 [0.1ms]
[2026-05-06 12:10:58] MOVE asha (gray0): 43→64 [0.1ms]
[2026-05-06 12:10:58] MOVE chetan (lawn green): 89→102 [0.1ms]
[2026-05-06 12:10:59] MOVE asha (gray0): 54→43 [0.1ms]
[2026-05-06 12:10:59] MOVE chetan (lawn green): 102→90 [0.1ms]
[2026-05-06 12:10:59] MOVE asha (gray0): 64→54 [0.1ms]
[2026-05-06 12:10:59] MOVE chetan (lawn green): 90→78 [0.1ms]
[2026-05-06 12:10:59] MOVE asha (gray0): 43→64 [0.1ms]
[2026-05-06 12:10:59] MOVE chetan (lawn green): 78→67 [0.1ms]
[2026-05-06 12:11:00] MOVE asha (gray0): 54→74 [0.1ms]
[2026-05-06 12:11:00] MOVE chetan (lawn green): 67→57 [0.1ms]
[2026-05-06 12:11:00] MOVE asha (gray0): 64→63 [0.1ms]
[2026-05-06 12:11:00] MOVE chetan (lawn green): 57→56 [0.1ms]
[2026-05-06 12:11:00] MOVE asha (gray0): 74→73 [0.1ms]
[2026-05-06 12:11:00] MOVE chetan (lawn green): 56→66 [0.1ms]
[2026-05-06 12:11:00] MOVE asha (gray0): 63→53 [0.3ms]
[2026-05-06 12:11:01] MOVE chetan (lawn green): 66→77 [0.1ms]
[2026-05-06 12:11:01] MOVE asha (gray0): 73→63 [0.1ms]
[2026-05-06 12:11:01] MOVE chetan (lawn green): 77→89 [0.1ms]
[2026-05-06 12:11:01] MOVE asha (gray0): 53→54 [0.1ms]
[2026-05-06 12:11:01] MOVE chetan (lawn green): 89→102 [0.1ms]
[2026-05-06 12:11:01] MOVE asha (gray0): 63→64 [0.1ms]
[2026-05-06 12:11:02] MOVE chetan (lawn green): 102→90 [0.1ms]
[2026-05-06 12:11:02] MOVE asha (gray0): 54→43 [0.1ms]
[2026-05-06 12:11:02] MOVE chetan (lawn green): 90→78 [0.1ms]
[2026-05-06 12:11:02] MOVE asha (gray0): 64→54 [0.1ms]
[2026-05-06 12:11:02] MOVE chetan (lawn green): 78→67 [0.1ms]
[2026-05-06 12:11:02] MOVE asha (gray0): 43→64 [0.1ms]
[2026-05-06 12:11:02] MOVE chetan (lawn green): 67→57 [0.2ms]
[2026-05-06 12:11:03] MOVE asha (gray0): 54→43 [0.1ms]
[2026-05-06 12:11:03] MOVE chetan (lawn green): 57→56 [0.1ms]
[2026-05-06 12:11:03] MOVE asha (gray0): 64→63 [0.1ms]
[2026-05-06 12:11:03] MOVE chetan (lawn green): 56→66 [1.5ms]
[2026-05-06 12:11:03] MOVE asha (gray0): 43→31 [1.1ms]
[2026-05-06 12:11:03] MOVE chetan (lawn green): 66→77 [0.5ms]
[2026-05-06 12:11:04] MOVE asha (gray0): 63→53 [0.1ms]
[2026-05-06 12:11:04] MOVE chetan (lawn green): 77→89 [0.1ms]
[2026-05-06 12:11:04] MOVE asha (gray0): 31→18 [0.1ms]
[2026-05-06 12:11:04] MOVE chetan (lawn green): 89→102 [0.1ms]
[2026-05-06 12:11:04] MOVE asha (gray0): 53→54 [5.7ms]
[2026-05-06 12:11:04] MOVE chetan (lawn green): 102→90 [0.2ms]
[2026-05-06 12:11:05] MOVE asha (gray0): 18→9 [0.1ms]
[2026-05-06 12:11:05] MOVE chetan (lawn green): 90→78 [0.1ms]
[2026-05-06 12:11:05] MOVE asha (gray0): 54→43 [0.2ms]
[2026-05-06 12:11:05] MOVE chetan (lawn green): 78→67 [0.1ms]
[2026-05-06 12:11:05] MOVE asha (gray0): 9→17 [0.1ms]
[2026-05-06 12:11:05] MOVE chetan (lawn green): 67→57 [0.2ms]
[2026-05-06 12:11:06] MOVE asha (gray0): 43→31 [0.4ms]
[2026-05-06 12:11:06] MOVE chetan (lawn green): 57→56 [0.1ms]
[2026-05-06 12:11:06] MOVE asha (gray0): 17→30 [0.1ms]
[2026-05-06 12:11:06] MOVE chetan (lawn green): 56→66 [0.1ms]
[2026-05-06 12:11:06] MOVE asha (gray0): 31→18 [0.1ms]
[2026-05-06 12:11:06] MOVE chetan (lawn green): 66→77 [0.8ms]
[2026-05-06 12:11:06] MOVE asha (gray0): 30→31 [0.1ms]
[2026-05-06 12:11:07] MOVE chetan (lawn green): 77→89 [0.1ms]
[2026-05-06 12:11:07] MOVE asha (gray0): 18→9 [0.1ms]
[2026-05-06 12:11:07] MOVE chetan (lawn green): 89→102 [0.1ms]
[2026-05-06 12:11:07] MOVE asha (gray0): 31→18 [0.1ms]
[2026-05-06 12:11:07] MOVE chetan (lawn green): 102→90 [0.1ms]
[2026-05-06 12:11:07] MOVE asha (gray0): 9→31 [0.7ms]
[2026-05-06 12:11:08] MOVE chetan (lawn green): 90→78 [0.1ms]
[2026-05-06 12:11:08] MOVE asha (gray0): 18→43 [0.2ms]
[2026-05-06 12:11:08] MOVE chetan (lawn green): 78→67 [0.2ms]
[2026-05-06 12:11:08] MOVE asha (gray0): 31→54 [0.1ms]
[2026-05-06 12:11:08] MOVE chetan (lawn green): 67→57 [0.1ms]
[2026-05-06 12:11:08] MOVE asha (gray0): 43→64 [0.1ms]
[2026-05-06 12:11:08] MOVE chetan (lawn green): 57→56 [0.1ms]
[2026-05-06 12:11:09] MOVE asha (gray0): 54→43 [0.1ms]
[2026-05-06 12:11:09] MOVE chetan (lawn green): 56→66 [0.1ms]
[2026-05-06 12:11:09] MOVE asha (gray0): 64→54 [0.1ms]
[2026-05-06 12:11:09] MOVE chetan (lawn green): 66→77 [0.1ms]
[2026-05-06 12:11:09] MOVE asha (gray0): 43→64 [0.1ms]
[2026-05-06 12:11:09] MOVE chetan (lawn green): 77→89 [0.1ms]
[2026-05-06 12:11:10] MOVE asha (gray0): 54→74 [0.1ms]
[2026-05-06 12:11:10] MOVE chetan (lawn green): 89→102 [0.1ms]
[2026-05-06 12:11:10] MOVE asha (gray0): 64→63 [0.1ms]
[2026-05-06 12:11:10] MOVE chetan (lawn green): 102→90 [0.1ms]
[2026-05-06 12:11:10] MOVE asha (gray0): 74→73 [0.1ms]
[2026-05-06 12:11:10] MOVE chetan (lawn green): 90→78 [0.1ms]
[2026-05-06 12:11:11] MOVE asha (gray0): 63→53 [0.3ms]
[2026-05-06 12:11:11] MOVE chetan (lawn green): 78→67 [0.1ms]
[2026-05-06 12:11:11] MOVE asha (gray0): 73→63 [0.1ms]
[2026-05-06 12:11:11] MOVE chetan (lawn green): 67→57 [0.1ms]
[2026-05-06 12:11:11] MOVE asha (gray0): 53→54 [0.1ms]
[2026-05-06 12:11:11] MOVE chetan (lawn green): 57→56 [0.1ms]
[2026-05-06 12:11:12] MOVE asha (gray0): 63→64 [0.3ms]
[2026-05-06 12:11:12] MOVE chetan (lawn green): 56→66 [0.9ms]
[2026-05-06 12:11:12] MOVE asha (gray0): 54→43 [0.1ms]
[2026-05-06 12:11:12] MOVE chetan (lawn green): 66→77 [0.1ms]
[2026-05-06 12:11:12] MOVE asha (gray0): 64→54 [0.6ms]
[2026-05-06 12:11:12] MOVE chetan (lawn green): 77→89 [0.1ms]
[2026-05-06 12:11:13] MOVE asha (gray0): 43→64 [0.3ms]
[2026-05-06 12:11:13] MOVE chetan (lawn green): 89→102 [2.2ms]
[2026-05-06 12:11:13] MOVE asha (gray0): 54→43 [0.1ms]
[2026-05-06 12:11:13] MOVE chetan (lawn green): 102→90 [0.1ms]
[2026-05-06 12:11:13] MOVE asha (gray0): 64→63 [0.1ms]
[2026-05-06 12:11:13] MOVE chetan (lawn green): 90→78 [0.1ms]
[2026-05-06 12:11:14] MOVE asha (gray0): 43→31 [0.1ms]
[2026-05-06 12:11:14] MOVE chetan (lawn green): 78→67 [0.1ms]
[2026-05-06 12:11:14] MOVE asha (gray0): 63→53 [0.1ms]
[2026-05-06 12:11:14] MOVE chetan (lawn green): 67→57 [0.5ms]
[2026-05-06 12:11:14] MOVE asha (gray0): 31→18 [0.1ms]
[2026-05-06 12:11:14] MOVE chetan (lawn green): 57→56 [0.1ms]
[2026-05-06 12:11:14] MOVE asha (gray0): 53→54 [0.1ms]
[2026-05-06 12:11:15] MOVE chetan (lawn green): 56→66 [0.1ms]
[2026-05-06 12:11:15] MOVE asha (gray0): 18→9 [0.1ms]
[2026-05-06 12:11:15] MOVE chetan (lawn green): 66→77 [0.1ms]
[2026-05-06 12:11:15] MOVE asha (gray0): 54→43 [0.1ms]
[2026-05-06 12:11:15] MOVE chetan (lawn green): 77→89 [0.1ms]
[2026-05-06 12:11:15] MOVE asha (gray0): 9→17 [0.1ms]
[2026-05-06 12:11:16] MOVE chetan (lawn green): 89→102 [0.1ms]
[2026-05-06 12:11:16] MOVE asha (gray0): 43→31 [0.3ms]
[2026-05-06 12:11:16] MOVE chetan (lawn green): 102→90 [0.1ms]
[2026-05-06 12:11:16] MOVE asha (gray0): 17→30 [0.2ms]
[2026-05-06 12:11:16] MOVE chetan (lawn green): 90→78 [0.1ms]
[2026-05-06 12:11:16] MOVE asha (gray0): 31→18 [0.2ms]
[2026-05-06 12:11:17] MOVE chetan (lawn green): 78→67 [0.1ms]
[2026-05-06 12:11:17] MOVE asha (gray0): 30→31 [0.1ms]
[2026-05-06 12:11:17] MOVE chetan (lawn green): 67→57 [0.2ms]
[2026-05-06 12:11:17] MOVE asha (gray0): 18→9 [0.1ms]
[2026-05-06 12:11:17] MOVE chetan (lawn green): 57→56 [0.3ms]
[2026-05-06 12:11:17] MOVE asha (gray0): 31→18 [0.1ms]
[2026-05-06 12:11:17] MOVE chetan (lawn green): 56→66 [0.2ms]
[2026-05-06 12:11:18] MOVE asha (gray0): 9→31 [0.1ms]
[2026-05-06 12:11:18] MOVE chetan (lawn green): 66→77 [0.1ms]
[2026-05-06 12:11:18] MOVE asha (gray0): 18→43 [0.1ms]
[2026-05-06 12:11:18] MOVE chetan (lawn green): 77→89 [0.1ms]
[2026-05-06 12:11:18] MOVE asha (gray0): 31→54 [0.1ms]
[2026-05-06 12:11:18] MOVE chetan (lawn green): 89→102 [0.1ms]
[2026-05-06 12:11:19] MOVE asha (gray0): 43→64 [0.2ms]
[2026-05-06 12:11:19] MOVE chetan (lawn green): 102→90 [0.2ms]
[2026-05-06 12:11:19] MOVE asha (gray0): 54→43 [0.1ms]
[2026-05-06 12:11:19] MOVE chetan (lawn green): 90→78 [0.1ms]
[2026-05-06 12:11:19] MOVE asha (gray0): 64→54 [0.1ms]
[2026-05-06 12:11:19] MOVE chetan (lawn green): 78→67 [0.1ms]
[2026-05-06 12:11:20] MOVE asha (gray0): 43→64 [0.1ms]
[2026-05-06 12:11:20] MOVE chetan (lawn green): 67→57 [0.1ms]
[2026-05-06 12:11:20] MOVE asha (gray0): 54→74 [0.1ms]
[2026-05-06 12:11:20] MOVE chetan (lawn green): 57→56 [0.1ms]
[2026-05-06 12:11:20] MOVE asha (gray0): 64→63 [0.1ms]
[2026-05-06 12:11:20] MOVE chetan (lawn green): 56→66 [0.3ms]
[2026-05-06 12:11:20] MOVE asha (gray0): 74→73 [0.2ms]
[2026-05-06 12:11:21] MOVE chetan (lawn green): 66→77 [0.1ms]
[2026-05-06 12:11:21] MOVE asha (gray0): 63→53 [0.1ms]
[2026-05-06 12:11:21] MOVE chetan (lawn green): 77→89 [0.1ms]
[2026-05-06 12:11:21] MOVE asha (gray0): 73→63 [0.1ms]
[2026-05-06 12:11:21] MOVE chetan (lawn green): 89→102 [0.1ms]
[2026-05-06 12:11:21] MOVE asha (gray0): 53→54 [0.1ms]
[2026-05-06 12:11:22] MOVE chetan (lawn green): 102→90 [0.1ms]
[2026-05-06 12:11:22] MOVE asha (gray0): 63→64 [0.1ms]
[2026-05-06 12:11:22] MOVE chetan (lawn green): 90→78 [0.2ms]
[2026-05-06 12:11:22] MOVE asha (gray0): 54→43 [0.1ms]
[2026-05-06 12:11:32] SCORE chetan (lawn green): Final=1140.2, Time=42.2, Moves(451)=0.0, Pins(9)=900.0, Dist=198.0
[2026-05-06 12:11:32] SCORE asha (gray0): Final=1015.3, Time=17.3, Moves(451)=0.0, Pins(8)=800.0, Dist=198.0
[2026-05-06 12:11:32] TURN TIMEOUT: Player with colour lawn green exceeded 10s at move 902. Turn skipped.
[2026-05-06 12:11:43] SCORE chetan (lawn green): Final=1140.2, Time=42.2, Moves(451)=0.0, Pins(9)=900.0, Dist=198.0
[2026-05-06 12:11:43] SCORE asha (gray0): Final=1015.3, Time=17.3, Moves(451)=0.0, Pins(8)=800.0, Dist=198.0
[2026-05-06 12:11:43] TURN TIMEOUT: Player with colour gray0 exceeded 10s at move 902. Turn skipped.
