[2026-05-06 14:22:07] GAME CREATED
[2026-05-06 14:22:12] PLAYER JOINED: chetan as lawn green
[2026-05-06 14:22:18] PLAYER JOINED: asha as gray0
[2026-05-06 14:22:21] GAME STARTED — turn order: ['lawn green', 'gray0']
[2026-05-06 14:22:21] MOVE chetan (lawn green): 20→18 [5.5ms]
[2026-05-06 14:22:22] MOVE asha (gray0): 75→56 [0.1ms]
[2026-05-06 14:22:22] MOVE chetan (lawn green): 22→43 [0.2ms]
[2026-05-06 14:22:22] MOVE asha (gray0): 98→77 [0.2ms]
[2026-05-06 14:22:22] MOVE chetan (lawn green): 19→17 [0.3ms]
[2026-05-06 14:22:22] MOVE asha (gray0): 65→47 [0.1ms]
[2026-05-06 14:22:23] MOVE chetan (lawn green): 33→29 [0.3ms]
[2026-05-06 14:22:23] MOVE asha (gray0): 87→48 [0.3ms]
[2026-05-06 14:22:23] MOVE chetan (lawn green): 17→40 [0.1ms]
[2026-05-06 14:22:23] MOVE asha (gray0): 47→49 [0.1ms]
[2026-05-06 14:22:23] MOVE chetan (lawn green): 29→50 [0.2ms]
[2026-05-06 14:22:23] MOVE asha (gray0): 88→47 [0.2ms]
[2026-05-06 14:22:24] MOVE chetan (lawn green): 40→57 [0.2ms]
[2026-05-06 14:22:24] MOVE asha (gray0): 56→39 [0.1ms]
[2026-05-06 14:22:24] MOVE chetan (lawn green): 50→59 [0.1ms]
[2026-05-06 14:22:24] MOVE asha (gray0): 49→28 [0.1ms]
[2026-05-06 14:22:24] MOVE chetan (lawn green): 57→56 [0.2ms]
[2026-05-06 14:22:24] MOVE asha (gray0): 39→16 [0.1ms]
[2026-05-06 14:22:25] MOVE chetan (lawn green): 56→65 [0.1ms]
[2026-05-06 14:22:25] MOVE asha (gray0): 100→60 [0.1ms]
[2026-05-06 14:22:25] MOVE chetan (lawn green): 65→75 [0.1ms]
[2026-05-06 14:22:25] MOVE asha (gray0): 47→51 [0.1ms]
[2026-05-06 14:22:25] MOVE chetan (lawn green): 75→98 [0.1ms]
[2026-05-06 14:22:25] MOVE asha (gray0): 60→41 [0.1ms]
[2026-05-06 14:22:26] MOVE chetan (lawn green): 98→75 [0.1ms]
[2026-05-06 14:22:26] MOVE asha (gray0): 51→30 [0.2ms]
[2026-05-06 14:22:26] MOVE chetan (lawn green): 75→98 [0.1ms]
[2026-05-06 14:22:26] MOVE asha (gray0): 16→17 [0.1ms]
[2026-05-06 14:22:26] MOVE chetan (lawn green): 98→75 [0.3ms]
[2026-05-06 14:22:26] MOVE asha (gray0): 17→19 [0.1ms]
[2026-05-06 14:22:27] MOVE chetan (lawn green): 75→98 [0.1ms]
[2026-05-06 14:22:27] MOVE asha (gray0): 19→20 [0.1ms]
[2026-05-06 14:22:27] MOVE chetan (lawn green): 98→75 [0.1ms]
[2026-05-06 14:22:27] MOVE asha (gray0): 20→22 [0.1ms]
[2026-05-06 14:22:27] MOVE chetan (lawn green): 75→98 [0.3ms]
[2026-05-06 14:22:27] MOVE asha (gray0): 22→20 [0.1ms]
[2026-05-06 14:22:28] MOVE chetan (lawn green): 98→75 [0.1ms]
[2026-05-06 14:22:28] MOVE asha (gray0): 20→22 [0.1ms]
[2026-05-06 14:22:28] MOVE chetan (lawn green): 75→98 [0.1ms]
[2026-05-06 14:22:28] MOVE asha (gray0): 22→20 [0.1ms]
[2026-05-06 14:22:28] MOVE chetan (lawn green): 98→75 [0.2ms]
[2026-05-06 14:22:29] MOVE asha (gray0): 20→22 [0.2ms]
[2026-05-06 14:22:29] MOVE chetan (lawn green): 75→98 [0.1ms]
[2026-05-06 14:22:29] MOVE asha (gray0): 22→20 [0.1ms]
[2026-05-06 14:22:29] MOVE chetan (lawn green): 98→75 [0.1ms]
[2026-05-06 14:22:29] MOVE asha (gray0): 20→22 [0.1ms]
[2026-05-06 14:22:29] MOVE chetan (lawn green): 75→98 [0.1ms]
[2026-05-06 14:22:30] MOVE asha (gray0): 22→20 [0.2ms]
[2026-05-06 14:22:30] MOVE chetan (lawn green): 98→75 [0.3ms]
[2026-05-06 14:22:30] MOVE asha (gray0): 20→22 [0.5ms]
[2026-05-06 14:22:30] MOVE chetan (lawn green): 75→98 [0.2ms]
[2026-05-06 14:22:30] MOVE asha (gray0): 22→20 [0.1ms]
[2026-05-06 14:22:30] MOVE chetan (lawn green): 98→75 [0.1ms]
[2026-05-06 14:22:30] MOVE asha (gray0): 20→22 [0.1ms]
[2026-05-06 14:22:31] MOVE chetan (lawn green): 75→98 [0.1ms]
[2026-05-06 14:22:31] MOVE asha (gray0): 22→20 [0.1ms]
[2026-05-06 14:22:31] MOVE chetan (lawn green): 98→75 [0.1ms]
[2026-05-06 14:22:31] MOVE asha (gray0): 20→22 [0.1ms]
[2026-05-06 14:22:31] MOVE chetan (lawn green): 75→98 [0.2ms]
[2026-05-06 14:22:31] MOVE asha (gray0): 22→20 [0.1ms]
[2026-05-06 14:22:31] MOVE chetan (lawn green): 98→75 [0.1ms]
[2026-05-06 14:22:32] MOVE asha (gray0): 20→22 [0.1ms]
[2026-05-06 14:22:32] MOVE chetan (lawn green): 75→98 [0.1ms]
[2026-05-06 14:22:32] MOVE asha (gray0): 22→20 [0.1ms]
[2026-05-06 14:22:32] MOVE chetan (lawn green): 98→75 [0.2ms]
[2026-05-06 14:22:32] MOVE asha (gray0): 20→22 [0.1ms]
[2026-05-06 14:22:32] MOVE chetan (lawn green): 75→98 [0.1ms]
[2026-05-06 14:22:33] MOVE asha (gray0): 22→20 [0.1ms]
[2026-05-06 14:22:33] MOVE chetan (lawn green): 98→75 [0.1ms]
[2026-05-06 14:22:33] MOVE asha (gray0): 20→22 [0.1ms]
[2026-05-06 14:22:33] MOVE chetan (lawn green): 75→98 [0.1ms]
[2026-05-06 14:22:33] MOVE asha (gray0): 22→20 [0.1ms]
[2026-05-06 14:22:33] MOVE chetan (lawn green): 98→75 [0.1ms]
[2026-05-06 14:22:34] MOVE asha (gray0): 20→22 [0.1ms]
[2026-05-06 14:22:34] MOVE chetan (lawn green): 75→98 [0.1ms]
[2026-05-06 14:22:34] MOVE asha (gray0): 22→20 [0.2ms]
[2026-05-06 14:22:34] MOVE chetan (lawn green): 98→75 [0.3ms]
[2026-05-06 14:22:34] MOVE asha (gray0): 20→22 [0.4ms]
[2026-05-06 14:22:34] MOVE chetan (lawn green): 75→98 [0.1ms]
[2026-05-06 14:22:35] MOVE asha (gray0): 22→20 [0.1ms]
[2026-05-06 14:22:35] MOVE chetan (lawn green): 98→75 [0.2ms]
[2026-05-06 14:22:35] MOVE asha (gray0): 20→22 [0.1ms]
[2026-05-06 14:22:35] MOVE chetan (lawn green): 75→98 [0.1ms]
[2026-05-06 14:22:35] MOVE asha (gray0): 22→20 [0.1ms]
[2026-05-06 14:22:35] MOVE chetan (lawn green): 98→75 [0.1ms]
[2026-05-06 14:22:36] MOVE asha (gray0): 20→22 [0.2ms]
[2026-05-06 14:22:36] MOVE chetan (lawn green): 75→98 [0.1ms]
[2026-05-06 14:22:36] MOVE asha (gray0): 22→20 [0.1ms]
[2026-05-06 14:22:36] MOVE chetan (lawn green): 98→75 [0.1ms]
[2026-05-06 14:22:36] MOVE asha (gray0): 20→22 [0.1ms]
[2026-05-06 14:22:36] MOVE chetan (lawn green): 75→98 [0.1ms]
[2026-05-06 14:22:37] MOVE asha (gray0): 22→20 [0.1ms]
[2026-05-06 14:22:37] MOVE chetan (lawn green): 98→75 [0.1ms]
[2026-05-06 14:22:37] MOVE asha (gray0): 20→22 [0.2ms]
[2026-05-06 14:22:37] MOVE chetan (lawn green): 75→98 [0.5ms]
[2026-05-06 14:22:37] MOVE asha (gray0): 22→20 [0.1ms]
[2026-05-06 14:22:37] MOVE chetan (lawn green): 98→75 [0.1ms]
[2026-05-06 14:22:38] MOVE asha (gray0): 20→22 [0.1ms]
[2026-05-06 14:22:38] MOVE chetan (lawn green): 75→98 [0.5ms]
[2026-05-06 14:22:38] MOVE asha (gray0): 22→20 [0.1ms]
[2026-05-06 14:22:38] MOVE chetan (lawn green): 98→75 [0.1ms]
[2026-05-06 14:22:38] MOVE asha (gray0): 20→22 [0.1ms]
[2026-05-06 14:22:39] MOVE chetan (lawn green): 75→98 [0.1ms]
[2026-05-06 14:22:39] MOVE asha (gray0): 22→20 [0.1ms]
[2026-05-06 14:22:39] MOVE chetan (lawn green): 98→75 [0.2ms]
[2026-05-06 14:22:39] MOVE asha (gray0): 20→22 [0.1ms]
[2026-05-06 14:22:40] MOVE chetan (lawn green): 75→98 [0.1ms]
[2026-05-06 14:22:40] MOVE asha (gray0): 22→20 [0.1ms]
[2026-05-06 14:22:40] MOVE chetan (lawn green): 98→75 [0.1ms]
[2026-05-06 14:22:40] MOVE asha (gray0): 20→22 [0.1ms]
[2026-05-06 14:22:40] MOVE chetan (lawn green): 75→98 [0.1ms]
[2026-05-06 14:22:40] MOVE asha (gray0): 22→20 [0.1ms]
[2026-05-06 14:22:41] MOVE chetan (lawn green): 98→75 [0.1ms]
[2026-05-06 14:22:41] MOVE asha (gray0): 20→22 [0.1ms]
[2026-05-06 14:22:41] MOVE chetan (lawn green): 75→98 [0.1ms]
[2026-05-06 14:22:41] MOVE asha (gray0): 22→20 [0.1ms]
[2026-05-06 14:22:41] MOVE chetan (lawn green): 98→75 [0.2ms]
[2026-05-06 14:22:41] MOVE asha (gray0): 20→22 [0.1ms]
[2026-05-06 14:22:42] MOVE chetan (lawn green): 75→98 [0.1ms]
[2026-05-06 14:22:42] MOVE asha (gray0): 22→20 [0.3ms]
[2026-05-06 14:22:42] MOVE chetan (lawn green): 98→75 [0.1ms]
[2026-05-06 14:22:42] MOVE asha (gray0): 20→22 [0.1ms]
[2026-05-06 14:22:42] MOVE chetan (lawn green): 75→98 [0.1ms]
[2026-05-06 14:22:42] MOVE asha (gray0): 22→20 [0.1ms]
[2026-05-06 14:22:42] MOVE chetan (lawn green): 98→75 [0.1ms]
[2026-05-06 14:22:43] MOVE asha (gray0): 20→22 [0.1ms]
[2026-05-06 14:22:43] MOVE chetan (lawn green): 75→98 [0.1ms]
[2026-05-06 14:22:43] MOVE asha (gray0): 22→20 [0.1ms]
[2026-05-06 14:22:43] MOVE chetan (lawn green): 98→75 [0.1ms]
[2026-05-06 14:22:43] MOVE asha (gray0): 20→22 [0.1ms]
[2026-05-06 14:22:43] MOVE chetan (lawn green): 75→98 [0.1ms]
[2026-05-06 14:22:44] MOVE asha (gray0): 22→20 [0.2ms]
[2026-05-06 14:22:44] MOVE chetan (lawn green): 98→75 [0.1ms]
[2026-05-06 14:22:44] MOVE asha (gray0): 20→22 [0.2ms]
[2026-05-06 14:22:44] MOVE chetan (lawn green): 75→98 [0.1ms]
[2026-05-06 14:22:44] MOVE asha (gray0): 22→20 [0.1ms]
[2026-05-06 14:22:44] MOVE chetan (lawn green): 98→75 [0.1ms]
[2026-05-06 14:22:45] MOVE asha (gray0): 20→22 [0.3ms]
[2026-05-06 14:22:45] MOVE chetan (lawn green): 75→98 [0.1ms]
[2026-05-06 14:22:45] MOVE asha (gray0): 22→20 [0.2ms]
[2026-05-06 14:22:45] MOVE chetan (lawn green): 98→75 [0.2ms]
[2026-05-06 14:22:45] MOVE asha (gray0): 20→22 [0.1ms]
[2026-05-06 14:22:45] MOVE chetan (lawn green): 75→98 [0.1ms]
[2026-05-06 14:22:46] MOVE asha (gray0): 22→20 [0.1ms]
[2026-05-06 14:22:46] MOVE chetan (lawn green): 98→75 [0.1ms]
[2026-05-06 14:22:46] MOVE asha (gray0): 20→22 [0.1ms]
[2026-05-06 14:22:46] MOVE chetan (lawn green): 75→98 [0.3ms]
[2026-05-06 14:22:46] MOVE asha (gray0): 22→20 [0.1ms]
[2026-05-06 14:22:46] MOVE chetan (lawn green): 98→75 [0.1ms]
[2026-05-06 14:22:47] MOVE asha (gray0): 20→22 [0.2ms]
[2026-05-06 14:22:47] MOVE chetan (lawn green): 75→98 [0.2ms]
[2026-05-06 14:22:47] MOVE asha (gray0): 22→20 [0.1ms]
[2026-05-06 14:22:47] MOVE chetan (lawn green): 98→75 [0.2ms]
[2026-05-06 14:22:47] MOVE asha (gray0): 20→22 [0.1ms]
[2026-05-06 14:22:47] MOVE chetan (lawn green): 75→98 [0.1ms]
[2026-05-06 14:22:48] MOVE asha (gray0): 22→20 [0.3ms]
[2026-05-06 14:22:48] MOVE chetan (lawn green): 98→75 [0.1ms]
[2026-05-06 14:22:48] MOVE asha (gray0): 20→22 [0.1ms]
[2026-05-06 14:22:48] MOVE chetan (lawn green): 75→98 [0.1ms]
[2026-05-06 14:22:48] MOVE asha (gray0): 22→20 [0.1ms]
[2026-05-06 14:22:48] MOVE chetan (lawn green): 98→75 [0.2ms]
[2026-05-06 14:22:49] MOVE asha (gray0): 20→22 [0.1ms]
[2026-05-06 14:22:49] MOVE chetan (lawn green): 75→98 [0.2ms]
[2026-05-06 14:22:49] MOVE asha (gray0): 22→20 [0.1ms]
[2026-05-06 14:22:49] MOVE chetan (lawn green): 98→75 [0.1ms]
[2026-05-06 14:22:49] MOVE asha (gray0): 20→22 [0.2ms]
[2026-05-06 14:22:49] MOVE chetan (lawn green): 75→98 [0.2ms]
[2026-05-06 14:22:50] MOVE asha (gray0): 22→20 [0.2ms]
[2026-05-06 14:22:50] MOVE chetan (lawn green): 98→75 [0.1ms]
[2026-05-06 14:22:50] MOVE asha (gray0): 20→22 [0.1ms]
[2026-05-06 14:22:50] MOVE chetan (lawn green): 75→98 [0.7ms]
[2026-05-06 14:22:50] MOVE asha (gray0): 22→20 [0.1ms]
[2026-05-06 14:22:50] MOVE chetan (lawn green): 98→75 [0.1ms]
[2026-05-06 14:22:51] MOVE asha (gray0): 20→22 [0.1ms]
[2026-05-06 14:22:51] MOVE chetan (lawn green): 75→98 [0.1ms]
[2026-05-06 14:22:51] MOVE asha (gray0): 22→20 [0.1ms]
[2026-05-06 14:22:51] MOVE chetan (lawn green): 98→75 [0.1ms]
[2026-05-06 14:22:51] MOVE asha (gray0): 20→22 [0.1ms]
[2026-05-06 14:22:51] MOVE chetan (lawn green): 75→98 [0.1ms]
[2026-05-06 14:22:51] MOVE asha (gray0): 22→20 [0.1ms]
[2026-05-06 14:22:52] MOVE chetan (lawn green): 98→75 [0.1ms]
[2026-05-06 14:22:52] MOVE asha (gray0): 20→22 [0.1ms]
[2026-05-06 14:22:52] MOVE chetan (lawn green): 75→98 [0.1ms]
[2026-05-06 14:22:52] MOVE asha (gray0): 22→20 [0.2ms]
[2026-05-06 14:22:52] MOVE chetan (lawn green): 98→75 [0.2ms]
[2026-05-06 14:22:52] MOVE asha (gray0): 20→22 [0.2ms]
[2026-05-06 14:22:53] MOVE chetan (lawn green): 75→98 [0.1ms]
[2026-05-06 14:22:53] MOVE asha (gray0): 22→20 [0.1ms]
[2026-05-06 14:22:53] MOVE chetan (lawn green): 98→75 [0.1ms]
[2026-05-06 14:22:53] MOVE asha (gray0): 20→22 [0.2ms]
[2026-05-06 14:22:53] MOVE chetan (lawn green): 75→98 [0.2ms]
[2026-05-06 14:22:53] MOVE asha (gray0): 22→20 [0.1ms]
[2026-05-06 14:22:54] MOVE chetan (lawn green): 98→75 [0.1ms]
[2026-05-06 14:22:54] MOVE asha (gray0): 20→22 [0.1ms]
[2026-05-06 14:22:54] MOVE chetan (lawn green): 75→98 [0.1ms]
[2026-05-06 14:22:54] MOVE asha (gray0): 22→20 [0.1ms]
[2026-05-06 14:22:54] MOVE chetan (lawn green): 98→75 [0.1ms]
[2026-05-06 14:22:54] MOVE asha (gray0): 20→22 [0.1ms]
[2026-05-06 14:22:55] MOVE chetan (lawn green): 75→98 [0.1ms]
[2026-05-06 14:22:55] MOVE asha (gray0): 22→20 [0.1ms]
[2026-05-06 14:22:55] MOVE chetan (lawn green): 98→75 [0.2ms]
[2026-05-06 14:22:55] MOVE asha (gray0): 20→22 [0.3ms]
[2026-05-06 14:22:55] MOVE chetan (lawn green): 75→98 [0.1ms]
[2026-05-06 14:22:55] MOVE asha (gray0): 22→20 [0.1ms]
[2026-05-06 14:22:55] MOVE chetan (lawn green): 98→75 [0.1ms]
[2026-05-06 14:22:56] MOVE asha (gray0): 20→22 [0.1ms]
[2026-05-06 14:22:56] MOVE chetan (lawn green): 75→98 [0.1ms]
[2026-05-06 14:22:56] MOVE asha (gray0): 22→20 [0.2ms]
[2026-05-06 14:22:56] MOVE chetan (lawn green): 98→75 [0.1ms]
[2026-05-06 14:22:56] MOVE asha (gray0): 20→22 [0.1ms]
[2026-05-06 14:22:56] MOVE chetan (lawn green): 75→98 [0.1ms]
[2026-05-06 14:22:57] MOVE asha (gray0): 22→20 [0.1ms]
[2026-05-06 14:22:57] MOVE chetan (lawn green): 98→75 [0.1ms]
[2026-05-06 14:22:57] MOVE asha (gray0): 20→22 [0.1ms]
[2026-05-06 14:22:57] MOVE chetan (lawn green): 75→98 [0.1ms]
[2026-05-06 14:22:57] MOVE asha (gray0): 22→20 [0.4ms]
[2026-05-06 14:22:57] MOVE chetan (lawn green): 98→75 [0.2ms]
[2026-05-06 14:22:58] MOVE asha (gray0): 20→22 [0.1ms]
[2026-05-06 14:22:58] MOVE chetan (lawn green): 75→98 [0.1ms]
[2026-05-06 14:22:58] MOVE asha (gray0): 22→20 [0.1ms]
[2026-05-06 14:22:58] MOVE chetan (lawn green): 98→75 [0.1ms]
[2026-05-06 14:22:58] MOVE asha (gray0): 20→22 [0.2ms]
[2026-05-06 14:22:58] MOVE chetan (lawn green): 75→98 [0.2ms]
[2026-05-06 14:22:59] MOVE asha (gray0): 22→20 [0.1ms]
[2026-05-06 14:22:59] MOVE chetan (lawn green): 98→75 [0.2ms]
[2026-05-06 14:22:59] MOVE asha (gray0): 20→22 [0.2ms]
[2026-05-06 14:22:59] MOVE chetan (lawn green): 75→98 [0.1ms]
[2026-05-06 14:22:59] MOVE asha (gray0): 22→20 [0.1ms]
[2026-05-06 14:22:59] MOVE chetan (lawn green): 98→75 [0.1ms]
[2026-05-06 14:23:00] MOVE asha (gray0): 20→22 [0.2ms]
[2026-05-06 14:23:00] MOVE chetan (lawn green): 75→98 [0.1ms]
[2026-05-06 14:23:00] MOVE asha (gray0): 22→20 [0.1ms]
[2026-05-06 14:23:00] MOVE chetan (lawn green): 98→75 [0.1ms]
[2026-05-06 14:23:00] MOVE asha (gray0): 20→22 [0.2ms]
[2026-05-06 14:23:00] MOVE chetan (lawn green): 75→98 [0.1ms]
[2026-05-06 14:23:01] MOVE asha (gray0): 22→20 [0.1ms]
[2026-05-06 14:23:01] MOVE chetan (lawn green): 98→75 [0.2ms]
[2026-05-06 14:23:01] MOVE asha (gray0): 20→22 [0.1ms]
[2026-05-06 14:23:01] MOVE chetan (lawn green): 75→98 [0.1ms]
[2026-05-06 14:23:01] MOVE asha (gray0): 22→20 [0.2ms]
[2026-05-06 14:23:01] MOVE chetan (lawn green): 98→75 [0.1ms]
[2026-05-06 14:23:02] MOVE asha (gray0): 20→22 [0.1ms]
[2026-05-06 14:23:02] MOVE chetan (lawn green): 75→98 [0.1ms]
[2026-05-06 14:23:02] MOVE asha (gray0): 22→20 [0.1ms]
[2026-05-06 14:23:02] MOVE chetan (lawn green): 98→75 [0.1ms]
[2026-05-06 14:23:02] MOVE asha (gray0): 20→22 [0.1ms]
[2026-05-06 14:23:02] MOVE chetan (lawn green): 75→98 [0.1ms]
[2026-05-06 14:23:03] MOVE asha (gray0): 22→20 [0.1ms]
[2026-05-06 14:23:03] MOVE chetan (lawn green): 98→75 [0.1ms]
[2026-05-06 14:23:03] MOVE asha (gray0): 20→22 [0.1ms]
[2026-05-06 14:23:03] MOVE chetan (lawn green): 75→98 [0.1ms]
[2026-05-06 14:23:03] MOVE asha (gray0): 22→20 [0.2ms]
[2026-05-06 14:23:03] MOVE chetan (lawn green): 98→75 [0.2ms]
[2026-05-06 14:23:03] MOVE asha (gray0): 20→22 [0.1ms]
[2026-05-06 14:23:04] MOVE chetan (lawn green): 75→98 [0.1ms]
[2026-05-06 14:23:04] MOVE asha (gray0): 22→20 [0.1ms]
[2026-05-06 14:23:04] MOVE chetan (lawn green): 98→75 [0.1ms]
[2026-05-06 14:23:04] MOVE asha (gray0): 20→22 [0.1ms]
[2026-05-06 14:23:04] MOVE chetan (lawn green): 75→98 [0.2ms]
[2026-05-06 14:23:04] MOVE asha (gray0): 22→20 [0.1ms]
[2026-05-06 14:23:05] MOVE chetan (lawn green): 98→75 [0.1ms]
[2026-05-06 14:23:05] MOVE asha (gray0): 20→22 [0.1ms]
[2026-05-06 14:23:05] MOVE chetan (lawn green): 75→98 [0.1ms]
[2026-05-06 14:23:05] MOVE asha (gray0): 22→20 [0.2ms]
[2026-05-06 14:23:05] MOVE chetan (lawn green): 98→75 [0.1ms]
[2026-05-06 14:23:05] MOVE asha (gray0): 20→22 [0.1ms]
[2026-05-06 14:23:06] MOVE chetan (lawn green): 75→98 [0.2ms]
[2026-05-06 14:23:06] MOVE asha (gray0): 22→20 [0.4ms]
[2026-05-06 14:23:06] MOVE chetan (lawn green): 98→75 [0.2ms]
[2026-05-06 14:23:06] MOVE asha (gray0): 20→22 [0.2ms]
[2026-05-06 14:23:06] MOVE chetan (lawn green): 75→98 [0.1ms]
[2026-05-06 14:23:06] MOVE asha (gray0): 22→20 [0.1ms]
[2026-05-06 14:23:07] MOVE chetan (lawn green): 98→75 [0.1ms]
[2026-05-06 14:23:07] MOVE asha (gray0): 20→22 [0.1ms]
[2026-05-06 14:23:07] MOVE chetan (lawn green): 75→98 [0.1ms]
[2026-05-06 14:23:07] MOVE asha (gray0): 22→20 [0.1ms]
[2026-05-06 14:23:07] MOVE chetan (lawn green): 98→75 [0.1ms]
[2026-05-06 14:23:07] MOVE asha (gray0): 20→22 [0.2ms]
[2026-05-06 14:23:07] MOVE chetan (lawn green): 75→98 [0.1ms]
[2026-05-06 14:23:08] MOVE asha (gray0): 22→20 [0.1ms]
[2026-05-06 14:23:08] MOVE chetan (lawn green): 98→75 [0.1ms]
[2026-05-06 14:23:08] MOVE asha (gray0): 20→22 [0.1ms]
[2026-05-06 14:23:08] MOVE chetan (lawn green): 75→98 [0.1ms]
[2026-05-06 14:23:08] MOVE asha (gray0): 22→20 [0.1ms]
[2026-05-06 14:23:08] MOVE chetan (lawn green): 98→75 [0.1ms]
[2026-05-06 14:23:09] MOVE asha (gray0): 20→22 [0.1ms]
[2026-05-06 14:23:09] MOVE chetan (lawn green): 75→98 [0.1ms]
[2026-05-06 14:23:09] MOVE asha (gray0): 22→20 [0.1ms]
[2026-05-06 14:23:09] MOVE chetan (lawn green): 98→75 [0.1ms]
[2026-05-06 14:23:09] MOVE asha (gray0): 20→22 [0.1ms]
[2026-05-06 14:23:09] MOVE chetan (lawn green): 75→98 [0.1ms]
[2026-05-06 14:23:10] MOVE asha (gray0): 22→20 [0.1ms]
[2026-05-06 14:23:10] MOVE chetan (lawn green): 98→75 [0.1ms]
[2026-05-06 14:23:10] MOVE asha (gray0): 20→22 [0.1ms]
[2026-05-06 14:23:10] MOVE chetan (lawn green): 75→98 [0.2ms]
[2026-05-06 14:23:10] MOVE asha (gray0): 22→20 [0.1ms]
[2026-05-06 14:23:10] MOVE chetan (lawn green): 98→75 [0.1ms]
[2026-05-06 14:23:11] MOVE asha (gray0): 20→22 [0.1ms]
[2026-05-06 14:23:11] MOVE chetan (lawn green): 75→98 [0.2ms]
[2026-05-06 14:23:11] MOVE asha (gray0): 22→20 [0.1ms]
[2026-05-06 14:23:11] MOVE chetan (lawn green): 98→75 [0.1ms]
[2026-05-06 14:23:11] MOVE asha (gray0): 20→22 [0.2ms]
[2026-05-06 14:23:11] MOVE chetan (lawn green): 75→98 [0.1ms]
[2026-05-06 14:23:12] MOVE asha (gray0): 22→20 [0.1ms]
[2026-05-06 14:23:12] MOVE chetan (lawn green): 98→75 [0.1ms]
[2026-05-06 14:23:12] MOVE asha (gray0): 20→22 [0.1ms]
[2026-05-06 14:23:12] MOVE chetan (lawn green): 75→98 [0.1ms]
[2026-05-06 14:23:12] MOVE asha (gray0): 22→20 [0.1ms]
[2026-05-06 14:23:12] MOVE chetan (lawn green): 98→75 [0.1ms]
[2026-05-06 14:23:13] MOVE asha (gray0): 20→22 [0.1ms]
[2026-05-06 14:23:13] MOVE chetan (lawn green): 75→98 [0.8ms]
[2026-05-06 14:23:13] MOVE asha (gray0): 22→20 [0.1ms]
[2026-05-06 14:23:13] MOVE chetan (lawn green): 98→75 [0.1ms]
[2026-05-06 14:23:13] MOVE asha (gray0): 20→22 [0.1ms]
[2026-05-06 14:23:13] MOVE chetan (lawn green): 75→98 [0.1ms]
[2026-05-06 14:23:14] MOVE asha (gray0): 22→20 [0.4ms]
[2026-05-06 14:23:14] MOVE chetan (lawn green): 98→75 [0.1ms]
[2026-05-06 14:23:14] MOVE asha (gray0): 20→22 [0.1ms]
[2026-05-06 14:23:14] MOVE chetan (lawn green): 75→98 [0.1ms]
[2026-05-06 14:23:14] MOVE asha (gray0): 22→20 [0.1ms]
[2026-05-06 14:23:14] MOVE chetan (lawn green): 98→75 [0.1ms]
[2026-05-06 14:23:14] MOVE asha (gray0): 20→22 [0.1ms]
[2026-05-06 14:23:15] MOVE chetan (lawn green): 75→98 [0.1ms]
[2026-05-06 14:23:15] MOVE asha (gray0): 22→20 [0.1ms]
[2026-05-06 14:23:15] MOVE chetan (lawn green): 98→75 [0.2ms]
[2026-05-06 14:23:15] MOVE asha (gray0): 20→22 [0.1ms]
[2026-05-06 14:23:15] MOVE chetan (lawn green): 75→98 [0.1ms]
[2026-05-06 14:23:15] MOVE asha (gray0): 22→20 [0.1ms]
[2026-05-06 14:23:16] MOVE chetan (lawn green): 98→75 [0.1ms]
[2026-05-06 14:23:16] MOVE asha (gray0): 20→22 [0.1ms]
[2026-05-06 14:23:16] MOVE chetan (lawn green): 75→98 [0.1ms]
[2026-05-06 14:23:16] MOVE asha (gray0): 22→20 [0.1ms]
[2026-05-06 14:23:16] MOVE chetan (lawn green): 98→75 [0.1ms]
[2026-05-06 14:23:16] MOVE asha (gray0): 20→22 [0.1ms]
[2026-05-06 14:23:17] MOVE chetan (lawn green): 75→98 [0.1ms]
[2026-05-06 14:23:17] MOVE asha (gray0): 22→20 [0.1ms]
[2026-05-06 14:23:17] MOVE chetan (lawn green): 98→75 [0.1ms]
[2026-05-06 14:23:17] MOVE asha (gray0): 20→22 [0.2ms]
[2026-05-06 14:23:17] MOVE chetan (lawn green): 75→98 [0.1ms]
[2026-05-06 14:23:17] MOVE asha (gray0): 22→20 [0.1ms]
[2026-05-06 14:23:17] MOVE chetan (lawn green): 98→75 [0.1ms]
[2026-05-06 14:23:18] MOVE asha (gray0): 20→22 [0.1ms]
[2026-05-06 14:23:18] MOVE chetan (lawn green): 75→98 [0.1ms]
[2026-05-06 14:23:18] MOVE asha (gray0): 22→20 [0.1ms]
[2026-05-06 14:23:18] MOVE chetan (lawn green): 98→75 [0.1ms]
[2026-05-06 14:23:18] MOVE asha (gray0): 20→22 [0.1ms]
[2026-05-06 14:23:18] MOVE chetan (lawn green): 75→98 [0.1ms]
[2026-05-06 14:23:19] MOVE asha (gray0): 22→20 [0.1ms]
[2026-05-06 14:23:19] MOVE chetan (lawn green): 98→75 [0.1ms]
[2026-05-06 14:23:19] MOVE asha (gray0): 20→22 [0.1ms]
[2026-05-06 14:23:19] MOVE chetan (lawn green): 75→98 [0.1ms]
[2026-05-06 14:23:19] MOVE asha (gray0): 22→20 [0.1ms]
[2026-05-06 14:23:19] MOVE chetan (lawn green): 98→75 [0.1ms]
[2026-05-06 14:23:20] MOVE asha (gray0): 20→22 [0.1ms]
[2026-05-06 14:23:20] MOVE chetan (lawn green): 75→98 [0.1ms]
[2026-05-06 14:23:20] MOVE asha (gray0): 22→20 [0.1ms]
[2026-05-06 14:23:20] MOVE chetan (lawn green): 98→75 [0.1ms]
[2026-05-06 14:23:20] MOVE asha (gray0): 20→22 [0.1ms]
[2026-05-06 14:23:20] MOVE chetan (lawn green): 75→98 [0.1ms]
[2026-05-06 14:23:21] MOVE asha (gray0): 22→20 [0.2ms]
[2026-05-06 14:23:21] MOVE chetan (lawn green): 98→75 [0.1ms]
[2026-05-06 14:23:21] MOVE asha (gray0): 20→22 [0.1ms]
[2026-05-06 14:23:21] MOVE chetan (lawn green): 75→98 [0.1ms]
[2026-05-06 14:23:21] MOVE asha (gray0): 22→20 [0.1ms]
[2026-05-06 14:23:21] MOVE chetan (lawn green): 98→75 [0.1ms]
[2026-05-06 14:23:22] MOVE asha (gray0): 20→22 [0.2ms]
[2026-05-06 14:23:22] MOVE chetan (lawn green): 75→98 [0.1ms]
[2026-05-06 14:23:22] MOVE asha (gray0): 22→20 [0.1ms]
[2026-05-06 14:23:22] MOVE chetan (lawn green): 98→75 [0.1ms]
[2026-05-06 14:23:23] MOVE asha (gray0): 20→22 [0.1ms]
[2026-05-06 14:23:23] MOVE chetan (lawn green): 75→98 [0.1ms]
[2026-05-06 14:23:23] MOVE asha (gray0): 22→20 [0.1ms]
[2026-05-06 14:23:23] MOVE chetan (lawn green): 98→75 [0.2ms]
[2026-05-06 14:23:23] MOVE asha (gray0): 20→22 [0.1ms]
[2026-05-06 14:23:23] MOVE chetan (lawn green): 75→98 [0.1ms]
[2026-05-06 14:23:23] MOVE asha (gray0): 22→20 [0.1ms]
[2026-05-06 14:23:24] MOVE chetan (lawn green): 98→75 [0.1ms]
[2026-05-06 14:23:24] MOVE asha (gray0): 20→22 [0.1ms]
[2026-05-06 14:23:24] MOVE chetan (lawn green): 75→98 [0.2ms]
[2026-05-06 14:23:24] MOVE asha (gray0): 22→20 [0.1ms]
[2026-05-06 14:23:24] MOVE chetan (lawn green): 98→75 [0.1ms]
[2026-05-06 14:23:24] MOVE asha (gray0): 20→22 [0.1ms]
[2026-05-06 14:23:24] MOVE chetan (lawn green): 75→98 [0.1ms]
[2026-05-06 14:23:25] MOVE asha (gray0): 22→20 [0.3ms]
[2026-05-06 14:23:25] MOVE chetan (lawn green): 98→75 [0.1ms]
[2026-05-06 14:23:25] MOVE asha (gray0): 20→22 [0.1ms]
[2026-05-06 14:23:25] MOVE chetan (lawn green): 75→98 [0.1ms]
[2026-05-06 14:23:25] MOVE asha (gray0): 22→20 [0.2ms]
[2026-05-06 14:23:25] MOVE chetan (lawn green): 98→75 [0.1ms]
[2026-05-06 14:23:26] MOVE asha (gray0): 20→22 [0.1ms]
[2026-05-06 14:23:26] MOVE chetan (lawn green): 75→98 [0.1ms]
[2026-05-06 14:23:26] MOVE asha (gray0): 22→20 [0.1ms]
[2026-05-06 14:23:26] MOVE chetan (lawn green): 98→75 [0.2ms]
[2026-05-06 14:23:26] MOVE asha (gray0): 20→22 [0.1ms]
[2026-05-06 14:23:26] MOVE chetan (lawn green): 75→98 [0.1ms]
[2026-05-06 14:23:27] MOVE asha (gray0): 22→20 [0.1ms]
[2026-05-06 14:23:27] MOVE chetan (lawn green): 98→75 [0.1ms]
[2026-05-06 14:23:27] MOVE asha (gray0): 20→22 [0.1ms]
[2026-05-06 14:23:27] MOVE chetan (lawn green): 75→98 [0.4ms]
[2026-05-06 14:23:27] MOVE asha (gray0): 22→20 [0.1ms]
[2026-05-06 14:23:27] MOVE chetan (lawn green): 98→75 [0.1ms]
[2026-05-06 14:23:28] MOVE asha (gray0): 20→22 [0.1ms]
[2026-05-06 14:23:28] MOVE chetan (lawn green): 75→98 [0.1ms]
[2026-05-06 14:23:28] MOVE asha (gray0): 22→20 [0.2ms]
[2026-05-06 14:23:28] MOVE chetan (lawn green): 98→75 [0.1ms]
[2026-05-06 14:23:28] MOVE asha (gray0): 20→22 [0.1ms]
[2026-05-06 14:23:28] MOVE chetan (lawn green): 75→98 [0.1ms]
[2026-05-06 14:23:29] MOVE asha (gray0): 22→20 [0.1ms]
[2026-05-06 14:23:29] MOVE chetan (lawn green): 98→75 [0.1ms]
[2026-05-06 14:23:29] MOVE asha (gray0): 20→22 [0.1ms]
[2026-05-06 14:23:29] MOVE chetan (lawn green): 75→98 [0.1ms]
[2026-05-06 14:23:29] MOVE asha (gray0): 22→20 [0.3ms]
[2026-05-06 14:23:29] MOVE chetan (lawn green): 98→75 [0.1ms]
[2026-05-06 14:23:30] MOVE asha (gray0): 20→22 [0.1ms]
[2026-05-06 14:23:30] MOVE chetan (lawn green): 75→98 [0.1ms]
[2026-05-06 14:23:30] MOVE asha (gray0): 22→20 [0.1ms]
[2026-05-06 14:23:30] MOVE chetan (lawn green): 98→75 [0.1ms]
[2026-05-06 14:23:30] MOVE asha (gray0): 20→22 [0.1ms]
[2026-05-06 14:23:30] MOVE chetan (lawn green): 75→98 [0.1ms]
[2026-05-06 14:23:31] MOVE asha (gray0): 22→20 [0.1ms]
[2026-05-06 14:23:31] MOVE chetan (lawn green): 98→75 [0.1ms]
[2026-05-06 14:23:31] MOVE asha (gray0): 20→22 [0.2ms]
[2026-05-06 14:23:31] MOVE chetan (lawn green): 75→98 [0.3ms]
[2026-05-06 14:23:31] MOVE asha (gray0): 22→20 [0.1ms]
[2026-05-06 14:23:31] MOVE chetan (lawn green): 98→75 [0.1ms]
[2026-05-06 14:23:32] MOVE asha (gray0): 20→22 [0.1ms]
[2026-05-06 14:23:32] MOVE chetan (lawn green): 75→98 [0.1ms]
[2026-05-06 14:23:32] MOVE asha (gray0): 22→20 [0.1ms]
[2026-05-06 14:23:32] MOVE chetan (lawn green): 98→75 [0.1ms]
[2026-05-06 14:23:32] MOVE asha (gray0): 20→22 [0.1ms]
[2026-05-06 14:23:32] MOVE chetan (lawn green): 75→98 [0.1ms]
[2026-05-06 14:23:32] MOVE asha (gray0): 22→20 [0.3ms]
[2026-05-06 14:23:33] MOVE chetan (lawn green): 98→75 [0.1ms]
[2026-05-06 14:23:33] MOVE asha (gray0): 20→22 [0.3ms]
[2026-05-06 14:23:33] MOVE chetan (lawn green): 75→98 [0.5ms]
[2026-05-06 14:23:33] MOVE asha (gray0): 22→20 [0.1ms]
[2026-05-06 14:23:33] MOVE chetan (lawn green): 98→75 [0.2ms]
[2026-05-06 14:23:34] MOVE asha (gray0): 20→22 [0.1ms]
[2026-05-06 14:23:34] MOVE chetan (lawn green): 75→98 [0.1ms]
[2026-05-06 14:23:34] MOVE asha (gray0): 22→20 [0.1ms]
[2026-05-06 14:23:34] MOVE chetan (lawn green): 98→75 [0.1ms]
[2026-05-06 14:23:34] MOVE asha (gray0): 20→22 [0.1ms]
[2026-05-06 14:23:34] MOVE chetan (lawn green): 75→98 [0.1ms]
[2026-05-06 14:23:35] MOVE asha (gray0): 22→20 [0.1ms]
[2026-05-06 14:23:35] MOVE chetan (lawn green): 98→75 [0.1ms]
[2026-05-06 14:23:35] MOVE asha (gray0): 20→22 [0.2ms]
[2026-05-06 14:23:35] MOVE chetan (lawn green): 75→98 [0.1ms]
[2026-05-06 14:23:35] MOVE asha (gray0): 22→20 [0.2ms]
[2026-05-06 14:23:35] MOVE chetan (lawn green): 98→75 [0.1ms]
[2026-05-06 14:23:36] MOVE asha (gray0): 20→22 [0.1ms]
[2026-05-06 14:23:36] MOVE chetan (lawn green): 75→98 [0.1ms]
[2026-05-06 14:23:36] MOVE asha (gray0): 22→20 [0.1ms]
[2026-05-06 14:23:36] MOVE chetan (lawn green): 98→75 [0.1ms]
[2026-05-06 14:23:36] MOVE asha (gray0): 20→22 [0.1ms]
[2026-05-06 14:23:36] MOVE chetan (lawn green): 75→98 [0.1ms]
[2026-05-06 14:23:37] MOVE asha (gray0): 22→20 [0.1ms]
[2026-05-06 14:23:37] MOVE chetan (lawn green): 98→75 [0.1ms]
[2026-05-06 14:23:37] MOVE asha (gray0): 20→22 [0.2ms]
[2026-05-06 14:23:37] MOVE chetan (lawn green): 75→98 [0.1ms]
[2026-05-06 14:23:37] MOVE asha (gray0): 22→20 [0.1ms]
[2026-05-06 14:23:37] MOVE chetan (lawn green): 98→75 [0.1ms]
[2026-05-06 14:23:38] MOVE asha (gray0): 20→22 [0.1ms]
[2026-05-06 14:23:38] MOVE chetan (lawn green): 75→98 [0.2ms]
[2026-05-06 14:23:38] MOVE asha (gray0): 22→20 [0.1ms]
[2026-05-06 14:23:38] MOVE chetan (lawn green): 98→75 [0.1ms]
[2026-05-06 14:23:38] MOVE asha (gray0): 20→22 [0.1ms]
[2026-05-06 14:23:38] MOVE chetan (lawn green): 75→98 [0.1ms]
[2026-05-06 14:23:39] MOVE asha (gray0): 22→20 [0.1ms]
[2026-05-06 14:23:39] MOVE chetan (lawn green): 98→75 [0.4ms]
[2026-05-06 14:23:39] MOVE asha (gray0): 20→22 [0.1ms]
[2026-05-06 14:23:39] MOVE chetan (lawn green): 75→98 [0.1ms]
[2026-05-06 14:23:39] MOVE asha (gray0): 22→20 [0.1ms]
[2026-05-06 14:23:39] MOVE chetan (lawn green): 98→75 [0.1ms]
[2026-05-06 14:23:40] MOVE asha (gray0): 20→22 [0.1ms]
[2026-05-06 14:23:40] MOVE chetan (lawn green): 75→98 [0.2ms]
[2026-05-06 14:23:40] MOVE asha (gray0): 22→20 [0.2ms]
[2026-05-06 14:23:40] MOVE chetan (lawn green): 98→75 [0.1ms]
[2026-05-06 14:23:40] MOVE asha (gray0): 20→22 [0.2ms]
[2026-05-06 14:23:40] MOVE chetan (lawn green): 75→98 [0.1ms]
[2026-05-06 14:23:40] MOVE asha (gray0): 22→20 [0.1ms]
[2026-05-06 14:23:41] MOVE chetan (lawn green): 98→75 [0.1ms]
[2026-05-06 14:23:41] MOVE asha (gray0): 20→22 [0.3ms]
[2026-05-06 14:23:41] MOVE chetan (lawn green): 75→98 [0.1ms]
[2026-05-06 14:23:41] MOVE asha (gray0): 22→20 [0.1ms]
[2026-05-06 14:23:41] MOVE chetan (lawn green): 98→75 [0.1ms]
[2026-05-06 14:23:41] MOVE asha (gray0): 20→22 [0.2ms]
[2026-05-06 14:23:42] MOVE chetan (lawn green): 75→98 [0.1ms]
[2026-05-06 14:23:42] MOVE asha (gray0): 22→20 [0.2ms]
[2026-05-06 14:23:42] MOVE chetan (lawn green): 98→75 [0.2ms]
[2026-05-06 14:23:42] MOVE asha (gray0): 20→22 [0.1ms]
[2026-05-06 14:23:42] MOVE chetan (lawn green): 75→98 [0.1ms]
[2026-05-06 14:23:42] MOVE asha (gray0): 22→20 [0.1ms]
[2026-05-06 14:23:43] MOVE chetan (lawn green): 98→75 [0.1ms]
[2026-05-06 14:23:43] MOVE asha (gray0): 20→22 [0.3ms]
[2026-05-06 14:23:43] MOVE chetan (lawn green): 75→98 [0.1ms]
[2026-05-06 14:23:43] MOVE asha (gray0): 22→20 [0.3ms]
[2026-05-06 14:23:43] MOVE chetan (lawn green): 98→75 [0.2ms]
[2026-05-06 14:23:43] MOVE asha (gray0): 20→22 [0.1ms]
[2026-05-06 14:23:44] MOVE chetan (lawn green): 75→98 [0.1ms]
[2026-05-06 14:23:44] MOVE asha (gray0): 22→20 [0.1ms]
[2026-05-06 14:23:44] MOVE chetan (lawn green): 98→75 [0.1ms]
[2026-05-06 14:23:44] MOVE asha (gray0): 20→22 [0.1ms]
[2026-05-06 14:23:44] MOVE chetan (lawn green): 75→98 [0.1ms]
[2026-05-06 14:23:44] MOVE asha (gray0): 22→20 [0.1ms]
[2026-05-06 14:23:45] MOVE chetan (lawn green): 98→75 [0.1ms]
[2026-05-06 14:23:45] MOVE asha (gray0): 20→22 [0.2ms]
[2026-05-06 14:23:45] MOVE chetan (lawn green): 75→98 [0.1ms]
[2026-05-06 14:23:45] MOVE asha (gray0): 22→20 [0.2ms]
[2026-05-06 14:23:45] MOVE chetan (lawn green): 98→75 [0.1ms]
[2026-05-06 14:23:45] MOVE asha (gray0): 20→22 [0.2ms]
[2026-05-06 14:23:46] MOVE chetan (lawn green): 75→98 [0.1ms]
[2026-05-06 14:23:46] MOVE asha (gray0): 22→20 [0.2ms]
[2026-05-06 14:23:46] MOVE chetan (lawn green): 98→75 [0.1ms]
[2026-05-06 14:23:46] MOVE asha (gray0): 20→22 [0.1ms]
[2026-05-06 14:23:46] MOVE chetan (lawn green): 75→98 [0.1ms]
[2026-05-06 14:23:46] MOVE asha (gray0): 22→20 [0.2ms]
[2026-05-06 14:23:46] MOVE chetan (lawn green): 98→75 [0.1ms]
[2026-05-06 14:23:47] MOVE asha (gray0): 20→22 [4.3ms]
[2026-05-06 14:23:47] MOVE chetan (lawn green): 75→98 [0.1ms]
[2026-05-06 14:23:47] MOVE asha (gray0): 22→20 [0.2ms]
[2026-05-06 14:23:47] MOVE chetan (lawn green): 98→75 [0.1ms]
[2026-05-06 14:23:47] MOVE asha (gray0): 20→22 [0.1ms]
[2026-05-06 14:23:47] MOVE chetan (lawn green): 75→98 [0.2ms]
[2026-05-06 14:23:48] MOVE asha (gray0): 22→20 [0.2ms]
[2026-05-06 14:23:48] MOVE chetan (lawn green): 98→75 [0.2ms]
[2026-05-06 14:23:48] MOVE asha (gray0): 20→22 [0.1ms]
[2026-05-06 14:23:48] MOVE chetan (lawn green): 75→98 [0.1ms]
[2026-05-06 14:23:48] MOVE asha (gray0): 22→20 [0.1ms]
[2026-05-06 14:23:48] MOVE chetan (lawn green): 98→75 [0.1ms]
[2026-05-06 14:23:49] MOVE asha (gray0): 20→22 [0.1ms]
[2026-05-06 14:23:49] MOVE chetan (lawn green): 75→98 [0.1ms]
[2026-05-06 14:23:49] MOVE asha (gray0): 22→20 [0.1ms]
[2026-05-06 14:23:49] MOVE chetan (lawn green): 98→75 [0.1ms]
[2026-05-06 14:23:49] MOVE asha (gray0): 20→22 [0.1ms]
[2026-05-06 14:23:49] MOVE chetan (lawn green): 75→98 [0.2ms]
[2026-05-06 14:23:50] MOVE asha (gray0): 22→20 [0.3ms]
[2026-05-06 14:23:50] MOVE chetan (lawn green): 98→75 [0.1ms]
[2026-05-06 14:23:50] MOVE asha (gray0): 20→22 [0.2ms]
[2026-05-06 14:23:51] MOVE chetan (lawn green): 75→98 [0.1ms]
[2026-05-06 14:23:51] MOVE asha (gray0): 22→20 [0.1ms]
[2026-05-06 14:23:51] MOVE chetan (lawn green): 98→75 [0.1ms]
[2026-05-06 14:23:51] MOVE asha (gray0): 20→22 [0.2ms]
[2026-05-06 14:23:51] MOVE chetan (lawn green): 75→98 [0.2ms]
[2026-05-06 14:23:52] MOVE asha (gray0): 22→20 [0.1ms]
[2026-05-06 14:23:52] MOVE chetan (lawn green): 98→75 [0.1ms]
[2026-05-06 14:23:52] MOVE asha (gray0): 20→22 [0.1ms]
[2026-05-06 14:23:52] MOVE chetan (lawn green): 75→98 [0.1ms]
[2026-05-06 14:23:52] MOVE asha (gray0): 22→20 [0.1ms]
[2026-05-06 14:23:52] MOVE chetan (lawn green): 98→75 [0.2ms]
[2026-05-06 14:23:53] MOVE asha (gray0): 20→22 [0.1ms]
[2026-05-06 14:23:53] MOVE chetan (lawn green): 75→98 [0.1ms]
[2026-05-06 14:23:53] MOVE asha (gray0): 22→20 [0.1ms]
[2026-05-06 14:23:53] MOVE chetan (lawn green): 98→75 [0.1ms]
[2026-05-06 14:23:53] MOVE asha (gray0): 20→22 [0.1ms]
[2026-05-06 14:23:53] MOVE chetan (lawn green): 75→98 [0.1ms]
[2026-05-06 14:23:54] MOVE asha (gray0): 22→20 [0.2ms]
[2026-05-06 14:23:54] MOVE chetan (lawn green): 98→75 [0.1ms]
[2026-05-06 14:23:54] MOVE asha (gray0): 20→22 [0.1ms]
[2026-05-06 14:23:54] MOVE chetan (lawn green): 75→98 [0.1ms]
[2026-05-06 14:23:54] MOVE asha (gray0): 22→20 [0.2ms]
[2026-05-06 14:23:54] MOVE chetan (lawn green): 98→75 [0.1ms]
[2026-05-06 14:23:55] MOVE asha (gray0): 20→22 [0.1ms]
[2026-05-06 14:23:55] MOVE chetan (lawn green): 75→98 [0.1ms]
[2026-05-06 14:23:55] MOVE asha (gray0): 22→20 [0.2ms]
[2026-05-06 14:23:55] MOVE chetan (lawn green): 98→75 [0.2ms]
[2026-05-06 14:23:55] MOVE asha (gray0): 20→22 [0.1ms]
[2026-05-06 14:23:55] MOVE chetan (lawn green): 75→98 [0.1ms]
[2026-05-06 14:23:56] MOVE asha (gray0): 22→20 [0.2ms]
[2026-05-06 14:23:56] MOVE chetan (lawn green): 98→75 [0.1ms]
[2026-05-06 14:23:56] MOVE asha (gray0): 20→22 [0.2ms]
[2026-05-06 14:23:56] MOVE chetan (lawn green): 75→98 [0.4ms]
[2026-05-06 14:23:56] MOVE asha (gray0): 22→20 [0.1ms]
[2026-05-06 14:23:56] MOVE chetan (lawn green): 98→75 [0.1ms]
[2026-05-06 14:23:57] MOVE asha (gray0): 20→22 [0.1ms]
[2026-05-06 14:23:57] MOVE chetan (lawn green): 75→98 [0.1ms]
[2026-05-06 14:23:57] MOVE asha (gray0): 22→20 [0.4ms]
[2026-05-06 14:23:57] MOVE chetan (lawn green): 98→75 [0.2ms]
[2026-05-06 14:23:57] MOVE asha (gray0): 20→22 [0.1ms]
[2026-05-06 14:23:57] MOVE chetan (lawn green): 75→98 [0.1ms]
[2026-05-06 14:23:58] MOVE asha (gray0): 22→20 [0.2ms]
[2026-05-06 14:23:58] MOVE chetan (lawn green): 98→75 [0.1ms]
[2026-05-06 14:23:58] MOVE asha (gray0): 20→22 [0.2ms]
[2026-05-06 14:23:58] MOVE chetan (lawn green): 75→98 [0.1ms]
[2026-05-06 14:23:58] MOVE asha (gray0): 22→20 [0.2ms]
[2026-05-06 14:23:59] MOVE chetan (lawn green): 98→75 [0.1ms]
[2026-05-06 14:23:59] MOVE asha (gray0): 20→22 [0.2ms]
[2026-05-06 14:23:59] MOVE chetan (lawn green): 75→98 [0.1ms]
[2026-05-06 14:23:59] MOVE asha (gray0): 22→20 [0.1ms]
[2026-05-06 14:23:59] MOVE chetan (lawn green): 98→75 [0.1ms]
[2026-05-06 14:23:59] MOVE asha (gray0): 20→22 [0.1ms]
[2026-05-06 14:24:00] MOVE chetan (lawn green): 75→98 [0.1ms]
[2026-05-06 14:24:00] MOVE asha (gray0): 22→20 [0.1ms]
[2026-05-06 14:24:00] MOVE chetan (lawn green): 98→75 [0.1ms]
[2026-05-06 14:24:00] MOVE asha (gray0): 20→22 [0.1ms]
[2026-05-06 14:24:00] MOVE chetan (lawn green): 75→98 [0.1ms]
[2026-05-06 14:24:00] MOVE asha (gray0): 22→20 [0.1ms]
[2026-05-06 14:24:01] MOVE chetan (lawn green): 98→75 [0.2ms]
[2026-05-06 14:24:01] MOVE asha (gray0): 20→22 [0.1ms]
[2026-05-06 14:24:01] MOVE chetan (lawn green): 75→98 [0.1ms]
[2026-05-06 14:24:01] MOVE asha (gray0): 22→20 [0.1ms]
[2026-05-06 14:24:01] MOVE chetan (lawn green): 98→75 [0.2ms]
[2026-05-06 14:24:01] MOVE asha (gray0): 20→22 [1.2ms]
[2026-05-06 14:24:01] SCORE chetan (lawn green): Final=281.2, Time=68.2, Moves(301)=0.0, Pins(1)=100.0, Dist=113.0
[2026-05-06 14:24:01] SCORE asha (gray0): Final=264.9, Time=33.9, Moves(301)=0.0, Pins(1)=100.0, Dist=131.0
[2026-05-06 14:24:01] GAME TIME LIMIT REACHED.
[2026-05-06 14:24:02] SCORE chetan (lawn green): Final=281.2, Time=68.2, Moves(301)=0.0, Pins(1)=100.0, Dist=113.0
[2026-05-06 14:24:02] SCORE asha (gray0): Final=264.9, Time=33.9, Moves(301)=0.0, Pins(1)=100.0, Dist=131.0
[2026-05-06 14:24:02] GAME TIME LIMIT REACHED.
[2026-05-06 14:24:02] SCORE chetan (lawn green): Final=281.2, Time=68.2, Moves(301)=0.0, Pins(1)=100.0, Dist=113.0
[2026-05-06 14:24:02] SCORE asha (gray0): Final=264.9, Time=33.9, Moves(301)=0.0, Pins(1)=100.0, Dist=131.0
[2026-05-06 14:24:02] GAME TIME LIMIT REACHED.
