[2026-05-08 21:06:24] GAME CREATED
[2026-05-08 21:17:29] PLAYER JOINED: chetan as lawn green
[2026-05-08 21:17:33] PLAYER JOINED: asha as gray0
[2026-05-08 21:17:37] GAME STARTED — turn order: ['lawn green', 'gray0']
[2026-05-08 21:17:39] MOVE chetan (lawn green): 55→54 [0.2ms]
[2026-05-08 21:17:41] MOVE asha (gray0): 65→66 [0.1ms]
[2026-05-08 21:17:42] MOVE chetan (lawn green): 32→53 [0.1ms]
[2026-05-08 21:17:44] MOVE asha (gray0): 101→102 [0.1ms]
[2026-05-08 21:17:45] MOVE chetan (lawn green): 20→18 [0.1ms]
[2026-05-08 21:17:47] MOVE asha (gray0): 100→101 [0.2ms]
[2026-05-08 21:17:49] MOVE chetan (lawn green): 45→55 [0.1ms]
[2026-05-08 21:17:51] MOVE asha (gray0): 88→77 [0.1ms]
[2026-05-08 21:17:52] MOVE chetan (lawn green): 34→32 [0.1ms]
[2026-05-08 21:17:54] MOVE asha (gray0): 101→89 [0.1ms]
[2026-05-08 21:17:56] MOVE chetan (lawn green): 22→64 [0.1ms]
[2026-05-08 21:17:58] MOVE asha (gray0): 89→78 [0.1ms]
[2026-05-08 21:17:59] MOVE chetan (lawn green): 19→31 [0.1ms]
[2026-05-08 21:18:01] MOVE asha (gray0): 102→90 [0.1ms]
[2026-05-08 21:18:03] MOVE chetan (lawn green): 44→17 [0.1ms]
[2026-05-08 21:18:04] MOVE asha (gray0): 78→79 [0.1ms]
[2026-05-08 21:18:06] MOVE chetan (lawn green): 21→42 [0.1ms]
[2026-05-08 21:18:08] MOVE asha (gray0): 76→80 [0.3ms]
[2026-05-08 21:18:10] MOVE chetan (lawn green): 64→63 [0.1ms]
[2026-05-08 21:18:11] MOVE asha (gray0): 86→67 [0.1ms]
[2026-05-08 21:18:13] MOVE chetan (lawn green): 53→52 [0.1ms]
[2026-05-08 21:18:15] MOVE asha (gray0): 98→100 [0.1ms]
[2026-05-08 21:18:16] MOVE chetan (lawn green): 54→72 [0.1ms]
[2026-05-08 21:18:18] MOVE asha (gray0): 79→69 [0.1ms]
[2026-05-08 21:18:20] MOVE chetan (lawn green): 72→71 [0.1ms]
[2026-05-08 21:18:21] MOVE asha (gray0): 66→72 [0.1ms]
[2026-05-08 21:18:23] MOVE chetan (lawn green): 63→61 [0.1ms]
[2026-05-08 21:18:25] MOVE asha (gray0): 99→103 [0.1ms]
[2026-05-08 21:18:27] MOVE chetan (lawn green): 18→102 [0.2ms]
[2026-05-08 21:18:28] MOVE asha (gray0): 103→104 [0.1ms]
[2026-05-08 21:18:30] MOVE chetan (lawn green): 52→68 [0.1ms]
[2026-05-08 21:18:32] MOVE asha (gray0): 69→70 [0.1ms]
[2026-05-08 21:18:33] MOVE chetan (lawn green): 55→54 [0.1ms]
[2026-05-08 21:18:35] MOVE asha (gray0): 77→62 [0.2ms]
[2026-05-08 21:18:37] MOVE chetan (lawn green): 32→8 [0.1ms]
[2026-05-08 21:18:38] MOVE asha (gray0): 62→63 [0.1ms]
[2026-05-08 21:18:40] MOVE chetan (lawn green): 71→81 [0.1ms]
[2026-05-08 21:18:42] MOVE asha (gray0): 100→88 [0.1ms]
[2026-05-08 21:18:43] MOVE chetan (lawn green): 33→32 [0.1ms]
[2026-05-08 21:18:45] MOVE asha (gray0): 87→76 [0.2ms]
[2026-05-08 21:18:47] MOVE chetan (lawn green): 8→112 [0.6ms]
[2026-05-08 21:18:48] MOVE asha (gray0): 63→19 [0.1ms]
[2026-05-08 21:18:50] MOVE chetan (lawn green): 68→111 [0.1ms]
[2026-05-08 21:18:52] MOVE asha (gray0): 76→77 [0.1ms]
[2026-05-08 21:18:54] MOVE chetan (lawn green): 32→43 [0.1ms]
[2026-05-08 21:18:55] MOVE asha (gray0): 90→79 [0.1ms]
[2026-05-08 21:18:57] MOVE chetan (lawn green): 43→41 [0.1ms]
[2026-05-08 21:18:59] MOVE asha (gray0): 67→58 [0.1ms]
[2026-05-08 21:19:00] MOVE chetan (lawn green): 31→52 [0.1ms]
[2026-05-08 21:19:02] MOVE asha (gray0): 88→89 [0.1ms]
[2026-05-08 21:19:04] MOVE chetan (lawn green): 17→16 [0.1ms]
[2026-05-08 21:19:05] MOVE asha (gray0): 89→78 [0.1ms]
[2026-05-08 21:19:07] MOVE chetan (lawn green): 112→88 [0.2ms]
[2026-05-08 21:19:09] MOVE asha (gray0): 80→44 [0.1ms]
[2026-05-08 21:19:11] MOVE chetan (lawn green): 61→80 [0.1ms]
[2026-05-08 21:19:12] MOVE asha (gray0): 104→92 [0.1ms]
[2026-05-08 21:19:14] MOVE chetan (lawn green): 111→66 [0.1ms]
[2026-05-08 21:19:16] MOVE asha (gray0): 72→63 [0.3ms]
[2026-05-08 21:19:17] MOVE chetan (lawn green): 41→40 [0.2ms]
[2026-05-08 21:19:19] MOVE asha (gray0): 58→59 [0.1ms]
[2026-05-08 21:19:21] MOVE chetan (lawn green): 16→15 [0.1ms]
[2026-05-08 21:19:22] MOVE asha (gray0): 77→67 [0.1ms]
[2026-05-08 21:19:24] MOVE chetan (lawn green): 15→27 [0.1ms]
[2026-05-08 21:19:26] MOVE asha (gray0): 63→64 [0.1ms]
[2026-05-08 21:19:27] MOVE chetan (lawn green): 81→100 [0.1ms]
[2026-05-08 21:19:29] MOVE asha (gray0): 75→65 [0.1ms]
[2026-05-08 21:19:31] MOVE chetan (lawn green): 80→91 [0.1ms]
[2026-05-08 21:19:32] MOVE asha (gray0): 79→80 [0.1ms]
[2026-05-08 21:19:34] MOVE chetan (lawn green): 102→101 [0.1ms]
[2026-05-08 21:19:36] MOVE asha (gray0): 65→56 [0.1ms]
[2026-05-08 21:19:38] MOVE chetan (lawn green): 54→63 [0.1ms]
[2026-05-08 21:19:39] MOVE asha (gray0): 92→71 [0.1ms]
[2026-05-08 21:19:41] MOVE chetan (lawn green): 66→76 [0.1ms]
[2026-05-08 21:19:43] MOVE asha (gray0): 67→49 [0.1ms]
[2026-05-08 21:19:44] MOVE chetan (lawn green): 27→26 [0.1ms]
[2026-05-08 21:19:46] MOVE asha (gray0): 70→33 [0.1ms]
[2026-05-08 21:19:48] MOVE chetan (lawn green): 40→39 [0.1ms]
[2026-05-08 21:19:49] MOVE asha (gray0): 59→50 [0.1ms]
[2026-05-08 21:19:51] MOVE chetan (lawn green): 63→62 [0.2ms]
[2026-05-08 21:19:53] MOVE asha (gray0): 78→68 [0.1ms]
[2026-05-08 21:19:54] MOVE chetan (lawn green): 52→70 [0.2ms]
[2026-05-08 21:19:56] MOVE asha (gray0): 71→53 [0.1ms]
[2026-05-08 21:19:58] MOVE chetan (lawn green): 62→61 [0.1ms]
[2026-05-08 21:19:59] MOVE asha (gray0): 49→51 [0.1ms]
[2026-05-08 21:20:01] MOVE chetan (lawn green): 70→69 [0.2ms]
[2026-05-08 21:20:02] MOVE asha (gray0): 64→55 [0.1ms]
[2026-05-08 21:20:04] MOVE chetan (lawn green): 69→79 [0.1ms]
[2026-05-08 21:20:06] MOVE asha (gray0): 56→47 [0.1ms]
[2026-05-08 21:20:07] MOVE chetan (lawn green): 61→78 [0.1ms]
[2026-05-08 21:20:09] MOVE asha (gray0): 68→69 [0.2ms]
[2026-05-08 21:20:11] MOVE chetan (lawn green): 79→90 [0.1ms]
[2026-05-08 21:20:13] MOVE asha (gray0): 69→70 [0.1ms]
[2026-05-08 21:20:14] MOVE chetan (lawn green): 39→77 [0.1ms]
[2026-05-08 21:20:16] MOVE asha (gray0): 47→37 [0.1ms]
[2026-05-08 21:20:17] MOVE chetan (lawn green): 90→89 [0.1ms]
[2026-05-08 21:20:19] MOVE asha (gray0): 37→38 [0.1ms]
[2026-05-08 21:20:20] MOVE chetan (lawn green): 91→90 [0.1ms]
[2026-05-08 21:20:22] MOVE asha (gray0): 50→52 [0.1ms]
[2026-05-08 21:20:23] MOVE chetan (lawn green): 26→37 [0.1ms]
[2026-05-08 21:20:25] MOVE asha (gray0): 53→43 [0.2ms]
[2026-05-08 21:20:27] MOVE chetan (lawn green): 89→87 [0.1ms]
[2026-05-08 21:20:29] MOVE asha (gray0): 52→53 [0.1ms]
[2026-05-08 21:20:30] MOVE chetan (lawn green): 90→102 [0.1ms]
[2026-05-08 21:20:32] MOVE asha (gray0): 80→40 [0.1ms]
[2026-05-08 21:20:33] MOVE chetan (lawn green): 77→75 [0.1ms]
[2026-05-08 21:20:35] MOVE asha (gray0): 51→41 [0.1ms]
[2026-05-08 21:20:36] MOVE chetan (lawn green): 78→89 [0.2ms]
[2026-05-08 21:20:38] MOVE asha (gray0): 43→45 [0.1ms]
[2026-05-08 21:20:39] MOVE chetan (lawn green): 42→52 [0.1ms]
[2026-05-08 21:20:40] MOVE asha (gray0): 40→42 [0.1ms]
[2026-05-08 21:20:41] MOVE chetan (lawn green): 37→47 [0.1ms]
[2026-05-08 21:20:42] MOVE asha (gray0): 41→43 [0.1ms]
[2026-05-08 21:20:43] MOVE chetan (lawn green): 52→51 [0.1ms]
[2026-05-08 21:20:44] MOVE asha (gray0): 42→31 [0.1ms]
[2026-05-08 21:20:45] MOVE chetan (lawn green): 51→60 [0.1ms]
[2026-05-08 21:20:46] MOVE asha (gray0): 38→27 [0.1ms]
[2026-05-08 21:20:47] MOVE chetan (lawn green): 60→59 [0.1ms]
[2026-05-08 21:20:48] MOVE asha (gray0): 53→34 [0.1ms]
[2026-05-08 21:20:49] MOVE chetan (lawn green): 59→58 [0.1ms]
[2026-05-08 21:20:49] MOVE asha (gray0): 31→32 [0.1ms]
[2026-05-08 21:20:50] MOVE chetan (lawn green): 47→56 [0.2ms]
[2026-05-08 21:20:50] MOVE asha (gray0): 70→71 [0.1ms]
[2026-05-08 21:20:51] MOVE chetan (lawn green): 56→65 [0.2ms]
[2026-05-08 21:20:51] MOVE asha (gray0): 71→72 [0.1ms]
[2026-05-08 21:20:51] MOVE chetan (lawn green): 58→67 [0.1ms]
[2026-05-08 21:20:52] MOVE asha (gray0): 43→20 [0.1ms]
[2026-05-08 21:20:52] MOVE chetan (lawn green): 67→77 [0.2ms]
[2026-05-08 21:20:52] MOVE asha (gray0): 72→73 [0.1ms]
[2026-05-08 21:20:52] MOVE chetan (lawn green): 87→66 [0.1ms]
[2026-05-08 21:20:52] MOVE asha (gray0): 73→64 [0.1ms]
[2026-05-08 21:20:53] MOVE chetan (lawn green): 89→87 [0.1ms]
[2026-05-08 21:20:53] MOVE asha (gray0): 27→28 [0.1ms]
[2026-05-08 21:20:53] MOVE chetan (lawn green): 66→56 [0.1ms]
[2026-05-08 21:20:53] MOVE asha (gray0): 28→29 [0.1ms]
[2026-05-08 21:20:53] MOVE chetan (lawn green): 56→46 [0.1ms]
[2026-05-08 21:20:53] MOVE asha (gray0): 29→30 [0.1ms]
[2026-05-08 21:20:54] MOVE chetan (lawn green): 46→56 [0.1ms]
[2026-05-08 21:20:54] MOVE asha (gray0): 30→31 [0.1ms]
[2026-05-08 21:20:54] MOVE chetan (lawn green): 56→46 [0.1ms]
[2026-05-08 21:20:54] MOVE asha (gray0): 55→54 [0.1ms]
[2026-05-08 21:20:54] MOVE chetan (lawn green): 46→56 [0.2ms]
[2026-05-08 21:20:54] MOVE asha (gray0): 64→55 [0.1ms]
[2026-05-08 21:20:55] MOVE chetan (lawn green): 56→46 [0.1ms]
[2026-05-08 21:20:55] MOVE asha (gray0): 54→43 [0.1ms]
[2026-05-08 21:20:55] MOVE chetan (lawn green): 46→56 [0.1ms]
[2026-05-08 21:20:55] MOVE asha (gray0): 43→18 [0.1ms]
[2026-05-08 21:20:55] MOVE chetan (lawn green): 56→46 [0.4ms]
[2026-05-08 21:20:55] MOVE asha (gray0): 18→9 [0.1ms]
[2026-05-08 21:20:56] MOVE chetan (lawn green): 46→56 [0.1ms]
[2026-05-08 21:20:56] MOVE asha (gray0): 9→18 [0.1ms]
[2026-05-08 21:20:56] MOVE chetan (lawn green): 56→46 [0.1ms]
[2026-05-08 21:20:56] MOVE asha (gray0): 18→9 [0.1ms]
[2026-05-08 21:20:56] MOVE chetan (lawn green): 46→56 [0.3ms]
[2026-05-08 21:20:57] MOVE asha (gray0): 9→18 [0.1ms]
[2026-05-08 21:20:57] MOVE chetan (lawn green): 56→46 [0.2ms]
[2026-05-08 21:20:57] MOVE asha (gray0): 18→9 [0.1ms]
[2026-05-08 21:20:57] MOVE chetan (lawn green): 46→56 [0.2ms]
[2026-05-08 21:20:57] MOVE asha (gray0): 9→18 [0.1ms]
[2026-05-08 21:20:58] MOVE chetan (lawn green): 56→46 [0.1ms]
[2026-05-08 21:20:58] MOVE asha (gray0): 18→9 [0.2ms]
[2026-05-08 21:20:58] MOVE chetan (lawn green): 46→56 [0.1ms]
[2026-05-08 21:20:58] MOVE asha (gray0): 9→18 [0.2ms]
[2026-05-08 21:20:58] MOVE chetan (lawn green): 56→46 [0.1ms]
[2026-05-08 21:20:58] MOVE asha (gray0): 18→9 [0.1ms]
[2026-05-08 21:20:59] MOVE chetan (lawn green): 46→56 [0.1ms]
[2026-05-08 21:20:59] MOVE asha (gray0): 9→18 [0.1ms]
[2026-05-08 21:20:59] MOVE chetan (lawn green): 56→46 [0.1ms]
[2026-05-08 21:20:59] MOVE asha (gray0): 18→9 [0.2ms]
[2026-05-08 21:21:00] MOVE chetan (lawn green): 46→56 [0.1ms]
[2026-05-08 21:21:00] MOVE asha (gray0): 9→18 [0.1ms]
[2026-05-08 21:21:00] MOVE chetan (lawn green): 56→46 [0.2ms]
[2026-05-08 21:21:00] MOVE asha (gray0): 18→9 [0.1ms]
[2026-05-08 21:21:01] MOVE chetan (lawn green): 46→56 [0.2ms]
[2026-05-08 21:21:01] MOVE asha (gray0): 9→18 [0.1ms]
[2026-05-08 21:21:01] MOVE chetan (lawn green): 56→46 [0.2ms]
[2026-05-08 21:21:01] MOVE asha (gray0): 18→9 [0.1ms]
[2026-05-08 21:21:02] MOVE chetan (lawn green): 46→56 [0.1ms]
[2026-05-08 21:21:02] MOVE asha (gray0): 9→18 [0.1ms]
[2026-05-08 21:21:02] MOVE chetan (lawn green): 56→46 [0.1ms]
[2026-05-08 21:21:02] MOVE asha (gray0): 18→9 [0.1ms]
[2026-05-08 21:21:03] MOVE chetan (lawn green): 46→56 [0.1ms]
[2026-05-08 21:21:03] MOVE asha (gray0): 9→18 [0.1ms]
[2026-05-08 21:21:03] MOVE chetan (lawn green): 56→46 [0.2ms]
[2026-05-08 21:21:03] MOVE asha (gray0): 18→9 [0.3ms]
[2026-05-08 21:21:04] MOVE chetan (lawn green): 46→56 [0.2ms]
[2026-05-08 21:21:04] MOVE asha (gray0): 9→18 [0.1ms]
[2026-05-08 21:21:04] MOVE chetan (lawn green): 56→46 [0.6ms]
[2026-05-08 21:21:04] MOVE asha (gray0): 18→9 [0.1ms]
[2026-05-08 21:21:05] MOVE chetan (lawn green): 46→56 [0.1ms]
[2026-05-08 21:21:05] MOVE asha (gray0): 9→18 [0.1ms]
[2026-05-08 21:21:05] MOVE chetan (lawn green): 56→46 [0.1ms]
[2026-05-08 21:21:05] MOVE asha (gray0): 18→9 [0.1ms]
[2026-05-08 21:21:06] MOVE chetan (lawn green): 46→56 [0.1ms]
[2026-05-08 21:21:06] MOVE asha (gray0): 9→18 [0.1ms]
[2026-05-08 21:21:06] MOVE chetan (lawn green): 56→46 [0.1ms]
[2026-05-08 21:21:06] MOVE asha (gray0): 18→9 [0.1ms]
[2026-05-08 21:21:07] MOVE chetan (lawn green): 46→56 [0.4ms]
[2026-05-08 21:21:07] MOVE asha (gray0): 9→18 [0.1ms]
[2026-05-08 21:21:07] MOVE chetan (lawn green): 56→46 [0.1ms]
[2026-05-08 21:21:07] MOVE asha (gray0): 18→9 [0.1ms]
[2026-05-08 21:21:08] MOVE chetan (lawn green): 46→56 [0.2ms]
[2026-05-08 21:21:08] MOVE asha (gray0): 9→18 [0.1ms]
[2026-05-08 21:21:08] MOVE chetan (lawn green): 56→46 [0.1ms]
[2026-05-08 21:21:09] MOVE asha (gray0): 18→9 [0.1ms]
[2026-05-08 21:21:09] MOVE chetan (lawn green): 46→56 [0.1ms]
[2026-05-08 21:21:09] MOVE asha (gray0): 9→18 [0.1ms]
[2026-05-08 21:21:09] MOVE chetan (lawn green): 56→46 [0.1ms]
[2026-05-08 21:21:09] MOVE asha (gray0): 18→9 [0.1ms]
[2026-05-08 21:21:10] MOVE chetan (lawn green): 46→56 [0.2ms]
[2026-05-08 21:21:10] MOVE asha (gray0): 9→18 [0.1ms]
[2026-05-08 21:21:11] MOVE chetan (lawn green): 56→46 [0.1ms]
[2026-05-08 21:21:11] MOVE asha (gray0): 18→9 [0.1ms]
[2026-05-08 21:21:11] MOVE chetan (lawn green): 46→56 [0.1ms]
[2026-05-08 21:21:11] MOVE asha (gray0): 9→18 [0.1ms]
[2026-05-08 21:21:12] MOVE chetan (lawn green): 56→46 [0.2ms]
[2026-05-08 21:21:12] MOVE asha (gray0): 18→9 [0.1ms]
[2026-05-08 21:21:12] MOVE chetan (lawn green): 46→56 [0.1ms]
[2026-05-08 21:21:13] MOVE asha (gray0): 9→18 [0.1ms]
[2026-05-08 21:21:13] MOVE chetan (lawn green): 56→46 [0.1ms]
[2026-05-08 21:21:13] MOVE asha (gray0): 18→9 [0.1ms]
[2026-05-08 21:21:14] MOVE chetan (lawn green): 46→56 [0.1ms]
[2026-05-08 21:21:14] MOVE asha (gray0): 9→18 [0.1ms]
[2026-05-08 21:21:14] MOVE chetan (lawn green): 56→46 [0.1ms]
[2026-05-08 21:21:14] MOVE asha (gray0): 18→9 [0.3ms]
[2026-05-08 21:21:15] MOVE chetan (lawn green): 46→56 [0.1ms]
[2026-05-08 21:21:15] MOVE asha (gray0): 9→18 [0.1ms]
[2026-05-08 21:21:15] MOVE chetan (lawn green): 56→46 [0.1ms]
[2026-05-08 21:21:15] MOVE asha (gray0): 18→9 [0.1ms]
[2026-05-08 21:21:16] MOVE chetan (lawn green): 46→56 [0.1ms]
[2026-05-08 21:21:16] MOVE asha (gray0): 9→18 [0.1ms]
[2026-05-08 21:21:16] MOVE chetan (lawn green): 56→46 [0.1ms]
[2026-05-08 21:21:17] MOVE asha (gray0): 18→9 [0.1ms]
[2026-05-08 21:21:17] MOVE chetan (lawn green): 46→56 [0.1ms]
[2026-05-08 21:21:17] MOVE asha (gray0): 9→18 [0.1ms]
[2026-05-08 21:21:18] MOVE chetan (lawn green): 56→46 [0.2ms]
[2026-05-08 21:21:18] MOVE asha (gray0): 18→9 [0.2ms]
[2026-05-08 21:21:19] MOVE chetan (lawn green): 46→56 [1.0ms]
[2026-05-08 21:21:19] MOVE asha (gray0): 9→18 [0.1ms]
[2026-05-08 21:21:19] MOVE chetan (lawn green): 56→46 [1.0ms]
[2026-05-08 21:21:20] MOVE asha (gray0): 18→9 [0.1ms]
[2026-05-08 21:21:20] MOVE chetan (lawn green): 46→56 [0.1ms]
[2026-05-08 21:21:20] MOVE asha (gray0): 9→18 [0.1ms]
[2026-05-08 21:21:21] MOVE chetan (lawn green): 56→46 [0.1ms]
[2026-05-08 21:21:21] MOVE asha (gray0): 18→9 [0.2ms]
[2026-05-08 21:21:22] MOVE chetan (lawn green): 46→56 [0.2ms]
[2026-05-08 21:21:22] MOVE asha (gray0): 9→18 [0.1ms]
[2026-05-08 21:21:22] MOVE chetan (lawn green): 56→46 [0.1ms]
[2026-05-08 21:21:22] MOVE asha (gray0): 18→9 [0.1ms]
[2026-05-08 21:21:23] MOVE chetan (lawn green): 46→56 [0.2ms]
[2026-05-08 21:21:23] MOVE asha (gray0): 9→18 [0.6ms]
[2026-05-08 21:21:23] MOVE chetan (lawn green): 56→46 [0.1ms]
[2026-05-08 21:21:24] MOVE asha (gray0): 18→9 [0.1ms]
[2026-05-08 21:21:24] MOVE chetan (lawn green): 46→56 [0.1ms]
[2026-05-08 21:21:25] MOVE asha (gray0): 9→18 [0.1ms]
[2026-05-08 21:21:25] MOVE chetan (lawn green): 56→46 [0.1ms]
[2026-05-08 21:21:25] MOVE asha (gray0): 18→9 [0.1ms]
[2026-05-08 21:21:26] MOVE chetan (lawn green): 46→56 [0.1ms]
[2026-05-08 21:21:26] MOVE asha (gray0): 9→18 [0.1ms]
[2026-05-08 21:21:26] MOVE chetan (lawn green): 56→46 [0.1ms]
[2026-05-08 21:21:26] MOVE asha (gray0): 18→9 [0.1ms]
[2026-05-08 21:21:27] MOVE chetan (lawn green): 46→56 [0.1ms]
[2026-05-08 21:21:27] MOVE asha (gray0): 9→18 [0.1ms]
[2026-05-08 21:21:28] MOVE chetan (lawn green): 56→46 [0.1ms]
[2026-05-08 21:21:28] MOVE asha (gray0): 18→9 [0.1ms]
[2026-05-08 21:21:29] MOVE chetan (lawn green): 46→56 [0.1ms]
[2026-05-08 21:21:29] MOVE asha (gray0): 9→18 [0.4ms]
[2026-05-08 21:21:29] MOVE chetan (lawn green): 56→46 [0.1ms]
[2026-05-08 21:21:29] MOVE asha (gray0): 18→9 [0.1ms]
[2026-05-08 21:21:30] MOVE chetan (lawn green): 46→56 [0.1ms]
[2026-05-08 21:21:30] MOVE asha (gray0): 9→18 [0.1ms]
[2026-05-08 21:21:31] MOVE chetan (lawn green): 56→46 [0.1ms]
[2026-05-08 21:21:31] MOVE asha (gray0): 18→9 [0.1ms]
[2026-05-08 21:21:32] MOVE chetan (lawn green): 46→56 [0.1ms]
[2026-05-08 21:21:32] MOVE asha (gray0): 9→18 [0.1ms]
[2026-05-08 21:21:32] MOVE chetan (lawn green): 56→46 [0.1ms]
[2026-05-08 21:21:32] MOVE asha (gray0): 18→9 [0.3ms]
[2026-05-08 21:21:33] MOVE chetan (lawn green): 46→56 [0.1ms]
[2026-05-08 21:21:33] MOVE asha (gray0): 9→18 [0.1ms]
[2026-05-08 21:21:33] MOVE chetan (lawn green): 56→46 [0.1ms]
[2026-05-08 21:21:34] MOVE asha (gray0): 18→9 [0.1ms]
[2026-05-08 21:21:35] MOVE chetan (lawn green): 46→56 [0.1ms]
[2026-05-08 21:21:35] MOVE asha (gray0): 9→18 [0.1ms]
[2026-05-08 21:21:35] MOVE chetan (lawn green): 56→46 [0.1ms]
[2026-05-08 21:21:35] MOVE asha (gray0): 18→9 [0.2ms]
[2026-05-08 21:21:36] MOVE chetan (lawn green): 46→56 [0.3ms]
[2026-05-08 21:21:37] MOVE asha (gray0): 9→18 [0.1ms]
[2026-05-08 21:21:37] MOVE chetan (lawn green): 56→46 [0.1ms]
[2026-05-08 21:21:37] MOVE asha (gray0): 18→9 [0.1ms]
[2026-05-08 21:21:38] MOVE chetan (lawn green): 46→56 [0.1ms]
[2026-05-08 21:21:38] MOVE asha (gray0): 9→18 [0.1ms]
[2026-05-08 21:21:38] MOVE chetan (lawn green): 56→46 [0.1ms]
[2026-05-08 21:21:39] MOVE asha (gray0): 18→9 [0.1ms]
[2026-05-08 21:21:40] MOVE chetan (lawn green): 46→56 [0.1ms]
[2026-05-08 21:21:40] MOVE asha (gray0): 9→18 [0.1ms]
[2026-05-08 21:21:40] MOVE chetan (lawn green): 56→46 [0.1ms]
[2026-05-08 21:21:40] MOVE asha (gray0): 18→9 [0.1ms]
[2026-05-08 21:21:41] MOVE chetan (lawn green): 46→56 [0.1ms]
[2026-05-08 21:21:42] MOVE asha (gray0): 9→18 [0.1ms]
[2026-05-08 21:21:42] MOVE chetan (lawn green): 56→46 [0.5ms]
[2026-05-08 21:21:42] MOVE asha (gray0): 18→9 [0.1ms]
[2026-05-08 21:21:43] MOVE chetan (lawn green): 46→56 [0.1ms]
[2026-05-08 21:21:43] MOVE asha (gray0): 9→18 [0.1ms]
[2026-05-08 21:21:43] MOVE chetan (lawn green): 56→46 [0.1ms]
[2026-05-08 21:21:44] MOVE asha (gray0): 18→9 [0.1ms]
[2026-05-08 21:21:45] MOVE chetan (lawn green): 46→56 [0.2ms]
[2026-05-08 21:21:45] MOVE asha (gray0): 9→18 [0.1ms]
[2026-05-08 21:21:45] MOVE chetan (lawn green): 56→46 [0.1ms]
[2026-05-08 21:21:45] MOVE asha (gray0): 18→9 [0.1ms]
[2026-05-08 21:21:46] MOVE chetan (lawn green): 46→56 [0.1ms]
[2026-05-08 21:21:46] MOVE asha (gray0): 9→18 [0.1ms]
[2026-05-08 21:21:47] MOVE chetan (lawn green): 56→46 [0.1ms]
[2026-05-08 21:21:47] MOVE asha (gray0): 18→9 [0.1ms]
[2026-05-08 21:21:48] MOVE chetan (lawn green): 46→56 [0.2ms]
[2026-05-08 21:21:48] MOVE asha (gray0): 9→18 [0.1ms]
[2026-05-08 21:21:48] MOVE chetan (lawn green): 56→46 [0.1ms]
[2026-05-08 21:21:49] MOVE asha (gray0): 18→9 [0.1ms]
[2026-05-08 21:21:50] MOVE chetan (lawn green): 46→56 [0.1ms]
[2026-05-08 21:21:50] MOVE asha (gray0): 9→18 [0.1ms]
[2026-05-08 21:21:50] MOVE chetan (lawn green): 56→46 [0.1ms]
[2026-05-08 21:21:50] MOVE asha (gray0): 18→9 [0.1ms]
[2026-05-08 21:21:51] MOVE chetan (lawn green): 46→56 [0.1ms]
[2026-05-08 21:21:52] MOVE asha (gray0): 9→18 [0.1ms]
[2026-05-08 21:21:52] MOVE chetan (lawn green): 56→46 [0.1ms]
[2026-05-08 21:21:52] MOVE asha (gray0): 18→9 [0.1ms]
[2026-05-08 21:21:53] MOVE chetan (lawn green): 46→56 [0.1ms]
[2026-05-08 21:21:53] MOVE asha (gray0): 9→18 [0.1ms]
[2026-05-08 21:21:53] MOVE chetan (lawn green): 56→46 [0.3ms]
[2026-05-08 21:21:54] MOVE asha (gray0): 18→9 [0.1ms]
[2026-05-08 21:21:55] MOVE chetan (lawn green): 46→56 [0.2ms]
[2026-05-08 21:21:55] MOVE asha (gray0): 9→18 [0.1ms]
[2026-05-08 21:21:55] MOVE chetan (lawn green): 56→46 [0.1ms]
[2026-05-08 21:21:55] MOVE asha (gray0): 18→9 [0.1ms]
[2026-05-08 21:21:57] MOVE chetan (lawn green): 46→56 [0.2ms]
[2026-05-08 21:21:57] MOVE asha (gray0): 9→18 [0.2ms]
[2026-05-08 21:21:57] MOVE chetan (lawn green): 56→46 [0.1ms]
[2026-05-08 21:21:57] MOVE asha (gray0): 18→9 [0.1ms]
[2026-05-08 21:21:59] MOVE chetan (lawn green): 46→56 [0.1ms]
[2026-05-08 21:21:59] MOVE asha (gray0): 9→18 [0.1ms]
[2026-05-08 21:21:59] MOVE chetan (lawn green): 56→46 [0.1ms]
[2026-05-08 21:21:59] MOVE asha (gray0): 18→9 [0.1ms]
[2026-05-08 21:22:01] MOVE chetan (lawn green): 46→56 [0.2ms]
[2026-05-08 21:22:01] MOVE asha (gray0): 9→18 [0.1ms]
[2026-05-08 21:22:01] MOVE chetan (lawn green): 56→46 [0.1ms]
[2026-05-08 21:22:01] MOVE asha (gray0): 18→9 [0.1ms]
[2026-05-08 21:22:03] MOVE chetan (lawn green): 46→56 [0.2ms]
[2026-05-08 21:22:03] MOVE asha (gray0): 9→18 [0.1ms]
[2026-05-08 21:22:03] MOVE chetan (lawn green): 56→46 [0.1ms]
[2026-05-08 21:22:04] MOVE asha (gray0): 18→9 [0.4ms]
[2026-05-08 21:22:05] MOVE chetan (lawn green): 46→56 [0.1ms]
[2026-05-08 21:22:05] MOVE asha (gray0): 9→18 [0.1ms]
[2026-05-08 21:22:05] MOVE chetan (lawn green): 56→46 [0.1ms]
[2026-05-08 21:22:05] MOVE asha (gray0): 18→9 [0.1ms]
[2026-05-08 21:22:07] MOVE chetan (lawn green): 46→56 [0.1ms]
[2026-05-08 21:22:07] MOVE asha (gray0): 9→18 [0.2ms]
[2026-05-08 21:22:07] MOVE chetan (lawn green): 56→46 [0.1ms]
[2026-05-08 21:22:08] MOVE asha (gray0): 18→9 [0.1ms]
[2026-05-08 21:22:09] MOVE chetan (lawn green): 46→56 [0.1ms]
[2026-05-08 21:22:10] MOVE asha (gray0): 9→18 [0.1ms]
[2026-05-08 21:22:10] MOVE chetan (lawn green): 56→46 [0.1ms]
[2026-05-08 21:22:10] MOVE asha (gray0): 18→9 [0.1ms]
[2026-05-08 21:22:11] MOVE chetan (lawn green): 46→56 [0.1ms]
[2026-05-08 21:22:12] MOVE asha (gray0): 9→18 [0.2ms]
[2026-05-08 21:22:12] MOVE chetan (lawn green): 56→46 [0.1ms]
[2026-05-08 21:22:12] MOVE asha (gray0): 18→9 [0.1ms]
[2026-05-08 21:22:14] MOVE chetan (lawn green): 46→56 [0.1ms]
[2026-05-08 21:22:14] MOVE asha (gray0): 9→18 [0.1ms]
[2026-05-08 21:22:14] MOVE chetan (lawn green): 56→46 [0.1ms]
[2026-05-08 21:22:14] MOVE asha (gray0): 18→9 [0.1ms]
[2026-05-08 21:22:16] MOVE chetan (lawn green): 46→56 [0.1ms]
[2026-05-08 21:22:16] MOVE asha (gray0): 9→18 [0.2ms]
[2026-05-08 21:22:16] MOVE chetan (lawn green): 56→46 [0.1ms]
[2026-05-08 21:22:16] MOVE asha (gray0): 18→9 [0.1ms]
[2026-05-08 21:22:18] MOVE chetan (lawn green): 46→56 [0.1ms]
[2026-05-08 21:22:18] MOVE asha (gray0): 9→18 [0.1ms]
[2026-05-08 21:22:18] MOVE chetan (lawn green): 56→46 [0.1ms]
[2026-05-08 21:22:18] MOVE asha (gray0): 18→9 [0.1ms]
[2026-05-08 21:22:20] MOVE chetan (lawn green): 46→56 [0.2ms]
[2026-05-08 21:22:20] MOVE asha (gray0): 9→18 [0.1ms]
[2026-05-08 21:22:20] MOVE chetan (lawn green): 56→46 [0.1ms]
[2026-05-08 21:22:20] MOVE asha (gray0): 18→9 [0.1ms]
[2026-05-08 21:22:22] MOVE chetan (lawn green): 46→56 [0.2ms]
[2026-05-08 21:22:22] MOVE asha (gray0): 9→18 [0.1ms]
[2026-05-08 21:22:22] MOVE chetan (lawn green): 56→46 [0.1ms]
[2026-05-08 21:22:23] MOVE asha (gray0): 18→9 [0.1ms]
[2026-05-08 21:22:24] MOVE chetan (lawn green): 46→56 [0.2ms]
[2026-05-08 21:22:24] MOVE asha (gray0): 9→18 [0.1ms]
[2026-05-08 21:22:25] MOVE chetan (lawn green): 56→46 [0.1ms]
[2026-05-08 21:22:25] MOVE asha (gray0): 18→9 [0.2ms]
[2026-05-08 21:22:26] MOVE chetan (lawn green): 46→56 [0.3ms]
[2026-05-08 21:22:27] MOVE asha (gray0): 9→18 [0.1ms]
[2026-05-08 21:22:27] MOVE chetan (lawn green): 56→46 [0.1ms]
[2026-05-08 21:22:27] MOVE asha (gray0): 18→9 [0.1ms]
[2026-05-08 21:22:29] MOVE chetan (lawn green): 46→56 [0.1ms]
[2026-05-08 21:22:29] MOVE asha (gray0): 9→18 [0.1ms]
[2026-05-08 21:22:29] MOVE chetan (lawn green): 56→46 [0.1ms]
[2026-05-08 21:22:29] MOVE asha (gray0): 18→9 [0.1ms]
[2026-05-08 21:22:31] MOVE chetan (lawn green): 46→56 [1.3ms]
[2026-05-08 21:22:31] MOVE asha (gray0): 9→18 [0.1ms]
[2026-05-08 21:22:31] MOVE chetan (lawn green): 56→46 [0.1ms]
[2026-05-08 21:22:31] MOVE asha (gray0): 18→9 [0.1ms]
[2026-05-08 21:22:33] MOVE chetan (lawn green): 46→56 [0.1ms]
[2026-05-08 21:22:33] MOVE asha (gray0): 9→18 [0.1ms]
[2026-05-08 21:22:33] MOVE chetan (lawn green): 56→46 [0.1ms]
[2026-05-08 21:22:33] MOVE asha (gray0): 18→9 [0.1ms]
[2026-05-08 21:22:35] MOVE chetan (lawn green): 46→56 [0.1ms]
[2026-05-08 21:22:35] MOVE asha (gray0): 9→18 [0.1ms]
[2026-05-08 21:22:35] MOVE chetan (lawn green): 56→46 [0.1ms]
[2026-05-08 21:22:35] MOVE asha (gray0): 18→9 [0.2ms]
[2026-05-08 21:22:37] MOVE chetan (lawn green): 46→56 [0.2ms]
[2026-05-08 21:22:37] MOVE asha (gray0): 9→18 [0.2ms]
[2026-05-08 21:22:37] MOVE chetan (lawn green): 56→46 [0.2ms]
[2026-05-08 21:22:38] MOVE asha (gray0): 18→9 [0.1ms]
[2026-05-08 21:22:39] MOVE chetan (lawn green): 46→56 [0.2ms]
[2026-05-08 21:22:39] MOVE asha (gray0): 9→18 [0.1ms]
[2026-05-08 21:22:40] MOVE chetan (lawn green): 56→46 [0.1ms]
[2026-05-08 21:22:40] MOVE asha (gray0): 18→9 [0.1ms]
[2026-05-08 21:22:41] MOVE chetan (lawn green): 46→56 [0.1ms]
[2026-05-08 21:22:42] MOVE asha (gray0): 9→18 [0.1ms]
[2026-05-08 21:22:42] MOVE chetan (lawn green): 56→46 [0.3ms]
[2026-05-08 21:22:42] MOVE asha (gray0): 18→9 [0.2ms]
[2026-05-08 21:22:44] MOVE chetan (lawn green): 46→56 [0.1ms]
[2026-05-08 21:22:44] MOVE asha (gray0): 9→18 [0.2ms]
[2026-05-08 21:22:44] MOVE chetan (lawn green): 56→46 [0.1ms]
[2026-05-08 21:22:44] MOVE asha (gray0): 18→9 [0.1ms]
[2026-05-08 21:22:46] MOVE chetan (lawn green): 46→56 [0.1ms]
[2026-05-08 21:22:46] MOVE asha (gray0): 9→18 [0.1ms]
[2026-05-08 21:22:46] MOVE chetan (lawn green): 56→46 [0.1ms]
[2026-05-08 21:22:46] MOVE asha (gray0): 18→9 [0.1ms]
[2026-05-08 21:22:48] MOVE chetan (lawn green): 46→56 [0.1ms]
[2026-05-08 21:22:48] MOVE asha (gray0): 9→18 [0.1ms]
[2026-05-08 21:22:48] MOVE chetan (lawn green): 56→46 [0.1ms]
[2026-05-08 21:22:48] MOVE asha (gray0): 18→9 [0.1ms]
[2026-05-08 21:22:50] MOVE chetan (lawn green): 46→56 [0.1ms]
[2026-05-08 21:22:50] MOVE asha (gray0): 9→18 [0.2ms]
[2026-05-08 21:22:50] MOVE chetan (lawn green): 56→46 [0.4ms]
[2026-05-08 21:22:51] MOVE asha (gray0): 18→9 [0.1ms]
[2026-05-08 21:22:52] MOVE chetan (lawn green): 46→56 [0.3ms]
[2026-05-08 21:22:52] MOVE asha (gray0): 9→18 [0.1ms]
[2026-05-08 21:22:53] MOVE chetan (lawn green): 56→46 [0.2ms]
[2026-05-08 21:22:53] MOVE asha (gray0): 18→9 [0.1ms]
[2026-05-08 21:22:54] MOVE chetan (lawn green): 46→56 [0.2ms]
[2026-05-08 21:22:55] MOVE asha (gray0): 9→18 [0.1ms]
[2026-05-08 21:22:55] MOVE chetan (lawn green): 56→46 [0.1ms]
[2026-05-08 21:22:55] MOVE asha (gray0): 18→9 [0.1ms]
[2026-05-08 21:22:57] MOVE chetan (lawn green): 46→56 [0.1ms]
[2026-05-08 21:22:57] MOVE asha (gray0): 9→18 [0.1ms]
[2026-05-08 21:22:57] MOVE chetan (lawn green): 56→46 [0.1ms]
[2026-05-08 21:22:57] MOVE asha (gray0): 18→9 [0.2ms]
[2026-05-08 21:22:59] MOVE chetan (lawn green): 46→56 [0.2ms]
[2026-05-08 21:22:59] MOVE asha (gray0): 9→18 [0.1ms]
[2026-05-08 21:22:59] MOVE chetan (lawn green): 56→46 [0.1ms]
[2026-05-08 21:22:59] MOVE asha (gray0): 18→9 [0.1ms]
[2026-05-08 21:23:01] MOVE chetan (lawn green): 46→56 [0.1ms]
[2026-05-08 21:23:01] MOVE asha (gray0): 9→18 [0.1ms]
[2026-05-08 21:23:01] MOVE chetan (lawn green): 56→46 [0.2ms]
[2026-05-08 21:23:02] MOVE asha (gray0): 18→9 [0.1ms]
[2026-05-08 21:23:03] MOVE chetan (lawn green): 46→56 [0.1ms]
[2026-05-08 21:23:03] MOVE asha (gray0): 9→18 [0.1ms]
[2026-05-08 21:23:04] MOVE chetan (lawn green): 56→46 [0.1ms]
[2026-05-08 21:23:04] MOVE asha (gray0): 18→9 [0.2ms]
[2026-05-08 21:23:05] MOVE chetan (lawn green): 46→56 [0.2ms]
[2026-05-08 21:23:06] MOVE asha (gray0): 9→18 [0.1ms]
[2026-05-08 21:23:06] MOVE chetan (lawn green): 56→46 [0.2ms]
[2026-05-08 21:23:06] MOVE asha (gray0): 18→9 [0.2ms]
[2026-05-08 21:23:08] MOVE chetan (lawn green): 46→56 [0.1ms]
[2026-05-08 21:23:08] MOVE asha (gray0): 9→18 [0.1ms]
[2026-05-08 21:23:08] MOVE chetan (lawn green): 56→46 [0.1ms]
[2026-05-08 21:23:08] MOVE asha (gray0): 18→9 [0.3ms]
[2026-05-08 21:23:10] MOVE chetan (lawn green): 46→56 [0.1ms]
[2026-05-08 21:23:10] MOVE asha (gray0): 9→18 [0.1ms]
[2026-05-08 21:23:10] MOVE chetan (lawn green): 56→46 [0.1ms]
[2026-05-08 21:23:10] MOVE asha (gray0): 18→9 [0.4ms]
[2026-05-08 21:23:12] MOVE chetan (lawn green): 46→56 [0.1ms]
[2026-05-08 21:23:12] MOVE asha (gray0): 9→18 [0.1ms]
[2026-05-08 21:23:12] MOVE chetan (lawn green): 56→46 [0.3ms]
[2026-05-08 21:23:13] MOVE asha (gray0): 18→9 [0.2ms]
[2026-05-08 21:23:14] MOVE chetan (lawn green): 46→56 [0.2ms]
[2026-05-08 21:23:14] MOVE asha (gray0): 9→18 [0.1ms]
[2026-05-08 21:23:15] MOVE chetan (lawn green): 56→46 [0.1ms]
[2026-05-08 21:23:15] MOVE asha (gray0): 18→9 [0.1ms]
[2026-05-08 21:23:16] MOVE chetan (lawn green): 46→56 [0.3ms]
[2026-05-08 21:23:17] MOVE asha (gray0): 9→18 [0.2ms]
[2026-05-08 21:23:17] MOVE chetan (lawn green): 56→46 [0.1ms]
[2026-05-08 21:23:17] MOVE asha (gray0): 18→9 [0.1ms]
[2026-05-08 21:23:19] MOVE chetan (lawn green): 46→56 [0.2ms]
[2026-05-08 21:23:19] MOVE asha (gray0): 9→18 [0.1ms]
[2026-05-08 21:23:19] MOVE chetan (lawn green): 56→46 [0.1ms]
[2026-05-08 21:23:19] MOVE asha (gray0): 18→9 [0.2ms]
[2026-05-08 21:23:21] MOVE chetan (lawn green): 46→56 [0.1ms]
[2026-05-08 21:23:21] MOVE asha (gray0): 9→18 [0.1ms]
[2026-05-08 21:23:21] MOVE chetan (lawn green): 56→46 [0.2ms]
[2026-05-08 21:23:21] MOVE asha (gray0): 18→9 [0.1ms]
[2026-05-08 21:23:23] MOVE chetan (lawn green): 46→56 [0.1ms]
[2026-05-08 21:23:23] MOVE asha (gray0): 9→18 [0.1ms]
[2026-05-08 21:23:23] MOVE chetan (lawn green): 56→46 [0.1ms]
[2026-05-08 21:23:23] MOVE asha (gray0): 18→9 [0.1ms]
[2026-05-08 21:23:25] MOVE chetan (lawn green): 46→56 [0.1ms]
[2026-05-08 21:23:25] MOVE asha (gray0): 9→18 [0.1ms]
[2026-05-08 21:23:25] MOVE chetan (lawn green): 56→46 [0.1ms]
[2026-05-08 21:23:26] MOVE asha (gray0): 18→9 [0.1ms]
[2026-05-08 21:23:27] MOVE chetan (lawn green): 46→56 [0.2ms]
[2026-05-08 21:23:27] MOVE asha (gray0): 9→18 [0.1ms]
[2026-05-08 21:23:27] MOVE chetan (lawn green): 56→46 [0.1ms]
[2026-05-08 21:23:28] MOVE asha (gray0): 18→9 [0.1ms]
[2026-05-08 21:23:29] MOVE chetan (lawn green): 46→56 [0.1ms]
[2026-05-08 21:23:30] MOVE asha (gray0): 9→18 [0.1ms]
[2026-05-08 21:23:30] MOVE chetan (lawn green): 56→46 [0.1ms]
[2026-05-08 21:23:30] MOVE asha (gray0): 18→9 [0.1ms]
[2026-05-08 21:23:31] MOVE chetan (lawn green): 46→56 [0.1ms]
[2026-05-08 21:23:31] MOVE asha (gray0): 9→18 [0.3ms]
[2026-05-08 21:23:32] MOVE chetan (lawn green): 56→46 [0.2ms]
[2026-05-08 21:23:32] MOVE asha (gray0): 18→9 [0.2ms]
[2026-05-08 21:23:34] MOVE chetan (lawn green): 46→56 [0.1ms]
[2026-05-08 21:23:34] MOVE asha (gray0): 9→18 [0.1ms]
[2026-05-08 21:23:34] MOVE chetan (lawn green): 56→46 [0.1ms]
[2026-05-08 21:23:34] MOVE asha (gray0): 18→9 [0.1ms]
[2026-05-08 21:23:36] MOVE chetan (lawn green): 46→56 [0.1ms]
[2026-05-08 21:23:36] MOVE asha (gray0): 9→18 [0.1ms]
[2026-05-08 21:23:36] MOVE chetan (lawn green): 56→46 [0.1ms]
[2026-05-08 21:23:36] MOVE asha (gray0): 18→9 [0.1ms]
[2026-05-08 21:23:38] MOVE chetan (lawn green): 46→56 [0.1ms]
[2026-05-08 21:23:38] MOVE asha (gray0): 9→18 [0.1ms]
[2026-05-08 21:23:38] MOVE chetan (lawn green): 56→46 [0.1ms]
[2026-05-08 21:23:38] MOVE asha (gray0): 18→9 [0.2ms]
[2026-05-08 21:23:40] MOVE chetan (lawn green): 46→56 [0.2ms]
[2026-05-08 21:23:40] MOVE asha (gray0): 9→18 [0.2ms]
[2026-05-08 21:23:40] MOVE chetan (lawn green): 56→46 [0.1ms]
[2026-05-08 21:23:41] MOVE asha (gray0): 18→9 [0.2ms]
[2026-05-08 21:23:42] MOVE chetan (lawn green): 46→56 [0.2ms]
[2026-05-08 21:23:42] MOVE asha (gray0): 9→18 [0.1ms]
[2026-05-08 21:23:42] MOVE chetan (lawn green): 56→46 [0.1ms]
[2026-05-08 21:23:43] MOVE asha (gray0): 18→9 [0.1ms]
[2026-05-08 21:23:44] MOVE chetan (lawn green): 46→56 [0.1ms]
[2026-05-08 21:23:45] MOVE asha (gray0): 9→18 [0.1ms]
[2026-05-08 21:23:45] MOVE chetan (lawn green): 56→46 [0.1ms]
[2026-05-08 21:23:45] MOVE asha (gray0): 18→9 [0.1ms]
[2026-05-08 21:23:46] MOVE chetan (lawn green): 46→56 [0.1ms]
[2026-05-08 21:23:47] MOVE asha (gray0): 9→18 [0.1ms]
[2026-05-08 21:23:47] MOVE chetan (lawn green): 56→46 [0.1ms]
[2026-05-08 21:23:47] MOVE asha (gray0): 18→9 [0.1ms]
[2026-05-08 21:23:49] MOVE chetan (lawn green): 46→56 [0.1ms]
[2026-05-08 21:23:49] MOVE asha (gray0): 9→18 [0.1ms]
[2026-05-08 21:23:49] MOVE chetan (lawn green): 56→46 [0.1ms]
[2026-05-08 21:23:49] MOVE asha (gray0): 18→9 [0.1ms]
[2026-05-08 21:23:51] MOVE chetan (lawn green): 46→56 [0.1ms]
[2026-05-08 21:23:51] MOVE asha (gray0): 9→18 [0.1ms]
[2026-05-08 21:23:51] MOVE chetan (lawn green): 56→46 [0.1ms]
[2026-05-08 21:23:51] MOVE asha (gray0): 18→9 [0.1ms]
[2026-05-08 21:23:53] MOVE chetan (lawn green): 46→56 [0.1ms]
[2026-05-08 21:23:53] MOVE asha (gray0): 9→18 [0.1ms]
[2026-05-08 21:23:53] MOVE chetan (lawn green): 56→46 [0.1ms]
[2026-05-08 21:23:53] MOVE asha (gray0): 18→9 [0.1ms]
[2026-05-08 21:23:55] MOVE chetan (lawn green): 46→56 [0.2ms]
[2026-05-08 21:23:55] MOVE asha (gray0): 9→18 [0.1ms]
[2026-05-08 21:23:55] MOVE chetan (lawn green): 56→46 [0.1ms]
[2026-05-08 21:23:55] MOVE asha (gray0): 18→9 [0.1ms]
[2026-05-08 21:23:57] MOVE chetan (lawn green): 46→56 [0.1ms]
[2026-05-08 21:23:57] MOVE asha (gray0): 9→18 [0.2ms]
[2026-05-08 21:23:58] MOVE chetan (lawn green): 56→46 [0.1ms]
[2026-05-08 21:23:58] MOVE asha (gray0): 18→9 [0.1ms]
[2026-05-08 21:23:59] MOVE chetan (lawn green): 46→56 [0.1ms]
[2026-05-08 21:23:59] MOVE asha (gray0): 9→18 [0.2ms]
[2026-05-08 21:24:00] MOVE chetan (lawn green): 56→46 [0.1ms]
[2026-05-08 21:24:00] MOVE asha (gray0): 18→9 [0.1ms]
[2026-05-08 21:24:01] MOVE chetan (lawn green): 46→56 [0.1ms]
[2026-05-08 21:24:02] MOVE asha (gray0): 9→18 [0.1ms]
[2026-05-08 21:24:02] MOVE chetan (lawn green): 56→46 [0.1ms]
[2026-05-08 21:24:02] MOVE asha (gray0): 18→9 [0.1ms]
[2026-05-08 21:24:04] MOVE chetan (lawn green): 46→56 [0.1ms]
[2026-05-08 21:24:04] MOVE asha (gray0): 9→18 [0.1ms]
[2026-05-08 21:24:04] MOVE chetan (lawn green): 56→46 [0.3ms]
[2026-05-08 21:24:04] MOVE asha (gray0): 18→9 [0.5ms]
[2026-05-08 21:24:06] MOVE chetan (lawn green): 46→56 [0.1ms]
[2026-05-08 21:24:06] MOVE asha (gray0): 9→18 [0.1ms]
[2026-05-08 21:24:06] MOVE chetan (lawn green): 56→46 [0.1ms]
[2026-05-08 21:24:06] MOVE asha (gray0): 18→9 [0.1ms]
[2026-05-08 21:24:08] MOVE chetan (lawn green): 46→56 [0.1ms]
[2026-05-08 21:24:08] MOVE asha (gray0): 9→18 [0.2ms]
[2026-05-08 21:24:08] MOVE chetan (lawn green): 56→46 [0.1ms]
[2026-05-08 21:24:08] MOVE asha (gray0): 18→9 [0.1ms]
[2026-05-08 21:24:10] MOVE chetan (lawn green): 46→56 [0.1ms]
[2026-05-08 21:24:10] MOVE asha (gray0): 9→18 [0.1ms]
[2026-05-08 21:24:10] MOVE chetan (lawn green): 56→46 [0.1ms]
[2026-05-08 21:24:11] MOVE asha (gray0): 18→9 [0.1ms]
[2026-05-08 21:24:12] MOVE chetan (lawn green): 46→56 [0.1ms]
[2026-05-08 21:24:12] MOVE asha (gray0): 9→18 [0.1ms]
[2026-05-08 21:24:13] MOVE chetan (lawn green): 56→46 [0.1ms]
[2026-05-08 21:24:13] MOVE asha (gray0): 18→9 [0.1ms]
[2026-05-08 21:24:14] MOVE chetan (lawn green): 46→56 [0.1ms]
[2026-05-08 21:24:15] MOVE asha (gray0): 9→18 [0.1ms]
[2026-05-08 21:24:15] MOVE chetan (lawn green): 56→46 [0.1ms]
[2026-05-08 21:24:15] MOVE asha (gray0): 18→9 [0.1ms]
[2026-05-08 21:24:16] MOVE chetan (lawn green): 46→56 [0.1ms]
[2026-05-08 21:24:17] MOVE asha (gray0): 9→18 [0.1ms]
[2026-05-08 21:24:17] MOVE chetan (lawn green): 56→46 [0.1ms]
[2026-05-08 21:24:17] MOVE asha (gray0): 18→9 [0.1ms]
[2026-05-08 21:24:17] SCORE chetan (lawn green): Final=896.0, Time=0.0, Moves(298)=0.0, Pins(7)=700.0, Dist=196.0
[2026-05-08 21:24:17] SCORE asha (gray0): Final=997.0, Time=0.0, Moves(298)=0.0, Pins(8)=800.0, Dist=197.0
[2026-05-08 21:24:17] GAME TIME LIMIT REACHED.
[2026-05-08 21:24:18] SCORE chetan (lawn green): Final=896.0, Time=0.0, Moves(298)=0.0, Pins(7)=700.0, Dist=196.0
[2026-05-08 21:24:18] SCORE asha (gray0): Final=997.0, Time=0.0, Moves(298)=0.0, Pins(8)=800.0, Dist=197.0
[2026-05-08 21:24:18] GAME TIME LIMIT REACHED.
[2026-05-08 21:24:19] SCORE chetan (lawn green): Final=896.0, Time=0.0, Moves(298)=0.0, Pins(7)=700.0, Dist=196.0
[2026-05-08 21:24:19] SCORE asha (gray0): Final=997.0, Time=0.0, Moves(298)=0.0, Pins(8)=800.0, Dist=197.0
[2026-05-08 21:24:19] GAME TIME LIMIT REACHED.
