[2026-05-06 11:42:02] GAME CREATED
[2026-05-06 11:42:08] PLAYER JOINED: chetan as lawn green
[2026-05-06 11:42:14] PLAYER JOINED: asha as gray0
[2026-05-06 11:42:18] GAME STARTED — turn order: ['lawn green', 'gray0']
[2026-05-06 11:42:18] MOVE chetan (lawn green): 20→18 [0.1ms]
[2026-05-06 11:42:18] MOVE asha (gray0): 75→56 [0.1ms]
[2026-05-06 11:42:19] MOVE chetan (lawn green): 22→43 [0.1ms]
[2026-05-06 11:42:19] MOVE asha (gray0): 98→77 [0.1ms]
[2026-05-06 11:42:19] MOVE chetan (lawn green): 19→17 [0.1ms]
[2026-05-06 11:42:19] MOVE asha (gray0): 65→47 [0.1ms]
[2026-05-06 11:42:19] MOVE chetan (lawn green): 33→29 [0.1ms]
[2026-05-06 11:42:19] MOVE asha (gray0): 87→48 [0.1ms]
[2026-05-06 11:42:20] MOVE chetan (lawn green): 17→40 [0.1ms]
[2026-05-06 11:42:20] MOVE asha (gray0): 47→49 [0.1ms]
[2026-05-06 11:42:20] MOVE chetan (lawn green): 29→50 [0.1ms]
[2026-05-06 11:42:20] MOVE asha (gray0): 88→47 [0.1ms]
[2026-05-06 11:42:20] MOVE chetan (lawn green): 40→57 [0.1ms]
[2026-05-06 11:42:20] MOVE asha (gray0): 56→39 [2.4ms]
[2026-05-06 11:42:21] MOVE chetan (lawn green): 50→59 [0.1ms]
[2026-05-06 11:42:21] MOVE asha (gray0): 49→28 [0.1ms]
[2026-05-06 11:42:21] MOVE chetan (lawn green): 57→56 [0.1ms]
[2026-05-06 11:42:21] MOVE asha (gray0): 39→16 [0.1ms]
[2026-05-06 11:42:21] MOVE chetan (lawn green): 56→65 [0.1ms]
[2026-05-06 11:42:21] MOVE asha (gray0): 100→60 [0.1ms]
[2026-05-06 11:42:22] MOVE chetan (lawn green): 65→75 [0.1ms]
[2026-05-06 11:42:22] MOVE asha (gray0): 47→51 [0.1ms]
[2026-05-06 11:42:22] MOVE chetan (lawn green): 75→65 [0.1ms]
[2026-05-06 11:42:22] MOVE asha (gray0): 60→41 [0.1ms]
[2026-05-06 11:42:22] MOVE chetan (lawn green): 65→75 [0.1ms]
[2026-05-06 11:42:22] MOVE asha (gray0): 51→30 [0.1ms]
[2026-05-06 11:42:22] MOVE chetan (lawn green): 75→65 [0.1ms]
[2026-05-06 11:42:23] MOVE asha (gray0): 16→17 [0.1ms]
[2026-05-06 11:42:23] MOVE chetan (lawn green): 65→75 [0.1ms]
[2026-05-06 11:42:23] MOVE asha (gray0): 17→19 [0.1ms]
[2026-05-06 11:42:23] MOVE chetan (lawn green): 75→65 [0.1ms]
[2026-05-06 11:42:23] MOVE asha (gray0): 19→20 [0.1ms]
[2026-05-06 11:42:23] MOVE chetan (lawn green): 65→75 [0.1ms]
[2026-05-06 11:42:24] MOVE asha (gray0): 20→19 [0.1ms]
[2026-05-06 11:42:24] MOVE chetan (lawn green): 75→65 [0.4ms]
[2026-05-06 11:42:24] MOVE asha (gray0): 19→20 [0.1ms]
[2026-05-06 11:42:24] MOVE chetan (lawn green): 65→75 [0.1ms]
[2026-05-06 11:42:24] MOVE asha (gray0): 20→19 [0.1ms]
[2026-05-06 11:42:24] MOVE chetan (lawn green): 75→65 [0.1ms]
[2026-05-06 11:42:24] MOVE asha (gray0): 19→20 [0.2ms]
[2026-05-06 11:42:25] MOVE chetan (lawn green): 65→75 [0.1ms]
[2026-05-06 11:42:25] MOVE asha (gray0): 20→19 [0.1ms]
[2026-05-06 11:42:25] MOVE chetan (lawn green): 75→65 [0.1ms]
[2026-05-06 11:42:25] MOVE asha (gray0): 19→20 [0.1ms]
[2026-05-06 11:42:25] MOVE chetan (lawn green): 65→75 [0.4ms]
[2026-05-06 11:42:25] MOVE asha (gray0): 20→19 [0.1ms]
[2026-05-06 11:42:26] MOVE chetan (lawn green): 75→65 [0.1ms]
[2026-05-06 11:42:26] MOVE asha (gray0): 19→20 [0.1ms]
[2026-05-06 11:42:26] MOVE chetan (lawn green): 65→75 [0.3ms]
[2026-05-06 11:42:26] MOVE asha (gray0): 20→19 [0.1ms]
[2026-05-06 11:42:26] MOVE chetan (lawn green): 75→65 [0.1ms]
[2026-05-06 11:42:26] MOVE asha (gray0): 19→20 [0.1ms]
[2026-05-06 11:42:27] MOVE chetan (lawn green): 65→75 [0.1ms]
[2026-05-06 11:42:27] MOVE asha (gray0): 20→19 [0.1ms]
[2026-05-06 11:42:27] MOVE chetan (lawn green): 75→65 [0.1ms]
[2026-05-06 11:42:27] MOVE asha (gray0): 19→20 [0.1ms]
[2026-05-06 11:42:27] MOVE chetan (lawn green): 65→75 [0.1ms]
[2026-05-06 11:42:27] MOVE asha (gray0): 20→19 [0.1ms]
[2026-05-06 11:42:27] MOVE chetan (lawn green): 75→65 [0.1ms]
[2026-05-06 11:42:28] MOVE asha (gray0): 19→20 [0.1ms]
[2026-05-06 11:42:28] MOVE chetan (lawn green): 65→75 [0.1ms]
[2026-05-06 11:42:28] MOVE asha (gray0): 20→19 [0.3ms]
[2026-05-06 11:42:28] MOVE chetan (lawn green): 75→65 [0.1ms]
[2026-05-06 11:42:28] MOVE asha (gray0): 19→20 [0.1ms]
[2026-05-06 11:42:28] MOVE chetan (lawn green): 65→75 [0.1ms]
[2026-05-06 11:42:28] MOVE asha (gray0): 20→19 [0.1ms]
[2026-05-06 11:42:29] MOVE chetan (lawn green): 75→65 [0.1ms]
[2026-05-06 11:42:29] MOVE asha (gray0): 19→20 [0.1ms]
[2026-05-06 11:42:29] MOVE chetan (lawn green): 65→75 [0.1ms]
[2026-05-06 11:42:29] MOVE asha (gray0): 20→19 [0.1ms]
[2026-05-06 11:42:29] MOVE chetan (lawn green): 75→65 [0.1ms]
[2026-05-06 11:42:29] MOVE asha (gray0): 19→20 [0.1ms]
[2026-05-06 11:42:30] MOVE chetan (lawn green): 65→75 [0.1ms]
[2026-05-06 11:42:30] MOVE asha (gray0): 20→19 [0.1ms]
[2026-05-06 11:42:30] MOVE chetan (lawn green): 75→65 [0.1ms]
[2026-05-06 11:42:30] MOVE asha (gray0): 19→20 [0.1ms]
[2026-05-06 11:42:30] MOVE chetan (lawn green): 65→75 [0.1ms]
[2026-05-06 11:42:30] MOVE asha (gray0): 20→19 [0.1ms]
[2026-05-06 11:42:31] MOVE chetan (lawn green): 75→65 [0.1ms]
[2026-05-06 11:42:31] MOVE asha (gray0): 19→20 [0.1ms]
[2026-05-06 11:42:31] MOVE chetan (lawn green): 65→75 [0.1ms]
[2026-05-06 11:42:31] MOVE asha (gray0): 20→19 [0.1ms]
[2026-05-06 11:42:31] MOVE chetan (lawn green): 75→65 [3.3ms]
[2026-05-06 11:42:31] MOVE asha (gray0): 19→20 [0.1ms]
[2026-05-06 11:42:32] MOVE chetan (lawn green): 65→75 [0.1ms]
[2026-05-06 11:42:32] MOVE asha (gray0): 20→19 [0.1ms]
[2026-05-06 11:42:32] MOVE chetan (lawn green): 75→65 [0.4ms]
[2026-05-06 11:42:32] MOVE asha (gray0): 19→20 [0.1ms]
[2026-05-06 11:42:32] MOVE chetan (lawn green): 65→75 [0.1ms]
[2026-05-06 11:42:32] MOVE asha (gray0): 20→19 [0.1ms]
[2026-05-06 11:42:32] MOVE chetan (lawn green): 75→65 [0.1ms]
[2026-05-06 11:42:33] MOVE asha (gray0): 19→20 [0.1ms]
[2026-05-06 11:42:33] MOVE chetan (lawn green): 65→75 [0.2ms]
[2026-05-06 11:42:33] MOVE asha (gray0): 20→19 [0.3ms]
[2026-05-06 11:42:33] MOVE chetan (lawn green): 75→65 [0.1ms]
[2026-05-06 11:42:33] MOVE asha (gray0): 19→20 [0.1ms]
[2026-05-06 11:42:33] MOVE chetan (lawn green): 65→75 [0.1ms]
[2026-05-06 11:42:33] MOVE asha (gray0): 20→19 [0.1ms]
[2026-05-06 11:42:34] MOVE chetan (lawn green): 75→65 [0.1ms]
[2026-05-06 11:42:34] MOVE asha (gray0): 19→20 [0.1ms]
[2026-05-06 11:42:34] MOVE chetan (lawn green): 65→75 [0.1ms]
[2026-05-06 11:42:34] MOVE asha (gray0): 20→19 [0.2ms]
[2026-05-06 11:42:34] MOVE chetan (lawn green): 75→65 [0.1ms]
[2026-05-06 11:42:34] MOVE asha (gray0): 19→20 [0.1ms]
[2026-05-06 11:42:35] MOVE chetan (lawn green): 65→75 [0.1ms]
[2026-05-06 11:42:35] MOVE asha (gray0): 20→19 [0.1ms]
[2026-05-06 11:42:35] MOVE chetan (lawn green): 75→65 [0.2ms]
[2026-05-06 11:42:35] MOVE asha (gray0): 19→20 [0.2ms]
[2026-05-06 11:42:35] MOVE chetan (lawn green): 65→75 [0.1ms]
[2026-05-06 11:42:35] MOVE asha (gray0): 20→19 [0.1ms]
[2026-05-06 11:42:36] MOVE chetan (lawn green): 75→65 [0.1ms]
[2026-05-06 11:42:36] MOVE asha (gray0): 19→20 [0.1ms]
[2026-05-06 11:42:36] MOVE chetan (lawn green): 65→75 [0.1ms]
[2026-05-06 11:42:36] MOVE asha (gray0): 20→19 [0.1ms]
[2026-05-06 11:42:36] MOVE chetan (lawn green): 75→65 [0.1ms]
[2026-05-06 11:42:36] MOVE asha (gray0): 19→20 [0.3ms]
[2026-05-06 11:42:37] MOVE chetan (lawn green): 65→75 [0.1ms]
[2026-05-06 11:42:37] MOVE asha (gray0): 20→19 [0.1ms]
[2026-05-06 11:42:37] MOVE chetan (lawn green): 75→65 [0.1ms]
[2026-05-06 11:42:37] MOVE asha (gray0): 19→20 [0.1ms]
[2026-05-06 11:42:37] MOVE chetan (lawn green): 65→75 [0.1ms]
[2026-05-06 11:42:37] MOVE asha (gray0): 20→19 [0.1ms]
[2026-05-06 11:42:37] MOVE chetan (lawn green): 75→65 [0.1ms]
[2026-05-06 11:42:38] MOVE asha (gray0): 19→20 [0.1ms]
[2026-05-06 11:42:38] MOVE chetan (lawn green): 65→75 [0.3ms]
[2026-05-06 11:42:38] MOVE asha (gray0): 20→19 [0.1ms]
[2026-05-06 11:42:38] MOVE chetan (lawn green): 75→65 [0.1ms]
[2026-05-06 11:42:38] MOVE asha (gray0): 19→20 [0.1ms]
[2026-05-06 11:42:38] MOVE chetan (lawn green): 65→75 [0.1ms]
[2026-05-06 11:42:39] MOVE asha (gray0): 20→19 [0.1ms]
[2026-05-06 11:42:39] MOVE chetan (lawn green): 75→65 [0.1ms]
[2026-05-06 11:42:39] MOVE asha (gray0): 19→20 [0.1ms]
[2026-05-06 11:42:39] MOVE chetan (lawn green): 65→75 [0.1ms]
[2026-05-06 11:42:39] MOVE asha (gray0): 20→19 [0.1ms]
[2026-05-06 11:42:39] MOVE chetan (lawn green): 75→65 [0.1ms]
[2026-05-06 11:42:39] MOVE asha (gray0): 19→20 [0.1ms]
[2026-05-06 11:42:40] MOVE chetan (lawn green): 65→75 [0.1ms]
[2026-05-06 11:42:40] MOVE asha (gray0): 20→19 [0.1ms]
[2026-05-06 11:42:40] MOVE chetan (lawn green): 75→65 [0.1ms]
[2026-05-06 11:42:40] MOVE asha (gray0): 19→20 [0.1ms]
[2026-05-06 11:42:40] MOVE chetan (lawn green): 65→75 [0.1ms]
[2026-05-06 11:42:40] MOVE asha (gray0): 20→19 [0.1ms]
[2026-05-06 11:42:41] MOVE chetan (lawn green): 75→65 [0.1ms]
[2026-05-06 11:42:41] MOVE asha (gray0): 19→20 [0.1ms]
[2026-05-06 11:42:41] MOVE chetan (lawn green): 65→75 [0.1ms]
[2026-05-06 11:42:41] MOVE asha (gray0): 20→19 [0.1ms]
[2026-05-06 11:42:41] MOVE chetan (lawn green): 75→65 [0.1ms]
[2026-05-06 11:42:41] MOVE asha (gray0): 19→20 [0.4ms]
[2026-05-06 11:42:42] MOVE chetan (lawn green): 65→75 [0.1ms]
[2026-05-06 11:42:42] MOVE asha (gray0): 20→19 [0.1ms]
[2026-05-06 11:42:42] MOVE chetan (lawn green): 75→65 [0.1ms]
[2026-05-06 11:42:42] MOVE asha (gray0): 19→20 [0.1ms]
[2026-05-06 11:42:42] MOVE chetan (lawn green): 65→75 [8.3ms]
[2026-05-06 11:42:42] MOVE asha (gray0): 20→19 [0.1ms]
[2026-05-06 11:42:42] MOVE chetan (lawn green): 75→65 [0.1ms]
[2026-05-06 11:42:43] MOVE asha (gray0): 19→20 [0.1ms]
[2026-05-06 11:42:43] MOVE chetan (lawn green): 65→75 [0.1ms]
[2026-05-06 11:42:43] MOVE asha (gray0): 20→19 [0.1ms]
[2026-05-06 11:42:43] MOVE chetan (lawn green): 75→65 [0.9ms]
[2026-05-06 11:42:43] MOVE asha (gray0): 19→20 [0.1ms]
[2026-05-06 11:42:43] MOVE chetan (lawn green): 65→75 [0.1ms]
[2026-05-06 11:42:43] MOVE asha (gray0): 20→19 [0.1ms]
[2026-05-06 11:42:44] MOVE chetan (lawn green): 75→65 [0.1ms]
[2026-05-06 11:42:44] MOVE asha (gray0): 19→20 [0.2ms]
[2026-05-06 11:42:44] MOVE chetan (lawn green): 65→75 [0.1ms]
[2026-05-06 11:42:44] MOVE asha (gray0): 20→19 [0.1ms]
[2026-05-06 11:42:44] MOVE chetan (lawn green): 75→65 [0.1ms]
[2026-05-06 11:42:44] MOVE asha (gray0): 19→20 [0.1ms]
[2026-05-06 11:42:45] MOVE chetan (lawn green): 65→75 [3.6ms]
[2026-05-06 11:42:45] MOVE asha (gray0): 20→19 [0.1ms]
[2026-05-06 11:42:45] MOVE chetan (lawn green): 75→65 [0.1ms]
[2026-05-06 11:42:45] MOVE asha (gray0): 19→20 [0.1ms]
[2026-05-06 11:42:45] MOVE chetan (lawn green): 65→75 [0.1ms]
[2026-05-06 11:42:45] MOVE asha (gray0): 20→19 [0.1ms]
[2026-05-06 11:42:46] MOVE chetan (lawn green): 75→65 [0.1ms]
[2026-05-06 11:42:46] MOVE asha (gray0): 19→20 [0.1ms]
[2026-05-06 11:42:46] MOVE chetan (lawn green): 65→75 [0.1ms]
[2026-05-06 11:42:46] MOVE asha (gray0): 20→19 [0.1ms]
[2026-05-06 11:42:46] MOVE chetan (lawn green): 75→65 [2.2ms]
[2026-05-06 11:42:46] MOVE asha (gray0): 19→20 [0.1ms]
[2026-05-06 11:42:47] MOVE chetan (lawn green): 65→75 [0.1ms]
[2026-05-06 11:42:47] MOVE asha (gray0): 20→19 [0.1ms]
[2026-05-06 11:42:47] MOVE chetan (lawn green): 75→65 [0.1ms]
[2026-05-06 11:42:47] MOVE asha (gray0): 19→20 [0.1ms]
[2026-05-06 11:42:47] MOVE chetan (lawn green): 65→75 [0.1ms]
[2026-05-06 11:42:47] MOVE asha (gray0): 20→19 [0.1ms]
[2026-05-06 11:42:48] MOVE chetan (lawn green): 75→65 [0.1ms]
[2026-05-06 11:42:48] MOVE asha (gray0): 19→20 [0.1ms]
[2026-05-06 11:42:48] MOVE chetan (lawn green): 65→75 [0.1ms]
[2026-05-06 11:42:48] MOVE asha (gray0): 20→19 [0.1ms]
[2026-05-06 11:42:48] MOVE chetan (lawn green): 75→65 [0.1ms]
[2026-05-06 11:42:48] MOVE asha (gray0): 19→20 [0.1ms]
[2026-05-06 11:42:48] MOVE chetan (lawn green): 65→75 [0.1ms]
[2026-05-06 11:42:49] MOVE asha (gray0): 20→19 [0.1ms]
[2026-05-06 11:42:49] MOVE chetan (lawn green): 75→65 [0.1ms]
[2026-05-06 11:42:49] MOVE asha (gray0): 19→20 [0.1ms]
[2026-05-06 11:42:49] MOVE chetan (lawn green): 65→75 [0.1ms]
[2026-05-06 11:42:49] MOVE asha (gray0): 20→19 [0.1ms]
[2026-05-06 11:42:49] MOVE chetan (lawn green): 75→65 [0.1ms]
[2026-05-06 11:42:49] MOVE asha (gray0): 19→20 [0.1ms]
[2026-05-06 11:42:50] MOVE chetan (lawn green): 65→75 [0.1ms]
[2026-05-06 11:42:50] MOVE asha (gray0): 20→19 [0.1ms]
[2026-05-06 11:42:50] MOVE chetan (lawn green): 75→65 [0.1ms]
[2026-05-06 11:42:50] MOVE asha (gray0): 19→20 [0.1ms]
[2026-05-06 11:42:50] MOVE chetan (lawn green): 65→75 [0.1ms]
[2026-05-06 11:42:50] MOVE asha (gray0): 20→19 [0.1ms]
[2026-05-06 11:42:51] MOVE chetan (lawn green): 75→65 [0.1ms]
[2026-05-06 11:42:51] MOVE asha (gray0): 19→20 [0.1ms]
[2026-05-06 11:42:51] MOVE chetan (lawn green): 65→75 [0.2ms]
[2026-05-06 11:42:51] MOVE asha (gray0): 20→19 [0.1ms]
[2026-05-06 11:42:51] MOVE chetan (lawn green): 75→65 [0.1ms]
[2026-05-06 11:42:51] MOVE asha (gray0): 19→20 [0.1ms]
[2026-05-06 11:42:52] MOVE chetan (lawn green): 65→75 [0.1ms]
[2026-05-06 11:42:52] MOVE asha (gray0): 20→19 [0.1ms]
