[2026-05-06 12:02:02] GAME CREATED
[2026-05-06 12:02:09] PLAYER JOINED: chetan as lawn green
[2026-05-06 12:02:13] PLAYER JOINED: asha as gray0
[2026-05-06 12:02:17] GAME STARTED — turn order: ['lawn green', 'gray0']
[2026-05-06 12:02:17] MOVE chetan (lawn green): 20→18 [0.1ms]
[2026-05-06 12:02:17] MOVE asha (gray0): 75→56 [0.1ms]
[2026-05-06 12:02:17] MOVE chetan (lawn green): 22→43 [0.1ms]
[2026-05-06 12:02:17] MOVE asha (gray0): 98→77 [0.1ms]
[2026-05-06 12:02:17] MOVE chetan (lawn green): 19→17 [0.1ms]
[2026-05-06 12:02:18] MOVE asha (gray0): 65→47 [0.2ms]
[2026-05-06 12:02:18] MOVE chetan (lawn green): 33→29 [0.1ms]
[2026-05-06 12:02:18] MOVE asha (gray0): 87→48 [0.1ms]
[2026-05-06 12:02:18] MOVE chetan (lawn green): 17→40 [0.1ms]
[2026-05-06 12:02:18] MOVE asha (gray0): 47→49 [0.1ms]
[2026-05-06 12:02:18] MOVE chetan (lawn green): 29→50 [0.1ms]
[2026-05-06 12:02:19] MOVE asha (gray0): 88→47 [0.1ms]
[2026-05-06 12:02:19] MOVE chetan (lawn green): 40→57 [0.1ms]
[2026-05-06 12:02:19] MOVE asha (gray0): 56→39 [0.1ms]
[2026-05-06 12:02:19] MOVE chetan (lawn green): 50→59 [0.1ms]
[2026-05-06 12:02:19] MOVE asha (gray0): 49→28 [0.1ms]
[2026-05-06 12:02:19] MOVE chetan (lawn green): 57→56 [0.1ms]
[2026-05-06 12:02:19] MOVE asha (gray0): 39→16 [0.1ms]
[2026-05-06 12:02:20] MOVE chetan (lawn green): 56→65 [0.6ms]
[2026-05-06 12:02:20] MOVE asha (gray0): 100→60 [0.1ms]
[2026-05-06 12:02:20] MOVE chetan (lawn green): 65→75 [0.1ms]
[2026-05-06 12:02:20] MOVE asha (gray0): 47→51 [0.1ms]
[2026-05-06 12:02:20] MOVE chetan (lawn green): 75→98 [0.1ms]
[2026-05-06 12:02:20] MOVE asha (gray0): 60→41 [0.1ms]
[2026-05-06 12:02:20] MOVE chetan (lawn green): 98→100 [0.1ms]
[2026-05-06 12:02:21] MOVE asha (gray0): 51→30 [0.1ms]
[2026-05-06 12:02:21] MOVE chetan (lawn green): 100→87 [0.1ms]
[2026-05-06 12:02:21] MOVE asha (gray0): 86→67 [0.1ms]
[2026-05-06 12:02:21] MOVE chetan (lawn green): 87→86 [0.1ms]
[2026-05-06 12:02:21] MOVE asha (gray0): 77→60 [0.3ms]
[2026-05-06 12:02:21] MOVE chetan (lawn green): 44→15 [0.1ms]
[2026-05-06 12:02:22] MOVE asha (gray0): 30→31 [0.1ms]
[2026-05-06 12:02:22] MOVE chetan (lawn green): 32→47 [0.1ms]
[2026-05-06 12:02:22] MOVE asha (gray0): 31→19 [0.1ms]
[2026-05-06 12:02:22] MOVE chetan (lawn green): 86→98 [0.1ms]
[2026-05-06 12:02:22] MOVE asha (gray0): 19→20 [0.1ms]
[2026-05-06 12:02:22] MOVE chetan (lawn green): 21→17 [0.1ms]
[2026-05-06 12:02:23] MOVE asha (gray0): 20→21 [0.1ms]
[2026-05-06 12:02:23] MOVE chetan (lawn green): 98→86 [0.1ms]
[2026-05-06 12:02:23] MOVE asha (gray0): 21→22 [0.1ms]
[2026-05-06 12:02:23] MOVE chetan (lawn green): 86→75 [0.1ms]
[2026-05-06 12:02:23] MOVE asha (gray0): 28→30 [0.1ms]
[2026-05-06 12:02:23] MOVE chetan (lawn green): 75→65 [0.1ms]
[2026-05-06 12:02:24] MOVE asha (gray0): 22→21 [0.3ms]
[2026-05-06 12:02:24] MOVE chetan (lawn green): 65→88 [0.1ms]
[2026-05-06 12:02:24] MOVE asha (gray0): 21→33 [0.1ms]
[2026-05-06 12:02:24] MOVE chetan (lawn green): 88→87 [0.1ms]
[2026-05-06 12:02:24] MOVE asha (gray0): 33→32 [0.1ms]
[2026-05-06 12:02:24] MOVE chetan (lawn green): 87→100 [0.1ms]
[2026-05-06 12:02:25] MOVE asha (gray0): 32→44 [0.1ms]
[2026-05-06 12:02:25] MOVE chetan (lawn green): 100→98 [0.1ms]
[2026-05-06 12:02:25] MOVE asha (gray0): 30→31 [0.1ms]
[2026-05-06 12:02:25] MOVE chetan (lawn green): 55→49 [0.1ms]
[2026-05-06 12:02:25] MOVE asha (gray0): 44→19 [0.9ms]
[2026-05-06 12:02:25] MOVE chetan (lawn green): 98→86 [0.1ms]
[2026-05-06 12:02:25] MOVE asha (gray0): 31→32 [0.1ms]
[2026-05-06 12:02:25] MOVE chetan (lawn green): 59→57 [0.1ms]
[2026-05-06 12:02:26] MOVE asha (gray0): 19→20 [0.1ms]
[2026-05-06 12:02:26] MOVE chetan (lawn green): 86→75 [0.1ms]
[2026-05-06 12:02:26] MOVE asha (gray0): 32→33 [0.1ms]
[2026-05-06 12:02:26] MOVE chetan (lawn green): 75→65 [0.1ms]
[2026-05-06 12:02:26] MOVE asha (gray0): 20→21 [0.1ms]
[2026-05-06 12:02:26] MOVE chetan (lawn green): 65→88 [0.1ms]
[2026-05-06 12:02:27] MOVE asha (gray0): 33→20 [0.1ms]
[2026-05-06 12:02:27] MOVE chetan (lawn green): 88→87 [0.1ms]
[2026-05-06 12:02:27] MOVE asha (gray0): 21→22 [0.1ms]
[2026-05-06 12:02:27] MOVE chetan (lawn green): 87→100 [0.1ms]
[2026-05-06 12:02:27] MOVE asha (gray0): 20→21 [0.1ms]
[2026-05-06 12:02:27] MOVE chetan (lawn green): 100→98 [0.2ms]
[2026-05-06 12:02:28] MOVE asha (gray0): 22→20 [0.1ms]
[2026-05-06 12:02:28] MOVE chetan (lawn green): 98→86 [0.1ms]
[2026-05-06 12:02:28] MOVE asha (gray0): 21→22 [0.1ms]
[2026-05-06 12:02:28] MOVE chetan (lawn green): 86→98 [0.1ms]
[2026-05-06 12:02:28] MOVE asha (gray0): 20→33 [0.1ms]
[2026-05-06 12:02:28] MOVE chetan (lawn green): 34→53 [0.1ms]
[2026-05-06 12:02:29] MOVE asha (gray0): 22→34 [0.1ms]
[2026-05-06 12:02:29] MOVE chetan (lawn green): 98→86 [0.1ms]
[2026-05-06 12:02:29] MOVE asha (gray0): 33→32 [0.1ms]
[2026-05-06 12:02:29] MOVE chetan (lawn green): 86→75 [0.1ms]
[2026-05-06 12:02:29] MOVE asha (gray0): 34→33 [0.1ms]
[2026-05-06 12:02:29] MOVE chetan (lawn green): 75→65 [0.1ms]
[2026-05-06 12:02:30] MOVE asha (gray0): 32→34 [0.1ms]
[2026-05-06 12:02:30] MOVE chetan (lawn green): 65→88 [0.1ms]
[2026-05-06 12:02:30] MOVE asha (gray0): 33→20 [0.1ms]
[2026-05-06 12:02:30] MOVE chetan (lawn green): 88→87 [0.1ms]
[2026-05-06 12:02:30] MOVE asha (gray0): 34→22 [0.1ms]
[2026-05-06 12:02:31] MOVE chetan (lawn green): 87→100 [0.1ms]
[2026-05-06 12:02:31] MOVE asha (gray0): 20→21 [0.1ms]
[2026-05-06 12:02:31] MOVE chetan (lawn green): 100→98 [0.1ms]
[2026-05-06 12:02:31] MOVE asha (gray0): 22→20 [0.1ms]
[2026-05-06 12:02:31] MOVE chetan (lawn green): 98→86 [0.1ms]
[2026-05-06 12:02:31] MOVE asha (gray0): 21→22 [0.1ms]
[2026-05-06 12:02:32] MOVE chetan (lawn green): 86→98 [0.1ms]
[2026-05-06 12:02:32] MOVE asha (gray0): 20→21 [0.2ms]
[2026-05-06 12:02:32] MOVE chetan (lawn green): 98→86 [0.1ms]
[2026-05-06 12:02:32] MOVE asha (gray0): 22→34 [0.1ms]
[2026-05-06 12:02:32] MOVE chetan (lawn green): 86→75 [0.1ms]
[2026-05-06 12:02:32] MOVE asha (gray0): 21→33 [0.1ms]
[2026-05-06 12:02:33] MOVE chetan (lawn green): 75→65 [0.1ms]
[2026-05-06 12:02:33] MOVE asha (gray0): 34→32 [0.1ms]
[2026-05-06 12:02:33] MOVE chetan (lawn green): 65→88 [0.1ms]
[2026-05-06 12:02:33] MOVE asha (gray0): 33→34 [0.1ms]
[2026-05-06 12:02:33] MOVE chetan (lawn green): 88→87 [0.3ms]
[2026-05-06 12:02:34] MOVE asha (gray0): 32→20 [0.1ms]
[2026-05-06 12:02:34] MOVE chetan (lawn green): 87→100 [0.1ms]
[2026-05-06 12:02:34] MOVE asha (gray0): 34→22 [0.1ms]
[2026-05-06 12:02:34] MOVE chetan (lawn green): 100→98 [0.1ms]
[2026-05-06 12:02:34] MOVE asha (gray0): 20→21 [0.1ms]
[2026-05-06 12:02:34] MOVE chetan (lawn green): 98→86 [0.1ms]
[2026-05-06 12:02:34] MOVE asha (gray0): 22→20 [0.1ms]
[2026-05-06 12:02:34] MOVE chetan (lawn green): 86→98 [0.1ms]
[2026-05-06 12:02:35] MOVE asha (gray0): 21→22 [0.1ms]
[2026-05-06 12:02:35] MOVE chetan (lawn green): 98→86 [0.1ms]
[2026-05-06 12:02:35] MOVE asha (gray0): 20→21 [0.1ms]
[2026-05-06 12:02:35] MOVE chetan (lawn green): 86→75 [1.1ms]
[2026-05-06 12:02:35] MOVE asha (gray0): 22→34 [0.1ms]
[2026-05-06 12:02:35] MOVE chetan (lawn green): 75→65 [0.1ms]
[2026-05-06 12:02:36] MOVE asha (gray0): 21→33 [0.1ms]
[2026-05-06 12:02:36] MOVE chetan (lawn green): 65→88 [0.1ms]
[2026-05-06 12:02:36] MOVE asha (gray0): 34→32 [0.1ms]
[2026-05-06 12:02:36] MOVE chetan (lawn green): 88→87 [0.1ms]
[2026-05-06 12:02:36] MOVE asha (gray0): 33→34 [0.1ms]
[2026-05-06 12:02:36] MOVE chetan (lawn green): 87→100 [0.1ms]
[2026-05-06 12:02:37] MOVE asha (gray0): 32→20 [0.1ms]
[2026-05-06 12:02:37] MOVE chetan (lawn green): 100→98 [0.1ms]
[2026-05-06 12:02:37] MOVE asha (gray0): 34→22 [0.1ms]
[2026-05-06 12:02:37] MOVE chetan (lawn green): 98→86 [0.1ms]
[2026-05-06 12:02:37] MOVE asha (gray0): 20→21 [0.1ms]
[2026-05-06 12:02:37] MOVE chetan (lawn green): 86→98 [0.1ms]
[2026-05-06 12:02:38] MOVE asha (gray0): 22→20 [0.1ms]
[2026-05-06 12:02:38] MOVE chetan (lawn green): 98→86 [0.1ms]
[2026-05-06 12:02:38] MOVE asha (gray0): 21→22 [0.1ms]
[2026-05-06 12:02:38] MOVE chetan (lawn green): 86→75 [0.1ms]
[2026-05-06 12:02:38] MOVE asha (gray0): 20→21 [0.3ms]
[2026-05-06 12:02:38] MOVE chetan (lawn green): 75→65 [0.3ms]
[2026-05-06 12:02:39] MOVE asha (gray0): 22→34 [0.2ms]
[2026-05-06 12:02:39] MOVE chetan (lawn green): 65→88 [0.1ms]
[2026-05-06 12:02:39] MOVE asha (gray0): 21→33 [0.1ms]
[2026-05-06 12:02:39] MOVE chetan (lawn green): 88→87 [0.1ms]
[2026-05-06 12:02:39] MOVE asha (gray0): 34→32 [0.1ms]
[2026-05-06 12:02:39] MOVE chetan (lawn green): 87→100 [0.1ms]
[2026-05-06 12:02:39] MOVE asha (gray0): 33→34 [0.1ms]
[2026-05-06 12:02:40] MOVE chetan (lawn green): 100→98 [0.1ms]
[2026-05-06 12:02:40] MOVE asha (gray0): 32→20 [0.1ms]
[2026-05-06 12:02:40] MOVE chetan (lawn green): 98→86 [0.1ms]
[2026-05-06 12:02:40] MOVE asha (gray0): 34→22 [0.1ms]
[2026-05-06 12:02:41] MOVE chetan (lawn green): 86→98 [0.1ms]
[2026-05-06 12:02:41] MOVE asha (gray0): 20→21 [0.3ms]
[2026-05-06 12:02:41] MOVE chetan (lawn green): 98→86 [0.1ms]
[2026-05-06 12:02:41] MOVE asha (gray0): 22→20 [0.7ms]
[2026-05-06 12:02:42] MOVE chetan (lawn green): 86→75 [0.1ms]
[2026-05-06 12:02:42] MOVE asha (gray0): 21→22 [0.1ms]
[2026-05-06 12:02:42] MOVE chetan (lawn green): 75→65 [0.1ms]
[2026-05-06 12:02:42] MOVE asha (gray0): 20→21 [0.1ms]
[2026-05-06 12:02:42] MOVE chetan (lawn green): 65→88 [0.1ms]
[2026-05-06 12:02:42] MOVE asha (gray0): 22→34 [0.1ms]
[2026-05-06 12:02:43] MOVE chetan (lawn green): 88→87 [0.1ms]
[2026-05-06 12:02:43] MOVE asha (gray0): 21→33 [0.1ms]
[2026-05-06 12:02:43] MOVE chetan (lawn green): 87→100 [0.3ms]
[2026-05-06 12:02:43] MOVE asha (gray0): 34→32 [0.1ms]
[2026-05-06 12:02:43] MOVE chetan (lawn green): 100→98 [0.1ms]
[2026-05-06 12:02:43] MOVE asha (gray0): 33→34 [0.1ms]
[2026-05-06 12:02:43] MOVE chetan (lawn green): 98→86 [0.1ms]
[2026-05-06 12:02:43] MOVE asha (gray0): 32→20 [0.1ms]
[2026-05-06 12:02:44] MOVE chetan (lawn green): 86→98 [0.4ms]
[2026-05-06 12:02:44] MOVE asha (gray0): 34→22 [0.1ms]
[2026-05-06 12:02:44] MOVE chetan (lawn green): 98→86 [0.1ms]
[2026-05-06 12:02:44] MOVE asha (gray0): 20→21 [0.1ms]
[2026-05-06 12:02:44] MOVE chetan (lawn green): 86→75 [0.1ms]
[2026-05-06 12:02:44] MOVE asha (gray0): 22→20 [0.1ms]
[2026-05-06 12:02:45] MOVE chetan (lawn green): 75→65 [0.1ms]
[2026-05-06 12:02:45] MOVE asha (gray0): 21→22 [4.8ms]
[2026-05-06 12:02:45] MOVE chetan (lawn green): 65→88 [0.1ms]
[2026-05-06 12:02:45] MOVE asha (gray0): 20→21 [0.1ms]
[2026-05-06 12:02:45] MOVE chetan (lawn green): 88→87 [0.1ms]
[2026-05-06 12:02:45] MOVE asha (gray0): 22→34 [0.1ms]
[2026-05-06 12:02:46] MOVE chetan (lawn green): 87→100 [0.1ms]
[2026-05-06 12:02:46] MOVE asha (gray0): 21→33 [0.1ms]
[2026-05-06 12:02:46] MOVE chetan (lawn green): 100→98 [0.1ms]
[2026-05-06 12:02:46] MOVE asha (gray0): 34→32 [0.1ms]
[2026-05-06 12:02:46] MOVE chetan (lawn green): 98→86 [0.1ms]
[2026-05-06 12:02:46] MOVE asha (gray0): 33→34 [0.1ms]
[2026-05-06 12:02:47] MOVE chetan (lawn green): 86→98 [0.1ms]
[2026-05-06 12:02:47] MOVE asha (gray0): 32→20 [0.1ms]
[2026-05-06 12:02:47] MOVE chetan (lawn green): 98→86 [0.1ms]
[2026-05-06 12:02:47] MOVE asha (gray0): 34→22 [1.3ms]
[2026-05-06 12:02:47] MOVE chetan (lawn green): 86→75 [0.1ms]
[2026-05-06 12:02:47] MOVE asha (gray0): 20→21 [0.1ms]
[2026-05-06 12:02:48] MOVE chetan (lawn green): 75→65 [0.1ms]
[2026-05-06 12:02:48] MOVE asha (gray0): 22→20 [0.1ms]
[2026-05-06 12:02:48] MOVE chetan (lawn green): 65→88 [0.1ms]
[2026-05-06 12:02:48] MOVE asha (gray0): 21→22 [0.1ms]
[2026-05-06 12:02:48] MOVE chetan (lawn green): 88→87 [0.1ms]
[2026-05-06 12:02:48] MOVE asha (gray0): 20→21 [0.1ms]
[2026-05-06 12:02:48] MOVE chetan (lawn green): 87→100 [0.1ms]
[2026-05-06 12:02:49] MOVE asha (gray0): 22→34 [0.1ms]
[2026-05-06 12:02:49] MOVE chetan (lawn green): 100→98 [0.1ms]
[2026-05-06 12:02:49] MOVE asha (gray0): 21→33 [0.1ms]
[2026-05-06 12:02:49] MOVE chetan (lawn green): 98→86 [0.1ms]
[2026-05-06 12:02:49] MOVE asha (gray0): 34→32 [0.2ms]
[2026-05-06 12:02:49] MOVE chetan (lawn green): 86→98 [0.1ms]
[2026-05-06 12:02:49] MOVE asha (gray0): 33→34 [0.1ms]
[2026-05-06 12:02:50] MOVE chetan (lawn green): 98→86 [0.1ms]
[2026-05-06 12:02:50] MOVE asha (gray0): 32→20 [0.2ms]
[2026-05-06 12:02:50] MOVE chetan (lawn green): 86→75 [0.1ms]
[2026-05-06 12:02:50] MOVE asha (gray0): 34→22 [0.1ms]
[2026-05-06 12:02:50] MOVE chetan (lawn green): 75→65 [0.1ms]
[2026-05-06 12:02:50] MOVE asha (gray0): 20→21 [0.3ms]
[2026-05-06 12:02:51] MOVE chetan (lawn green): 65→88 [0.1ms]
[2026-05-06 12:02:51] MOVE asha (gray0): 22→20 [0.1ms]
[2026-05-06 12:02:51] MOVE chetan (lawn green): 88→87 [0.1ms]
[2026-05-06 12:02:51] MOVE asha (gray0): 21→22 [0.1ms]
[2026-05-06 12:02:51] MOVE chetan (lawn green): 87→100 [0.1ms]
[2026-05-06 12:02:51] MOVE asha (gray0): 20→21 [0.3ms]
[2026-05-06 12:02:52] MOVE chetan (lawn green): 100→98 [0.1ms]
[2026-05-06 12:02:52] MOVE asha (gray0): 22→34 [0.1ms]
[2026-05-06 12:02:52] MOVE chetan (lawn green): 98→86 [0.1ms]
[2026-05-06 12:02:52] MOVE asha (gray0): 21→33 [0.1ms]
[2026-05-06 12:02:52] MOVE chetan (lawn green): 86→98 [0.1ms]
[2026-05-06 12:02:52] MOVE asha (gray0): 34→32 [0.1ms]
[2026-05-06 12:02:53] MOVE chetan (lawn green): 98→86 [0.1ms]
[2026-05-06 12:02:53] MOVE asha (gray0): 33→34 [0.1ms]
[2026-05-06 12:02:53] MOVE chetan (lawn green): 86→75 [0.1ms]
[2026-05-06 12:02:53] MOVE asha (gray0): 32→20 [0.1ms]
[2026-05-06 12:02:53] MOVE chetan (lawn green): 75→65 [0.1ms]
[2026-05-06 12:02:53] MOVE asha (gray0): 34→22 [0.1ms]
[2026-05-06 12:02:53] MOVE chetan (lawn green): 65→88 [0.1ms]
[2026-05-06 12:02:54] MOVE asha (gray0): 20→21 [0.1ms]
[2026-05-06 12:02:54] MOVE chetan (lawn green): 88→87 [0.1ms]
[2026-05-06 12:02:54] MOVE asha (gray0): 22→20 [0.1ms]
[2026-05-06 12:02:54] MOVE chetan (lawn green): 87→100 [0.1ms]
[2026-05-06 12:02:54] MOVE asha (gray0): 21→22 [0.1ms]
[2026-05-06 12:02:54] MOVE chetan (lawn green): 100→98 [0.1ms]
[2026-05-06 12:02:54] MOVE asha (gray0): 20→21 [0.1ms]
[2026-05-06 12:02:55] MOVE chetan (lawn green): 98→86 [0.1ms]
[2026-05-06 12:02:55] MOVE asha (gray0): 22→34 [0.1ms]
[2026-05-06 12:02:55] MOVE chetan (lawn green): 86→98 [0.1ms]
[2026-05-06 12:02:55] MOVE asha (gray0): 21→33 [0.1ms]
[2026-05-06 12:02:55] MOVE chetan (lawn green): 98→86 [0.2ms]
[2026-05-06 12:02:55] MOVE asha (gray0): 34→32 [0.1ms]
[2026-05-06 12:02:56] MOVE chetan (lawn green): 86→75 [0.2ms]
[2026-05-06 12:02:56] MOVE asha (gray0): 33→34 [0.1ms]
[2026-05-06 12:02:56] MOVE chetan (lawn green): 75→65 [0.1ms]
[2026-05-06 12:02:56] MOVE asha (gray0): 32→20 [0.1ms]
[2026-05-06 12:02:56] MOVE chetan (lawn green): 65→88 [0.1ms]
[2026-05-06 12:02:56] MOVE asha (gray0): 34→22 [0.1ms]
[2026-05-06 12:02:57] MOVE chetan (lawn green): 88→87 [0.1ms]
[2026-05-06 12:02:57] MOVE asha (gray0): 20→21 [0.1ms]
[2026-05-06 12:02:57] MOVE chetan (lawn green): 87→100 [0.1ms]
[2026-05-06 12:02:57] MOVE asha (gray0): 22→20 [0.1ms]
[2026-05-06 12:02:57] MOVE chetan (lawn green): 100→98 [0.1ms]
[2026-05-06 12:02:57] MOVE asha (gray0): 21→22 [0.1ms]
[2026-05-06 12:02:58] MOVE chetan (lawn green): 98→86 [3.1ms]
[2026-05-06 12:02:58] MOVE asha (gray0): 20→21 [0.1ms]
[2026-05-06 12:02:58] MOVE chetan (lawn green): 86→98 [0.1ms]
[2026-05-06 12:02:58] MOVE asha (gray0): 22→34 [0.1ms]
[2026-05-06 12:02:58] MOVE chetan (lawn green): 98→86 [0.3ms]
[2026-05-06 12:02:58] MOVE asha (gray0): 21→33 [0.1ms]
[2026-05-06 12:02:58] MOVE chetan (lawn green): 86→75 [0.1ms]
[2026-05-06 12:02:59] MOVE asha (gray0): 34→32 [0.1ms]
[2026-05-06 12:02:59] MOVE chetan (lawn green): 75→65 [0.2ms]
[2026-05-06 12:02:59] MOVE asha (gray0): 33→34 [0.1ms]
[2026-05-06 12:02:59] MOVE chetan (lawn green): 65→88 [0.1ms]
[2026-05-06 12:02:59] MOVE asha (gray0): 32→20 [0.6ms]
[2026-05-06 12:02:59] MOVE chetan (lawn green): 88→87 [0.1ms]
[2026-05-06 12:02:59] MOVE asha (gray0): 34→22 [0.2ms]
[2026-05-06 12:03:00] MOVE chetan (lawn green): 87→100 [0.1ms]
[2026-05-06 12:03:00] MOVE asha (gray0): 20→21 [0.1ms]
[2026-05-06 12:03:00] MOVE chetan (lawn green): 100→98 [0.1ms]
[2026-05-06 12:03:00] MOVE asha (gray0): 22→20 [0.6ms]
[2026-05-06 12:03:00] MOVE chetan (lawn green): 98→86 [0.1ms]
[2026-05-06 12:03:00] MOVE asha (gray0): 21→22 [0.1ms]
[2026-05-06 12:03:01] MOVE chetan (lawn green): 86→98 [0.3ms]
[2026-05-06 12:03:01] MOVE asha (gray0): 20→21 [0.1ms]
[2026-05-06 12:03:01] MOVE chetan (lawn green): 98→86 [0.1ms]
[2026-05-06 12:03:01] MOVE asha (gray0): 22→34 [0.1ms]
[2026-05-06 12:03:01] MOVE chetan (lawn green): 86→75 [0.1ms]
[2026-05-06 12:03:01] MOVE asha (gray0): 21→33 [2.8ms]
[2026-05-06 12:03:02] MOVE chetan (lawn green): 75→65 [0.1ms]
[2026-05-06 12:03:02] MOVE asha (gray0): 34→32 [0.6ms]
[2026-05-06 12:03:02] MOVE chetan (lawn green): 65→88 [0.1ms]
[2026-05-06 12:03:02] MOVE asha (gray0): 33→34 [0.1ms]
[2026-05-06 12:03:02] MOVE chetan (lawn green): 88→87 [0.1ms]
[2026-05-06 12:03:02] MOVE asha (gray0): 32→20 [0.1ms]
[2026-05-06 12:03:03] MOVE chetan (lawn green): 87→100 [0.1ms]
[2026-05-06 12:03:03] MOVE asha (gray0): 34→22 [0.1ms]
[2026-05-06 12:03:03] MOVE chetan (lawn green): 100→98 [0.1ms]
[2026-05-06 12:03:03] MOVE asha (gray0): 20→21 [0.1ms]
[2026-05-06 12:03:03] MOVE chetan (lawn green): 98→86 [0.1ms]
[2026-05-06 12:03:03] MOVE asha (gray0): 22→20 [0.1ms]
[2026-05-06 12:03:04] MOVE chetan (lawn green): 86→98 [0.1ms]
[2026-05-06 12:03:04] MOVE asha (gray0): 21→22 [0.1ms]
[2026-05-06 12:03:04] MOVE chetan (lawn green): 98→86 [0.1ms]
[2026-05-06 12:03:04] MOVE asha (gray0): 20→21 [0.1ms]
[2026-05-06 12:03:04] MOVE chetan (lawn green): 86→75 [0.1ms]
[2026-05-06 12:03:04] MOVE asha (gray0): 22→34 [0.1ms]
[2026-05-06 12:03:04] MOVE chetan (lawn green): 75→65 [0.2ms]
[2026-05-06 12:03:05] MOVE asha (gray0): 21→33 [0.1ms]
[2026-05-06 12:03:05] MOVE chetan (lawn green): 65→88 [0.1ms]
[2026-05-06 12:03:05] MOVE asha (gray0): 34→32 [0.1ms]
[2026-05-06 12:03:05] MOVE chetan (lawn green): 88→87 [0.1ms]
[2026-05-06 12:03:05] MOVE asha (gray0): 33→34 [0.1ms]
[2026-05-06 12:03:05] MOVE chetan (lawn green): 87→100 [0.1ms]
[2026-05-06 12:03:06] MOVE asha (gray0): 32→20 [0.1ms]
[2026-05-06 12:03:06] MOVE chetan (lawn green): 100→98 [0.1ms]
[2026-05-06 12:03:06] MOVE asha (gray0): 34→22 [0.1ms]
[2026-05-06 12:03:06] MOVE chetan (lawn green): 98→86 [0.4ms]
[2026-05-06 12:03:06] MOVE asha (gray0): 20→21 [0.1ms]
[2026-05-06 12:03:06] MOVE chetan (lawn green): 86→98 [0.1ms]
[2026-05-06 12:03:06] MOVE asha (gray0): 22→20 [0.1ms]
[2026-05-06 12:03:07] MOVE chetan (lawn green): 98→86 [0.1ms]
[2026-05-06 12:03:07] MOVE asha (gray0): 21→22 [0.2ms]
[2026-05-06 12:03:07] MOVE chetan (lawn green): 86→75 [0.2ms]
[2026-05-06 12:03:07] MOVE asha (gray0): 20→21 [0.1ms]
[2026-05-06 12:03:07] MOVE chetan (lawn green): 75→65 [0.1ms]
[2026-05-06 12:03:07] MOVE asha (gray0): 22→34 [0.1ms]
[2026-05-06 12:03:08] MOVE chetan (lawn green): 65→88 [0.1ms]
[2026-05-06 12:03:08] MOVE asha (gray0): 21→33 [0.1ms]
[2026-05-06 12:03:08] MOVE chetan (lawn green): 88→87 [0.1ms]
[2026-05-06 12:03:08] MOVE asha (gray0): 34→32 [0.1ms]
[2026-05-06 12:03:08] MOVE chetan (lawn green): 87→100 [0.1ms]
[2026-05-06 12:03:08] MOVE asha (gray0): 33→34 [0.1ms]
[2026-05-06 12:03:09] MOVE chetan (lawn green): 100→98 [0.2ms]
[2026-05-06 12:03:09] MOVE asha (gray0): 32→20 [0.1ms]
[2026-05-06 12:03:09] MOVE chetan (lawn green): 98→86 [0.4ms]
[2026-05-06 12:03:09] MOVE asha (gray0): 34→22 [0.1ms]
[2026-05-06 12:03:09] MOVE chetan (lawn green): 86→98 [0.3ms]
[2026-05-06 12:03:09] MOVE asha (gray0): 20→21 [0.1ms]
[2026-05-06 12:03:10] MOVE chetan (lawn green): 98→86 [0.1ms]
[2026-05-06 12:03:10] MOVE asha (gray0): 22→20 [0.1ms]
[2026-05-06 12:03:10] MOVE chetan (lawn green): 86→75 [0.1ms]
[2026-05-06 12:03:10] MOVE asha (gray0): 21→22 [0.1ms]
[2026-05-06 12:03:10] MOVE chetan (lawn green): 75→65 [0.1ms]
[2026-05-06 12:03:10] MOVE asha (gray0): 20→21 [0.1ms]
[2026-05-06 12:03:11] MOVE chetan (lawn green): 65→88 [0.1ms]
[2026-05-06 12:03:11] MOVE asha (gray0): 22→34 [0.1ms]
[2026-05-06 12:03:11] MOVE chetan (lawn green): 88→87 [0.1ms]
[2026-05-06 12:03:11] MOVE asha (gray0): 21→33 [0.1ms]
[2026-05-06 12:03:11] MOVE chetan (lawn green): 87→100 [0.1ms]
[2026-05-06 12:03:11] MOVE asha (gray0): 34→32 [0.1ms]
[2026-05-06 12:03:11] MOVE chetan (lawn green): 100→98 [0.1ms]
[2026-05-06 12:03:12] MOVE asha (gray0): 33→34 [0.1ms]
[2026-05-06 12:03:12] MOVE chetan (lawn green): 98→86 [0.1ms]
[2026-05-06 12:03:12] MOVE asha (gray0): 32→20 [0.6ms]
[2026-05-06 12:03:12] MOVE chetan (lawn green): 86→98 [0.1ms]
[2026-05-06 12:03:12] MOVE asha (gray0): 34→22 [0.4ms]
[2026-05-06 12:03:12] MOVE chetan (lawn green): 98→86 [0.1ms]
[2026-05-06 12:03:12] MOVE asha (gray0): 20→21 [0.1ms]
[2026-05-06 12:03:13] MOVE chetan (lawn green): 86→75 [0.1ms]
[2026-05-06 12:03:13] MOVE asha (gray0): 22→20 [0.1ms]
[2026-05-06 12:03:13] MOVE chetan (lawn green): 75→65 [0.1ms]
[2026-05-06 12:03:13] MOVE asha (gray0): 21→22 [0.1ms]
[2026-05-06 12:03:13] MOVE chetan (lawn green): 65→88 [0.1ms]
[2026-05-06 12:03:13] MOVE asha (gray0): 20→21 [0.1ms]
[2026-05-06 12:03:14] MOVE chetan (lawn green): 88→87 [0.1ms]
[2026-05-06 12:03:14] MOVE asha (gray0): 22→34 [0.2ms]
[2026-05-06 12:03:14] MOVE chetan (lawn green): 87→100 [0.3ms]
[2026-05-06 12:03:14] MOVE asha (gray0): 21→33 [0.1ms]
[2026-05-06 12:03:14] MOVE chetan (lawn green): 100→98 [0.1ms]
[2026-05-06 12:03:14] MOVE asha (gray0): 34→32 [0.1ms]
[2026-05-06 12:03:15] MOVE chetan (lawn green): 98→86 [0.1ms]
[2026-05-06 12:03:15] MOVE asha (gray0): 33→34 [0.1ms]
[2026-05-06 12:03:15] MOVE chetan (lawn green): 86→98 [0.1ms]
[2026-05-06 12:03:15] MOVE asha (gray0): 32→20 [0.1ms]
[2026-05-06 12:03:15] MOVE chetan (lawn green): 98→86 [0.2ms]
[2026-05-06 12:03:15] MOVE asha (gray0): 34→22 [0.1ms]
[2026-05-06 12:03:16] MOVE chetan (lawn green): 86→75 [2.2ms]
[2026-05-06 12:03:16] MOVE asha (gray0): 20→21 [0.2ms]
[2026-05-06 12:03:16] MOVE chetan (lawn green): 75→65 [0.1ms]
[2026-05-06 12:03:16] MOVE asha (gray0): 22→20 [0.1ms]
[2026-05-06 12:03:16] MOVE chetan (lawn green): 65→88 [0.1ms]
[2026-05-06 12:03:16] MOVE asha (gray0): 21→22 [0.1ms]
[2026-05-06 12:03:16] MOVE chetan (lawn green): 88→87 [0.1ms]
[2026-05-06 12:03:17] MOVE asha (gray0): 20→21 [0.1ms]
[2026-05-06 12:03:17] MOVE chetan (lawn green): 87→100 [0.1ms]
[2026-05-06 12:03:17] MOVE asha (gray0): 22→34 [0.1ms]
[2026-05-06 12:03:17] MOVE chetan (lawn green): 100→98 [0.1ms]
[2026-05-06 12:03:17] MOVE asha (gray0): 21→33 [0.1ms]
[2026-05-06 12:03:17] MOVE chetan (lawn green): 98→86 [0.2ms]
[2026-05-06 12:03:18] MOVE asha (gray0): 34→32 [0.1ms]
[2026-05-06 12:03:18] MOVE chetan (lawn green): 86→98 [0.1ms]
[2026-05-06 12:03:18] MOVE asha (gray0): 33→34 [0.1ms]
[2026-05-06 12:03:18] MOVE chetan (lawn green): 98→86 [0.1ms]
[2026-05-06 12:03:18] MOVE asha (gray0): 32→20 [0.1ms]
[2026-05-06 12:03:18] MOVE chetan (lawn green): 86→75 [0.1ms]
[2026-05-06 12:03:18] MOVE asha (gray0): 34→22 [0.1ms]
[2026-05-06 12:03:19] MOVE chetan (lawn green): 75→65 [0.1ms]
[2026-05-06 12:03:19] MOVE asha (gray0): 20→21 [0.1ms]
[2026-05-06 12:03:19] MOVE chetan (lawn green): 65→88 [0.1ms]
[2026-05-06 12:03:19] MOVE asha (gray0): 22→20 [0.1ms]
[2026-05-06 12:03:19] MOVE chetan (lawn green): 88→87 [0.1ms]
[2026-05-06 12:03:19] MOVE asha (gray0): 21→22 [0.1ms]
[2026-05-06 12:03:20] MOVE chetan (lawn green): 87→100 [0.1ms]
[2026-05-06 12:03:20] MOVE asha (gray0): 20→21 [0.1ms]
[2026-05-06 12:03:20] MOVE chetan (lawn green): 100→98 [0.1ms]
[2026-05-06 12:03:20] MOVE asha (gray0): 22→34 [0.1ms]
[2026-05-06 12:03:20] MOVE chetan (lawn green): 98→86 [0.1ms]
[2026-05-06 12:03:20] MOVE asha (gray0): 21→33 [0.4ms]
[2026-05-06 12:03:21] MOVE chetan (lawn green): 86→98 [0.1ms]
[2026-05-06 12:03:21] MOVE asha (gray0): 34→32 [0.1ms]
[2026-05-06 12:03:21] MOVE chetan (lawn green): 98→86 [5.2ms]
[2026-05-06 12:03:21] MOVE asha (gray0): 33→34 [0.1ms]
[2026-05-06 12:03:21] MOVE chetan (lawn green): 86→75 [0.1ms]
[2026-05-06 12:03:21] MOVE asha (gray0): 32→20 [0.1ms]
[2026-05-06 12:03:22] MOVE chetan (lawn green): 75→65 [0.1ms]
[2026-05-06 12:03:22] MOVE asha (gray0): 34→22 [0.1ms]
[2026-05-06 12:03:22] MOVE chetan (lawn green): 65→88 [0.1ms]
[2026-05-06 12:03:22] MOVE asha (gray0): 20→21 [0.1ms]
[2026-05-06 12:03:22] MOVE chetan (lawn green): 88→87 [0.1ms]
[2026-05-06 12:03:22] MOVE asha (gray0): 22→20 [0.1ms]
[2026-05-06 12:03:22] MOVE chetan (lawn green): 87→100 [0.1ms]
[2026-05-06 12:03:23] MOVE asha (gray0): 21→22 [0.1ms]
[2026-05-06 12:03:23] MOVE chetan (lawn green): 100→98 [0.1ms]
[2026-05-06 12:03:23] MOVE asha (gray0): 20→21 [0.1ms]
[2026-05-06 12:03:23] MOVE chetan (lawn green): 98→86 [0.1ms]
[2026-05-06 12:03:23] MOVE asha (gray0): 22→34 [0.1ms]
[2026-05-06 12:03:23] MOVE chetan (lawn green): 86→98 [0.1ms]
[2026-05-06 12:03:23] MOVE asha (gray0): 21→33 [0.1ms]
[2026-05-06 12:03:24] MOVE chetan (lawn green): 98→86 [0.1ms]
[2026-05-06 12:03:24] MOVE asha (gray0): 34→32 [0.4ms]
[2026-05-06 12:03:24] MOVE chetan (lawn green): 86→75 [0.3ms]
[2026-05-06 12:03:24] MOVE asha (gray0): 33→34 [0.1ms]
[2026-05-06 12:03:24] MOVE chetan (lawn green): 75→65 [0.1ms]
[2026-05-06 12:03:24] MOVE asha (gray0): 32→20 [0.1ms]
[2026-05-06 12:03:25] MOVE chetan (lawn green): 65→88 [0.1ms]
[2026-05-06 12:03:25] MOVE asha (gray0): 34→22 [0.1ms]
[2026-05-06 12:03:25] MOVE chetan (lawn green): 88→87 [0.1ms]
[2026-05-06 12:03:25] MOVE asha (gray0): 20→21 [0.1ms]
[2026-05-06 12:03:25] MOVE chetan (lawn green): 87→100 [0.1ms]
[2026-05-06 12:03:25] MOVE asha (gray0): 22→20 [0.1ms]
[2026-05-06 12:03:26] MOVE chetan (lawn green): 100→98 [0.1ms]
[2026-05-06 12:03:26] MOVE asha (gray0): 21→22 [0.1ms]
[2026-05-06 12:03:26] MOVE chetan (lawn green): 98→86 [0.1ms]
[2026-05-06 12:03:26] MOVE asha (gray0): 20→21 [0.1ms]
[2026-05-06 12:03:26] MOVE chetan (lawn green): 86→98 [0.1ms]
[2026-05-06 12:03:26] MOVE asha (gray0): 22→34 [0.1ms]
[2026-05-06 12:03:26] MOVE chetan (lawn green): 98→86 [0.1ms]
[2026-05-06 12:03:27] MOVE asha (gray0): 21→33 [0.3ms]
[2026-05-06 12:03:27] MOVE chetan (lawn green): 86→75 [0.1ms]
[2026-05-06 12:03:27] MOVE asha (gray0): 34→32 [3.2ms]
[2026-05-06 12:03:27] MOVE chetan (lawn green): 75→65 [0.1ms]
[2026-05-06 12:03:27] MOVE asha (gray0): 33→34 [0.1ms]
[2026-05-06 12:03:27] MOVE chetan (lawn green): 65→88 [0.1ms]
[2026-05-06 12:03:28] MOVE asha (gray0): 32→20 [0.1ms]
[2026-05-06 12:03:28] MOVE chetan (lawn green): 88→87 [0.1ms]
[2026-05-06 12:03:28] MOVE asha (gray0): 34→22 [0.3ms]
[2026-05-06 12:03:28] MOVE chetan (lawn green): 87→100 [0.1ms]
[2026-05-06 12:03:28] MOVE asha (gray0): 20→21 [0.1ms]
[2026-05-06 12:03:28] MOVE chetan (lawn green): 100→98 [0.1ms]
[2026-05-06 12:03:29] MOVE asha (gray0): 22→20 [0.1ms]
[2026-05-06 12:03:29] MOVE chetan (lawn green): 98→86 [0.1ms]
[2026-05-06 12:03:29] MOVE asha (gray0): 21→22 [0.1ms]
[2026-05-06 12:03:29] MOVE chetan (lawn green): 86→98 [0.1ms]
[2026-05-06 12:03:29] MOVE asha (gray0): 20→21 [0.1ms]
[2026-05-06 12:03:29] MOVE chetan (lawn green): 98→86 [0.1ms]
[2026-05-06 12:03:29] MOVE asha (gray0): 22→34 [0.1ms]
[2026-05-06 12:03:30] MOVE chetan (lawn green): 86→75 [0.1ms]
[2026-05-06 12:03:30] MOVE asha (gray0): 21→33 [0.1ms]
[2026-05-06 12:03:30] MOVE chetan (lawn green): 75→65 [0.1ms]
[2026-05-06 12:03:30] MOVE asha (gray0): 34→32 [0.3ms]
[2026-05-06 12:03:30] MOVE chetan (lawn green): 65→88 [0.1ms]
[2026-05-06 12:03:30] MOVE asha (gray0): 33→34 [0.2ms]
[2026-05-06 12:03:31] MOVE chetan (lawn green): 88→87 [0.1ms]
[2026-05-06 12:03:31] MOVE asha (gray0): 32→20 [0.1ms]
[2026-05-06 12:03:31] MOVE chetan (lawn green): 87→100 [0.1ms]
[2026-05-06 12:03:31] MOVE asha (gray0): 34→22 [0.1ms]
[2026-05-06 12:03:31] MOVE chetan (lawn green): 100→98 [0.1ms]
[2026-05-06 12:03:31] MOVE asha (gray0): 20→21 [0.1ms]
[2026-05-06 12:03:32] MOVE chetan (lawn green): 98→86 [0.1ms]
[2026-05-06 12:03:32] MOVE asha (gray0): 22→20 [0.1ms]
[2026-05-06 12:03:32] MOVE chetan (lawn green): 86→98 [0.1ms]
[2026-05-06 12:03:32] MOVE asha (gray0): 21→22 [0.1ms]
[2026-05-06 12:03:32] MOVE chetan (lawn green): 98→86 [0.2ms]
[2026-05-06 12:03:32] MOVE asha (gray0): 20→21 [0.1ms]
[2026-05-06 12:03:32] MOVE chetan (lawn green): 86→75 [0.1ms]
[2026-05-06 12:03:33] MOVE asha (gray0): 22→34 [0.1ms]
[2026-05-06 12:03:33] MOVE chetan (lawn green): 75→65 [0.1ms]
[2026-05-06 12:03:33] MOVE asha (gray0): 21→33 [0.1ms]
[2026-05-06 12:03:33] MOVE chetan (lawn green): 65→88 [0.1ms]
[2026-05-06 12:03:33] MOVE asha (gray0): 34→32 [0.1ms]
[2026-05-06 12:03:33] MOVE chetan (lawn green): 88→87 [1.8ms]
[2026-05-06 12:03:34] MOVE asha (gray0): 33→34 [0.1ms]
[2026-05-06 12:03:34] MOVE chetan (lawn green): 87→100 [0.1ms]
[2026-05-06 12:03:34] MOVE asha (gray0): 32→20 [0.1ms]
[2026-05-06 12:03:34] MOVE chetan (lawn green): 100→98 [0.1ms]
[2026-05-06 12:03:34] MOVE asha (gray0): 34→22 [0.1ms]
[2026-05-06 12:03:34] MOVE chetan (lawn green): 98→86 [0.1ms]
[2026-05-06 12:03:35] MOVE asha (gray0): 20→21 [0.1ms]
[2026-05-06 12:03:35] MOVE chetan (lawn green): 86→98 [0.4ms]
[2026-05-06 12:03:35] MOVE asha (gray0): 22→20 [0.2ms]
[2026-05-06 12:03:35] MOVE chetan (lawn green): 98→86 [0.1ms]
[2026-05-06 12:03:35] MOVE asha (gray0): 21→22 [0.1ms]
[2026-05-06 12:03:35] MOVE chetan (lawn green): 86→75 [0.1ms]
[2026-05-06 12:03:35] MOVE asha (gray0): 20→21 [0.1ms]
[2026-05-06 12:03:36] MOVE chetan (lawn green): 75→65 [0.1ms]
[2026-05-06 12:03:36] MOVE asha (gray0): 22→34 [0.3ms]
[2026-05-06 12:03:36] MOVE chetan (lawn green): 65→88 [0.2ms]
[2026-05-06 12:03:36] MOVE asha (gray0): 21→33 [0.1ms]
[2026-05-06 12:03:36] MOVE chetan (lawn green): 88→87 [0.1ms]
[2026-05-06 12:03:36] MOVE asha (gray0): 34→32 [0.1ms]
[2026-05-06 12:03:37] MOVE chetan (lawn green): 87→100 [0.4ms]
[2026-05-06 12:03:37] MOVE asha (gray0): 33→34 [0.7ms]
[2026-05-06 12:03:37] MOVE chetan (lawn green): 100→98 [0.1ms]
[2026-05-06 12:03:37] MOVE asha (gray0): 32→20 [0.1ms]
[2026-05-06 12:03:37] MOVE chetan (lawn green): 98→86 [0.1ms]
[2026-05-06 12:03:37] MOVE asha (gray0): 34→22 [0.1ms]
[2026-05-06 12:03:38] MOVE chetan (lawn green): 86→98 [0.3ms]
[2026-05-06 12:03:38] MOVE asha (gray0): 20→21 [0.1ms]
[2026-05-06 12:03:38] MOVE chetan (lawn green): 98→86 [0.1ms]
[2026-05-06 12:03:38] MOVE asha (gray0): 22→20 [0.1ms]
[2026-05-06 12:03:38] MOVE chetan (lawn green): 86→75 [0.1ms]
[2026-05-06 12:03:38] MOVE asha (gray0): 21→22 [0.2ms]
[2026-05-06 12:03:39] MOVE chetan (lawn green): 75→65 [0.1ms]
[2026-05-06 12:03:39] MOVE asha (gray0): 20→21 [0.1ms]
[2026-05-06 12:03:39] MOVE chetan (lawn green): 65→88 [0.1ms]
[2026-05-06 12:03:39] MOVE asha (gray0): 22→34 [0.1ms]
[2026-05-06 12:03:39] MOVE chetan (lawn green): 88→87 [0.1ms]
[2026-05-06 12:03:39] MOVE asha (gray0): 21→33 [0.1ms]
[2026-05-06 12:03:39] MOVE chetan (lawn green): 87→100 [0.1ms]
[2026-05-06 12:03:40] MOVE asha (gray0): 34→32 [2.2ms]
[2026-05-06 12:03:40] MOVE chetan (lawn green): 100→98 [2.8ms]
[2026-05-06 12:03:40] MOVE asha (gray0): 33→34 [0.1ms]
[2026-05-06 12:03:40] MOVE chetan (lawn green): 98→86 [0.1ms]
[2026-05-06 12:03:40] MOVE asha (gray0): 32→20 [0.1ms]
[2026-05-06 12:03:40] MOVE chetan (lawn green): 86→98 [0.1ms]
[2026-05-06 12:03:41] MOVE asha (gray0): 34→22 [0.1ms]
[2026-05-06 12:03:41] MOVE chetan (lawn green): 98→86 [0.1ms]
[2026-05-06 12:03:41] MOVE asha (gray0): 20→21 [0.1ms]
[2026-05-06 12:03:41] MOVE chetan (lawn green): 86→75 [0.1ms]
[2026-05-06 12:03:41] MOVE asha (gray0): 22→20 [0.1ms]
[2026-05-06 12:03:41] MOVE chetan (lawn green): 75→65 [0.1ms]
[2026-05-06 12:03:42] MOVE asha (gray0): 21→22 [0.1ms]
[2026-05-06 12:03:42] MOVE chetan (lawn green): 65→88 [0.1ms]
[2026-05-06 12:03:42] MOVE asha (gray0): 20→21 [0.1ms]
[2026-05-06 12:03:42] MOVE chetan (lawn green): 88→87 [0.1ms]
[2026-05-06 12:03:42] MOVE asha (gray0): 22→34 [0.1ms]
[2026-05-06 12:03:42] MOVE chetan (lawn green): 87→100 [0.1ms]
[2026-05-06 12:03:43] MOVE asha (gray0): 21→33 [0.1ms]
[2026-05-06 12:03:43] MOVE chetan (lawn green): 100→98 [0.1ms]
[2026-05-06 12:03:43] MOVE asha (gray0): 34→32 [0.1ms]
[2026-05-06 12:03:43] MOVE chetan (lawn green): 98→86 [1.3ms]
[2026-05-06 12:03:43] MOVE asha (gray0): 33→34 [0.4ms]
[2026-05-06 12:03:43] MOVE chetan (lawn green): 86→98 [0.1ms]
[2026-05-06 12:03:43] MOVE asha (gray0): 32→20 [0.1ms]
[2026-05-06 12:03:44] MOVE chetan (lawn green): 98→86 [0.1ms]
[2026-05-06 12:03:44] MOVE asha (gray0): 34→22 [0.1ms]
[2026-05-06 12:03:44] MOVE chetan (lawn green): 86→75 [0.1ms]
[2026-05-06 12:03:44] MOVE asha (gray0): 20→21 [0.2ms]
[2026-05-06 12:03:44] MOVE chetan (lawn green): 75→65 [0.1ms]
[2026-05-06 12:03:44] MOVE asha (gray0): 22→20 [0.1ms]
[2026-05-06 12:03:44] MOVE chetan (lawn green): 65→88 [0.1ms]
[2026-05-06 12:03:45] MOVE asha (gray0): 21→22 [0.1ms]
[2026-05-06 12:03:45] MOVE chetan (lawn green): 88→87 [0.1ms]
[2026-05-06 12:03:45] MOVE asha (gray0): 20→21 [0.1ms]
[2026-05-06 12:03:45] MOVE chetan (lawn green): 87→100 [0.1ms]
[2026-05-06 12:03:45] MOVE asha (gray0): 22→34 [0.1ms]
[2026-05-06 12:03:45] MOVE chetan (lawn green): 100→98 [0.1ms]
[2026-05-06 12:03:46] MOVE asha (gray0): 21→33 [0.3ms]
[2026-05-06 12:03:46] MOVE chetan (lawn green): 98→86 [0.1ms]
[2026-05-06 12:03:46] MOVE asha (gray0): 34→32 [0.1ms]
[2026-05-06 12:03:46] MOVE chetan (lawn green): 86→98 [0.1ms]
[2026-05-06 12:03:46] MOVE asha (gray0): 33→34 [0.4ms]
[2026-05-06 12:03:46] MOVE chetan (lawn green): 98→86 [0.1ms]
[2026-05-06 12:03:47] MOVE asha (gray0): 32→20 [0.3ms]
[2026-05-06 12:03:47] MOVE chetan (lawn green): 86→75 [0.1ms]
[2026-05-06 12:03:47] MOVE asha (gray0): 34→22 [0.1ms]
[2026-05-06 12:03:47] MOVE chetan (lawn green): 75→65 [0.6ms]
[2026-05-06 12:03:47] MOVE asha (gray0): 20→21 [0.1ms]
[2026-05-06 12:03:47] MOVE chetan (lawn green): 65→88 [0.1ms]
[2026-05-06 12:03:48] MOVE asha (gray0): 22→20 [0.1ms]
[2026-05-06 12:03:48] MOVE chetan (lawn green): 88→87 [0.1ms]
[2026-05-06 12:03:48] MOVE asha (gray0): 21→22 [0.1ms]
[2026-05-06 12:03:48] MOVE chetan (lawn green): 87→100 [0.9ms]
[2026-05-06 12:03:48] MOVE asha (gray0): 20→21 [0.4ms]
[2026-05-06 12:03:48] MOVE chetan (lawn green): 100→98 [0.1ms]
[2026-05-06 12:03:49] MOVE asha (gray0): 22→34 [0.1ms]
[2026-05-06 12:03:49] MOVE chetan (lawn green): 98→86 [0.1ms]
[2026-05-06 12:03:49] MOVE asha (gray0): 21→33 [0.1ms]
[2026-05-06 12:03:49] MOVE chetan (lawn green): 86→98 [0.1ms]
[2026-05-06 12:03:49] MOVE asha (gray0): 34→32 [0.1ms]
[2026-05-06 12:03:49] MOVE chetan (lawn green): 98→86 [0.1ms]
[2026-05-06 12:03:49] MOVE asha (gray0): 33→34 [0.1ms]
[2026-05-06 12:03:50] MOVE chetan (lawn green): 86→75 [0.1ms]
[2026-05-06 12:03:50] MOVE asha (gray0): 32→20 [0.1ms]
[2026-05-06 12:03:50] MOVE chetan (lawn green): 75→65 [0.3ms]
[2026-05-06 12:03:50] MOVE asha (gray0): 34→22 [0.1ms]
[2026-05-06 12:03:50] MOVE chetan (lawn green): 65→88 [1.0ms]
[2026-05-06 12:03:50] MOVE asha (gray0): 20→21 [0.1ms]
[2026-05-06 12:03:51] MOVE chetan (lawn green): 88→87 [0.1ms]
[2026-05-06 12:03:51] MOVE asha (gray0): 22→20 [0.1ms]
[2026-05-06 12:03:51] MOVE chetan (lawn green): 87→100 [0.1ms]
[2026-05-06 12:03:51] MOVE asha (gray0): 21→22 [0.1ms]
[2026-05-06 12:03:51] MOVE chetan (lawn green): 100→98 [0.1ms]
[2026-05-06 12:03:51] MOVE asha (gray0): 20→21 [0.1ms]
[2026-05-06 12:03:51] MOVE chetan (lawn green): 98→86 [0.1ms]
[2026-05-06 12:03:52] MOVE asha (gray0): 22→34 [0.1ms]
[2026-05-06 12:03:52] MOVE chetan (lawn green): 86→98 [0.1ms]
[2026-05-06 12:03:52] MOVE asha (gray0): 21→33 [0.1ms]
[2026-05-06 12:03:52] MOVE chetan (lawn green): 98→86 [0.1ms]
[2026-05-06 12:03:52] MOVE asha (gray0): 34→32 [0.2ms]
[2026-05-06 12:03:52] MOVE chetan (lawn green): 86→75 [0.1ms]
[2026-05-06 12:03:53] MOVE asha (gray0): 33→34 [0.2ms]
[2026-05-06 12:03:53] MOVE chetan (lawn green): 75→65 [0.1ms]
[2026-05-06 12:03:53] MOVE asha (gray0): 32→20 [0.1ms]
[2026-05-06 12:03:53] MOVE chetan (lawn green): 65→88 [0.1ms]
[2026-05-06 12:03:53] MOVE asha (gray0): 34→22 [0.1ms]
[2026-05-06 12:03:53] MOVE chetan (lawn green): 88→87 [0.2ms]
[2026-05-06 12:03:54] MOVE asha (gray0): 20→21 [0.1ms]
[2026-05-06 12:03:54] MOVE chetan (lawn green): 87→100 [0.1ms]
[2026-05-06 12:03:54] MOVE asha (gray0): 22→20 [0.1ms]
[2026-05-06 12:03:54] MOVE chetan (lawn green): 100→98 [0.1ms]
[2026-05-06 12:03:54] MOVE asha (gray0): 21→22 [0.1ms]
[2026-05-06 12:03:54] MOVE chetan (lawn green): 98→86 [0.1ms]
[2026-05-06 12:03:55] MOVE asha (gray0): 20→21 [1.1ms]
[2026-05-06 12:03:55] MOVE chetan (lawn green): 86→98 [0.1ms]
[2026-05-06 12:03:55] MOVE asha (gray0): 22→34 [0.1ms]
[2026-05-06 12:03:55] MOVE chetan (lawn green): 98→86 [0.1ms]
[2026-05-06 12:03:55] MOVE asha (gray0): 21→33 [0.1ms]
[2026-05-06 12:03:55] MOVE chetan (lawn green): 86→75 [0.1ms]
[2026-05-06 12:03:56] MOVE asha (gray0): 34→32 [0.1ms]
[2026-05-06 12:03:56] MOVE chetan (lawn green): 75→65 [0.2ms]
[2026-05-06 12:03:56] MOVE asha (gray0): 33→34 [0.1ms]
[2026-05-06 12:03:56] MOVE chetan (lawn green): 65→88 [0.1ms]
[2026-05-06 12:03:56] MOVE asha (gray0): 32→20 [0.1ms]
[2026-05-06 12:03:56] MOVE chetan (lawn green): 88→87 [0.1ms]
[2026-05-06 12:03:56] MOVE asha (gray0): 34→22 [0.1ms]
[2026-05-06 12:03:57] MOVE chetan (lawn green): 87→100 [0.1ms]
[2026-05-06 12:03:57] MOVE asha (gray0): 20→21 [0.1ms]
[2026-05-06 12:03:57] MOVE chetan (lawn green): 100→98 [0.1ms]
[2026-05-06 12:03:57] MOVE asha (gray0): 22→20 [0.1ms]
[2026-05-06 12:03:57] MOVE chetan (lawn green): 98→86 [0.1ms]
[2026-05-06 12:03:57] MOVE asha (gray0): 21→22 [0.1ms]
[2026-05-06 12:03:58] MOVE chetan (lawn green): 86→98 [0.1ms]
[2026-05-06 12:03:58] MOVE asha (gray0): 20→21 [0.1ms]
[2026-05-06 12:03:58] MOVE chetan (lawn green): 98→86 [0.1ms]
[2026-05-06 12:03:58] MOVE asha (gray0): 22→34 [0.1ms]
[2026-05-06 12:03:58] MOVE chetan (lawn green): 86→75 [0.1ms]
[2026-05-06 12:03:58] MOVE asha (gray0): 21→33 [0.1ms]
[2026-05-06 12:03:59] MOVE chetan (lawn green): 75→65 [0.1ms]
[2026-05-06 12:03:59] MOVE asha (gray0): 34→32 [0.1ms]
[2026-05-06 12:03:59] MOVE chetan (lawn green): 65→88 [0.1ms]
[2026-05-06 12:03:59] MOVE asha (gray0): 33→34 [0.2ms]
[2026-05-06 12:03:59] MOVE chetan (lawn green): 88→87 [0.1ms]
[2026-05-06 12:03:59] MOVE asha (gray0): 32→20 [0.2ms]
[2026-05-06 12:03:59] MOVE chetan (lawn green): 87→100 [0.1ms]
[2026-05-06 12:04:00] MOVE asha (gray0): 34→22 [0.1ms]
[2026-05-06 12:04:00] MOVE chetan (lawn green): 100→98 [0.5ms]
[2026-05-06 12:04:00] MOVE asha (gray0): 20→21 [0.2ms]
[2026-05-06 12:04:00] MOVE chetan (lawn green): 98→86 [0.1ms]
[2026-05-06 12:04:00] MOVE asha (gray0): 22→20 [0.1ms]
[2026-05-06 12:04:00] MOVE chetan (lawn green): 86→98 [3.7ms]
[2026-05-06 12:04:01] MOVE asha (gray0): 21→22 [0.1ms]
[2026-05-06 12:04:01] MOVE chetan (lawn green): 98→86 [0.4ms]
[2026-05-06 12:04:01] MOVE asha (gray0): 20→21 [0.1ms]
[2026-05-06 12:04:01] MOVE chetan (lawn green): 86→75 [0.1ms]
[2026-05-06 12:04:01] MOVE asha (gray0): 22→34 [0.1ms]
[2026-05-06 12:04:01] MOVE chetan (lawn green): 75→65 [0.1ms]
[2026-05-06 12:04:02] MOVE asha (gray0): 21→33 [0.1ms]
[2026-05-06 12:04:02] MOVE chetan (lawn green): 65→88 [0.1ms]
[2026-05-06 12:04:02] MOVE asha (gray0): 34→32 [3.6ms]
[2026-05-06 12:04:02] MOVE chetan (lawn green): 88→87 [1.0ms]
[2026-05-06 12:04:02] MOVE asha (gray0): 33→34 [0.2ms]
[2026-05-06 12:04:02] MOVE chetan (lawn green): 87→100 [0.1ms]
[2026-05-06 12:04:03] MOVE asha (gray0): 32→20 [0.1ms]
[2026-05-06 12:04:03] MOVE chetan (lawn green): 100→98 [0.1ms]
[2026-05-06 12:04:03] MOVE asha (gray0): 34→22 [0.1ms]
[2026-05-06 12:04:03] MOVE chetan (lawn green): 98→86 [0.1ms]
[2026-05-06 12:04:03] MOVE asha (gray0): 20→21 [0.2ms]
[2026-05-06 12:04:03] MOVE chetan (lawn green): 86→98 [0.1ms]
[2026-05-06 12:04:03] MOVE asha (gray0): 22→20 [0.1ms]
[2026-05-06 12:04:04] MOVE chetan (lawn green): 98→86 [0.1ms]
[2026-05-06 12:04:04] MOVE asha (gray0): 21→22 [0.5ms]
[2026-05-06 12:04:04] MOVE chetan (lawn green): 86→75 [0.1ms]
[2026-05-06 12:04:04] MOVE asha (gray0): 20→21 [0.1ms]
[2026-05-06 12:04:04] MOVE chetan (lawn green): 75→65 [0.1ms]
[2026-05-06 12:04:04] MOVE asha (gray0): 22→34 [0.1ms]
[2026-05-06 12:04:05] MOVE chetan (lawn green): 65→88 [0.1ms]
[2026-05-06 12:04:05] MOVE asha (gray0): 21→33 [0.1ms]
[2026-05-06 12:04:05] MOVE chetan (lawn green): 88→87 [0.1ms]
[2026-05-06 12:04:05] MOVE asha (gray0): 34→32 [0.1ms]
[2026-05-06 12:04:06] MOVE chetan (lawn green): 87→100 [0.1ms]
[2026-05-06 12:04:06] MOVE asha (gray0): 33→34 [0.1ms]
[2026-05-06 12:04:06] MOVE chetan (lawn green): 100→98 [0.1ms]
[2026-05-06 12:04:06] MOVE asha (gray0): 32→20 [0.1ms]
[2026-05-06 12:04:06] MOVE chetan (lawn green): 98→86 [0.1ms]
[2026-05-06 12:04:06] MOVE asha (gray0): 34→22 [0.3ms]
[2026-05-06 12:04:06] MOVE chetan (lawn green): 86→98 [0.1ms]
[2026-05-06 12:04:06] MOVE asha (gray0): 20→21 [0.1ms]
[2026-05-06 12:04:07] MOVE chetan (lawn green): 98→86 [0.0ms]
[2026-05-06 12:04:07] MOVE asha (gray0): 22→20 [0.1ms]
[2026-05-06 12:04:07] MOVE chetan (lawn green): 86→75 [0.1ms]
[2026-05-06 12:04:07] MOVE asha (gray0): 21→22 [0.1ms]
[2026-05-06 12:04:07] MOVE chetan (lawn green): 75→65 [0.1ms]
[2026-05-06 12:04:07] MOVE asha (gray0): 20→21 [0.3ms]
[2026-05-06 12:04:08] MOVE chetan (lawn green): 65→88 [0.1ms]
[2026-05-06 12:04:08] MOVE asha (gray0): 22→34 [0.1ms]
[2026-05-06 12:04:08] MOVE chetan (lawn green): 88→87 [0.1ms]
[2026-05-06 12:04:08] MOVE asha (gray0): 21→33 [0.1ms]
[2026-05-06 12:04:08] MOVE chetan (lawn green): 87→100 [0.1ms]
[2026-05-06 12:04:08] MOVE asha (gray0): 34→32 [0.1ms]
[2026-05-06 12:04:09] MOVE chetan (lawn green): 100→98 [0.1ms]
[2026-05-06 12:04:09] MOVE asha (gray0): 33→34 [0.1ms]
[2026-05-06 12:04:09] MOVE chetan (lawn green): 98→86 [0.1ms]
[2026-05-06 12:04:09] MOVE asha (gray0): 32→20 [0.1ms]
[2026-05-06 12:04:09] MOVE chetan (lawn green): 86→98 [0.1ms]
[2026-05-06 12:04:09] MOVE asha (gray0): 34→22 [0.1ms]
[2026-05-06 12:04:10] MOVE chetan (lawn green): 98→86 [0.1ms]
[2026-05-06 12:04:10] MOVE asha (gray0): 20→21 [0.1ms]
[2026-05-06 12:04:10] MOVE chetan (lawn green): 86→75 [0.1ms]
[2026-05-06 12:04:10] MOVE asha (gray0): 22→20 [0.1ms]
[2026-05-06 12:04:10] MOVE chetan (lawn green): 75→65 [0.1ms]
[2026-05-06 12:04:10] MOVE asha (gray0): 21→22 [0.1ms]
[2026-05-06 12:04:11] MOVE chetan (lawn green): 65→88 [0.1ms]
[2026-05-06 12:04:11] MOVE asha (gray0): 20→21 [0.1ms]
[2026-05-06 12:04:11] MOVE chetan (lawn green): 88→87 [0.3ms]
[2026-05-06 12:04:11] MOVE asha (gray0): 22→34 [0.1ms]
[2026-05-06 12:04:11] MOVE chetan (lawn green): 87→100 [0.1ms]
[2026-05-06 12:04:11] MOVE asha (gray0): 21→33 [0.1ms]
[2026-05-06 12:04:11] MOVE chetan (lawn green): 100→98 [0.1ms]
[2026-05-06 12:04:11] MOVE asha (gray0): 34→32 [0.1ms]
[2026-05-06 12:04:12] MOVE chetan (lawn green): 98→86 [0.1ms]
[2026-05-06 12:04:12] MOVE asha (gray0): 33→34 [0.1ms]
[2026-05-06 12:04:12] MOVE chetan (lawn green): 86→98 [0.1ms]
[2026-05-06 12:04:12] MOVE asha (gray0): 32→20 [0.1ms]
[2026-05-06 12:04:12] MOVE chetan (lawn green): 98→86 [0.1ms]
[2026-05-06 12:04:12] MOVE asha (gray0): 34→22 [0.1ms]
[2026-05-06 12:04:13] MOVE chetan (lawn green): 86→75 [0.1ms]
[2026-05-06 12:04:13] MOVE asha (gray0): 20→21 [0.2ms]
[2026-05-06 12:04:13] MOVE chetan (lawn green): 75→65 [0.1ms]
[2026-05-06 12:04:13] MOVE asha (gray0): 22→20 [0.1ms]
[2026-05-06 12:04:13] MOVE chetan (lawn green): 65→88 [0.1ms]
[2026-05-06 12:04:13] MOVE asha (gray0): 21→22 [0.1ms]
[2026-05-06 12:04:14] MOVE chetan (lawn green): 88→87 [0.1ms]
[2026-05-06 12:04:14] MOVE asha (gray0): 20→21 [0.1ms]
[2026-05-06 12:04:14] MOVE chetan (lawn green): 87→100 [0.1ms]
[2026-05-06 12:04:14] MOVE asha (gray0): 22→34 [0.1ms]
[2026-05-06 12:04:15] MOVE chetan (lawn green): 100→98 [0.1ms]
[2026-05-06 12:04:15] MOVE asha (gray0): 21→33 [0.1ms]
[2026-05-06 12:04:15] MOVE chetan (lawn green): 98→86 [0.1ms]
[2026-05-06 12:04:15] MOVE asha (gray0): 34→32 [0.1ms]
[2026-05-06 12:04:15] MOVE chetan (lawn green): 86→98 [0.1ms]
[2026-05-06 12:04:15] MOVE asha (gray0): 33→34 [0.1ms]
[2026-05-06 12:04:16] MOVE chetan (lawn green): 98→86 [0.1ms]
[2026-05-06 12:04:16] MOVE asha (gray0): 32→20 [0.1ms]
[2026-05-06 12:04:16] MOVE chetan (lawn green): 86→75 [0.4ms]
[2026-05-06 12:04:16] MOVE asha (gray0): 34→22 [0.1ms]
[2026-05-06 12:04:16] MOVE chetan (lawn green): 75→65 [0.1ms]
[2026-05-06 12:04:16] MOVE asha (gray0): 20→21 [0.1ms]
[2026-05-06 12:04:16] MOVE chetan (lawn green): 65→88 [0.1ms]
[2026-05-06 12:04:17] MOVE asha (gray0): 22→20 [0.1ms]
[2026-05-06 12:04:17] MOVE chetan (lawn green): 88→87 [0.1ms]
[2026-05-06 12:04:17] MOVE asha (gray0): 21→22 [0.5ms]
[2026-05-06 12:04:17] MOVE chetan (lawn green): 87→100 [0.1ms]
[2026-05-06 12:04:17] MOVE asha (gray0): 20→21 [0.2ms]
[2026-05-06 12:04:17] MOVE chetan (lawn green): 100→98 [0.1ms]
[2026-05-06 12:04:17] MOVE asha (gray0): 22→34 [0.1ms]
[2026-05-06 12:04:18] MOVE chetan (lawn green): 98→86 [0.1ms]
[2026-05-06 12:04:18] MOVE asha (gray0): 21→33 [0.2ms]
[2026-05-06 12:04:18] MOVE chetan (lawn green): 86→98 [0.1ms]
[2026-05-06 12:04:18] MOVE asha (gray0): 34→32 [0.1ms]
[2026-05-06 12:04:18] MOVE chetan (lawn green): 98→86 [0.1ms]
[2026-05-06 12:04:18] MOVE asha (gray0): 33→34 [0.1ms]
[2026-05-06 12:04:19] MOVE chetan (lawn green): 86→75 [0.1ms]
[2026-05-06 12:04:19] MOVE asha (gray0): 32→20 [0.1ms]
[2026-05-06 12:04:19] MOVE chetan (lawn green): 75→65 [0.1ms]
[2026-05-06 12:04:19] MOVE asha (gray0): 34→22 [0.1ms]
[2026-05-06 12:04:19] MOVE chetan (lawn green): 65→88 [0.1ms]
[2026-05-06 12:04:19] MOVE asha (gray0): 20→21 [0.1ms]
[2026-05-06 12:04:20] MOVE chetan (lawn green): 88→87 [0.1ms]
[2026-05-06 12:04:20] MOVE asha (gray0): 22→20 [0.1ms]
[2026-05-06 12:04:20] MOVE chetan (lawn green): 87→100 [0.1ms]
[2026-05-06 12:04:20] MOVE asha (gray0): 21→22 [0.1ms]
[2026-05-06 12:04:20] MOVE chetan (lawn green): 100→98 [0.1ms]
[2026-05-06 12:04:20] MOVE asha (gray0): 20→21 [0.1ms]
[2026-05-06 12:04:21] MOVE chetan (lawn green): 98→86 [0.1ms]
[2026-05-06 12:04:21] MOVE asha (gray0): 22→34 [0.1ms]
[2026-05-06 12:04:21] MOVE chetan (lawn green): 86→98 [0.1ms]
[2026-05-06 12:04:21] MOVE asha (gray0): 21→33 [0.1ms]
[2026-05-06 12:04:21] MOVE chetan (lawn green): 98→86 [0.1ms]
[2026-05-06 12:04:21] MOVE asha (gray0): 34→32 [0.1ms]
[2026-05-06 12:04:21] MOVE chetan (lawn green): 86→75 [0.1ms]
[2026-05-06 12:04:21] MOVE asha (gray0): 33→34 [0.1ms]
[2026-05-06 12:04:22] MOVE chetan (lawn green): 75→65 [0.1ms]
[2026-05-06 12:04:22] MOVE asha (gray0): 32→20 [0.2ms]
[2026-05-06 12:04:22] MOVE chetan (lawn green): 65→88 [0.1ms]
[2026-05-06 12:04:22] MOVE asha (gray0): 34→22 [0.2ms]
[2026-05-06 12:04:22] MOVE chetan (lawn green): 88→87 [1.5ms]
[2026-05-06 12:04:22] MOVE asha (gray0): 20→21 [0.1ms]
[2026-05-06 12:04:23] MOVE chetan (lawn green): 87→100 [4.1ms]
[2026-05-06 12:04:23] MOVE asha (gray0): 22→20 [0.2ms]
[2026-05-06 12:04:23] MOVE chetan (lawn green): 100→98 [0.1ms]
[2026-05-06 12:04:23] MOVE asha (gray0): 21→22 [0.1ms]
[2026-05-06 12:04:23] MOVE chetan (lawn green): 98→86 [0.1ms]
[2026-05-06 12:04:23] MOVE asha (gray0): 20→21 [0.1ms]
[2026-05-06 12:04:24] MOVE chetan (lawn green): 86→98 [0.1ms]
[2026-05-06 12:04:24] MOVE asha (gray0): 22→34 [0.1ms]
[2026-05-06 12:04:24] MOVE chetan (lawn green): 98→86 [0.1ms]
[2026-05-06 12:04:24] MOVE asha (gray0): 21→33 [0.6ms]
[2026-05-06 12:04:25] MOVE chetan (lawn green): 86→75 [0.1ms]
[2026-05-06 12:04:25] MOVE asha (gray0): 34→32 [0.1ms]
[2026-05-06 12:04:25] MOVE chetan (lawn green): 75→65 [0.3ms]
[2026-05-06 12:04:25] MOVE asha (gray0): 33→34 [0.4ms]
[2026-05-06 12:04:25] MOVE chetan (lawn green): 65→88 [0.1ms]
[2026-05-06 12:04:26] MOVE asha (gray0): 32→20 [0.1ms]
[2026-05-06 12:04:26] MOVE chetan (lawn green): 88→87 [0.1ms]
[2026-05-06 12:04:26] MOVE asha (gray0): 34→22 [0.1ms]
[2026-05-06 12:04:26] MOVE chetan (lawn green): 87→100 [0.1ms]
[2026-05-06 12:04:26] MOVE asha (gray0): 20→21 [0.4ms]
[2026-05-06 12:04:26] MOVE chetan (lawn green): 100→98 [0.1ms]
[2026-05-06 12:04:27] MOVE asha (gray0): 22→20 [0.1ms]
[2026-05-06 12:04:27] MOVE chetan (lawn green): 98→86 [0.1ms]
[2026-05-06 12:04:27] MOVE asha (gray0): 21→22 [0.2ms]
[2026-05-06 12:04:27] MOVE chetan (lawn green): 86→98 [0.1ms]
[2026-05-06 12:04:27] MOVE asha (gray0): 20→21 [0.1ms]
[2026-05-06 12:04:27] MOVE chetan (lawn green): 98→86 [0.1ms]
[2026-05-06 12:04:27] MOVE asha (gray0): 22→34 [0.1ms]
[2026-05-06 12:04:28] MOVE chetan (lawn green): 86→75 [0.1ms]
[2026-05-06 12:04:28] MOVE asha (gray0): 21→33 [0.1ms]
[2026-05-06 12:04:28] MOVE chetan (lawn green): 75→65 [0.1ms]
[2026-05-06 12:04:28] MOVE asha (gray0): 34→32 [0.1ms]
[2026-05-06 12:04:28] MOVE chetan (lawn green): 65→88 [0.2ms]
[2026-05-06 12:04:29] MOVE asha (gray0): 33→34 [0.1ms]
[2026-05-06 12:04:29] MOVE chetan (lawn green): 88→87 [0.1ms]
[2026-05-06 12:04:29] MOVE asha (gray0): 32→20 [0.1ms]
[2026-05-06 12:04:29] MOVE chetan (lawn green): 87→100 [0.1ms]
[2026-05-06 12:04:30] MOVE asha (gray0): 34→22 [0.1ms]
[2026-05-06 12:04:30] MOVE chetan (lawn green): 100→98 [0.1ms]
[2026-05-06 12:04:30] MOVE asha (gray0): 20→21 [0.2ms]
[2026-05-06 12:04:30] MOVE chetan (lawn green): 98→86 [0.1ms]
[2026-05-06 12:04:30] MOVE asha (gray0): 22→20 [2.0ms]
[2026-05-06 12:04:30] MOVE chetan (lawn green): 86→98 [0.1ms]
[2026-05-06 12:04:31] MOVE asha (gray0): 21→22 [0.1ms]
[2026-05-06 12:04:31] MOVE chetan (lawn green): 98→86 [0.1ms]
[2026-05-06 12:04:31] MOVE asha (gray0): 20→21 [0.1ms]
[2026-05-06 12:04:31] MOVE chetan (lawn green): 86→75 [0.1ms]
[2026-05-06 12:04:31] MOVE asha (gray0): 22→34 [0.1ms]
[2026-05-06 12:04:32] MOVE chetan (lawn green): 75→65 [0.1ms]
[2026-05-06 12:04:32] MOVE asha (gray0): 21→33 [0.1ms]
[2026-05-06 12:04:32] MOVE chetan (lawn green): 65→88 [0.1ms]
[2026-05-06 12:04:32] MOVE asha (gray0): 34→32 [0.2ms]
[2026-05-06 12:04:32] MOVE chetan (lawn green): 88→87 [0.1ms]
[2026-05-06 12:04:32] MOVE asha (gray0): 33→34 [0.1ms]
[2026-05-06 12:04:32] MOVE chetan (lawn green): 87→100 [0.1ms]
[2026-05-06 12:04:33] MOVE asha (gray0): 32→20 [0.1ms]
[2026-05-06 12:04:33] MOVE chetan (lawn green): 100→98 [0.1ms]
[2026-05-06 12:04:33] MOVE asha (gray0): 34→22 [0.3ms]
[2026-05-06 12:04:33] MOVE chetan (lawn green): 98→86 [0.2ms]
[2026-05-06 12:04:33] MOVE asha (gray0): 20→21 [0.1ms]
[2026-05-06 12:04:34] MOVE chetan (lawn green): 86→98 [0.1ms]
[2026-05-06 12:04:34] MOVE asha (gray0): 22→20 [0.1ms]
[2026-05-06 12:04:34] MOVE chetan (lawn green): 98→86 [0.4ms]
[2026-05-06 12:04:34] MOVE asha (gray0): 21→22 [0.1ms]
[2026-05-06 12:04:34] MOVE chetan (lawn green): 86→75 [0.1ms]
[2026-05-06 12:04:35] MOVE asha (gray0): 20→21 [0.1ms]
[2026-05-06 12:04:35] MOVE chetan (lawn green): 75→65 [0.1ms]
[2026-05-06 12:04:35] MOVE asha (gray0): 22→34 [0.1ms]
[2026-05-06 12:04:35] MOVE chetan (lawn green): 65→88 [0.1ms]
[2026-05-06 12:04:35] MOVE asha (gray0): 21→33 [0.1ms]
[2026-05-06 12:04:35] MOVE chetan (lawn green): 88→87 [0.1ms]
[2026-05-06 12:04:36] MOVE asha (gray0): 34→32 [0.1ms]
[2026-05-06 12:04:36] MOVE chetan (lawn green): 87→100 [0.1ms]
[2026-05-06 12:04:36] MOVE asha (gray0): 33→34 [0.1ms]
[2026-05-06 12:04:36] MOVE chetan (lawn green): 100→98 [0.1ms]
[2026-05-06 12:04:36] MOVE asha (gray0): 32→20 [0.1ms]
[2026-05-06 12:04:36] MOVE chetan (lawn green): 98→86 [0.1ms]
[2026-05-06 12:04:37] MOVE asha (gray0): 34→22 [0.1ms]
[2026-05-06 12:04:37] MOVE chetan (lawn green): 86→98 [0.1ms]
[2026-05-06 12:04:37] MOVE asha (gray0): 20→21 [0.1ms]
[2026-05-06 12:04:37] MOVE chetan (lawn green): 98→86 [0.1ms]
[2026-05-06 12:04:37] MOVE asha (gray0): 22→20 [0.2ms]
[2026-05-06 12:04:37] MOVE chetan (lawn green): 86→75 [0.1ms]
[2026-05-06 12:04:38] MOVE asha (gray0): 21→22 [0.1ms]
[2026-05-06 12:04:38] MOVE chetan (lawn green): 75→65 [0.1ms]
[2026-05-06 12:04:38] MOVE asha (gray0): 20→21 [0.1ms]
[2026-05-06 12:04:38] MOVE chetan (lawn green): 65→88 [0.1ms]
[2026-05-06 12:04:38] MOVE asha (gray0): 22→34 [0.1ms]
[2026-05-06 12:04:38] MOVE chetan (lawn green): 88→87 [0.1ms]
[2026-05-06 12:04:38] MOVE asha (gray0): 21→33 [0.1ms]
[2026-05-06 12:04:38] MOVE chetan (lawn green): 87→100 [0.1ms]
[2026-05-06 12:04:39] MOVE asha (gray0): 34→32 [0.1ms]
[2026-05-06 12:04:39] MOVE chetan (lawn green): 100→98 [0.1ms]
[2026-05-06 12:04:39] MOVE asha (gray0): 33→34 [0.1ms]
[2026-05-06 12:04:39] MOVE chetan (lawn green): 98→86 [0.1ms]
[2026-05-06 12:04:39] MOVE asha (gray0): 32→20 [0.1ms]
[2026-05-06 12:04:39] MOVE chetan (lawn green): 86→98 [0.1ms]
[2026-05-06 12:04:40] MOVE asha (gray0): 34→22 [0.1ms]
[2026-05-06 12:04:40] MOVE chetan (lawn green): 98→86 [0.1ms]
[2026-05-06 12:04:40] MOVE asha (gray0): 20→21 [0.1ms]
[2026-05-06 12:04:40] MOVE chetan (lawn green): 86→75 [0.1ms]
[2026-05-06 12:04:40] MOVE asha (gray0): 22→20 [0.8ms]
[2026-05-06 12:04:40] MOVE chetan (lawn green): 75→65 [0.1ms]
[2026-05-06 12:04:41] MOVE asha (gray0): 21→22 [0.1ms]
[2026-05-06 12:04:41] MOVE chetan (lawn green): 65→88 [0.2ms]
[2026-05-06 12:04:41] MOVE asha (gray0): 20→21 [0.1ms]
[2026-05-06 12:04:41] MOVE chetan (lawn green): 88→87 [0.3ms]
[2026-05-06 12:04:41] MOVE asha (gray0): 22→34 [0.1ms]
[2026-05-06 12:04:41] MOVE chetan (lawn green): 87→100 [0.1ms]
[2026-05-06 12:04:42] MOVE asha (gray0): 21→33 [0.1ms]
[2026-05-06 12:04:42] MOVE chetan (lawn green): 100→98 [0.2ms]
[2026-05-06 12:04:42] MOVE asha (gray0): 34→32 [1.0ms]
[2026-05-06 12:04:42] MOVE chetan (lawn green): 98→86 [0.1ms]
[2026-05-06 12:04:42] MOVE asha (gray0): 33→34 [0.1ms]
[2026-05-06 12:04:42] MOVE chetan (lawn green): 86→98 [0.1ms]
[2026-05-06 12:04:43] MOVE asha (gray0): 32→20 [0.1ms]
[2026-05-06 12:04:43] MOVE chetan (lawn green): 98→86 [0.1ms]
[2026-05-06 12:04:43] MOVE asha (gray0): 34→22 [0.1ms]
[2026-05-06 12:04:43] MOVE chetan (lawn green): 86→75 [0.1ms]
[2026-05-06 12:04:43] MOVE asha (gray0): 20→21 [0.1ms]
[2026-05-06 12:04:44] MOVE chetan (lawn green): 75→65 [0.1ms]
[2026-05-06 12:04:44] MOVE asha (gray0): 22→20 [0.1ms]
[2026-05-06 12:04:44] MOVE chetan (lawn green): 65→88 [0.1ms]
[2026-05-06 12:04:44] MOVE asha (gray0): 21→22 [0.1ms]
[2026-05-06 12:04:44] MOVE chetan (lawn green): 88→87 [0.1ms]
[2026-05-06 12:04:44] MOVE asha (gray0): 20→21 [0.1ms]
[2026-05-06 12:04:44] MOVE chetan (lawn green): 87→100 [0.1ms]
[2026-05-06 12:04:44] MOVE asha (gray0): 22→34 [0.2ms]
[2026-05-06 12:04:45] MOVE chetan (lawn green): 100→98 [0.6ms]
[2026-05-06 12:04:45] MOVE asha (gray0): 21→33 [0.1ms]
[2026-05-06 12:04:45] MOVE chetan (lawn green): 98→86 [0.1ms]
[2026-05-06 12:04:46] MOVE asha (gray0): 34→32 [0.5ms]
[2026-05-06 12:04:46] MOVE chetan (lawn green): 86→98 [0.3ms]
[2026-05-06 12:04:46] MOVE asha (gray0): 33→34 [0.1ms]
[2026-05-06 12:04:46] MOVE chetan (lawn green): 98→86 [0.1ms]
[2026-05-06 12:04:47] MOVE asha (gray0): 32→20 [0.1ms]
[2026-05-06 12:04:47] MOVE chetan (lawn green): 86→75 [0.1ms]
[2026-05-06 12:04:47] MOVE asha (gray0): 34→22 [0.1ms]
[2026-05-06 12:04:47] MOVE chetan (lawn green): 75→65 [0.2ms]
[2026-05-06 12:04:48] MOVE asha (gray0): 20→21 [0.1ms]
[2026-05-06 12:04:48] MOVE chetan (lawn green): 65→88 [0.1ms]
[2026-05-06 12:04:48] MOVE asha (gray0): 22→20 [0.1ms]
[2026-05-06 12:04:48] MOVE chetan (lawn green): 88→87 [0.1ms]
[2026-05-06 12:04:48] MOVE asha (gray0): 21→22 [0.1ms]
[2026-05-06 12:04:49] MOVE chetan (lawn green): 87→100 [0.1ms]
[2026-05-06 12:04:49] MOVE asha (gray0): 20→21 [0.1ms]
[2026-05-06 12:04:49] MOVE chetan (lawn green): 100→98 [0.1ms]
[2026-05-06 12:04:49] MOVE asha (gray0): 22→34 [0.1ms]
[2026-05-06 12:04:49] MOVE chetan (lawn green): 98→86 [0.3ms]
[2026-05-06 12:04:49] MOVE asha (gray0): 21→33 [0.3ms]
[2026-05-06 12:04:50] MOVE chetan (lawn green): 86→98 [0.1ms]
[2026-05-06 12:04:50] MOVE asha (gray0): 34→32 [0.1ms]
[2026-05-06 12:04:50] MOVE chetan (lawn green): 98→86 [0.1ms]
[2026-05-06 12:04:50] MOVE asha (gray0): 33→34 [0.1ms]
[2026-05-06 12:04:50] MOVE chetan (lawn green): 86→75 [0.1ms]
[2026-05-06 12:04:50] MOVE asha (gray0): 32→20 [0.3ms]
[2026-05-06 12:04:50] MOVE chetan (lawn green): 75→65 [0.1ms]
[2026-05-06 12:04:50] MOVE asha (gray0): 34→22 [0.1ms]
[2026-05-06 12:04:51] MOVE chetan (lawn green): 65→88 [0.1ms]
[2026-05-06 12:04:51] MOVE asha (gray0): 20→21 [0.1ms]
[2026-05-06 12:04:51] MOVE chetan (lawn green): 88→87 [0.4ms]
[2026-05-06 12:04:51] MOVE asha (gray0): 22→20 [0.1ms]
[2026-05-06 12:04:52] MOVE chetan (lawn green): 87→100 [0.1ms]
[2026-05-06 12:04:52] MOVE asha (gray0): 21→22 [0.1ms]
[2026-05-06 12:04:52] MOVE chetan (lawn green): 100→98 [0.1ms]
[2026-05-06 12:04:52] MOVE asha (gray0): 20→21 [0.1ms]
[2026-05-06 12:04:53] MOVE chetan (lawn green): 98→86 [0.1ms]
[2026-05-06 12:04:53] MOVE asha (gray0): 22→34 [0.1ms]
[2026-05-06 12:04:53] MOVE chetan (lawn green): 86→98 [1.5ms]
[2026-05-06 12:04:53] MOVE asha (gray0): 21→33 [0.1ms]
[2026-05-06 12:04:54] MOVE chetan (lawn green): 98→86 [0.1ms]
[2026-05-06 12:04:54] MOVE asha (gray0): 34→32 [0.4ms]
[2026-05-06 12:04:54] MOVE chetan (lawn green): 86→75 [0.4ms]
[2026-05-06 12:04:54] MOVE asha (gray0): 33→34 [7.5ms]
[2026-05-06 12:04:55] MOVE chetan (lawn green): 75→65 [0.1ms]
[2026-05-06 12:04:55] MOVE asha (gray0): 32→20 [0.1ms]
[2026-05-06 12:04:55] MOVE chetan (lawn green): 65→88 [0.1ms]
[2026-05-06 12:04:55] MOVE asha (gray0): 34→22 [0.3ms]
[2026-05-06 12:04:55] MOVE chetan (lawn green): 88→87 [0.1ms]
[2026-05-06 12:04:56] MOVE asha (gray0): 20→21 [0.1ms]
[2026-05-06 12:04:56] MOVE chetan (lawn green): 87→100 [3.4ms]
[2026-05-06 12:04:56] MOVE asha (gray0): 22→20 [0.1ms]
[2026-05-06 12:04:56] MOVE chetan (lawn green): 100→98 [0.2ms]
[2026-05-06 12:04:56] MOVE asha (gray0): 21→22 [0.1ms]
[2026-05-06 12:04:56] MOVE chetan (lawn green): 98→86 [0.1ms]
[2026-05-06 12:04:57] MOVE asha (gray0): 20→21 [0.3ms]
[2026-05-06 12:04:57] MOVE chetan (lawn green): 86→98 [0.1ms]
[2026-05-06 12:04:57] MOVE asha (gray0): 22→34 [0.1ms]
[2026-05-06 12:04:57] MOVE chetan (lawn green): 98→86 [0.1ms]
[2026-05-06 12:04:57] MOVE asha (gray0): 21→33 [0.1ms]
[2026-05-06 12:04:57] MOVE chetan (lawn green): 86→75 [0.2ms]
[2026-05-06 12:04:57] MOVE asha (gray0): 34→32 [0.3ms]
[2026-05-06 12:04:57] MOVE chetan (lawn green): 75→65 [0.1ms]
[2026-05-06 12:04:58] MOVE asha (gray0): 33→34 [0.1ms]
[2026-05-06 12:04:58] MOVE chetan (lawn green): 65→88 [0.1ms]
[2026-05-06 12:04:58] MOVE asha (gray0): 32→20 [0.1ms]
[2026-05-06 12:04:58] MOVE chetan (lawn green): 88→87 [0.1ms]
[2026-05-06 12:04:58] MOVE asha (gray0): 34→22 [0.8ms]
[2026-05-06 12:04:58] MOVE chetan (lawn green): 87→100 [0.1ms]
[2026-05-06 12:04:59] MOVE asha (gray0): 20→21 [0.1ms]
[2026-05-06 12:04:59] MOVE chetan (lawn green): 100→98 [0.1ms]
[2026-05-06 12:04:59] MOVE asha (gray0): 22→20 [0.1ms]
[2026-05-06 12:04:59] MOVE chetan (lawn green): 98→86 [0.1ms]
[2026-05-06 12:04:59] MOVE asha (gray0): 21→22 [0.1ms]
[2026-05-06 12:04:59] MOVE chetan (lawn green): 86→98 [0.1ms]
[2026-05-06 12:05:00] MOVE asha (gray0): 20→21 [0.1ms]
[2026-05-06 12:05:00] MOVE chetan (lawn green): 98→86 [0.1ms]
[2026-05-06 12:05:00] MOVE asha (gray0): 22→34 [0.1ms]
[2026-05-06 12:05:00] MOVE chetan (lawn green): 86→75 [0.1ms]
[2026-05-06 12:05:00] MOVE asha (gray0): 21→33 [0.3ms]
[2026-05-06 12:05:00] MOVE chetan (lawn green): 75→65 [0.1ms]
[2026-05-06 12:05:01] MOVE asha (gray0): 34→32 [0.1ms]
[2026-05-06 12:05:01] MOVE chetan (lawn green): 65→88 [0.1ms]
[2026-05-06 12:05:01] MOVE asha (gray0): 33→34 [0.1ms]
[2026-05-06 12:05:01] MOVE chetan (lawn green): 88→87 [0.1ms]
[2026-05-06 12:05:01] MOVE asha (gray0): 32→20 [0.1ms]
[2026-05-06 12:05:01] MOVE chetan (lawn green): 87→100 [0.1ms]
[2026-05-06 12:05:02] MOVE asha (gray0): 34→22 [0.1ms]
[2026-05-06 12:05:02] MOVE chetan (lawn green): 100→98 [0.3ms]
[2026-05-06 12:05:02] MOVE asha (gray0): 20→21 [0.1ms]
[2026-05-06 12:05:02] MOVE chetan (lawn green): 98→86 [0.4ms]
[2026-05-06 12:05:02] MOVE asha (gray0): 22→20 [0.1ms]
[2026-05-06 12:05:02] MOVE chetan (lawn green): 86→98 [0.1ms]
[2026-05-06 12:05:02] MOVE asha (gray0): 21→22 [0.2ms]
[2026-05-06 12:05:03] MOVE chetan (lawn green): 98→86 [0.5ms]
[2026-05-06 12:05:03] MOVE asha (gray0): 20→21 [0.1ms]
[2026-05-06 12:05:03] MOVE chetan (lawn green): 86→75 [0.1ms]
[2026-05-06 12:05:03] MOVE asha (gray0): 22→34 [0.1ms]
[2026-05-06 12:05:03] MOVE chetan (lawn green): 75→65 [0.3ms]
[2026-05-06 12:05:03] MOVE asha (gray0): 21→33 [0.1ms]
[2026-05-06 12:05:04] MOVE chetan (lawn green): 65→88 [1.5ms]
[2026-05-06 12:05:04] MOVE asha (gray0): 34→32 [0.1ms]
[2026-05-06 12:05:04] MOVE chetan (lawn green): 88→87 [0.5ms]
[2026-05-06 12:05:04] MOVE asha (gray0): 33→34 [0.1ms]
[2026-05-06 12:05:04] MOVE chetan (lawn green): 87→100 [0.1ms]
[2026-05-06 12:05:04] MOVE asha (gray0): 32→20 [0.1ms]
[2026-05-06 12:05:05] MOVE chetan (lawn green): 100→98 [0.2ms]
[2026-05-06 12:05:05] MOVE asha (gray0): 34→22 [0.1ms]
[2026-05-06 12:05:05] MOVE chetan (lawn green): 98→86 [0.1ms]
[2026-05-06 12:05:05] MOVE asha (gray0): 20→21 [0.1ms]
[2026-05-06 12:05:05] MOVE chetan (lawn green): 86→98 [0.1ms]
[2026-05-06 12:05:05] MOVE asha (gray0): 22→20 [0.1ms]
[2026-05-06 12:05:05] MOVE chetan (lawn green): 98→86 [0.1ms]
[2026-05-06 12:05:06] MOVE asha (gray0): 21→22 [0.1ms]
[2026-05-06 12:05:06] MOVE chetan (lawn green): 86→75 [0.1ms]
[2026-05-06 12:05:06] MOVE asha (gray0): 20→21 [0.1ms]
[2026-05-06 12:05:06] MOVE chetan (lawn green): 75→65 [0.1ms]
[2026-05-06 12:05:06] MOVE asha (gray0): 22→34 [0.1ms]
[2026-05-06 12:05:06] MOVE chetan (lawn green): 65→88 [0.1ms]
[2026-05-06 12:05:07] MOVE asha (gray0): 21→33 [0.1ms]
[2026-05-06 12:05:07] MOVE chetan (lawn green): 88→87 [0.1ms]
[2026-05-06 12:05:07] MOVE asha (gray0): 34→32 [0.1ms]
[2026-05-06 12:05:07] MOVE chetan (lawn green): 87→100 [0.1ms]
[2026-05-06 12:05:07] MOVE asha (gray0): 33→34 [0.1ms]
[2026-05-06 12:05:07] MOVE chetan (lawn green): 100→98 [0.1ms]
[2026-05-06 12:05:08] MOVE asha (gray0): 32→20 [0.1ms]
[2026-05-06 12:05:08] MOVE chetan (lawn green): 98→86 [0.1ms]
[2026-05-06 12:05:08] MOVE asha (gray0): 34→22 [0.1ms]
[2026-05-06 12:05:08] MOVE chetan (lawn green): 86→98 [0.1ms]
[2026-05-06 12:05:08] MOVE asha (gray0): 20→21 [0.1ms]
[2026-05-06 12:05:08] MOVE chetan (lawn green): 98→86 [0.1ms]
[2026-05-06 12:05:08] MOVE asha (gray0): 22→20 [0.1ms]
[2026-05-06 12:05:09] MOVE chetan (lawn green): 86→75 [0.1ms]
[2026-05-06 12:05:09] MOVE asha (gray0): 21→22 [0.1ms]
[2026-05-06 12:05:09] MOVE chetan (lawn green): 75→65 [0.1ms]
[2026-05-06 12:05:09] MOVE asha (gray0): 20→21 [0.2ms]
[2026-05-06 12:05:09] MOVE chetan (lawn green): 65→88 [0.1ms]
[2026-05-06 12:05:09] MOVE asha (gray0): 22→34 [0.1ms]
[2026-05-06 12:05:09] MOVE chetan (lawn green): 88→87 [0.1ms]
[2026-05-06 12:05:10] MOVE asha (gray0): 21→33 [0.1ms]
[2026-05-06 12:05:10] MOVE chetan (lawn green): 87→100 [0.1ms]
[2026-05-06 12:05:10] MOVE asha (gray0): 34→32 [0.2ms]
[2026-05-06 12:05:10] MOVE chetan (lawn green): 100→98 [0.1ms]
[2026-05-06 12:05:10] MOVE asha (gray0): 33→34 [0.1ms]
[2026-05-06 12:05:10] MOVE chetan (lawn green): 98→86 [0.1ms]
[2026-05-06 12:05:11] MOVE asha (gray0): 32→20 [0.1ms]
[2026-05-06 12:05:11] MOVE chetan (lawn green): 86→98 [0.1ms]
[2026-05-06 12:05:11] MOVE asha (gray0): 34→22 [0.1ms]
[2026-05-06 12:05:11] MOVE chetan (lawn green): 98→86 [0.1ms]
[2026-05-06 12:05:11] MOVE asha (gray0): 20→21 [0.1ms]
[2026-05-06 12:05:11] MOVE chetan (lawn green): 86→75 [0.1ms]
[2026-05-06 12:05:12] MOVE asha (gray0): 22→20 [0.1ms]
[2026-05-06 12:05:12] MOVE chetan (lawn green): 75→65 [0.1ms]
[2026-05-06 12:05:12] MOVE asha (gray0): 21→22 [0.1ms]
[2026-05-06 12:05:12] MOVE chetan (lawn green): 65→88 [0.1ms]
[2026-05-06 12:05:12] MOVE asha (gray0): 20→21 [0.1ms]
[2026-05-06 12:05:12] MOVE chetan (lawn green): 88→87 [0.1ms]
[2026-05-06 12:05:13] MOVE asha (gray0): 22→34 [0.1ms]
[2026-05-06 12:05:13] MOVE chetan (lawn green): 87→100 [0.1ms]
[2026-05-06 12:05:13] MOVE asha (gray0): 21→33 [0.2ms]
[2026-05-06 12:05:13] MOVE chetan (lawn green): 100→98 [0.1ms]
[2026-05-06 12:05:13] MOVE asha (gray0): 34→32 [0.1ms]
[2026-05-06 12:05:13] MOVE chetan (lawn green): 98→86 [0.1ms]
[2026-05-06 12:05:13] MOVE asha (gray0): 33→34 [0.4ms]
[2026-05-06 12:05:14] MOVE chetan (lawn green): 86→98 [0.1ms]
[2026-05-06 12:05:14] MOVE asha (gray0): 32→20 [0.1ms]
[2026-05-06 12:05:14] MOVE chetan (lawn green): 98→86 [0.5ms]
[2026-05-06 12:05:14] MOVE asha (gray0): 34→22 [0.3ms]
[2026-05-06 12:05:14] MOVE chetan (lawn green): 86→75 [0.1ms]
[2026-05-06 12:05:14] MOVE asha (gray0): 20→21 [0.1ms]
[2026-05-06 12:05:15] MOVE chetan (lawn green): 75→65 [0.1ms]
[2026-05-06 12:05:15] MOVE asha (gray0): 22→20 [0.1ms]
[2026-05-06 12:05:15] MOVE chetan (lawn green): 65→88 [0.2ms]
[2026-05-06 12:05:15] MOVE asha (gray0): 21→22 [0.1ms]
[2026-05-06 12:05:15] MOVE chetan (lawn green): 88→87 [0.1ms]
[2026-05-06 12:05:15] MOVE asha (gray0): 20→21 [0.1ms]
[2026-05-06 12:05:16] MOVE chetan (lawn green): 87→100 [0.1ms]
[2026-05-06 12:05:16] MOVE asha (gray0): 22→34 [0.2ms]
[2026-05-06 12:05:16] MOVE chetan (lawn green): 100→98 [0.1ms]
[2026-05-06 12:05:16] MOVE asha (gray0): 21→33 [0.1ms]
[2026-05-06 12:05:16] MOVE chetan (lawn green): 98→86 [0.3ms]
[2026-05-06 12:05:16] MOVE asha (gray0): 34→32 [0.2ms]
[2026-05-06 12:05:17] MOVE chetan (lawn green): 86→98 [0.1ms]
[2026-05-06 12:05:17] MOVE asha (gray0): 33→34 [0.1ms]
[2026-05-06 12:05:17] MOVE chetan (lawn green): 98→86 [0.2ms]
[2026-05-06 12:05:17] MOVE asha (gray0): 32→20 [0.1ms]
[2026-05-06 12:05:17] MOVE chetan (lawn green): 86→75 [0.1ms]
[2026-05-06 12:05:17] MOVE asha (gray0): 34→22 [0.2ms]
[2026-05-06 12:05:18] MOVE chetan (lawn green): 75→65 [0.1ms]
[2026-05-06 12:05:18] MOVE asha (gray0): 20→21 [0.1ms]
[2026-05-06 12:05:18] MOVE chetan (lawn green): 65→88 [0.1ms]
[2026-05-06 12:05:18] MOVE asha (gray0): 22→20 [0.1ms]
[2026-05-06 12:05:18] MOVE chetan (lawn green): 88→87 [0.1ms]
[2026-05-06 12:05:18] MOVE asha (gray0): 21→22 [0.1ms]
[2026-05-06 12:05:18] MOVE chetan (lawn green): 87→100 [0.1ms]
[2026-05-06 12:05:19] MOVE asha (gray0): 20→21 [0.4ms]
[2026-05-06 12:05:19] MOVE chetan (lawn green): 100→98 [0.1ms]
[2026-05-06 12:05:19] MOVE asha (gray0): 22→34 [0.1ms]
[2026-05-06 12:05:19] MOVE chetan (lawn green): 98→86 [0.1ms]
[2026-05-06 12:05:19] MOVE asha (gray0): 21→33 [0.1ms]
[2026-05-06 12:05:19] MOVE chetan (lawn green): 86→98 [0.1ms]
[2026-05-06 12:05:20] MOVE asha (gray0): 34→32 [0.1ms]
[2026-05-06 12:05:20] MOVE chetan (lawn green): 98→86 [0.1ms]
[2026-05-06 12:05:20] MOVE asha (gray0): 33→34 [0.1ms]
[2026-05-06 12:05:20] MOVE chetan (lawn green): 86→75 [0.1ms]
[2026-05-06 12:05:20] MOVE asha (gray0): 32→20 [0.1ms]
[2026-05-06 12:05:20] MOVE chetan (lawn green): 75→65 [0.2ms]
[2026-05-06 12:05:21] MOVE asha (gray0): 34→22 [0.1ms]
[2026-05-06 12:05:21] MOVE chetan (lawn green): 65→88 [0.1ms]
[2026-05-06 12:05:21] MOVE asha (gray0): 20→21 [0.1ms]
[2026-05-06 12:05:21] MOVE chetan (lawn green): 88→87 [0.1ms]
[2026-05-06 12:05:21] MOVE asha (gray0): 22→20 [0.1ms]
[2026-05-06 12:05:21] MOVE chetan (lawn green): 87→100 [0.1ms]
[2026-05-06 12:05:21] MOVE asha (gray0): 21→22 [0.1ms]
[2026-05-06 12:05:22] MOVE chetan (lawn green): 100→98 [0.1ms]
[2026-05-06 12:05:22] MOVE asha (gray0): 20→21 [0.1ms]
[2026-05-06 12:05:22] MOVE chetan (lawn green): 98→86 [0.1ms]
[2026-05-06 12:05:22] MOVE asha (gray0): 22→34 [0.1ms]
[2026-05-06 12:05:22] MOVE chetan (lawn green): 86→98 [0.1ms]
[2026-05-06 12:05:22] MOVE asha (gray0): 21→33 [0.1ms]
[2026-05-06 12:05:23] MOVE chetan (lawn green): 98→86 [0.1ms]
[2026-05-06 12:05:23] MOVE asha (gray0): 34→32 [0.1ms]
[2026-05-06 12:05:23] MOVE chetan (lawn green): 86→75 [0.1ms]
[2026-05-06 12:05:23] MOVE asha (gray0): 33→34 [0.1ms]
[2026-05-06 12:05:23] MOVE chetan (lawn green): 75→65 [0.1ms]
[2026-05-06 12:05:23] MOVE asha (gray0): 32→20 [0.1ms]
[2026-05-06 12:05:23] MOVE chetan (lawn green): 65→88 [0.1ms]
[2026-05-06 12:05:24] MOVE asha (gray0): 34→22 [0.1ms]
[2026-05-06 12:05:24] MOVE chetan (lawn green): 88→87 [0.1ms]
[2026-05-06 12:05:24] MOVE asha (gray0): 20→21 [0.1ms]
[2026-05-06 12:05:24] MOVE chetan (lawn green): 87→100 [0.1ms]
[2026-05-06 12:05:34] SCORE chetan (lawn green): Final=247.8, Time=6.8, Moves(575)=0.0, Pins(1)=100.0, Dist=141.0
[2026-05-06 12:05:34] SCORE asha (gray0): Final=351.0, Time=9.0, Moves(574)=0.0, Pins(2)=200.0, Dist=142.0
[2026-05-06 12:05:34] TURN TIMEOUT: Player with colour gray0 exceeded 10s at move 1149. Turn skipped.
[2026-05-06 12:05:45] SCORE chetan (lawn green): Final=247.8, Time=6.8, Moves(575)=0.0, Pins(1)=100.0, Dist=141.0
[2026-05-06 12:05:45] SCORE asha (gray0): Final=351.0, Time=9.0, Moves(574)=0.0, Pins(2)=200.0, Dist=142.0
[2026-05-06 12:05:45] TURN TIMEOUT: Player with colour lawn green exceeded 10s at move 1149. Turn skipped.
