[2026-05-08 20:26:46] GAME CREATED
[2026-05-08 20:26:55] PLAYER JOINED: chetan as lawn green
[2026-05-08 20:26:59] PLAYER JOINED: asha as gray0
[2026-05-08 20:27:02] GAME STARTED — turn order: ['lawn green', 'gray0']
[2026-05-08 20:27:02] MOVE chetan (lawn green): 20→18 [0.1ms]
[2026-05-08 20:27:02] MOVE asha (gray0): 75→56 [0.5ms]
[2026-05-08 20:27:02] MOVE chetan (lawn green): 22→43 [0.1ms]
[2026-05-08 20:27:02] MOVE asha (gray0): 98→77 [0.1ms]
[2026-05-08 20:27:03] MOVE chetan (lawn green): 19→17 [0.1ms]
[2026-05-08 20:27:03] MOVE asha (gray0): 65→47 [0.1ms]
[2026-05-08 20:27:03] MOVE chetan (lawn green): 33→29 [0.1ms]
[2026-05-08 20:27:03] MOVE asha (gray0): 87→48 [0.1ms]
[2026-05-08 20:27:04] MOVE chetan (lawn green): 17→40 [0.4ms]
[2026-05-08 20:27:04] MOVE asha (gray0): 47→49 [0.5ms]
[2026-05-08 20:27:06] MOVE chetan (lawn green): 32→31 [0.1ms]
[2026-05-08 20:27:07] MOVE asha (gray0): 86→87 [0.1ms]
[2026-05-08 20:27:09] MOVE chetan (lawn green): 44→54 [0.1ms]
[2026-05-08 20:27:11] MOVE asha (gray0): 101→102 [0.1ms]
[2026-05-08 20:27:12] MOVE chetan (lawn green): 18→30 [0.1ms]
[2026-05-08 20:27:14] MOVE asha (gray0): 49→39 [0.1ms]
[2026-05-08 20:27:16] MOVE chetan (lawn green): 55→64 [0.1ms]
[2026-05-08 20:27:17] MOVE asha (gray0): 102→90 [0.2ms]
[2026-05-08 20:27:19] MOVE chetan (lawn green): 64→73 [0.1ms]
[2026-05-08 20:27:21] MOVE asha (gray0): 99→101 [0.1ms]
[2026-05-08 20:27:22] MOVE chetan (lawn green): 31→42 [0.1ms]
[2026-05-08 20:27:24] MOVE asha (gray0): 90→91 [0.1ms]
[2026-05-08 20:27:26] MOVE chetan (lawn green): 73→83 [0.1ms]
[2026-05-08 20:27:28] MOVE asha (gray0): 101→102 [0.3ms]
[2026-05-08 20:27:29] MOVE chetan (lawn green): 21→33 [0.1ms]
[2026-05-08 20:27:31] MOVE asha (gray0): 77→67 [0.1ms]
[2026-05-08 20:27:33] MOVE chetan (lawn green): 83→94 [0.1ms]
[2026-05-08 20:27:35] MOVE asha (gray0): 91→92 [0.1ms]
[2026-05-08 20:27:36] MOVE chetan (lawn green): 94→106 [0.1ms]
[2026-05-08 20:27:38] MOVE asha (gray0): 92→93 [0.1ms]
[2026-05-08 20:27:40] MOVE chetan (lawn green): 106→105 [0.1ms]
[2026-05-08 20:27:42] MOVE asha (gray0): 93→94 [0.1ms]
[2026-05-08 20:27:44] MOVE chetan (lawn green): 43→41 [0.1ms]
[2026-05-08 20:27:45] MOVE asha (gray0): 102→90 [0.5ms]
[2026-05-08 20:27:47] MOVE chetan (lawn green): 29→28 [0.1ms]
[2026-05-08 20:27:49] MOVE asha (gray0): 76→66 [0.4ms]
[2026-05-08 20:27:50] MOVE chetan (lawn green): 40→101 [0.1ms]
[2026-05-08 20:27:52] MOVE asha (gray0): 100→79 [0.1ms]
[2026-05-08 20:27:54] MOVE chetan (lawn green): 42→103 [0.1ms]
[2026-05-08 20:27:55] MOVE asha (gray0): 94→83 [0.1ms]
[2026-05-08 20:27:57] MOVE chetan (lawn green): 28→65 [0.1ms]
[2026-05-08 20:27:59] MOVE asha (gray0): 48→38 [0.1ms]
[2026-05-08 20:28:00] MOVE chetan (lawn green): 41→51 [0.3ms]
[2026-05-08 20:28:02] MOVE asha (gray0): 90→69 [0.1ms]
[2026-05-08 20:28:04] MOVE chetan (lawn green): 103→102 [0.1ms]
[2026-05-08 20:28:06] MOVE asha (gray0): 56→58 [0.1ms]
[2026-05-08 20:28:07] MOVE chetan (lawn green): 51→50 [0.1ms]
[2026-05-08 20:28:09] MOVE asha (gray0): 67→26 [0.1ms]
[2026-05-08 20:28:11] MOVE chetan (lawn green): 50→59 [0.1ms]
[2026-05-08 20:28:13] MOVE asha (gray0): 79→60 [0.1ms]
[2026-05-08 20:28:14] MOVE chetan (lawn green): 105→104 [0.4ms]
[2026-05-08 20:28:16] MOVE asha (gray0): 39→40 [0.1ms]
[2026-05-08 20:28:18] MOVE chetan (lawn green): 45→44 [0.1ms]
[2026-05-08 20:28:19] MOVE asha (gray0): 26→27 [0.1ms]
[2026-05-08 20:28:21] MOVE chetan (lawn green): 54→63 [0.1ms]
[2026-05-08 20:28:23] MOVE asha (gray0): 38→15 [0.1ms]
[2026-05-08 20:28:25] MOVE chetan (lawn green): 34→55 [0.1ms]
[2026-05-08 20:28:26] MOVE asha (gray0): 40→41 [0.1ms]
[2026-05-08 20:28:28] MOVE chetan (lawn green): 30→51 [0.1ms]
[2026-05-08 20:28:30] MOVE asha (gray0): 87→76 [0.1ms]
[2026-05-08 20:28:31] MOVE chetan (lawn green): 33→72 [0.1ms]
[2026-05-08 20:28:33] MOVE asha (gray0): 27→28 [0.1ms]
[2026-05-08 20:28:35] MOVE chetan (lawn green): 72→71 [0.1ms]
[2026-05-08 20:28:36] MOVE asha (gray0): 28→29 [0.2ms]
[2026-05-08 20:28:38] MOVE chetan (lawn green): 104→103 [0.1ms]
[2026-05-08 20:28:40] MOVE asha (gray0): 69→70 [0.1ms]
[2026-05-08 20:28:41] MOVE chetan (lawn green): 102→100 [0.1ms]
[2026-05-08 20:28:43] MOVE asha (gray0): 70→33 [0.1ms]
[2026-05-08 20:28:45] MOVE chetan (lawn green): 51→49 [0.1ms]
[2026-05-08 20:28:46] MOVE asha (gray0): 76→57 [0.1ms]
[2026-05-08 20:28:48] MOVE chetan (lawn green): 63→72 [0.1ms]
[2026-05-08 20:28:50] MOVE asha (gray0): 83→73 [0.1ms]
[2026-05-08 20:28:51] MOVE chetan (lawn green): 44→54 [0.1ms]
[2026-05-08 20:28:53] MOVE asha (gray0): 57→48 [0.1ms]
[2026-05-08 20:28:55] MOVE chetan (lawn green): 49→47 [0.2ms]
[2026-05-08 20:28:57] MOVE asha (gray0): 73→64 [0.1ms]
[2026-05-08 20:28:58] MOVE chetan (lawn green): 55→53 [0.1ms]
[2026-05-08 20:29:00] MOVE asha (gray0): 60→51 [0.3ms]
[2026-05-08 20:29:01] MOVE chetan (lawn green): 54→52 [0.1ms]
[2026-05-08 20:29:03] MOVE asha (gray0): 51→30 [0.1ms]
[2026-05-08 20:29:05] MOVE chetan (lawn green): 103→102 [0.1ms]
[2026-05-08 20:29:06] MOVE asha (gray0): 58→60 [0.1ms]
[2026-05-08 20:29:08] MOVE chetan (lawn green): 71→70 [0.1ms]
[2026-05-08 20:29:10] MOVE asha (gray0): 64→55 [0.1ms]
[2026-05-08 20:29:11] MOVE chetan (lawn green): 70→68 [0.1ms]
[2026-05-08 20:29:13] MOVE asha (gray0): 48→38 [0.1ms]
[2026-05-08 20:29:15] MOVE chetan (lawn green): 68→78 [0.1ms]
[2026-05-08 20:29:16] MOVE asha (gray0): 88→89 [0.1ms]
[2026-05-08 20:29:18] MOVE chetan (lawn green): 53→51 [0.1ms]
[2026-05-08 20:29:20] MOVE asha (gray0): 38→39 [0.1ms]
[2026-05-08 20:29:21] MOVE chetan (lawn green): 52→27 [0.1ms]
[2026-05-08 20:29:23] MOVE asha (gray0): 29→17 [0.1ms]
[2026-05-08 20:29:25] MOVE chetan (lawn green): 72→71 [0.1ms]
[2026-05-08 20:29:26] MOVE asha (gray0): 66→57 [0.1ms]
[2026-05-08 20:29:28] MOVE chetan (lawn green): 27→68 [0.1ms]
[2026-05-08 20:29:30] MOVE asha (gray0): 41→42 [0.1ms]
[2026-05-08 20:29:31] MOVE chetan (lawn green): 51→88 [0.1ms]
[2026-05-08 20:29:33] MOVE asha (gray0): 42→31 [0.1ms]
[2026-05-08 20:29:34] MOVE chetan (lawn green): 78→77 [0.2ms]
[2026-05-08 20:29:36] MOVE asha (gray0): 39→28 [0.3ms]
[2026-05-08 20:29:38] MOVE chetan (lawn green): 68→67 [0.1ms]
[2026-05-08 20:29:40] MOVE asha (gray0): 28→16 [0.1ms]
[2026-05-08 20:29:41] MOVE chetan (lawn green): 77→75 [0.1ms]
[2026-05-08 20:29:43] MOVE asha (gray0): 16→43 [0.4ms]
[2026-05-08 20:29:44] MOVE chetan (lawn green): 71→70 [0.1ms]
[2026-05-08 20:29:46] MOVE asha (gray0): 60→61 [0.1ms]
[2026-05-08 20:29:48] MOVE chetan (lawn green): 67→66 [0.1ms]
[2026-05-08 20:29:49] MOVE asha (gray0): 17→44 [0.1ms]
[2026-05-08 20:29:51] MOVE chetan (lawn green): 70→69 [0.1ms]
[2026-05-08 20:29:52] MOVE asha (gray0): 15→16 [0.1ms]
[2026-05-08 20:29:54] MOVE chetan (lawn green): 69→79 [0.1ms]
[2026-05-08 20:29:55] MOVE asha (gray0): 30→34 [0.1ms]
[2026-05-08 20:29:57] MOVE chetan (lawn green): 66→76 [0.1ms]
[2026-05-08 20:29:58] MOVE asha (gray0): 31→32 [0.1ms]
[2026-05-08 20:29:59] MOVE chetan (lawn green): 79→78 [0.2ms]
[2026-05-08 20:30:00] MOVE asha (gray0): 89→68 [0.2ms]
[2026-05-08 20:30:01] MOVE chetan (lawn green): 78→77 [0.1ms]
[2026-05-08 20:30:02] MOVE asha (gray0): 68→69 [0.2ms]
[2026-05-08 20:30:03] MOVE chetan (lawn green): 59→68 [0.1ms]
[2026-05-08 20:30:03] MOVE asha (gray0): 69→60 [0.1ms]
[2026-05-08 20:30:04] MOVE chetan (lawn green): 68→78 [0.1ms]
[2026-05-08 20:30:05] MOVE asha (gray0): 43→22 [0.1ms]
[2026-05-08 20:30:05] MOVE chetan (lawn green): 78→89 [0.1ms]
[2026-05-08 20:30:06] MOVE asha (gray0): 57→48 [0.1ms]
[2026-05-08 20:30:06] MOVE chetan (lawn green): 89→87 [0.1ms]
[2026-05-08 20:30:07] MOVE asha (gray0): 60→62 [0.1ms]
[2026-05-08 20:30:07] MOVE chetan (lawn green): 47→56 [0.1ms]
[2026-05-08 20:30:07] MOVE asha (gray0): 62→63 [0.1ms]
[2026-05-08 20:30:07] MOVE chetan (lawn green): 101→89 [0.1ms]
[2026-05-08 20:30:08] MOVE asha (gray0): 61→62 [0.1ms]
[2026-05-08 20:30:08] MOVE chetan (lawn green): 102→101 [0.1ms]
[2026-05-08 20:30:08] MOVE asha (gray0): 63→64 [0.1ms]
[2026-05-08 20:30:09] MOVE chetan (lawn green): 89→46 [0.1ms]
[2026-05-08 20:30:09] MOVE asha (gray0): 16→17 [0.1ms]
[2026-05-08 20:30:09] MOVE chetan (lawn green): 46→89 [0.1ms]
[2026-05-08 20:30:09] MOVE asha (gray0): 64→45 [0.2ms]
[2026-05-08 20:30:10] MOVE chetan (lawn green): 89→46 [0.1ms]
[2026-05-08 20:30:10] MOVE asha (gray0): 62→53 [0.2ms]
[2026-05-08 20:30:10] MOVE chetan (lawn green): 46→89 [0.1ms]
[2026-05-08 20:30:10] MOVE asha (gray0): 17→18 [0.1ms]
[2026-05-08 20:30:10] MOVE chetan (lawn green): 89→46 [0.1ms]
[2026-05-08 20:30:11] MOVE asha (gray0): 53→43 [0.1ms]
[2026-05-08 20:30:11] MOVE chetan (lawn green): 46→89 [0.1ms]
[2026-05-08 20:30:11] MOVE asha (gray0): 18→19 [0.1ms]
[2026-05-08 20:30:11] MOVE chetan (lawn green): 89→46 [0.1ms]
[2026-05-08 20:30:11] MOVE asha (gray0): 48→38 [0.1ms]
[2026-05-08 20:30:11] MOVE chetan (lawn green): 46→89 [0.1ms]
[2026-05-08 20:30:12] MOVE asha (gray0): 38→39 [0.1ms]
[2026-05-08 20:30:12] MOVE chetan (lawn green): 89→46 [0.1ms]
[2026-05-08 20:30:12] MOVE asha (gray0): 43→20 [0.1ms]
[2026-05-08 20:30:12] MOVE chetan (lawn green): 46→89 [0.1ms]
[2026-05-08 20:30:12] MOVE asha (gray0): 39→40 [1.4ms]
[2026-05-08 20:30:13] MOVE chetan (lawn green): 89→46 [0.1ms]
[2026-05-08 20:30:13] MOVE asha (gray0): 40→41 [0.1ms]
[2026-05-08 20:30:13] MOVE chetan (lawn green): 46→89 [0.1ms]
[2026-05-08 20:30:13] MOVE asha (gray0): 41→42 [2.1ms]
[2026-05-08 20:30:13] MOVE chetan (lawn green): 89→46 [0.1ms]
[2026-05-08 20:30:13] MOVE asha (gray0): 42→43 [0.1ms]
[2026-05-08 20:30:14] MOVE chetan (lawn green): 46→89 [0.1ms]
[2026-05-08 20:30:14] MOVE asha (gray0): 32→31 [0.1ms]
[2026-05-08 20:30:14] MOVE chetan (lawn green): 89→46 [0.1ms]
[2026-05-08 20:30:14] MOVE asha (gray0): 43→32 [0.1ms]
[2026-05-08 20:30:14] MOVE chetan (lawn green): 46→89 [0.1ms]
[2026-05-08 20:30:14] MOVE asha (gray0): 31→18 [0.3ms]
[2026-05-08 20:30:14] MOVE chetan (lawn green): 89→46 [0.1ms]
[2026-05-08 20:30:15] MOVE asha (gray0): 18→9 [0.1ms]
[2026-05-08 20:30:15] MOVE chetan (lawn green): 46→89 [0.1ms]
[2026-05-08 20:30:15] MOVE asha (gray0): 9→18 [0.2ms]
[2026-05-08 20:30:15] MOVE chetan (lawn green): 89→46 [0.1ms]
[2026-05-08 20:30:15] MOVE asha (gray0): 18→9 [0.1ms]
[2026-05-08 20:30:16] MOVE chetan (lawn green): 46→66 [0.1ms]
[2026-05-08 20:30:16] MOVE asha (gray0): 9→18 [0.1ms]
[2026-05-08 20:30:16] MOVE chetan (lawn green): 66→46 [0.1ms]
[2026-05-08 20:30:16] MOVE asha (gray0): 18→9 [0.1ms]
[2026-05-08 20:30:16] MOVE chetan (lawn green): 46→66 [0.2ms]
[2026-05-08 20:30:16] MOVE asha (gray0): 9→18 [0.1ms]
[2026-05-08 20:30:17] MOVE chetan (lawn green): 66→46 [0.1ms]
[2026-05-08 20:30:17] MOVE asha (gray0): 18→9 [0.2ms]
[2026-05-08 20:30:17] MOVE chetan (lawn green): 46→66 [0.1ms]
[2026-05-08 20:30:17] MOVE asha (gray0): 9→18 [0.1ms]
[2026-05-08 20:30:17] MOVE chetan (lawn green): 66→46 [0.1ms]
[2026-05-08 20:30:17] MOVE asha (gray0): 18→9 [0.1ms]
[2026-05-08 20:30:18] MOVE chetan (lawn green): 46→66 [0.1ms]
[2026-05-08 20:30:18] MOVE asha (gray0): 9→18 [0.1ms]
[2026-05-08 20:30:18] MOVE chetan (lawn green): 66→46 [0.1ms]
[2026-05-08 20:30:18] MOVE asha (gray0): 18→9 [1.5ms]
[2026-05-08 20:30:18] MOVE chetan (lawn green): 46→66 [0.2ms]
[2026-05-08 20:30:19] MOVE asha (gray0): 9→18 [0.1ms]
[2026-05-08 20:30:19] MOVE chetan (lawn green): 66→46 [0.1ms]
[2026-05-08 20:30:19] MOVE asha (gray0): 18→9 [0.3ms]
[2026-05-08 20:30:19] MOVE chetan (lawn green): 46→66 [0.1ms]
[2026-05-08 20:30:19] MOVE asha (gray0): 9→18 [0.1ms]
[2026-05-08 20:30:19] MOVE chetan (lawn green): 66→46 [0.1ms]
[2026-05-08 20:30:19] MOVE asha (gray0): 18→9 [0.1ms]
[2026-05-08 20:30:20] MOVE chetan (lawn green): 46→66 [0.1ms]
[2026-05-08 20:30:20] MOVE asha (gray0): 9→18 [0.2ms]
[2026-05-08 20:30:20] MOVE chetan (lawn green): 66→46 [0.1ms]
[2026-05-08 20:30:20] MOVE asha (gray0): 18→9 [0.1ms]
[2026-05-08 20:30:21] MOVE chetan (lawn green): 46→66 [0.1ms]
[2026-05-08 20:30:21] MOVE asha (gray0): 9→18 [0.1ms]
[2026-05-08 20:30:21] MOVE chetan (lawn green): 66→46 [0.9ms]
[2026-05-08 20:30:21] MOVE asha (gray0): 18→9 [0.1ms]
[2026-05-08 20:30:21] MOVE chetan (lawn green): 46→66 [0.1ms]
[2026-05-08 20:30:21] MOVE asha (gray0): 9→18 [0.1ms]
[2026-05-08 20:30:22] MOVE chetan (lawn green): 66→46 [0.1ms]
[2026-05-08 20:30:22] MOVE asha (gray0): 18→9 [0.1ms]
[2026-05-08 20:30:22] MOVE chetan (lawn green): 46→66 [0.1ms]
[2026-05-08 20:30:22] MOVE asha (gray0): 9→18 [0.1ms]
[2026-05-08 20:30:22] MOVE chetan (lawn green): 66→46 [0.1ms]
[2026-05-08 20:30:22] MOVE asha (gray0): 18→9 [0.1ms]
[2026-05-08 20:30:23] MOVE chetan (lawn green): 46→66 [0.1ms]
[2026-05-08 20:30:23] MOVE asha (gray0): 9→18 [0.1ms]
[2026-05-08 20:30:23] MOVE chetan (lawn green): 66→46 [0.1ms]
[2026-05-08 20:30:23] MOVE asha (gray0): 18→9 [0.1ms]
[2026-05-08 20:30:23] MOVE chetan (lawn green): 46→66 [0.1ms]
[2026-05-08 20:30:24] MOVE asha (gray0): 9→18 [0.1ms]
[2026-05-08 20:30:24] MOVE chetan (lawn green): 66→46 [0.1ms]
[2026-05-08 20:30:24] MOVE asha (gray0): 18→9 [0.1ms]
[2026-05-08 20:30:24] MOVE chetan (lawn green): 46→66 [0.3ms]
[2026-05-08 20:30:24] MOVE asha (gray0): 9→18 [0.1ms]
[2026-05-08 20:30:24] MOVE chetan (lawn green): 66→46 [0.1ms]
[2026-05-08 20:30:24] MOVE asha (gray0): 18→9 [0.1ms]
[2026-05-08 20:30:25] MOVE chetan (lawn green): 46→66 [0.1ms]
[2026-05-08 20:30:25] MOVE asha (gray0): 9→18 [0.1ms]
[2026-05-08 20:30:25] MOVE chetan (lawn green): 66→46 [0.3ms]
[2026-05-08 20:30:25] MOVE asha (gray0): 18→9 [0.1ms]
[2026-05-08 20:30:25] MOVE chetan (lawn green): 46→66 [0.1ms]
[2026-05-08 20:30:25] MOVE asha (gray0): 9→18 [0.1ms]
[2026-05-08 20:30:26] MOVE chetan (lawn green): 66→46 [0.1ms]
[2026-05-08 20:30:26] MOVE asha (gray0): 18→9 [0.1ms]
[2026-05-08 20:30:26] MOVE chetan (lawn green): 46→66 [0.1ms]
[2026-05-08 20:30:26] MOVE asha (gray0): 9→18 [0.1ms]
[2026-05-08 20:30:26] MOVE chetan (lawn green): 66→46 [0.1ms]
[2026-05-08 20:30:27] MOVE asha (gray0): 18→9 [0.1ms]
[2026-05-08 20:30:27] MOVE chetan (lawn green): 46→66 [0.1ms]
[2026-05-08 20:30:27] MOVE asha (gray0): 9→18 [0.1ms]
[2026-05-08 20:30:27] MOVE chetan (lawn green): 66→46 [0.1ms]
[2026-05-08 20:30:27] MOVE asha (gray0): 18→9 [0.1ms]
[2026-05-08 20:30:27] MOVE chetan (lawn green): 46→66 [0.1ms]
[2026-05-08 20:30:28] MOVE asha (gray0): 9→18 [0.1ms]
[2026-05-08 20:30:28] MOVE chetan (lawn green): 66→46 [0.1ms]
[2026-05-08 20:30:28] MOVE asha (gray0): 18→9 [0.1ms]
[2026-05-08 20:30:28] MOVE chetan (lawn green): 46→66 [0.1ms]
[2026-05-08 20:30:28] MOVE asha (gray0): 9→18 [0.1ms]
[2026-05-08 20:30:28] MOVE chetan (lawn green): 66→46 [0.1ms]
[2026-05-08 20:30:29] MOVE asha (gray0): 18→9 [0.1ms]
[2026-05-08 20:30:29] MOVE chetan (lawn green): 46→66 [0.1ms]
[2026-05-08 20:30:29] MOVE asha (gray0): 9→18 [0.1ms]
[2026-05-08 20:30:29] MOVE chetan (lawn green): 66→46 [0.1ms]
[2026-05-08 20:30:29] MOVE asha (gray0): 18→9 [0.1ms]
[2026-05-08 20:30:30] MOVE chetan (lawn green): 46→66 [0.1ms]
[2026-05-08 20:30:30] MOVE asha (gray0): 9→18 [0.2ms]
[2026-05-08 20:30:30] MOVE chetan (lawn green): 66→46 [0.1ms]
[2026-05-08 20:30:30] MOVE asha (gray0): 18→9 [0.1ms]
[2026-05-08 20:30:30] MOVE chetan (lawn green): 46→66 [0.1ms]
[2026-05-08 20:30:30] MOVE asha (gray0): 9→18 [0.1ms]
[2026-05-08 20:30:30] MOVE chetan (lawn green): 66→46 [0.1ms]
[2026-05-08 20:30:31] MOVE asha (gray0): 18→9 [0.1ms]
[2026-05-08 20:30:31] MOVE chetan (lawn green): 46→66 [1.5ms]
[2026-05-08 20:30:31] MOVE asha (gray0): 9→18 [0.1ms]
[2026-05-08 20:30:31] MOVE chetan (lawn green): 66→46 [0.1ms]
[2026-05-08 20:30:31] MOVE asha (gray0): 18→9 [0.1ms]
[2026-05-08 20:30:32] MOVE chetan (lawn green): 46→66 [0.1ms]
[2026-05-08 20:30:32] MOVE asha (gray0): 9→18 [0.1ms]
[2026-05-08 20:30:32] MOVE chetan (lawn green): 66→46 [0.1ms]
[2026-05-08 20:30:32] MOVE asha (gray0): 18→9 [0.1ms]
[2026-05-08 20:30:32] MOVE chetan (lawn green): 46→66 [0.1ms]
[2026-05-08 20:30:32] MOVE asha (gray0): 9→18 [10.5ms]
[2026-05-08 20:30:32] MOVE chetan (lawn green): 66→46 [0.1ms]
[2026-05-08 20:30:33] MOVE asha (gray0): 18→9 [0.1ms]
[2026-05-08 20:30:33] MOVE chetan (lawn green): 46→66 [0.1ms]
[2026-05-08 20:30:33] MOVE asha (gray0): 9→18 [0.1ms]
[2026-05-08 20:30:33] MOVE chetan (lawn green): 66→46 [0.1ms]
[2026-05-08 20:30:33] MOVE asha (gray0): 18→9 [0.1ms]
[2026-05-08 20:30:34] MOVE chetan (lawn green): 46→66 [0.1ms]
[2026-05-08 20:30:34] MOVE asha (gray0): 9→18 [0.1ms]
[2026-05-08 20:30:34] MOVE chetan (lawn green): 66→46 [0.2ms]
[2026-05-08 20:30:34] MOVE asha (gray0): 18→9 [0.1ms]
[2026-05-08 20:30:34] MOVE chetan (lawn green): 46→66 [0.1ms]
[2026-05-08 20:30:34] MOVE asha (gray0): 9→18 [0.1ms]
[2026-05-08 20:30:35] MOVE chetan (lawn green): 66→46 [0.1ms]
[2026-05-08 20:30:35] MOVE asha (gray0): 18→9 [0.1ms]
[2026-05-08 20:30:35] MOVE chetan (lawn green): 46→66 [0.1ms]
[2026-05-08 20:30:35] MOVE asha (gray0): 9→18 [0.1ms]
[2026-05-08 20:30:35] MOVE chetan (lawn green): 66→46 [0.3ms]
[2026-05-08 20:30:36] MOVE asha (gray0): 18→9 [0.1ms]
[2026-05-08 20:30:36] MOVE chetan (lawn green): 46→66 [0.1ms]
[2026-05-08 20:30:36] MOVE asha (gray0): 9→18 [0.1ms]
[2026-05-08 20:30:36] MOVE chetan (lawn green): 66→46 [0.1ms]
[2026-05-08 20:30:36] MOVE asha (gray0): 18→9 [0.1ms]
[2026-05-08 20:30:36] MOVE chetan (lawn green): 46→66 [0.5ms]
[2026-05-08 20:30:37] MOVE asha (gray0): 9→18 [0.1ms]
[2026-05-08 20:30:37] MOVE chetan (lawn green): 66→46 [0.1ms]
[2026-05-08 20:30:37] MOVE asha (gray0): 18→9 [0.1ms]
[2026-05-08 20:30:37] MOVE chetan (lawn green): 46→66 [0.2ms]
[2026-05-08 20:30:37] MOVE asha (gray0): 9→18 [0.1ms]
[2026-05-08 20:30:37] MOVE chetan (lawn green): 66→46 [0.1ms]
[2026-05-08 20:30:38] MOVE asha (gray0): 18→9 [0.1ms]
[2026-05-08 20:30:38] MOVE chetan (lawn green): 46→66 [0.1ms]
[2026-05-08 20:30:38] MOVE asha (gray0): 9→18 [0.1ms]
[2026-05-08 20:30:38] MOVE chetan (lawn green): 66→46 [0.1ms]
[2026-05-08 20:30:38] MOVE asha (gray0): 18→9 [0.1ms]
[2026-05-08 20:30:39] MOVE chetan (lawn green): 46→66 [0.1ms]
[2026-05-08 20:30:39] MOVE asha (gray0): 9→18 [0.2ms]
[2026-05-08 20:30:39] MOVE chetan (lawn green): 66→46 [0.3ms]
[2026-05-08 20:30:39] MOVE asha (gray0): 18→9 [0.2ms]
[2026-05-08 20:30:39] MOVE chetan (lawn green): 46→66 [0.1ms]
[2026-05-08 20:30:40] MOVE asha (gray0): 9→18 [1.1ms]
[2026-05-08 20:30:40] MOVE chetan (lawn green): 66→46 [0.1ms]
[2026-05-08 20:30:40] MOVE asha (gray0): 18→9 [0.1ms]
[2026-05-08 20:30:40] MOVE chetan (lawn green): 46→66 [0.1ms]
[2026-05-08 20:30:40] MOVE asha (gray0): 9→18 [0.1ms]
[2026-05-08 20:30:40] MOVE chetan (lawn green): 66→46 [0.1ms]
[2026-05-08 20:30:41] MOVE asha (gray0): 18→9 [0.1ms]
[2026-05-08 20:30:41] MOVE chetan (lawn green): 46→66 [0.1ms]
[2026-05-08 20:30:41] MOVE asha (gray0): 9→18 [0.1ms]
[2026-05-08 20:30:41] MOVE chetan (lawn green): 66→46 [0.1ms]
[2026-05-08 20:30:41] MOVE asha (gray0): 18→9 [0.1ms]
[2026-05-08 20:30:41] MOVE chetan (lawn green): 46→66 [0.1ms]
[2026-05-08 20:30:42] MOVE asha (gray0): 9→18 [0.1ms]
[2026-05-08 20:30:42] MOVE chetan (lawn green): 66→46 [0.1ms]
[2026-05-08 20:30:42] MOVE asha (gray0): 18→9 [0.1ms]
[2026-05-08 20:30:42] MOVE chetan (lawn green): 46→66 [0.1ms]
[2026-05-08 20:30:42] MOVE asha (gray0): 9→18 [0.1ms]
[2026-05-08 20:30:42] MOVE chetan (lawn green): 66→46 [0.1ms]
[2026-05-08 20:30:43] MOVE asha (gray0): 18→9 [0.1ms]
[2026-05-08 20:30:43] MOVE chetan (lawn green): 46→66 [0.1ms]
[2026-05-08 20:30:43] MOVE asha (gray0): 9→18 [0.1ms]
[2026-05-08 20:30:43] MOVE chetan (lawn green): 66→46 [0.1ms]
[2026-05-08 20:30:43] MOVE asha (gray0): 18→9 [0.1ms]
[2026-05-08 20:30:44] MOVE chetan (lawn green): 46→66 [0.1ms]
[2026-05-08 20:30:44] MOVE asha (gray0): 9→18 [0.1ms]
[2026-05-08 20:30:44] MOVE chetan (lawn green): 66→46 [0.1ms]
[2026-05-08 20:30:44] MOVE asha (gray0): 18→9 [0.1ms]
[2026-05-08 20:30:44] MOVE chetan (lawn green): 46→66 [0.1ms]
[2026-05-08 20:30:44] MOVE asha (gray0): 9→18 [0.1ms]
[2026-05-08 20:30:44] MOVE chetan (lawn green): 66→46 [0.1ms]
[2026-05-08 20:30:45] MOVE asha (gray0): 18→9 [0.3ms]
[2026-05-08 20:30:45] MOVE chetan (lawn green): 46→66 [0.1ms]
[2026-05-08 20:30:45] MOVE asha (gray0): 9→18 [0.1ms]
[2026-05-08 20:30:45] MOVE chetan (lawn green): 66→46 [0.1ms]
[2026-05-08 20:30:45] MOVE asha (gray0): 18→9 [0.1ms]
[2026-05-08 20:30:46] MOVE chetan (lawn green): 46→66 [0.1ms]
[2026-05-08 20:30:46] MOVE asha (gray0): 9→18 [0.2ms]
[2026-05-08 20:30:46] MOVE chetan (lawn green): 66→46 [0.1ms]
[2026-05-08 20:30:46] MOVE asha (gray0): 18→9 [0.1ms]
[2026-05-08 20:30:46] MOVE chetan (lawn green): 46→66 [0.2ms]
[2026-05-08 20:30:46] MOVE asha (gray0): 9→18 [0.4ms]
[2026-05-08 20:30:47] MOVE chetan (lawn green): 66→46 [0.1ms]
[2026-05-08 20:30:47] MOVE asha (gray0): 18→9 [0.1ms]
[2026-05-08 20:30:47] MOVE chetan (lawn green): 46→66 [0.1ms]
[2026-05-08 20:30:47] MOVE asha (gray0): 9→18 [0.1ms]
[2026-05-08 20:30:47] MOVE chetan (lawn green): 66→46 [0.1ms]
[2026-05-08 20:30:47] MOVE asha (gray0): 18→9 [0.1ms]
[2026-05-08 20:30:48] MOVE chetan (lawn green): 46→66 [0.1ms]
[2026-05-08 20:30:48] MOVE asha (gray0): 9→18 [0.1ms]
[2026-05-08 20:30:48] MOVE chetan (lawn green): 66→46 [0.1ms]
[2026-05-08 20:30:48] MOVE asha (gray0): 18→9 [0.1ms]
[2026-05-08 20:30:48] MOVE chetan (lawn green): 46→66 [0.1ms]
[2026-05-08 20:30:49] MOVE asha (gray0): 9→18 [0.2ms]
[2026-05-08 20:30:49] MOVE chetan (lawn green): 66→46 [0.1ms]
[2026-05-08 20:30:49] MOVE asha (gray0): 18→9 [0.1ms]
[2026-05-08 20:30:49] MOVE chetan (lawn green): 46→66 [0.1ms]
[2026-05-08 20:30:49] MOVE asha (gray0): 9→18 [0.1ms]
[2026-05-08 20:30:49] MOVE chetan (lawn green): 66→46 [0.1ms]
[2026-05-08 20:30:49] MOVE asha (gray0): 18→9 [0.1ms]
[2026-05-08 20:30:50] MOVE chetan (lawn green): 46→66 [0.1ms]
[2026-05-08 20:30:50] MOVE asha (gray0): 9→18 [0.1ms]
[2026-05-08 20:30:50] MOVE chetan (lawn green): 66→46 [0.1ms]
[2026-05-08 20:30:50] MOVE asha (gray0): 18→9 [0.2ms]
[2026-05-08 20:30:51] MOVE chetan (lawn green): 46→66 [0.2ms]
[2026-05-08 20:30:51] MOVE asha (gray0): 9→18 [0.1ms]
[2026-05-08 20:30:51] MOVE chetan (lawn green): 66→46 [0.1ms]
[2026-05-08 20:30:51] MOVE asha (gray0): 18→9 [0.1ms]
[2026-05-08 20:30:51] MOVE chetan (lawn green): 46→66 [0.1ms]
[2026-05-08 20:30:52] MOVE asha (gray0): 9→18 [0.1ms]
[2026-05-08 20:30:52] MOVE chetan (lawn green): 66→46 [0.2ms]
[2026-05-08 20:30:52] MOVE asha (gray0): 18→9 [0.1ms]
[2026-05-08 20:30:52] MOVE chetan (lawn green): 46→66 [0.1ms]
[2026-05-08 20:30:52] MOVE asha (gray0): 9→18 [0.1ms]
[2026-05-08 20:30:52] MOVE chetan (lawn green): 66→46 [0.1ms]
[2026-05-08 20:30:52] MOVE asha (gray0): 18→9 [0.1ms]
[2026-05-08 20:30:53] MOVE chetan (lawn green): 46→66 [0.1ms]
[2026-05-08 20:30:53] MOVE asha (gray0): 9→18 [0.2ms]
[2026-05-08 20:30:53] MOVE chetan (lawn green): 66→46 [0.1ms]
[2026-05-08 20:30:53] MOVE asha (gray0): 18→9 [0.1ms]
[2026-05-08 20:30:53] MOVE chetan (lawn green): 46→66 [0.1ms]
[2026-05-08 20:30:54] MOVE asha (gray0): 9→18 [0.1ms]
[2026-05-08 20:30:54] MOVE chetan (lawn green): 66→46 [0.1ms]
[2026-05-08 20:30:54] MOVE asha (gray0): 18→9 [0.1ms]
[2026-05-08 20:30:54] MOVE chetan (lawn green): 46→66 [0.1ms]
[2026-05-08 20:30:54] MOVE asha (gray0): 9→18 [0.1ms]
[2026-05-08 20:30:54] MOVE chetan (lawn green): 66→46 [0.1ms]
[2026-05-08 20:30:55] MOVE asha (gray0): 18→9 [0.2ms]
[2026-05-08 20:30:55] MOVE chetan (lawn green): 46→66 [0.1ms]
[2026-05-08 20:30:55] MOVE asha (gray0): 9→18 [0.1ms]
[2026-05-08 20:30:55] MOVE chetan (lawn green): 66→46 [0.2ms]
[2026-05-08 20:30:55] MOVE asha (gray0): 18→9 [0.1ms]
[2026-05-08 20:30:56] MOVE chetan (lawn green): 46→66 [0.7ms]
[2026-05-08 20:30:56] MOVE asha (gray0): 9→18 [0.1ms]
[2026-05-08 20:30:56] MOVE chetan (lawn green): 66→46 [0.1ms]
[2026-05-08 20:30:56] MOVE asha (gray0): 18→9 [0.1ms]
[2026-05-08 20:30:56] MOVE chetan (lawn green): 46→66 [0.1ms]
[2026-05-08 20:30:57] MOVE asha (gray0): 9→18 [0.1ms]
[2026-05-08 20:30:57] MOVE chetan (lawn green): 66→46 [0.1ms]
[2026-05-08 20:30:57] MOVE asha (gray0): 18→9 [0.1ms]
[2026-05-08 20:30:57] MOVE chetan (lawn green): 46→66 [0.1ms]
[2026-05-08 20:30:57] MOVE asha (gray0): 9→18 [0.1ms]
[2026-05-08 20:30:57] MOVE chetan (lawn green): 66→46 [0.1ms]
[2026-05-08 20:30:58] MOVE asha (gray0): 18→9 [0.3ms]
[2026-05-08 20:30:58] MOVE chetan (lawn green): 46→66 [0.1ms]
[2026-05-08 20:30:58] MOVE asha (gray0): 9→18 [0.1ms]
[2026-05-08 20:30:58] MOVE chetan (lawn green): 66→46 [0.1ms]
[2026-05-08 20:30:58] MOVE asha (gray0): 18→9 [0.1ms]
[2026-05-08 20:30:58] MOVE chetan (lawn green): 46→66 [0.1ms]
[2026-05-08 20:30:58] MOVE asha (gray0): 9→18 [0.1ms]
[2026-05-08 20:30:59] MOVE chetan (lawn green): 66→46 [0.1ms]
[2026-05-08 20:30:59] MOVE asha (gray0): 18→9 [0.1ms]
[2026-05-08 20:30:59] MOVE chetan (lawn green): 46→66 [0.1ms]
[2026-05-08 20:30:59] MOVE asha (gray0): 9→18 [0.1ms]
[2026-05-08 20:30:59] MOVE chetan (lawn green): 66→46 [0.1ms]
[2026-05-08 20:30:59] MOVE asha (gray0): 18→9 [0.1ms]
[2026-05-08 20:31:00] MOVE chetan (lawn green): 46→66 [0.5ms]
[2026-05-08 20:31:00] MOVE asha (gray0): 9→18 [0.1ms]
[2026-05-08 20:31:00] MOVE chetan (lawn green): 66→46 [0.1ms]
[2026-05-08 20:31:00] MOVE asha (gray0): 18→9 [0.2ms]
[2026-05-08 20:31:01] MOVE chetan (lawn green): 46→66 [0.1ms]
[2026-05-08 20:31:01] MOVE asha (gray0): 9→18 [0.1ms]
[2026-05-08 20:31:01] MOVE chetan (lawn green): 66→46 [0.1ms]
[2026-05-08 20:31:01] MOVE asha (gray0): 18→9 [0.1ms]
[2026-05-08 20:31:01] MOVE chetan (lawn green): 46→66 [0.1ms]
[2026-05-08 20:31:01] MOVE asha (gray0): 9→18 [0.1ms]
[2026-05-08 20:31:02] MOVE chetan (lawn green): 66→46 [0.1ms]
[2026-05-08 20:31:02] MOVE asha (gray0): 18→9 [0.2ms]
[2026-05-08 20:31:02] MOVE chetan (lawn green): 46→66 [0.1ms]
[2026-05-08 20:31:02] MOVE asha (gray0): 9→18 [0.1ms]
[2026-05-08 20:31:02] MOVE chetan (lawn green): 66→46 [0.1ms]
[2026-05-08 20:31:02] MOVE asha (gray0): 18→9 [0.1ms]
[2026-05-08 20:31:03] MOVE chetan (lawn green): 46→66 [0.1ms]
[2026-05-08 20:31:03] MOVE asha (gray0): 9→18 [0.1ms]
[2026-05-08 20:31:03] MOVE chetan (lawn green): 66→46 [0.1ms]
[2026-05-08 20:31:03] MOVE asha (gray0): 18→9 [0.1ms]
[2026-05-08 20:31:03] MOVE chetan (lawn green): 46→66 [0.1ms]
[2026-05-08 20:31:04] MOVE asha (gray0): 9→18 [0.1ms]
[2026-05-08 20:31:04] MOVE chetan (lawn green): 66→46 [0.1ms]
[2026-05-08 20:31:04] MOVE asha (gray0): 18→9 [0.4ms]
[2026-05-08 20:31:04] MOVE chetan (lawn green): 46→66 [0.1ms]
[2026-05-08 20:31:05] MOVE asha (gray0): 9→18 [0.1ms]
[2026-05-08 20:31:05] MOVE chetan (lawn green): 66→46 [0.1ms]
[2026-05-08 20:31:05] MOVE asha (gray0): 18→9 [1.0ms]
[2026-05-08 20:31:05] MOVE chetan (lawn green): 46→66 [0.1ms]
[2026-05-08 20:31:06] MOVE asha (gray0): 9→18 [0.2ms]
[2026-05-08 20:31:06] MOVE chetan (lawn green): 66→46 [0.1ms]
[2026-05-08 20:31:06] MOVE asha (gray0): 18→9 [0.1ms]
[2026-05-08 20:31:06] MOVE chetan (lawn green): 46→66 [0.2ms]
[2026-05-08 20:31:06] MOVE asha (gray0): 9→18 [5.2ms]
[2026-05-08 20:31:07] MOVE chetan (lawn green): 66→46 [0.2ms]
[2026-05-08 20:31:07] MOVE asha (gray0): 18→9 [0.1ms]
[2026-05-08 20:31:07] MOVE chetan (lawn green): 46→66 [0.2ms]
[2026-05-08 20:31:07] MOVE asha (gray0): 9→18 [0.2ms]
[2026-05-08 20:31:07] MOVE chetan (lawn green): 66→46 [0.2ms]
[2026-05-08 20:31:07] MOVE asha (gray0): 18→9 [0.1ms]
[2026-05-08 20:31:08] MOVE chetan (lawn green): 46→66 [0.1ms]
[2026-05-08 20:31:08] MOVE asha (gray0): 9→18 [0.1ms]
[2026-05-08 20:31:08] MOVE chetan (lawn green): 66→46 [0.1ms]
[2026-05-08 20:31:08] MOVE asha (gray0): 18→9 [0.1ms]
[2026-05-08 20:31:08] MOVE chetan (lawn green): 46→66 [0.1ms]
[2026-05-08 20:31:09] MOVE asha (gray0): 9→18 [0.1ms]
[2026-05-08 20:31:09] MOVE chetan (lawn green): 66→46 [0.1ms]
[2026-05-08 20:31:09] MOVE asha (gray0): 18→9 [0.1ms]
[2026-05-08 20:31:09] MOVE chetan (lawn green): 46→66 [0.1ms]
[2026-05-08 20:31:09] MOVE asha (gray0): 9→18 [1.2ms]
[2026-05-08 20:31:10] MOVE chetan (lawn green): 66→46 [0.1ms]
[2026-05-08 20:31:10] MOVE asha (gray0): 18→9 [0.1ms]
[2026-05-08 20:31:10] MOVE chetan (lawn green): 46→66 [0.2ms]
[2026-05-08 20:31:10] MOVE asha (gray0): 9→18 [0.1ms]
[2026-05-08 20:31:10] MOVE chetan (lawn green): 66→46 [0.1ms]
[2026-05-08 20:31:11] MOVE asha (gray0): 18→9 [0.1ms]
[2026-05-08 20:31:11] MOVE chetan (lawn green): 46→66 [0.2ms]
[2026-05-08 20:31:11] MOVE asha (gray0): 9→18 [0.2ms]
[2026-05-08 20:31:11] MOVE chetan (lawn green): 66→46 [0.1ms]
[2026-05-08 20:31:11] MOVE asha (gray0): 18→9 [0.1ms]
[2026-05-08 20:31:11] MOVE chetan (lawn green): 46→66 [0.1ms]
[2026-05-08 20:31:12] MOVE asha (gray0): 9→18 [0.1ms]
[2026-05-08 20:31:12] MOVE chetan (lawn green): 66→46 [0.1ms]
[2026-05-08 20:31:12] MOVE asha (gray0): 18→9 [0.1ms]
[2026-05-08 20:31:12] MOVE chetan (lawn green): 46→66 [0.1ms]
[2026-05-08 20:31:12] MOVE asha (gray0): 9→18 [0.1ms]
[2026-05-08 20:31:12] MOVE chetan (lawn green): 66→46 [0.1ms]
[2026-05-08 20:31:12] MOVE asha (gray0): 18→9 [0.1ms]
[2026-05-08 20:31:13] MOVE chetan (lawn green): 46→66 [0.1ms]
[2026-05-08 20:31:13] MOVE asha (gray0): 9→18 [0.1ms]
[2026-05-08 20:31:13] MOVE chetan (lawn green): 66→46 [0.1ms]
[2026-05-08 20:31:13] MOVE asha (gray0): 18→9 [0.1ms]
[2026-05-08 20:31:13] MOVE chetan (lawn green): 46→66 [0.1ms]
[2026-05-08 20:31:14] MOVE asha (gray0): 9→18 [0.1ms]
[2026-05-08 20:31:14] MOVE chetan (lawn green): 66→46 [0.1ms]
[2026-05-08 20:31:14] MOVE asha (gray0): 18→9 [0.1ms]
[2026-05-08 20:31:14] MOVE chetan (lawn green): 46→66 [0.1ms]
[2026-05-08 20:31:14] MOVE asha (gray0): 9→18 [0.1ms]
[2026-05-08 20:31:15] MOVE chetan (lawn green): 66→46 [0.1ms]
[2026-05-08 20:31:15] MOVE asha (gray0): 18→9 [0.1ms]
[2026-05-08 20:31:15] MOVE chetan (lawn green): 46→66 [0.2ms]
[2026-05-08 20:31:16] MOVE asha (gray0): 9→18 [0.1ms]
[2026-05-08 20:31:16] MOVE chetan (lawn green): 66→46 [0.1ms]
[2026-05-08 20:31:16] MOVE asha (gray0): 18→9 [0.1ms]
[2026-05-08 20:31:16] MOVE chetan (lawn green): 46→66 [0.2ms]
[2026-05-08 20:31:16] MOVE asha (gray0): 9→18 [0.1ms]
[2026-05-08 20:31:16] MOVE chetan (lawn green): 66→46 [0.1ms]
[2026-05-08 20:31:17] MOVE asha (gray0): 18→9 [0.1ms]
[2026-05-08 20:31:17] MOVE chetan (lawn green): 46→66 [0.1ms]
[2026-05-08 20:31:17] MOVE asha (gray0): 9→18 [0.1ms]
[2026-05-08 20:31:17] MOVE chetan (lawn green): 66→46 [0.1ms]
[2026-05-08 20:31:17] MOVE asha (gray0): 18→9 [0.1ms]
[2026-05-08 20:31:17] MOVE chetan (lawn green): 46→66 [0.1ms]
[2026-05-08 20:31:18] MOVE asha (gray0): 9→18 [0.1ms]
[2026-05-08 20:31:18] MOVE chetan (lawn green): 66→46 [0.1ms]
[2026-05-08 20:31:18] MOVE asha (gray0): 18→9 [0.1ms]
[2026-05-08 20:31:19] MOVE chetan (lawn green): 46→66 [0.1ms]
[2026-05-08 20:31:19] MOVE asha (gray0): 9→18 [0.1ms]
[2026-05-08 20:31:19] MOVE chetan (lawn green): 66→46 [0.1ms]
[2026-05-08 20:31:19] MOVE asha (gray0): 18→9 [0.1ms]
[2026-05-08 20:31:19] MOVE chetan (lawn green): 46→66 [0.1ms]
[2026-05-08 20:31:19] MOVE asha (gray0): 9→18 [0.1ms]
[2026-05-08 20:31:20] MOVE chetan (lawn green): 66→46 [0.1ms]
[2026-05-08 20:31:20] MOVE asha (gray0): 18→9 [0.1ms]
[2026-05-08 20:31:20] MOVE chetan (lawn green): 46→66 [0.1ms]
[2026-05-08 20:31:20] MOVE asha (gray0): 9→18 [0.1ms]
[2026-05-08 20:31:20] MOVE chetan (lawn green): 66→46 [0.1ms]
[2026-05-08 20:31:20] MOVE asha (gray0): 18→9 [0.1ms]
[2026-05-08 20:31:21] MOVE chetan (lawn green): 46→66 [0.2ms]
[2026-05-08 20:31:21] MOVE asha (gray0): 9→18 [0.1ms]
[2026-05-08 20:31:21] MOVE chetan (lawn green): 66→46 [0.1ms]
[2026-05-08 20:31:21] MOVE asha (gray0): 18→9 [0.1ms]
[2026-05-08 20:31:22] MOVE chetan (lawn green): 46→66 [0.2ms]
[2026-05-08 20:31:22] MOVE asha (gray0): 9→18 [0.1ms]
[2026-05-08 20:31:22] MOVE chetan (lawn green): 66→46 [0.1ms]
[2026-05-08 20:31:22] MOVE asha (gray0): 18→9 [0.1ms]
[2026-05-08 20:31:22] MOVE chetan (lawn green): 46→66 [0.1ms]
[2026-05-08 20:31:22] MOVE asha (gray0): 9→18 [0.1ms]
[2026-05-08 20:31:23] MOVE chetan (lawn green): 66→46 [0.3ms]
[2026-05-08 20:31:23] MOVE asha (gray0): 18→9 [0.1ms]
[2026-05-08 20:31:23] MOVE chetan (lawn green): 46→66 [0.1ms]
[2026-05-08 20:31:23] MOVE asha (gray0): 9→18 [0.1ms]
[2026-05-08 20:31:23] MOVE chetan (lawn green): 66→46 [0.2ms]
[2026-05-08 20:31:23] MOVE asha (gray0): 18→9 [0.4ms]
[2026-05-08 20:31:24] MOVE chetan (lawn green): 46→66 [0.1ms]
[2026-05-08 20:31:24] MOVE asha (gray0): 9→18 [0.4ms]
[2026-05-08 20:31:24] MOVE chetan (lawn green): 66→46 [0.1ms]
[2026-05-08 20:31:24] MOVE asha (gray0): 18→9 [0.1ms]
[2026-05-08 20:31:24] MOVE chetan (lawn green): 46→66 [0.1ms]
[2026-05-08 20:31:25] MOVE asha (gray0): 9→18 [0.1ms]
[2026-05-08 20:31:25] MOVE chetan (lawn green): 66→46 [0.1ms]
[2026-05-08 20:31:25] MOVE asha (gray0): 18→9 [2.0ms]
[2026-05-08 20:31:25] MOVE chetan (lawn green): 46→66 [0.1ms]
[2026-05-08 20:31:25] MOVE asha (gray0): 9→18 [0.1ms]
[2026-05-08 20:31:26] MOVE chetan (lawn green): 66→46 [0.1ms]
[2026-05-08 20:31:26] MOVE asha (gray0): 18→9 [0.1ms]
[2026-05-08 20:31:26] MOVE chetan (lawn green): 46→66 [0.1ms]
[2026-05-08 20:31:26] MOVE asha (gray0): 9→18 [0.4ms]
[2026-05-08 20:31:26] MOVE chetan (lawn green): 66→46 [0.1ms]
[2026-05-08 20:31:27] MOVE asha (gray0): 18→9 [0.4ms]
[2026-05-08 20:31:27] MOVE chetan (lawn green): 46→66 [0.4ms]
[2026-05-08 20:31:27] MOVE asha (gray0): 9→18 [0.1ms]
[2026-05-08 20:31:27] MOVE chetan (lawn green): 66→46 [0.1ms]
[2026-05-08 20:31:27] MOVE asha (gray0): 18→9 [0.1ms]
[2026-05-08 20:31:27] MOVE chetan (lawn green): 46→66 [0.1ms]
[2026-05-08 20:31:28] MOVE asha (gray0): 9→18 [0.1ms]
[2026-05-08 20:31:28] MOVE chetan (lawn green): 66→46 [0.1ms]
[2026-05-08 20:31:28] MOVE asha (gray0): 18→9 [0.1ms]
[2026-05-08 20:31:28] MOVE chetan (lawn green): 46→66 [0.1ms]
[2026-05-08 20:31:28] MOVE asha (gray0): 9→18 [0.1ms]
[2026-05-08 20:31:28] MOVE chetan (lawn green): 66→46 [0.1ms]
[2026-05-08 20:31:28] MOVE asha (gray0): 18→9 [0.1ms]
[2026-05-08 20:31:29] MOVE chetan (lawn green): 46→66 [0.1ms]
[2026-05-08 20:31:29] MOVE asha (gray0): 9→18 [0.1ms]
[2026-05-08 20:31:29] MOVE chetan (lawn green): 66→46 [0.2ms]
[2026-05-08 20:31:29] MOVE asha (gray0): 18→9 [0.1ms]
[2026-05-08 20:31:29] MOVE chetan (lawn green): 46→66 [0.1ms]
[2026-05-08 20:31:30] MOVE asha (gray0): 9→18 [0.1ms]
[2026-05-08 20:31:30] MOVE chetan (lawn green): 66→46 [0.1ms]
[2026-05-08 20:31:30] MOVE asha (gray0): 18→9 [0.1ms]
[2026-05-08 20:31:30] MOVE chetan (lawn green): 46→66 [0.1ms]
[2026-05-08 20:31:31] MOVE asha (gray0): 9→18 [0.5ms]
[2026-05-08 20:31:31] MOVE chetan (lawn green): 66→46 [0.4ms]
[2026-05-08 20:31:31] MOVE asha (gray0): 18→9 [0.1ms]
[2026-05-08 20:31:31] MOVE chetan (lawn green): 46→66 [0.1ms]
[2026-05-08 20:31:31] MOVE asha (gray0): 9→18 [0.1ms]
[2026-05-08 20:31:31] MOVE chetan (lawn green): 66→46 [0.3ms]
[2026-05-08 20:31:32] MOVE asha (gray0): 18→9 [0.1ms]
[2026-05-08 20:31:32] MOVE chetan (lawn green): 46→66 [0.1ms]
[2026-05-08 20:31:32] MOVE asha (gray0): 9→18 [0.1ms]
[2026-05-08 20:31:32] MOVE chetan (lawn green): 66→46 [0.1ms]
[2026-05-08 20:31:32] MOVE asha (gray0): 18→9 [0.2ms]
[2026-05-08 20:31:33] MOVE chetan (lawn green): 46→66 [0.1ms]
[2026-05-08 20:31:33] MOVE asha (gray0): 9→18 [0.1ms]
[2026-05-08 20:31:33] MOVE chetan (lawn green): 66→46 [0.1ms]
[2026-05-08 20:31:33] MOVE asha (gray0): 18→9 [0.2ms]
[2026-05-08 20:31:33] MOVE chetan (lawn green): 46→66 [0.1ms]
[2026-05-08 20:31:34] MOVE asha (gray0): 9→18 [0.1ms]
[2026-05-08 20:31:34] MOVE chetan (lawn green): 66→46 [0.3ms]
[2026-05-08 20:31:34] MOVE asha (gray0): 18→9 [0.1ms]
[2026-05-08 20:31:34] MOVE chetan (lawn green): 46→66 [0.1ms]
[2026-05-08 20:31:34] MOVE asha (gray0): 9→18 [0.1ms]
[2026-05-08 20:31:34] MOVE chetan (lawn green): 66→46 [0.1ms]
[2026-05-08 20:31:34] MOVE asha (gray0): 18→9 [0.2ms]
[2026-05-08 20:31:35] MOVE chetan (lawn green): 46→66 [0.2ms]
[2026-05-08 20:31:35] MOVE asha (gray0): 9→18 [0.1ms]
[2026-05-08 20:31:35] MOVE chetan (lawn green): 66→46 [0.1ms]
[2026-05-08 20:31:35] MOVE asha (gray0): 18→9 [0.3ms]
[2026-05-08 20:31:36] MOVE chetan (lawn green): 46→66 [0.2ms]
[2026-05-08 20:31:36] MOVE asha (gray0): 9→18 [0.2ms]
[2026-05-08 20:31:36] MOVE chetan (lawn green): 66→46 [0.2ms]
[2026-05-08 20:31:36] MOVE asha (gray0): 18→9 [0.3ms]
[2026-05-08 20:31:37] MOVE chetan (lawn green): 46→66 [0.1ms]
[2026-05-08 20:31:37] MOVE asha (gray0): 9→18 [0.1ms]
[2026-05-08 20:31:37] MOVE chetan (lawn green): 66→46 [0.1ms]
[2026-05-08 20:31:37] MOVE asha (gray0): 18→9 [0.1ms]
[2026-05-08 20:31:37] MOVE chetan (lawn green): 46→66 [0.1ms]
[2026-05-08 20:31:37] MOVE asha (gray0): 9→18 [0.1ms]
[2026-05-08 20:31:38] MOVE chetan (lawn green): 66→46 [0.1ms]
[2026-05-08 20:31:38] MOVE asha (gray0): 18→9 [0.1ms]
[2026-05-08 20:31:38] MOVE chetan (lawn green): 46→66 [0.6ms]
[2026-05-08 20:31:38] MOVE asha (gray0): 9→18 [0.1ms]
[2026-05-08 20:31:38] MOVE chetan (lawn green): 66→46 [0.1ms]
[2026-05-08 20:31:39] MOVE asha (gray0): 18→9 [0.1ms]
[2026-05-08 20:31:39] MOVE chetan (lawn green): 46→66 [0.2ms]
[2026-05-08 20:31:39] MOVE asha (gray0): 9→18 [0.1ms]
[2026-05-08 20:31:39] MOVE chetan (lawn green): 66→46 [1.4ms]
[2026-05-08 20:31:39] MOVE asha (gray0): 18→9 [0.1ms]
[2026-05-08 20:31:40] MOVE chetan (lawn green): 46→66 [0.1ms]
[2026-05-08 20:31:40] MOVE asha (gray0): 9→18 [0.1ms]
[2026-05-08 20:31:40] MOVE chetan (lawn green): 66→46 [0.1ms]
[2026-05-08 20:31:40] MOVE asha (gray0): 18→9 [0.2ms]
[2026-05-08 20:31:40] MOVE chetan (lawn green): 46→66 [0.1ms]
[2026-05-08 20:31:41] MOVE asha (gray0): 9→18 [0.1ms]
[2026-05-08 20:31:41] MOVE chetan (lawn green): 66→46 [0.1ms]
[2026-05-08 20:31:41] MOVE asha (gray0): 18→9 [0.1ms]
[2026-05-08 20:31:41] MOVE chetan (lawn green): 46→66 [0.2ms]
[2026-05-08 20:31:41] MOVE asha (gray0): 9→18 [0.1ms]
[2026-05-08 20:31:41] MOVE chetan (lawn green): 66→46 [0.5ms]
[2026-05-08 20:31:41] MOVE asha (gray0): 18→9 [0.1ms]
[2026-05-08 20:31:42] MOVE chetan (lawn green): 46→66 [0.1ms]
[2026-05-08 20:31:42] MOVE asha (gray0): 9→18 [0.1ms]
[2026-05-08 20:31:42] MOVE chetan (lawn green): 66→46 [0.1ms]
[2026-05-08 20:31:42] MOVE asha (gray0): 18→9 [0.1ms]
[2026-05-08 20:31:42] MOVE chetan (lawn green): 46→66 [0.1ms]
[2026-05-08 20:31:43] MOVE asha (gray0): 9→18 [0.1ms]
[2026-05-08 20:31:43] MOVE chetan (lawn green): 66→46 [0.1ms]
[2026-05-08 20:31:43] MOVE asha (gray0): 18→9 [0.1ms]
[2026-05-08 20:31:43] MOVE chetan (lawn green): 46→66 [0.1ms]
[2026-05-08 20:31:43] MOVE asha (gray0): 9→18 [0.1ms]
[2026-05-08 20:31:43] MOVE chetan (lawn green): 66→46 [0.1ms]
[2026-05-08 20:31:44] MOVE asha (gray0): 18→9 [0.1ms]
[2026-05-08 20:31:44] MOVE chetan (lawn green): 46→66 [0.1ms]
[2026-05-08 20:31:44] MOVE asha (gray0): 9→18 [0.1ms]
[2026-05-08 20:31:44] MOVE chetan (lawn green): 66→46 [0.1ms]
[2026-05-08 20:31:44] MOVE asha (gray0): 18→9 [0.1ms]
[2026-05-08 20:31:45] MOVE chetan (lawn green): 46→66 [0.1ms]
[2026-05-08 20:31:45] MOVE asha (gray0): 9→18 [0.1ms]
[2026-05-08 20:31:45] MOVE chetan (lawn green): 66→46 [0.1ms]
[2026-05-08 20:31:45] MOVE asha (gray0): 18→9 [0.1ms]
[2026-05-08 20:31:45] MOVE chetan (lawn green): 46→66 [0.1ms]
[2026-05-08 20:31:46] MOVE asha (gray0): 9→18 [0.2ms]
[2026-05-08 20:31:46] MOVE chetan (lawn green): 66→46 [0.1ms]
[2026-05-08 20:31:46] MOVE asha (gray0): 18→9 [0.1ms]
[2026-05-08 20:31:46] MOVE chetan (lawn green): 46→66 [0.1ms]
[2026-05-08 20:31:46] MOVE asha (gray0): 9→18 [0.1ms]
[2026-05-08 20:31:46] MOVE chetan (lawn green): 66→46 [0.1ms]
[2026-05-08 20:31:47] MOVE asha (gray0): 18→9 [0.1ms]
[2026-05-08 20:31:47] MOVE chetan (lawn green): 46→66 [4.6ms]
[2026-05-08 20:31:47] MOVE asha (gray0): 9→18 [0.1ms]
[2026-05-08 20:31:47] MOVE chetan (lawn green): 66→46 [0.1ms]
[2026-05-08 20:31:47] MOVE asha (gray0): 18→9 [0.1ms]
[2026-05-08 20:31:47] MOVE chetan (lawn green): 46→66 [0.1ms]
[2026-05-08 20:31:48] MOVE asha (gray0): 9→18 [0.1ms]
[2026-05-08 20:31:48] MOVE chetan (lawn green): 66→46 [0.1ms]
[2026-05-08 20:31:48] MOVE asha (gray0): 18→9 [0.1ms]
[2026-05-08 20:31:48] MOVE chetan (lawn green): 46→66 [0.1ms]
[2026-05-08 20:31:48] MOVE asha (gray0): 9→18 [0.1ms]
[2026-05-08 20:31:48] MOVE chetan (lawn green): 66→46 [0.1ms]
[2026-05-08 20:31:49] MOVE asha (gray0): 18→9 [0.1ms]
[2026-05-08 20:31:49] MOVE chetan (lawn green): 46→66 [0.1ms]
[2026-05-08 20:31:49] MOVE asha (gray0): 9→18 [0.1ms]
[2026-05-08 20:31:49] MOVE chetan (lawn green): 66→46 [0.1ms]
[2026-05-08 20:31:49] MOVE asha (gray0): 18→9 [0.1ms]
[2026-05-08 20:31:50] MOVE chetan (lawn green): 46→66 [0.1ms]
[2026-05-08 20:31:50] MOVE asha (gray0): 9→18 [0.2ms]
[2026-05-08 20:31:50] MOVE chetan (lawn green): 66→46 [0.2ms]
[2026-05-08 20:31:50] MOVE asha (gray0): 18→9 [0.1ms]
[2026-05-08 20:31:50] MOVE chetan (lawn green): 46→66 [0.1ms]
[2026-05-08 20:31:51] MOVE asha (gray0): 9→18 [0.1ms]
[2026-05-08 20:31:51] MOVE chetan (lawn green): 66→46 [0.1ms]
[2026-05-08 20:31:51] MOVE asha (gray0): 18→9 [0.1ms]
[2026-05-08 20:31:51] MOVE chetan (lawn green): 46→66 [0.5ms]
[2026-05-08 20:31:51] MOVE asha (gray0): 9→18 [0.1ms]
[2026-05-08 20:31:52] MOVE chetan (lawn green): 66→46 [0.1ms]
[2026-05-08 20:31:52] MOVE asha (gray0): 18→9 [0.1ms]
[2026-05-08 20:31:52] MOVE chetan (lawn green): 46→66 [0.1ms]
[2026-05-08 20:31:52] MOVE asha (gray0): 9→18 [0.1ms]
[2026-05-08 20:31:52] MOVE chetan (lawn green): 66→46 [0.1ms]
[2026-05-08 20:31:52] MOVE asha (gray0): 18→9 [0.1ms]
[2026-05-08 20:31:53] MOVE chetan (lawn green): 46→66 [0.1ms]
[2026-05-08 20:31:53] MOVE asha (gray0): 9→18 [0.1ms]
[2026-05-08 20:31:53] MOVE chetan (lawn green): 66→46 [0.1ms]
[2026-05-08 20:31:53] MOVE asha (gray0): 18→9 [0.1ms]
[2026-05-08 20:31:53] MOVE chetan (lawn green): 46→66 [0.4ms]
[2026-05-08 20:31:54] MOVE asha (gray0): 9→18 [0.1ms]
[2026-05-08 20:31:54] MOVE chetan (lawn green): 66→46 [0.1ms]
[2026-05-08 20:31:54] MOVE asha (gray0): 18→9 [0.1ms]
[2026-05-08 20:31:54] MOVE chetan (lawn green): 46→66 [0.1ms]
[2026-05-08 20:31:54] MOVE asha (gray0): 9→18 [0.1ms]
[2026-05-08 20:31:54] MOVE chetan (lawn green): 66→46 [0.2ms]
[2026-05-08 20:31:55] MOVE asha (gray0): 18→9 [0.1ms]
[2026-05-08 20:31:55] MOVE chetan (lawn green): 46→66 [0.1ms]
[2026-05-08 20:31:55] MOVE asha (gray0): 9→18 [0.1ms]
[2026-05-08 20:31:55] MOVE chetan (lawn green): 66→46 [0.1ms]
[2026-05-08 20:31:55] MOVE asha (gray0): 18→9 [0.1ms]
[2026-05-08 20:31:56] MOVE chetan (lawn green): 46→66 [0.1ms]
[2026-05-08 20:31:56] MOVE asha (gray0): 9→18 [0.1ms]
[2026-05-08 20:31:56] MOVE chetan (lawn green): 66→46 [0.1ms]
[2026-05-08 20:31:56] MOVE asha (gray0): 18→9 [0.1ms]
[2026-05-08 20:31:57] MOVE chetan (lawn green): 46→66 [0.1ms]
[2026-05-08 20:31:57] MOVE asha (gray0): 9→18 [0.1ms]
[2026-05-08 20:31:57] MOVE chetan (lawn green): 66→46 [0.1ms]
[2026-05-08 20:31:57] MOVE asha (gray0): 18→9 [0.8ms]
[2026-05-08 20:31:57] MOVE chetan (lawn green): 46→66 [0.1ms]
[2026-05-08 20:31:57] MOVE asha (gray0): 9→18 [0.1ms]
[2026-05-08 20:31:58] MOVE chetan (lawn green): 66→46 [0.1ms]
[2026-05-08 20:31:58] MOVE asha (gray0): 18→9 [0.1ms]
[2026-05-08 20:31:58] MOVE chetan (lawn green): 46→66 [0.1ms]
[2026-05-08 20:31:58] MOVE asha (gray0): 9→18 [0.1ms]
[2026-05-08 20:31:58] MOVE chetan (lawn green): 66→46 [0.2ms]
[2026-05-08 20:31:58] MOVE asha (gray0): 18→9 [0.1ms]
[2026-05-08 20:31:59] MOVE chetan (lawn green): 46→66 [0.1ms]
[2026-05-08 20:31:59] MOVE asha (gray0): 9→18 [0.1ms]
[2026-05-08 20:31:59] MOVE chetan (lawn green): 66→46 [0.1ms]
[2026-05-08 20:31:59] MOVE asha (gray0): 18→9 [0.3ms]
[2026-05-08 20:31:59] MOVE chetan (lawn green): 46→66 [0.1ms]
[2026-05-08 20:32:00] MOVE asha (gray0): 9→18 [1.7ms]
[2026-05-08 20:32:00] MOVE chetan (lawn green): 66→46 [0.3ms]
[2026-05-08 20:32:00] MOVE asha (gray0): 18→9 [0.1ms]
[2026-05-08 20:32:00] MOVE chetan (lawn green): 46→66 [0.1ms]
[2026-05-08 20:32:00] MOVE asha (gray0): 9→18 [0.1ms]
[2026-05-08 20:32:00] MOVE chetan (lawn green): 66→46 [0.2ms]
[2026-05-08 20:32:01] MOVE asha (gray0): 18→9 [0.1ms]
[2026-05-08 20:32:01] MOVE chetan (lawn green): 46→66 [0.1ms]
[2026-05-08 20:32:01] MOVE asha (gray0): 9→18 [0.1ms]
[2026-05-08 20:32:01] MOVE chetan (lawn green): 66→46 [0.1ms]
[2026-05-08 20:32:01] MOVE asha (gray0): 18→9 [0.1ms]
[2026-05-08 20:32:01] MOVE chetan (lawn green): 46→66 [0.2ms]
[2026-05-08 20:32:02] MOVE asha (gray0): 9→18 [0.1ms]
[2026-05-08 20:32:02] MOVE chetan (lawn green): 66→46 [0.1ms]
[2026-05-08 20:32:02] MOVE asha (gray0): 18→9 [0.4ms]
[2026-05-08 20:32:02] MOVE chetan (lawn green): 46→66 [0.1ms]
[2026-05-08 20:32:03] MOVE asha (gray0): 9→18 [0.1ms]
[2026-05-08 20:32:03] MOVE chetan (lawn green): 66→46 [0.1ms]
[2026-05-08 20:32:03] MOVE asha (gray0): 18→9 [0.1ms]
[2026-05-08 20:32:03] MOVE chetan (lawn green): 46→66 [0.1ms]
[2026-05-08 20:32:03] MOVE asha (gray0): 9→18 [0.1ms]
[2026-05-08 20:32:03] MOVE chetan (lawn green): 66→46 [0.1ms]
[2026-05-08 20:32:04] MOVE asha (gray0): 18→9 [0.1ms]
[2026-05-08 20:32:04] MOVE chetan (lawn green): 46→66 [0.1ms]
[2026-05-08 20:32:04] MOVE asha (gray0): 9→18 [0.1ms]
[2026-05-08 20:32:04] MOVE chetan (lawn green): 66→46 [0.4ms]
[2026-05-08 20:32:04] MOVE asha (gray0): 18→9 [0.1ms]
[2026-05-08 20:32:04] MOVE chetan (lawn green): 46→66 [0.1ms]
[2026-05-08 20:32:05] MOVE asha (gray0): 9→18 [0.2ms]
[2026-05-08 20:32:05] MOVE chetan (lawn green): 66→46 [0.1ms]
[2026-05-08 20:32:05] MOVE asha (gray0): 18→9 [0.1ms]
[2026-05-08 20:32:05] MOVE chetan (lawn green): 46→66 [0.1ms]
[2026-05-08 20:32:05] MOVE asha (gray0): 9→18 [0.1ms]
[2026-05-08 20:32:05] MOVE chetan (lawn green): 66→46 [0.1ms]
[2026-05-08 20:32:05] MOVE asha (gray0): 18→9 [0.1ms]
[2026-05-08 20:32:06] MOVE chetan (lawn green): 46→66 [0.1ms]
[2026-05-08 20:32:06] MOVE asha (gray0): 9→18 [0.1ms]
[2026-05-08 20:32:06] MOVE chetan (lawn green): 66→46 [0.1ms]
[2026-05-08 20:32:06] MOVE asha (gray0): 18→9 [0.1ms]
[2026-05-08 20:32:07] MOVE chetan (lawn green): 46→66 [0.1ms]
[2026-05-08 20:32:07] MOVE asha (gray0): 9→18 [0.1ms]
[2026-05-08 20:32:07] MOVE chetan (lawn green): 66→46 [0.1ms]
[2026-05-08 20:32:07] MOVE asha (gray0): 18→9 [0.1ms]
[2026-05-08 20:32:07] MOVE chetan (lawn green): 46→66 [0.1ms]
[2026-05-08 20:32:07] MOVE asha (gray0): 9→18 [0.1ms]
[2026-05-08 20:32:08] MOVE chetan (lawn green): 66→46 [0.1ms]
[2026-05-08 20:32:08] MOVE asha (gray0): 18→9 [0.1ms]
[2026-05-08 20:32:08] MOVE chetan (lawn green): 46→66 [0.1ms]
[2026-05-08 20:32:08] MOVE asha (gray0): 9→18 [0.1ms]
[2026-05-08 20:32:08] MOVE chetan (lawn green): 66→46 [0.1ms]
[2026-05-08 20:32:09] MOVE asha (gray0): 18→9 [2.5ms]
[2026-05-08 20:32:09] MOVE chetan (lawn green): 46→66 [0.1ms]
[2026-05-08 20:32:09] MOVE asha (gray0): 9→18 [0.1ms]
[2026-05-08 20:32:09] MOVE chetan (lawn green): 66→46 [0.1ms]
[2026-05-08 20:32:09] MOVE asha (gray0): 18→9 [0.7ms]
[2026-05-08 20:32:10] MOVE chetan (lawn green): 46→66 [0.1ms]
[2026-05-08 20:32:10] MOVE asha (gray0): 9→18 [0.1ms]
[2026-05-08 20:32:10] MOVE chetan (lawn green): 66→46 [0.1ms]
[2026-05-08 20:32:10] MOVE asha (gray0): 18→9 [0.5ms]
[2026-05-08 20:32:10] MOVE chetan (lawn green): 46→66 [0.1ms]
[2026-05-08 20:32:11] MOVE asha (gray0): 9→18 [0.1ms]
[2026-05-08 20:32:11] MOVE chetan (lawn green): 66→46 [0.1ms]
[2026-05-08 20:32:11] MOVE asha (gray0): 18→9 [0.1ms]
[2026-05-08 20:32:11] MOVE chetan (lawn green): 46→66 [0.2ms]
[2026-05-08 20:32:12] MOVE asha (gray0): 9→18 [0.1ms]
[2026-05-08 20:32:12] MOVE chetan (lawn green): 66→46 [0.1ms]
[2026-05-08 20:32:12] MOVE asha (gray0): 18→9 [0.1ms]
[2026-05-08 20:32:12] MOVE chetan (lawn green): 46→66 [0.1ms]
[2026-05-08 20:32:12] MOVE asha (gray0): 9→18 [0.1ms]
[2026-05-08 20:32:12] MOVE chetan (lawn green): 66→46 [0.1ms]
[2026-05-08 20:32:13] MOVE asha (gray0): 18→9 [0.1ms]
[2026-05-08 20:32:13] MOVE chetan (lawn green): 46→66 [0.2ms]
[2026-05-08 20:32:13] MOVE asha (gray0): 9→18 [0.1ms]
[2026-05-08 20:32:13] MOVE chetan (lawn green): 66→46 [0.1ms]
[2026-05-08 20:32:13] MOVE asha (gray0): 18→9 [0.1ms]
[2026-05-08 20:32:14] MOVE chetan (lawn green): 46→66 [0.1ms]
[2026-05-08 20:32:14] MOVE asha (gray0): 9→18 [0.1ms]
[2026-05-08 20:32:14] MOVE chetan (lawn green): 66→46 [0.1ms]
[2026-05-08 20:32:14] MOVE asha (gray0): 18→9 [0.1ms]
[2026-05-08 20:32:14] MOVE chetan (lawn green): 46→66 [0.1ms]
[2026-05-08 20:32:14] MOVE asha (gray0): 9→18 [0.1ms]
[2026-05-08 20:32:15] MOVE chetan (lawn green): 66→46 [0.1ms]
[2026-05-08 20:32:15] MOVE asha (gray0): 18→9 [0.1ms]
[2026-05-08 20:32:15] MOVE chetan (lawn green): 46→66 [0.1ms]
[2026-05-08 20:32:15] MOVE asha (gray0): 9→18 [0.1ms]
[2026-05-08 20:32:15] MOVE chetan (lawn green): 66→46 [0.1ms]
[2026-05-08 20:32:15] MOVE asha (gray0): 18→9 [0.1ms]
[2026-05-08 20:32:16] MOVE chetan (lawn green): 46→66 [0.1ms]
[2026-05-08 20:32:16] MOVE asha (gray0): 9→18 [0.1ms]
[2026-05-08 20:32:16] MOVE chetan (lawn green): 66→46 [0.1ms]
[2026-05-08 20:32:16] MOVE asha (gray0): 18→9 [0.1ms]
[2026-05-08 20:32:16] MOVE chetan (lawn green): 46→66 [0.1ms]
[2026-05-08 20:32:16] MOVE asha (gray0): 9→18 [0.1ms]
[2026-05-08 20:32:17] MOVE chetan (lawn green): 66→46 [0.1ms]
[2026-05-08 20:32:17] MOVE asha (gray0): 18→9 [0.1ms]
[2026-05-08 20:32:17] MOVE chetan (lawn green): 46→66 [0.3ms]
[2026-05-08 20:32:17] MOVE asha (gray0): 9→18 [0.1ms]
[2026-05-08 20:32:17] MOVE chetan (lawn green): 66→46 [0.1ms]
[2026-05-08 20:32:18] MOVE asha (gray0): 18→9 [0.1ms]
[2026-05-08 20:32:18] MOVE chetan (lawn green): 46→66 [0.1ms]
[2026-05-08 20:32:18] MOVE asha (gray0): 9→18 [0.1ms]
[2026-05-08 20:32:18] MOVE chetan (lawn green): 66→46 [0.1ms]
[2026-05-08 20:32:18] MOVE asha (gray0): 18→9 [0.1ms]
[2026-05-08 20:32:19] MOVE chetan (lawn green): 46→66 [0.1ms]
[2026-05-08 20:32:19] MOVE asha (gray0): 9→18 [0.1ms]
[2026-05-08 20:32:19] MOVE chetan (lawn green): 66→46 [0.1ms]
[2026-05-08 20:32:19] MOVE asha (gray0): 18→9 [0.1ms]
[2026-05-08 20:32:19] MOVE chetan (lawn green): 46→66 [0.1ms]
[2026-05-08 20:32:20] MOVE asha (gray0): 9→18 [0.1ms]
[2026-05-08 20:32:20] MOVE chetan (lawn green): 66→46 [0.1ms]
[2026-05-08 20:32:20] MOVE asha (gray0): 18→9 [0.1ms]
[2026-05-08 20:32:20] MOVE chetan (lawn green): 46→66 [0.1ms]
[2026-05-08 20:32:20] MOVE asha (gray0): 9→18 [0.1ms]
[2026-05-08 20:32:20] MOVE chetan (lawn green): 66→46 [0.1ms]
[2026-05-08 20:32:20] MOVE asha (gray0): 18→9 [0.1ms]
[2026-05-08 20:32:21] MOVE chetan (lawn green): 46→66 [0.2ms]
[2026-05-08 20:32:21] MOVE asha (gray0): 9→18 [0.1ms]
[2026-05-08 20:32:21] MOVE chetan (lawn green): 66→46 [0.2ms]
[2026-05-08 20:32:21] MOVE asha (gray0): 18→9 [0.1ms]
[2026-05-08 20:32:21] MOVE chetan (lawn green): 46→66 [0.1ms]
[2026-05-08 20:32:22] MOVE asha (gray0): 9→18 [0.1ms]
[2026-05-08 20:32:22] MOVE chetan (lawn green): 66→46 [0.1ms]
[2026-05-08 20:32:22] MOVE asha (gray0): 18→9 [0.1ms]
[2026-05-08 20:32:22] MOVE chetan (lawn green): 46→66 [0.1ms]
[2026-05-08 20:32:22] MOVE asha (gray0): 9→18 [0.1ms]
[2026-05-08 20:32:22] MOVE chetan (lawn green): 66→46 [0.1ms]
[2026-05-08 20:32:23] MOVE asha (gray0): 18→9 [0.1ms]
[2026-05-08 20:32:23] MOVE chetan (lawn green): 46→66 [0.2ms]
[2026-05-08 20:32:23] MOVE asha (gray0): 9→18 [0.2ms]
[2026-05-08 20:32:23] MOVE chetan (lawn green): 66→46 [0.2ms]
[2026-05-08 20:32:23] MOVE asha (gray0): 18→9 [0.1ms]
[2026-05-08 20:32:24] MOVE chetan (lawn green): 46→66 [0.1ms]
[2026-05-08 20:32:24] MOVE asha (gray0): 9→18 [0.1ms]
[2026-05-08 20:32:24] MOVE chetan (lawn green): 66→46 [0.1ms]
[2026-05-08 20:32:24] MOVE asha (gray0): 18→9 [0.1ms]
[2026-05-08 20:32:24] MOVE chetan (lawn green): 46→66 [0.1ms]
[2026-05-08 20:32:24] MOVE asha (gray0): 9→18 [0.1ms]
[2026-05-08 20:32:24] MOVE chetan (lawn green): 66→46 [0.1ms]
[2026-05-08 20:32:25] MOVE asha (gray0): 18→9 [0.1ms]
[2026-05-08 20:32:25] MOVE chetan (lawn green): 46→66 [0.1ms]
[2026-05-08 20:32:25] MOVE asha (gray0): 9→18 [0.1ms]
[2026-05-08 20:32:25] MOVE chetan (lawn green): 66→46 [0.4ms]
[2026-05-08 20:32:25] MOVE asha (gray0): 18→9 [0.2ms]
[2026-05-08 20:32:26] MOVE chetan (lawn green): 46→66 [0.1ms]
[2026-05-08 20:32:26] MOVE asha (gray0): 9→18 [0.1ms]
[2026-05-08 20:32:26] MOVE chetan (lawn green): 66→46 [0.1ms]
[2026-05-08 20:32:26] MOVE asha (gray0): 18→9 [0.1ms]
[2026-05-08 20:32:26] MOVE chetan (lawn green): 46→66 [0.1ms]
[2026-05-08 20:32:26] MOVE asha (gray0): 9→18 [0.1ms]
[2026-05-08 20:32:27] MOVE chetan (lawn green): 66→46 [0.1ms]
[2026-05-08 20:32:27] MOVE asha (gray0): 18→9 [0.1ms]
[2026-05-08 20:32:27] MOVE chetan (lawn green): 46→66 [0.1ms]
[2026-05-08 20:32:27] MOVE asha (gray0): 9→18 [0.1ms]
[2026-05-08 20:32:27] MOVE chetan (lawn green): 66→46 [0.1ms]
[2026-05-08 20:32:28] MOVE asha (gray0): 18→9 [0.1ms]
[2026-05-08 20:32:28] MOVE chetan (lawn green): 46→66 [0.6ms]
[2026-05-08 20:32:28] MOVE asha (gray0): 9→18 [0.1ms]
[2026-05-08 20:32:28] MOVE chetan (lawn green): 66→46 [0.4ms]
[2026-05-08 20:32:28] MOVE asha (gray0): 18→9 [0.1ms]
[2026-05-08 20:32:28] MOVE chetan (lawn green): 46→66 [0.1ms]
[2026-05-08 20:32:29] MOVE asha (gray0): 9→18 [0.1ms]
[2026-05-08 20:32:29] MOVE chetan (lawn green): 66→46 [0.1ms]
[2026-05-08 20:32:29] MOVE asha (gray0): 18→9 [0.1ms]
[2026-05-08 20:32:29] MOVE chetan (lawn green): 46→66 [0.1ms]
[2026-05-08 20:32:29] MOVE asha (gray0): 9→18 [0.1ms]
[2026-05-08 20:32:29] MOVE chetan (lawn green): 66→46 [0.1ms]
[2026-05-08 20:32:29] MOVE asha (gray0): 18→9 [0.1ms]
[2026-05-08 20:32:30] MOVE chetan (lawn green): 46→66 [0.1ms]
[2026-05-08 20:32:30] MOVE asha (gray0): 9→18 [0.2ms]
[2026-05-08 20:32:30] MOVE chetan (lawn green): 66→46 [0.1ms]
[2026-05-08 20:32:30] MOVE asha (gray0): 18→9 [0.1ms]
[2026-05-08 20:32:30] MOVE chetan (lawn green): 46→66 [0.1ms]
[2026-05-08 20:32:30] MOVE asha (gray0): 9→18 [0.1ms]
[2026-05-08 20:32:31] MOVE chetan (lawn green): 66→46 [0.1ms]
[2026-05-08 20:32:31] MOVE asha (gray0): 18→9 [0.1ms]
[2026-05-08 20:32:31] MOVE chetan (lawn green): 46→66 [0.1ms]
[2026-05-08 20:32:31] MOVE asha (gray0): 9→18 [0.2ms]
[2026-05-08 20:32:32] MOVE chetan (lawn green): 66→46 [0.1ms]
[2026-05-08 20:32:32] MOVE asha (gray0): 18→9 [0.1ms]
[2026-05-08 20:32:32] MOVE chetan (lawn green): 46→66 [0.1ms]
[2026-05-08 20:32:32] MOVE asha (gray0): 9→18 [0.2ms]
[2026-05-08 20:32:32] MOVE chetan (lawn green): 66→46 [0.1ms]
[2026-05-08 20:32:33] MOVE asha (gray0): 18→9 [0.1ms]
[2026-05-08 20:32:33] MOVE chetan (lawn green): 46→66 [0.1ms]
[2026-05-08 20:32:33] MOVE asha (gray0): 9→18 [0.2ms]
[2026-05-08 20:32:33] MOVE chetan (lawn green): 66→46 [0.1ms]
[2026-05-08 20:32:33] MOVE asha (gray0): 18→9 [0.1ms]
[2026-05-08 20:32:33] MOVE chetan (lawn green): 46→66 [0.1ms]
[2026-05-08 20:32:34] MOVE asha (gray0): 9→18 [0.1ms]
[2026-05-08 20:32:34] MOVE chetan (lawn green): 66→46 [0.1ms]
[2026-05-08 20:32:34] MOVE asha (gray0): 18→9 [0.1ms]
[2026-05-08 20:32:34] MOVE chetan (lawn green): 46→66 [0.1ms]
[2026-05-08 20:32:34] MOVE asha (gray0): 9→18 [0.3ms]
[2026-05-08 20:32:34] MOVE chetan (lawn green): 66→46 [0.1ms]
[2026-05-08 20:32:34] MOVE asha (gray0): 18→9 [0.2ms]
[2026-05-08 20:32:35] MOVE chetan (lawn green): 46→66 [0.1ms]
[2026-05-08 20:32:35] MOVE asha (gray0): 9→18 [0.1ms]
[2026-05-08 20:32:35] MOVE chetan (lawn green): 66→46 [0.2ms]
[2026-05-08 20:32:35] MOVE asha (gray0): 18→9 [0.3ms]
[2026-05-08 20:32:35] MOVE chetan (lawn green): 46→66 [0.5ms]
[2026-05-08 20:32:36] MOVE asha (gray0): 9→18 [0.1ms]
[2026-05-08 20:32:36] MOVE chetan (lawn green): 66→46 [0.1ms]
[2026-05-08 20:32:36] MOVE asha (gray0): 18→9 [0.1ms]
[2026-05-08 20:32:36] MOVE chetan (lawn green): 46→66 [0.1ms]
[2026-05-08 20:32:36] MOVE asha (gray0): 9→18 [0.1ms]
[2026-05-08 20:32:36] MOVE chetan (lawn green): 66→46 [0.2ms]
[2026-05-08 20:32:37] MOVE asha (gray0): 18→9 [0.1ms]
[2026-05-08 20:32:37] MOVE chetan (lawn green): 46→66 [0.2ms]
[2026-05-08 20:32:37] MOVE asha (gray0): 9→18 [0.1ms]
[2026-05-08 20:32:37] MOVE chetan (lawn green): 66→46 [0.1ms]
[2026-05-08 20:32:37] MOVE asha (gray0): 18→9 [0.1ms]
[2026-05-08 20:32:37] MOVE chetan (lawn green): 46→66 [0.1ms]
[2026-05-08 20:32:38] MOVE asha (gray0): 9→18 [0.1ms]
[2026-05-08 20:32:38] MOVE chetan (lawn green): 66→46 [0.1ms]
[2026-05-08 20:32:38] MOVE asha (gray0): 18→9 [0.1ms]
[2026-05-08 20:32:38] MOVE chetan (lawn green): 46→66 [0.1ms]
[2026-05-08 20:32:38] MOVE asha (gray0): 9→18 [0.1ms]
[2026-05-08 20:32:38] MOVE chetan (lawn green): 66→46 [0.1ms]
[2026-05-08 20:32:39] MOVE asha (gray0): 18→9 [0.1ms]
[2026-05-08 20:32:39] MOVE chetan (lawn green): 46→66 [0.1ms]
[2026-05-08 20:32:39] MOVE asha (gray0): 9→18 [0.2ms]
[2026-05-08 20:32:39] MOVE chetan (lawn green): 66→46 [0.1ms]
[2026-05-08 20:32:39] MOVE asha (gray0): 18→9 [0.1ms]
[2026-05-08 20:32:40] MOVE chetan (lawn green): 46→66 [0.1ms]
[2026-05-08 20:32:40] MOVE asha (gray0): 9→18 [0.1ms]
[2026-05-08 20:32:40] MOVE chetan (lawn green): 66→46 [0.1ms]
[2026-05-08 20:32:40] MOVE asha (gray0): 18→9 [0.1ms]
[2026-05-08 20:32:40] MOVE chetan (lawn green): 46→66 [0.1ms]
[2026-05-08 20:32:40] MOVE asha (gray0): 9→18 [0.1ms]
[2026-05-08 20:32:41] MOVE chetan (lawn green): 66→46 [0.1ms]
[2026-05-08 20:32:41] MOVE asha (gray0): 18→9 [0.1ms]
[2026-05-08 20:32:41] MOVE chetan (lawn green): 46→66 [0.1ms]
[2026-05-08 20:32:41] MOVE asha (gray0): 9→18 [0.1ms]
[2026-05-08 20:32:41] MOVE chetan (lawn green): 66→46 [0.1ms]
[2026-05-08 20:32:42] MOVE asha (gray0): 18→9 [0.3ms]
[2026-05-08 20:32:42] MOVE chetan (lawn green): 46→66 [0.1ms]
[2026-05-08 20:32:42] MOVE asha (gray0): 9→18 [0.2ms]
[2026-05-08 20:32:42] MOVE chetan (lawn green): 66→46 [0.1ms]
[2026-05-08 20:32:42] MOVE asha (gray0): 18→9 [0.1ms]
[2026-05-08 20:32:42] MOVE chetan (lawn green): 46→66 [0.1ms]
[2026-05-08 20:32:42] MOVE asha (gray0): 9→18 [3.5ms]
[2026-05-08 20:32:43] MOVE chetan (lawn green): 66→46 [0.1ms]
[2026-05-08 20:32:43] MOVE asha (gray0): 18→9 [0.1ms]
[2026-05-08 20:32:43] MOVE chetan (lawn green): 46→66 [0.2ms]
[2026-05-08 20:32:43] MOVE asha (gray0): 9→18 [0.1ms]
[2026-05-08 20:32:43] MOVE chetan (lawn green): 66→46 [0.1ms]
[2026-05-08 20:32:43] MOVE asha (gray0): 18→9 [0.1ms]
[2026-05-08 20:32:44] MOVE chetan (lawn green): 46→66 [0.1ms]
[2026-05-08 20:32:44] MOVE asha (gray0): 9→18 [0.1ms]
[2026-05-08 20:32:44] MOVE chetan (lawn green): 66→46 [0.2ms]
[2026-05-08 20:32:44] MOVE asha (gray0): 18→9 [0.1ms]
[2026-05-08 20:32:44] MOVE chetan (lawn green): 46→66 [0.1ms]
[2026-05-08 20:32:45] MOVE asha (gray0): 9→18 [0.1ms]
[2026-05-08 20:32:45] MOVE chetan (lawn green): 66→46 [0.1ms]
[2026-05-08 20:32:45] MOVE asha (gray0): 18→9 [0.1ms]
[2026-05-08 20:32:45] MOVE chetan (lawn green): 46→66 [0.1ms]
[2026-05-08 20:32:45] MOVE asha (gray0): 9→18 [0.1ms]
[2026-05-08 20:32:45] MOVE chetan (lawn green): 66→46 [0.1ms]
[2026-05-08 20:32:46] MOVE asha (gray0): 18→9 [0.1ms]
[2026-05-08 20:32:46] MOVE chetan (lawn green): 46→66 [0.1ms]
[2026-05-08 20:32:46] MOVE asha (gray0): 9→18 [0.1ms]
[2026-05-08 20:32:46] MOVE chetan (lawn green): 66→46 [0.1ms]
[2026-05-08 20:32:46] MOVE asha (gray0): 18→9 [0.1ms]
[2026-05-08 20:32:46] MOVE chetan (lawn green): 46→66 [0.1ms]
[2026-05-08 20:32:46] MOVE asha (gray0): 9→18 [0.1ms]
[2026-05-08 20:32:47] MOVE chetan (lawn green): 66→46 [0.1ms]
[2026-05-08 20:32:47] MOVE asha (gray0): 18→9 [0.1ms]
[2026-05-08 20:32:47] MOVE chetan (lawn green): 46→66 [0.3ms]
[2026-05-08 20:32:47] MOVE asha (gray0): 9→18 [0.1ms]
[2026-05-08 20:32:47] MOVE chetan (lawn green): 66→46 [0.3ms]
[2026-05-08 20:32:47] MOVE asha (gray0): 18→9 [0.1ms]
[2026-05-08 20:32:48] MOVE chetan (lawn green): 46→66 [0.1ms]
[2026-05-08 20:32:48] MOVE asha (gray0): 9→18 [0.1ms]
[2026-05-08 20:32:48] MOVE chetan (lawn green): 66→46 [0.1ms]
[2026-05-08 20:32:48] MOVE asha (gray0): 18→9 [0.1ms]
[2026-05-08 20:32:48] MOVE chetan (lawn green): 46→66 [0.1ms]
[2026-05-08 20:32:49] MOVE asha (gray0): 9→18 [0.1ms]
[2026-05-08 20:32:49] MOVE chetan (lawn green): 66→46 [0.1ms]
[2026-05-08 20:32:49] MOVE asha (gray0): 18→9 [0.1ms]
[2026-05-08 20:32:49] MOVE chetan (lawn green): 46→66 [0.2ms]
[2026-05-08 20:32:49] MOVE asha (gray0): 9→18 [0.1ms]
[2026-05-08 20:32:49] MOVE chetan (lawn green): 66→46 [0.1ms]
[2026-05-08 20:32:50] MOVE asha (gray0): 18→9 [0.1ms]
[2026-05-08 20:32:50] MOVE chetan (lawn green): 46→66 [0.2ms]
[2026-05-08 20:32:50] MOVE asha (gray0): 9→18 [0.1ms]
[2026-05-08 20:32:50] MOVE chetan (lawn green): 66→46 [0.1ms]
[2026-05-08 20:32:50] MOVE asha (gray0): 18→9 [0.1ms]
[2026-05-08 20:32:50] MOVE chetan (lawn green): 46→66 [0.2ms]
[2026-05-08 20:32:51] MOVE asha (gray0): 9→18 [0.1ms]
[2026-05-08 20:32:51] MOVE chetan (lawn green): 66→46 [0.1ms]
[2026-05-08 20:32:51] MOVE asha (gray0): 18→9 [0.1ms]
[2026-05-08 20:32:51] MOVE chetan (lawn green): 46→66 [0.1ms]
[2026-05-08 20:32:51] MOVE asha (gray0): 9→18 [0.1ms]
[2026-05-08 20:32:51] MOVE chetan (lawn green): 66→46 [0.2ms]
[2026-05-08 20:32:52] MOVE asha (gray0): 18→9 [0.1ms]
[2026-05-08 20:32:52] MOVE chetan (lawn green): 46→66 [0.2ms]
[2026-05-08 20:32:52] MOVE asha (gray0): 9→18 [0.1ms]
[2026-05-08 20:32:52] MOVE chetan (lawn green): 66→46 [0.1ms]
[2026-05-08 20:32:52] MOVE asha (gray0): 18→9 [0.1ms]
[2026-05-08 20:32:53] MOVE chetan (lawn green): 46→66 [0.1ms]
[2026-05-08 20:32:53] MOVE asha (gray0): 9→18 [0.1ms]
[2026-05-08 20:32:53] MOVE chetan (lawn green): 66→46 [0.1ms]
[2026-05-08 20:32:53] MOVE asha (gray0): 18→9 [0.1ms]
[2026-05-08 20:32:53] MOVE chetan (lawn green): 46→66 [0.2ms]
[2026-05-08 20:32:53] MOVE asha (gray0): 9→18 [0.1ms]
[2026-05-08 20:32:54] MOVE chetan (lawn green): 66→46 [0.3ms]
[2026-05-08 20:32:54] MOVE asha (gray0): 18→9 [0.1ms]
[2026-05-08 20:32:54] MOVE chetan (lawn green): 46→66 [0.3ms]
[2026-05-08 20:32:54] MOVE asha (gray0): 9→18 [0.3ms]
[2026-05-08 20:32:54] MOVE chetan (lawn green): 66→46 [0.1ms]
[2026-05-08 20:32:55] MOVE asha (gray0): 18→9 [0.1ms]
[2026-05-08 20:32:55] MOVE chetan (lawn green): 46→66 [0.1ms]
[2026-05-08 20:32:55] MOVE asha (gray0): 9→18 [0.1ms]
[2026-05-08 20:32:55] MOVE chetan (lawn green): 66→46 [0.1ms]
[2026-05-08 20:32:55] MOVE asha (gray0): 18→9 [0.1ms]
[2026-05-08 20:32:56] MOVE chetan (lawn green): 46→66 [0.2ms]
[2026-05-08 20:32:56] MOVE asha (gray0): 9→18 [0.1ms]
[2026-05-08 20:32:56] MOVE chetan (lawn green): 66→46 [0.1ms]
[2026-05-08 20:32:56] MOVE asha (gray0): 18→9 [1.1ms]
[2026-05-08 20:32:56] MOVE chetan (lawn green): 46→66 [0.1ms]
[2026-05-08 20:32:57] MOVE asha (gray0): 9→18 [0.3ms]
[2026-05-08 20:32:57] MOVE chetan (lawn green): 66→46 [0.1ms]
[2026-05-08 20:32:57] MOVE asha (gray0): 18→9 [0.1ms]
[2026-05-08 20:32:57] MOVE chetan (lawn green): 46→66 [0.1ms]
[2026-05-08 20:32:57] MOVE asha (gray0): 9→18 [0.1ms]
[2026-05-08 20:32:57] MOVE chetan (lawn green): 66→46 [0.1ms]
[2026-05-08 20:32:57] MOVE asha (gray0): 18→9 [0.2ms]
[2026-05-08 20:32:58] MOVE chetan (lawn green): 46→66 [0.1ms]
[2026-05-08 20:32:58] MOVE asha (gray0): 9→18 [0.2ms]
[2026-05-08 20:32:58] MOVE chetan (lawn green): 66→46 [0.1ms]
[2026-05-08 20:32:58] MOVE asha (gray0): 18→9 [0.1ms]
[2026-05-08 20:32:58] MOVE chetan (lawn green): 46→66 [0.1ms]
[2026-05-08 20:32:58] MOVE asha (gray0): 9→18 [0.2ms]
[2026-05-08 20:32:59] MOVE chetan (lawn green): 66→46 [0.1ms]
[2026-05-08 20:32:59] MOVE asha (gray0): 18→9 [0.2ms]
[2026-05-08 20:32:59] MOVE chetan (lawn green): 46→66 [0.1ms]
[2026-05-08 20:32:59] MOVE asha (gray0): 9→18 [0.1ms]
[2026-05-08 20:32:59] MOVE chetan (lawn green): 66→46 [0.1ms]
[2026-05-08 20:32:59] MOVE asha (gray0): 18→9 [0.1ms]
[2026-05-08 20:33:00] MOVE chetan (lawn green): 46→66 [0.2ms]
[2026-05-08 20:33:00] MOVE asha (gray0): 9→18 [0.1ms]
[2026-05-08 20:33:00] MOVE chetan (lawn green): 66→46 [0.1ms]
[2026-05-08 20:33:00] MOVE asha (gray0): 18→9 [0.3ms]
[2026-05-08 20:33:01] MOVE chetan (lawn green): 46→66 [0.1ms]
[2026-05-08 20:33:01] MOVE asha (gray0): 9→18 [0.1ms]
[2026-05-08 20:33:01] MOVE chetan (lawn green): 66→46 [0.1ms]
[2026-05-08 20:33:01] MOVE asha (gray0): 18→9 [0.1ms]
[2026-05-08 20:33:01] MOVE chetan (lawn green): 46→66 [0.1ms]
[2026-05-08 20:33:02] MOVE asha (gray0): 9→18 [0.1ms]
[2026-05-08 20:33:02] MOVE chetan (lawn green): 66→46 [0.1ms]
[2026-05-08 20:33:02] MOVE asha (gray0): 18→9 [0.1ms]
[2026-05-08 20:33:02] MOVE chetan (lawn green): 46→66 [0.1ms]
[2026-05-08 20:33:02] MOVE asha (gray0): 9→18 [0.2ms]
[2026-05-08 20:33:02] MOVE chetan (lawn green): 66→46 [0.2ms]
[2026-05-08 20:33:03] MOVE asha (gray0): 18→9 [0.1ms]
[2026-05-08 20:33:03] MOVE chetan (lawn green): 46→66 [0.1ms]
[2026-05-08 20:33:03] MOVE asha (gray0): 9→18 [0.1ms]
[2026-05-08 20:33:03] MOVE chetan (lawn green): 66→46 [0.1ms]
[2026-05-08 20:33:03] MOVE asha (gray0): 18→9 [0.1ms]
[2026-05-08 20:33:04] MOVE chetan (lawn green): 46→66 [0.4ms]
[2026-05-08 20:33:04] MOVE asha (gray0): 9→18 [0.1ms]
[2026-05-08 20:33:04] MOVE chetan (lawn green): 66→46 [0.1ms]
[2026-05-08 20:33:04] MOVE asha (gray0): 18→9 [0.1ms]
[2026-05-08 20:33:04] MOVE chetan (lawn green): 46→66 [0.1ms]
[2026-05-08 20:33:04] MOVE asha (gray0): 9→18 [0.1ms]
[2026-05-08 20:33:05] MOVE chetan (lawn green): 66→46 [0.1ms]
[2026-05-08 20:33:05] MOVE asha (gray0): 18→9 [0.2ms]
[2026-05-08 20:33:05] MOVE chetan (lawn green): 46→66 [0.1ms]
[2026-05-08 20:33:05] MOVE asha (gray0): 9→18 [0.1ms]
[2026-05-08 20:33:05] MOVE chetan (lawn green): 66→46 [0.1ms]
[2026-05-08 20:33:05] MOVE asha (gray0): 18→9 [0.1ms]
[2026-05-08 20:33:06] MOVE chetan (lawn green): 46→66 [0.1ms]
[2026-05-08 20:33:06] MOVE asha (gray0): 9→18 [0.1ms]
[2026-05-08 20:33:06] MOVE chetan (lawn green): 66→46 [0.1ms]
[2026-05-08 20:33:06] MOVE asha (gray0): 18→9 [0.1ms]
[2026-05-08 20:33:06] MOVE chetan (lawn green): 46→66 [0.5ms]
[2026-05-08 20:33:06] MOVE asha (gray0): 9→18 [0.1ms]
[2026-05-08 20:33:07] MOVE chetan (lawn green): 66→46 [0.1ms]
[2026-05-08 20:33:07] MOVE asha (gray0): 18→9 [0.1ms]
[2026-05-08 20:33:07] MOVE chetan (lawn green): 46→66 [0.1ms]
[2026-05-08 20:33:07] MOVE asha (gray0): 9→18 [0.1ms]
[2026-05-08 20:33:07] MOVE chetan (lawn green): 66→46 [0.1ms]
[2026-05-08 20:33:08] MOVE asha (gray0): 18→9 [0.1ms]
[2026-05-08 20:33:08] MOVE chetan (lawn green): 46→66 [0.1ms]
[2026-05-08 20:33:08] MOVE asha (gray0): 9→18 [0.1ms]
[2026-05-08 20:33:08] MOVE chetan (lawn green): 66→46 [0.1ms]
[2026-05-08 20:33:08] MOVE asha (gray0): 18→9 [0.1ms]
[2026-05-08 20:33:09] MOVE chetan (lawn green): 46→66 [0.1ms]
[2026-05-08 20:33:09] MOVE asha (gray0): 9→18 [0.5ms]
[2026-05-08 20:33:09] MOVE chetan (lawn green): 66→46 [0.1ms]
[2026-05-08 20:33:09] MOVE asha (gray0): 18→9 [0.1ms]
[2026-05-08 20:33:09] MOVE chetan (lawn green): 46→66 [0.1ms]
[2026-05-08 20:33:10] MOVE asha (gray0): 9→18 [0.1ms]
[2026-05-08 20:33:10] MOVE chetan (lawn green): 66→46 [0.1ms]
[2026-05-08 20:33:10] MOVE asha (gray0): 18→9 [0.1ms]
[2026-05-08 20:33:10] MOVE chetan (lawn green): 46→66 [0.1ms]
[2026-05-08 20:33:10] MOVE asha (gray0): 9→18 [0.1ms]
[2026-05-08 20:33:10] MOVE chetan (lawn green): 66→46 [0.1ms]
[2026-05-08 20:33:11] MOVE asha (gray0): 18→9 [0.1ms]
[2026-05-08 20:33:11] MOVE chetan (lawn green): 46→66 [0.1ms]
[2026-05-08 20:33:11] MOVE asha (gray0): 9→18 [0.1ms]
[2026-05-08 20:33:11] MOVE chetan (lawn green): 66→46 [0.1ms]
[2026-05-08 20:33:11] MOVE asha (gray0): 18→9 [0.1ms]
[2026-05-08 20:33:11] MOVE chetan (lawn green): 46→66 [0.1ms]
[2026-05-08 20:33:12] MOVE asha (gray0): 9→18 [0.1ms]
[2026-05-08 20:33:12] MOVE chetan (lawn green): 66→46 [0.7ms]
[2026-05-08 20:33:12] MOVE asha (gray0): 18→9 [0.1ms]
[2026-05-08 20:33:12] MOVE chetan (lawn green): 46→66 [0.1ms]
[2026-05-08 20:33:12] MOVE asha (gray0): 9→18 [0.1ms]
[2026-05-08 20:33:13] MOVE chetan (lawn green): 66→46 [0.1ms]
[2026-05-08 20:33:13] MOVE asha (gray0): 18→9 [0.1ms]
[2026-05-08 20:33:13] MOVE chetan (lawn green): 46→66 [0.1ms]
[2026-05-08 20:33:13] MOVE asha (gray0): 9→18 [0.1ms]
[2026-05-08 20:33:13] MOVE chetan (lawn green): 66→46 [0.1ms]
[2026-05-08 20:33:13] MOVE asha (gray0): 18→9 [0.1ms]
[2026-05-08 20:33:14] MOVE chetan (lawn green): 46→66 [0.1ms]
[2026-05-08 20:33:14] MOVE asha (gray0): 9→18 [0.1ms]
[2026-05-08 20:33:14] MOVE chetan (lawn green): 66→46 [0.1ms]
[2026-05-08 20:33:14] MOVE asha (gray0): 18→9 [0.1ms]
[2026-05-08 20:33:14] MOVE chetan (lawn green): 46→66 [0.1ms]
[2026-05-08 20:33:15] MOVE asha (gray0): 9→18 [0.1ms]
[2026-05-08 20:33:15] MOVE chetan (lawn green): 66→46 [0.2ms]
[2026-05-08 20:33:15] MOVE asha (gray0): 18→9 [0.1ms]
[2026-05-08 20:33:15] MOVE chetan (lawn green): 46→66 [0.1ms]
[2026-05-08 20:33:16] MOVE asha (gray0): 9→18 [0.1ms]
[2026-05-08 20:33:16] MOVE chetan (lawn green): 66→46 [0.1ms]
[2026-05-08 20:33:16] MOVE asha (gray0): 18→9 [0.2ms]
[2026-05-08 20:33:16] MOVE chetan (lawn green): 46→66 [0.1ms]
[2026-05-08 20:33:16] MOVE asha (gray0): 9→18 [0.3ms]
[2026-05-08 20:33:16] MOVE chetan (lawn green): 66→46 [0.1ms]
[2026-05-08 20:33:17] MOVE asha (gray0): 18→9 [3.6ms]
[2026-05-08 20:33:17] MOVE chetan (lawn green): 46→66 [0.1ms]
[2026-05-08 20:33:17] MOVE asha (gray0): 9→18 [0.1ms]
[2026-05-08 20:33:17] MOVE chetan (lawn green): 66→46 [0.4ms]
[2026-05-08 20:33:17] MOVE asha (gray0): 18→9 [0.1ms]
[2026-05-08 20:33:17] MOVE chetan (lawn green): 46→66 [0.1ms]
[2026-05-08 20:33:17] MOVE asha (gray0): 9→18 [0.1ms]
[2026-05-08 20:33:18] MOVE chetan (lawn green): 66→46 [0.1ms]
[2026-05-08 20:33:18] MOVE asha (gray0): 18→9 [0.1ms]
[2026-05-08 20:33:18] MOVE chetan (lawn green): 46→66 [0.1ms]
[2026-05-08 20:33:18] MOVE asha (gray0): 9→18 [0.2ms]
[2026-05-08 20:33:19] MOVE chetan (lawn green): 66→46 [0.1ms]
[2026-05-08 20:33:19] MOVE asha (gray0): 18→9 [0.1ms]
[2026-05-08 20:33:20] MOVE chetan (lawn green): 46→66 [0.4ms]
[2026-05-08 20:33:20] MOVE asha (gray0): 9→18 [0.1ms]
[2026-05-08 20:33:20] MOVE chetan (lawn green): 66→46 [0.1ms]
[2026-05-08 20:33:20] MOVE asha (gray0): 18→9 [0.1ms]
[2026-05-08 20:33:20] MOVE chetan (lawn green): 46→66 [0.1ms]
[2026-05-08 20:33:20] MOVE asha (gray0): 9→18 [0.1ms]
[2026-05-08 20:33:21] MOVE chetan (lawn green): 66→46 [0.4ms]
[2026-05-08 20:33:21] MOVE asha (gray0): 18→9 [0.2ms]
[2026-05-08 20:33:21] MOVE chetan (lawn green): 46→66 [0.1ms]
[2026-05-08 20:33:21] MOVE asha (gray0): 9→18 [0.1ms]
[2026-05-08 20:33:21] MOVE chetan (lawn green): 66→46 [0.1ms]
[2026-05-08 20:33:22] MOVE asha (gray0): 18→9 [0.1ms]
[2026-05-08 20:33:22] MOVE chetan (lawn green): 46→66 [0.1ms]
[2026-05-08 20:33:22] MOVE asha (gray0): 9→18 [0.1ms]
[2026-05-08 20:33:22] MOVE chetan (lawn green): 66→46 [0.1ms]
[2026-05-08 20:33:22] MOVE asha (gray0): 18→9 [2.1ms]
[2026-05-08 20:33:22] MOVE chetan (lawn green): 46→66 [0.1ms]
[2026-05-08 20:33:22] MOVE asha (gray0): 9→18 [0.1ms]
[2026-05-08 20:33:23] MOVE chetan (lawn green): 66→46 [0.1ms]
[2026-05-08 20:33:23] MOVE asha (gray0): 18→9 [0.1ms]
[2026-05-08 20:33:23] MOVE chetan (lawn green): 46→66 [0.5ms]
[2026-05-08 20:33:23] MOVE asha (gray0): 9→18 [0.1ms]
[2026-05-08 20:33:23] MOVE chetan (lawn green): 66→46 [0.1ms]
[2026-05-08 20:33:23] MOVE asha (gray0): 18→9 [0.1ms]
[2026-05-08 20:33:24] MOVE chetan (lawn green): 46→66 [0.1ms]
[2026-05-08 20:33:24] MOVE asha (gray0): 9→18 [0.1ms]
[2026-05-08 20:33:24] MOVE chetan (lawn green): 66→46 [0.1ms]
[2026-05-08 20:33:24] MOVE asha (gray0): 18→9 [0.1ms]
[2026-05-08 20:33:24] MOVE chetan (lawn green): 46→66 [0.2ms]
[2026-05-08 20:33:25] MOVE asha (gray0): 9→18 [0.1ms]
[2026-05-08 20:33:25] MOVE chetan (lawn green): 66→46 [0.1ms]
[2026-05-08 20:33:25] MOVE asha (gray0): 18→9 [0.4ms]
[2026-05-08 20:33:25] MOVE chetan (lawn green): 46→66 [0.1ms]
[2026-05-08 20:33:25] MOVE asha (gray0): 9→18 [0.1ms]
[2026-05-08 20:33:25] MOVE chetan (lawn green): 66→46 [0.1ms]
[2026-05-08 20:33:26] MOVE asha (gray0): 18→9 [0.2ms]
[2026-05-08 20:33:26] MOVE chetan (lawn green): 46→66 [0.1ms]
[2026-05-08 20:33:26] MOVE asha (gray0): 9→18 [0.1ms]
[2026-05-08 20:33:26] MOVE chetan (lawn green): 66→46 [0.2ms]
[2026-05-08 20:33:26] MOVE asha (gray0): 18→9 [0.1ms]
[2026-05-08 20:33:27] MOVE chetan (lawn green): 46→66 [0.1ms]
[2026-05-08 20:33:27] MOVE asha (gray0): 9→18 [0.1ms]
[2026-05-08 20:33:27] MOVE chetan (lawn green): 66→46 [0.2ms]
[2026-05-08 20:33:27] MOVE asha (gray0): 18→9 [0.1ms]
[2026-05-08 20:33:27] MOVE chetan (lawn green): 46→66 [0.1ms]
[2026-05-08 20:33:28] MOVE asha (gray0): 9→18 [0.2ms]
[2026-05-08 20:33:28] MOVE chetan (lawn green): 66→46 [0.1ms]
[2026-05-08 20:33:28] MOVE asha (gray0): 18→9 [0.1ms]
[2026-05-08 20:33:28] MOVE chetan (lawn green): 46→66 [0.1ms]
[2026-05-08 20:33:28] MOVE asha (gray0): 9→18 [0.1ms]
[2026-05-08 20:33:28] MOVE chetan (lawn green): 66→46 [0.1ms]
[2026-05-08 20:33:28] MOVE asha (gray0): 18→9 [0.1ms]
[2026-05-08 20:33:29] MOVE chetan (lawn green): 46→66 [0.1ms]
[2026-05-08 20:33:29] MOVE asha (gray0): 9→18 [0.1ms]
[2026-05-08 20:33:29] MOVE chetan (lawn green): 66→46 [0.1ms]
[2026-05-08 20:33:29] MOVE asha (gray0): 18→9 [0.1ms]
[2026-05-08 20:33:29] MOVE chetan (lawn green): 46→66 [0.2ms]
[2026-05-08 20:33:30] MOVE asha (gray0): 9→18 [0.1ms]
[2026-05-08 20:33:30] MOVE chetan (lawn green): 66→46 [0.1ms]
[2026-05-08 20:33:30] MOVE asha (gray0): 18→9 [0.2ms]
[2026-05-08 20:33:30] MOVE chetan (lawn green): 46→66 [0.1ms]
[2026-05-08 20:33:30] MOVE asha (gray0): 9→18 [0.1ms]
[2026-05-08 20:33:30] MOVE chetan (lawn green): 66→46 [0.1ms]
[2026-05-08 20:33:31] MOVE asha (gray0): 18→9 [0.1ms]
[2026-05-08 20:33:31] MOVE chetan (lawn green): 46→66 [0.1ms]
[2026-05-08 20:33:31] MOVE asha (gray0): 9→18 [0.1ms]
[2026-05-08 20:33:31] MOVE chetan (lawn green): 66→46 [0.1ms]
[2026-05-08 20:33:31] MOVE asha (gray0): 18→9 [0.1ms]
[2026-05-08 20:33:32] MOVE chetan (lawn green): 46→66 [0.1ms]
[2026-05-08 20:33:32] MOVE asha (gray0): 9→18 [0.1ms]
[2026-05-08 20:33:32] MOVE chetan (lawn green): 66→46 [0.1ms]
[2026-05-08 20:33:32] MOVE asha (gray0): 18→9 [0.1ms]
[2026-05-08 20:33:32] MOVE chetan (lawn green): 46→66 [0.1ms]
[2026-05-08 20:33:32] MOVE asha (gray0): 9→18 [0.1ms]
[2026-05-08 20:33:33] MOVE chetan (lawn green): 66→46 [0.1ms]
[2026-05-08 20:33:33] MOVE asha (gray0): 18→9 [0.3ms]
[2026-05-08 20:33:33] MOVE chetan (lawn green): 46→66 [0.1ms]
[2026-05-08 20:33:33] MOVE asha (gray0): 9→18 [0.1ms]
[2026-05-08 20:33:34] MOVE chetan (lawn green): 66→46 [0.1ms]
[2026-05-08 20:33:34] MOVE asha (gray0): 18→9 [0.2ms]
[2026-05-08 20:33:34] MOVE chetan (lawn green): 46→66 [0.2ms]
[2026-05-08 20:33:34] MOVE asha (gray0): 9→18 [0.2ms]
[2026-05-08 20:33:34] MOVE chetan (lawn green): 66→46 [0.1ms]
[2026-05-08 20:33:34] MOVE asha (gray0): 18→9 [0.1ms]
[2026-05-08 20:33:35] MOVE chetan (lawn green): 46→66 [0.2ms]
[2026-05-08 20:33:35] MOVE asha (gray0): 9→18 [0.7ms]
[2026-05-08 20:33:35] MOVE chetan (lawn green): 66→46 [0.1ms]
[2026-05-08 20:33:35] MOVE asha (gray0): 18→9 [0.1ms]
[2026-05-08 20:33:35] MOVE chetan (lawn green): 46→66 [0.1ms]
[2026-05-08 20:33:36] MOVE asha (gray0): 9→18 [0.1ms]
[2026-05-08 20:33:36] MOVE chetan (lawn green): 66→46 [0.1ms]
[2026-05-08 20:33:36] MOVE asha (gray0): 18→9 [0.1ms]
[2026-05-08 20:33:36] MOVE chetan (lawn green): 46→66 [0.1ms]
[2026-05-08 20:33:36] MOVE asha (gray0): 9→18 [0.1ms]
[2026-05-08 20:33:36] MOVE chetan (lawn green): 66→46 [0.1ms]
[2026-05-08 20:33:37] MOVE asha (gray0): 18→9 [0.1ms]
[2026-05-08 20:33:37] MOVE chetan (lawn green): 46→66 [0.3ms]
[2026-05-08 20:33:37] MOVE asha (gray0): 9→18 [0.1ms]
[2026-05-08 20:33:37] MOVE chetan (lawn green): 66→46 [0.1ms]
[2026-05-08 20:33:37] MOVE asha (gray0): 18→9 [0.1ms]
[2026-05-08 20:33:38] MOVE chetan (lawn green): 46→66 [0.1ms]
[2026-05-08 20:33:38] MOVE asha (gray0): 9→18 [0.1ms]
[2026-05-08 20:33:38] MOVE chetan (lawn green): 66→46 [0.1ms]
[2026-05-08 20:33:38] MOVE asha (gray0): 18→9 [0.1ms]
[2026-05-08 20:33:38] MOVE chetan (lawn green): 46→66 [0.1ms]
[2026-05-08 20:33:38] MOVE asha (gray0): 9→18 [6.8ms]
[2026-05-08 20:33:39] MOVE chetan (lawn green): 66→46 [0.1ms]
[2026-05-08 20:33:39] MOVE asha (gray0): 18→9 [0.1ms]
[2026-05-08 20:33:39] MOVE chetan (lawn green): 46→66 [0.1ms]
[2026-05-08 20:33:39] MOVE asha (gray0): 9→18 [0.1ms]
[2026-05-08 20:33:39] MOVE chetan (lawn green): 66→46 [0.1ms]
[2026-05-08 20:33:40] MOVE asha (gray0): 18→9 [0.1ms]
[2026-05-08 20:33:40] MOVE chetan (lawn green): 46→66 [0.1ms]
[2026-05-08 20:33:40] MOVE asha (gray0): 9→18 [0.1ms]
[2026-05-08 20:33:40] MOVE chetan (lawn green): 66→46 [0.1ms]
[2026-05-08 20:33:40] MOVE asha (gray0): 18→9 [0.2ms]
[2026-05-08 20:33:41] MOVE chetan (lawn green): 46→66 [0.1ms]
[2026-05-08 20:33:41] MOVE asha (gray0): 9→18 [0.1ms]
[2026-05-08 20:33:41] MOVE chetan (lawn green): 66→46 [0.1ms]
[2026-05-08 20:33:41] MOVE asha (gray0): 18→9 [0.3ms]
[2026-05-08 20:33:41] MOVE chetan (lawn green): 46→66 [0.1ms]
[2026-05-08 20:33:41] MOVE asha (gray0): 9→18 [0.1ms]
[2026-05-08 20:33:42] MOVE chetan (lawn green): 66→46 [0.1ms]
[2026-05-08 20:33:42] SCORE chetan (lawn green): Final=896.0, Time=0.0, Moves(653)=0.0, Pins(7)=700.0, Dist=196.0
[2026-05-08 20:33:42] SCORE asha (gray0): Final=1099.0, Time=0.0, Moves(652)=0.0, Pins(9)=900.0, Dist=199.0
[2026-05-08 20:33:42] GAME TIME LIMIT REACHED.
[2026-05-08 20:33:42] SCORE chetan (lawn green): Final=896.0, Time=0.0, Moves(653)=0.0, Pins(7)=700.0, Dist=196.0
[2026-05-08 20:33:42] SCORE asha (gray0): Final=1099.0, Time=0.0, Moves(652)=0.0, Pins(9)=900.0, Dist=199.0
[2026-05-08 20:33:42] GAME TIME LIMIT REACHED.
