[2026-05-08 19:31:49] GAME CREATED
[2026-05-08 19:31:54] PLAYER JOINED: chetan as lawn green
[2026-05-08 19:31:58] PLAYER JOINED: asha as gray0
[2026-05-08 19:32:01] GAME STARTED — turn order: ['lawn green', 'gray0']
[2026-05-08 19:32:02] MOVE chetan (lawn green): 55→54 [0.1ms]
[2026-05-08 19:32:03] MOVE asha (gray0): 101→102 [0.1ms]
[2026-05-08 19:32:03] MOVE chetan (lawn green): 54→64 [0.2ms]
[2026-05-08 19:32:04] MOVE asha (gray0): 102→111 [0.1ms]
[2026-05-08 19:32:05] MOVE chetan (lawn green): 64→63 [0.1ms]
[2026-05-08 19:32:05] MOVE asha (gray0): 111→112 [0.1ms]
[2026-05-08 19:32:06] MOVE chetan (lawn green): 63→72 [0.2ms]
[2026-05-08 19:32:07] MOVE asha (gray0): 112→116 [0.1ms]
[2026-05-08 19:32:08] MOVE chetan (lawn green): 72→83 [0.1ms]
[2026-05-08 19:32:08] MOVE asha (gray0): 100→101 [0.2ms]
[2026-05-08 19:32:09] MOVE chetan (lawn green): 83→82 [0.1ms]
[2026-05-08 19:32:10] MOVE asha (gray0): 116→119 [0.1ms]
[2026-05-08 19:32:11] MOVE chetan (lawn green): 82→94 [0.2ms]
[2026-05-08 19:32:12] MOVE asha (gray0): 119→118 [0.1ms]
[2026-05-08 19:32:12] MOVE chetan (lawn green): 45→55 [0.3ms]
[2026-05-08 19:32:13] MOVE asha (gray0): 118→119 [0.1ms]
[2026-05-08 19:32:14] MOVE chetan (lawn green): 94→95 [0.1ms]
[2026-05-08 19:32:15] MOVE asha (gray0): 119→120 [0.1ms]
[2026-05-08 19:32:16] MOVE chetan (lawn green): 95→107 [0.1ms]
[2026-05-08 19:32:16] MOVE asha (gray0): 101→100 [0.2ms]
[2026-05-08 19:32:17] MOVE chetan (lawn green): 107→106 [0.1ms]
[2026-05-08 19:32:18] MOVE asha (gray0): 120→119 [0.1ms]
[2026-05-08 19:32:19] MOVE chetan (lawn green): 106→114 [0.1ms]
[2026-05-08 19:32:19] MOVE asha (gray0): 119→117 [0.1ms]
[2026-05-08 19:32:20] MOVE chetan (lawn green): 114→106 [0.1ms]
[2026-05-08 19:32:21] MOVE asha (gray0): 117→119 [0.1ms]
[2026-05-08 19:32:22] MOVE chetan (lawn green): 106→107 [0.1ms]
[2026-05-08 19:32:22] MOVE asha (gray0): 119→120 [0.1ms]
[2026-05-08 19:32:23] MOVE chetan (lawn green): 44→45 [0.2ms]
[2026-05-08 19:32:24] MOVE asha (gray0): 120→118 [0.1ms]
[2026-05-08 19:32:25] MOVE chetan (lawn green): 21→44 [0.2ms]
[2026-05-08 19:32:26] MOVE asha (gray0): 118→120 [0.1ms]
[2026-05-08 19:32:26] MOVE chetan (lawn green): 107→108 [0.2ms]
[2026-05-08 19:32:27] MOVE asha (gray0): 120→119 [0.1ms]
[2026-05-08 19:32:28] MOVE chetan (lawn green): 108→109 [0.2ms]
[2026-05-08 19:32:29] MOVE asha (gray0): 119→120 [0.1ms]
[2026-05-08 19:32:29] MOVE chetan (lawn green): 45→43 [0.1ms]
[2026-05-08 19:32:30] MOVE asha (gray0): 120→119 [0.1ms]
[2026-05-08 19:32:31] MOVE chetan (lawn green): 109→110 [0.1ms]
[2026-05-08 19:32:32] MOVE asha (gray0): 119→117 [0.1ms]
[2026-05-08 19:32:33] MOVE chetan (lawn green): 43→31 [0.1ms]
[2026-05-08 19:32:33] MOVE asha (gray0): 117→119 [0.1ms]
[2026-05-08 19:32:34] MOVE chetan (lawn green): 31→43 [0.1ms]
[2026-05-08 19:32:35] MOVE asha (gray0): 100→101 [0.1ms]
[2026-05-08 19:32:36] MOVE chetan (lawn green): 110→109 [0.1ms]
[2026-05-08 19:32:36] MOVE asha (gray0): 88→100 [0.2ms]
[2026-05-08 19:32:37] MOVE chetan (lawn green): 109→110 [0.2ms]
[2026-05-08 19:32:38] MOVE asha (gray0): 65→56 [0.1ms]
[2026-05-08 19:32:39] MOVE chetan (lawn green): 110→109 [0.1ms]
[2026-05-08 19:32:39] MOVE asha (gray0): 119→117 [0.1ms]
[2026-05-08 19:32:40] MOVE chetan (lawn green): 109→110 [0.1ms]
[2026-05-08 19:32:41] MOVE asha (gray0): 76→77 [0.2ms]
[2026-05-08 19:32:42] MOVE chetan (lawn green): 110→97 [0.2ms]
[2026-05-08 19:32:43] MOVE asha (gray0): 117→119 [0.1ms]
[2026-05-08 19:32:43] MOVE chetan (lawn green): 97→110 [0.1ms]
[2026-05-08 19:32:44] MOVE asha (gray0): 119→117 [0.2ms]
[2026-05-08 19:32:45] MOVE chetan (lawn green): 110→109 [0.1ms]
[2026-05-08 19:32:46] MOVE asha (gray0): 117→114 [0.1ms]
[2026-05-08 19:32:46] MOVE chetan (lawn green): 109→110 [0.1ms]
[2026-05-08 19:32:47] MOVE asha (gray0): 114→105 [0.2ms]
[2026-05-08 19:32:48] MOVE chetan (lawn green): 44→54 [0.1ms]
[2026-05-08 19:32:49] MOVE asha (gray0): 105→114 [0.1ms]
[2026-05-08 19:32:49] MOVE chetan (lawn green): 110→97 [0.1ms]
[2026-05-08 19:32:50] MOVE asha (gray0): 114→117 [0.1ms]
[2026-05-08 19:32:51] MOVE chetan (lawn green): 97→110 [0.2ms]
[2026-05-08 19:32:52] MOVE asha (gray0): 117→113 [0.1ms]
[2026-05-08 19:32:52] MOVE chetan (lawn green): 110→109 [0.1ms]
[2026-05-08 19:32:53] MOVE asha (gray0): 113→117 [0.1ms]
[2026-05-08 19:32:54] MOVE chetan (lawn green): 19→18 [0.1ms]
[2026-05-08 19:32:55] MOVE asha (gray0): 117→119 [0.1ms]
[2026-05-08 19:32:55] MOVE chetan (lawn green): 55→64 [0.2ms]
[2026-05-08 19:32:56] MOVE asha (gray0): 101→89 [0.1ms]
[2026-05-08 19:32:57] MOVE chetan (lawn green): 109→110 [0.1ms]
[2026-05-08 19:32:58] MOVE asha (gray0): 89→101 [0.1ms]
[2026-05-08 19:32:59] MOVE chetan (lawn green): 110→109 [0.3ms]
[2026-05-08 19:32:59] MOVE asha (gray0): 119→120 [0.1ms]
[2026-05-08 19:33:00] MOVE chetan (lawn green): 109→110 [0.1ms]
[2026-05-08 19:33:01] MOVE asha (gray0): 120→118 [0.1ms]
[2026-05-08 19:33:02] MOVE chetan (lawn green): 110→97 [0.1ms]
[2026-05-08 19:33:02] MOVE asha (gray0): 118→120 [0.1ms]
[2026-05-08 19:33:03] MOVE chetan (lawn green): 18→9 [0.2ms]
[2026-05-08 19:33:04] MOVE asha (gray0): 99→76 [0.1ms]
[2026-05-08 19:33:05] MOVE chetan (lawn green): 97→110 [0.1ms]
[2026-05-08 19:33:05] MOVE asha (gray0): 120→119 [0.2ms]
[2026-05-08 19:33:06] MOVE chetan (lawn green): 110→109 [0.1ms]
[2026-05-08 19:33:07] MOVE asha (gray0): 119→117 [0.1ms]
[2026-05-08 19:33:08] MOVE chetan (lawn green): 109→97 [0.3ms]
[2026-05-08 19:33:08] MOVE asha (gray0): 117→114 [0.1ms]
[2026-05-08 19:33:09] MOVE chetan (lawn green): 97→109 [0.1ms]
[2026-05-08 19:33:10] MOVE asha (gray0): 114→117 [0.1ms]
[2026-05-08 19:33:11] MOVE chetan (lawn green): 109→108 [0.1ms]
[2026-05-08 19:33:11] MOVE asha (gray0): 117→119 [0.1ms]
[2026-05-08 19:33:12] MOVE chetan (lawn green): 108→96 [0.1ms]
[2026-05-08 19:33:13] MOVE asha (gray0): 119→120 [0.1ms]
[2026-05-08 19:33:14] MOVE chetan (lawn green): 9→5 [0.2ms]
[2026-05-08 19:33:14] MOVE asha (gray0): 76→65 [0.2ms]
[2026-05-08 19:33:15] MOVE chetan (lawn green): 64→63 [0.1ms]
[2026-05-08 19:33:16] MOVE asha (gray0): 120→119 [0.1ms]
[2026-05-08 19:33:17] MOVE chetan (lawn green): 96→108 [0.2ms]
[2026-05-08 19:33:18] MOVE asha (gray0): 119→120 [0.1ms]
[2026-05-08 19:33:18] MOVE chetan (lawn green): 108→109 [0.1ms]
[2026-05-08 19:33:19] MOVE asha (gray0): 120→119 [0.2ms]
[2026-05-08 19:33:20] MOVE chetan (lawn green): 5→2 [0.1ms]
[2026-05-08 19:33:21] MOVE asha (gray0): 119→120 [0.2ms]
[2026-05-08 19:33:21] MOVE chetan (lawn green): 109→108 [0.1ms]
[2026-05-08 19:33:22] MOVE asha (gray0): 101→102 [0.2ms]
[2026-05-08 19:33:23] MOVE chetan (lawn green): 108→109 [0.2ms]
[2026-05-08 19:33:24] MOVE asha (gray0): 120→119 [0.2ms]
[2026-05-08 19:33:25] MOVE chetan (lawn green): 109→108 [0.2ms]
[2026-05-08 19:33:25] MOVE asha (gray0): 102→103 [0.1ms]
[2026-05-08 19:33:26] MOVE chetan (lawn green): 108→109 [0.1ms]
[2026-05-08 19:33:27] MOVE asha (gray0): 86→99 [0.1ms]
[2026-05-08 19:33:28] MOVE chetan (lawn green): 109→110 [0.2ms]
[2026-05-08 19:33:28] MOVE asha (gray0): 119→116 [0.1ms]
[2026-05-08 19:33:29] MOVE chetan (lawn green): 110→109 [0.2ms]
[2026-05-08 19:33:30] MOVE asha (gray0): 116→119 [0.2ms]
[2026-05-08 19:33:30] MOVE chetan (lawn green): 32→53 [0.2ms]
[2026-05-08 19:33:31] MOVE asha (gray0): 119→117 [0.1ms]
[2026-05-08 19:33:32] MOVE chetan (lawn green): 109→110 [0.1ms]
[2026-05-08 19:33:33] MOVE asha (gray0): 117→119 [0.2ms]
[2026-05-08 19:33:34] MOVE chetan (lawn green): 33→44 [0.1ms]
[2026-05-08 19:33:34] MOVE asha (gray0): 119→118 [0.1ms]
[2026-05-08 19:33:35] MOVE chetan (lawn green): 110→109 [0.1ms]
[2026-05-08 19:33:36] MOVE asha (gray0): 118→120 [0.1ms]
[2026-05-08 19:33:37] MOVE chetan (lawn green): 109→110 [0.1ms]
[2026-05-08 19:33:38] MOVE asha (gray0): 56→46 [0.1ms]
[2026-05-08 19:33:38] MOVE chetan (lawn green): 110→109 [0.1ms]
[2026-05-08 19:33:39] MOVE asha (gray0): 87→88 [0.1ms]
[2026-05-08 19:33:40] MOVE chetan (lawn green): 109→110 [0.1ms]
[2026-05-08 19:33:41] MOVE asha (gray0): 103→111 [0.1ms]
[2026-05-08 19:33:42] MOVE chetan (lawn green): 63→72 [0.1ms]
[2026-05-08 19:33:42] MOVE asha (gray0): 120→119 [0.1ms]
[2026-05-08 19:33:43] MOVE chetan (lawn green): 110→97 [0.1ms]
[2026-05-08 19:33:44] MOVE asha (gray0): 119→120 [0.5ms]
[2026-05-08 19:33:45] MOVE chetan (lawn green): 97→109 [0.1ms]
[2026-05-08 19:33:45] MOVE asha (gray0): 111→103 [0.1ms]
[2026-05-08 19:33:46] MOVE chetan (lawn green): 2→0 [0.2ms]
[2026-05-08 19:33:47] MOVE asha (gray0): 120→119 [0.1ms]
[2026-05-08 19:33:48] MOVE chetan (lawn green): 72→83 [0.2ms]
[2026-05-08 19:33:49] MOVE asha (gray0): 119→120 [0.1ms]
[2026-05-08 19:33:49] MOVE chetan (lawn green): 109→108 [0.1ms]
[2026-05-08 19:33:50] MOVE asha (gray0): 120→119 [0.1ms]
[2026-05-08 19:33:51] MOVE chetan (lawn green): 108→109 [0.1ms]
[2026-05-08 19:33:52] MOVE asha (gray0): 119→118 [0.1ms]
[2026-05-08 19:33:53] MOVE chetan (lawn green): 109→110 [0.3ms]
[2026-05-08 19:33:53] MOVE asha (gray0): 118→120 [0.3ms]
[2026-05-08 19:33:54] MOVE chetan (lawn green): 0→1 [0.1ms]
[2026-05-08 19:33:55] MOVE asha (gray0): 120→119 [0.2ms]
[2026-05-08 19:33:56] MOVE chetan (lawn green): 110→109 [0.1ms]
[2026-05-08 19:33:57] MOVE asha (gray0): 119→117 [0.1ms]
[2026-05-08 19:33:57] MOVE chetan (lawn green): 109→110 [0.1ms]
[2026-05-08 19:33:58] MOVE asha (gray0): 117→113 [0.1ms]
[2026-05-08 19:33:59] MOVE chetan (lawn green): 110→97 [0.1ms]
[2026-05-08 19:34:00] MOVE asha (gray0): 100→101 [0.2ms]
[2026-05-08 19:34:00] MOVE chetan (lawn green): 97→109 [0.1ms]
[2026-05-08 19:34:01] MOVE asha (gray0): 113→117 [0.1ms]
[2026-05-08 19:34:02] MOVE chetan (lawn green): 109→110 [0.1ms]
[2026-05-08 19:34:03] MOVE asha (gray0): 46→35 [0.2ms]
[2026-05-08 19:34:04] MOVE chetan (lawn green): 110→109 [0.1ms]
[2026-05-08 19:34:04] MOVE asha (gray0): 103→111 [0.2ms]
[2026-05-08 19:34:05] MOVE chetan (lawn green): 109→108 [0.2ms]
[2026-05-08 19:34:06] MOVE asha (gray0): 117→116 [0.2ms]
[2026-05-08 19:34:07] MOVE chetan (lawn green): 108→96 [0.1ms]
[2026-05-08 19:34:08] MOVE asha (gray0): 116→118 [0.1ms]
[2026-05-08 19:34:08] MOVE chetan (lawn green): 96→109 [0.1ms]
[2026-05-08 19:34:09] MOVE asha (gray0): 118→116 [0.1ms]
[2026-05-08 19:34:10] MOVE chetan (lawn green): 109→110 [0.1ms]
[2026-05-08 19:34:11] MOVE asha (gray0): 116→118 [0.1ms]
[2026-05-08 19:34:12] MOVE chetan (lawn green): 110→109 [0.1ms]
[2026-05-08 19:34:13] MOVE asha (gray0): 65→56 [0.1ms]
[2026-05-08 19:34:13] MOVE chetan (lawn green): 109→110 [0.2ms]
[2026-05-08 19:34:14] MOVE asha (gray0): 98→102 [0.2ms]
[2026-05-08 19:34:15] MOVE chetan (lawn green): 110→109 [0.2ms]
[2026-05-08 19:34:16] MOVE asha (gray0): 118→119 [0.1ms]
[2026-05-08 19:34:17] MOVE chetan (lawn green): 109→110 [0.1ms]
[2026-05-08 19:34:17] MOVE asha (gray0): 119→117 [0.1ms]
[2026-05-08 19:34:18] MOVE chetan (lawn green): 110→97 [0.1ms]
[2026-05-08 19:34:19] MOVE asha (gray0): 117→116 [0.1ms]
[2026-05-08 19:34:20] MOVE chetan (lawn green): 97→109 [0.1ms]
[2026-05-08 19:34:20] MOVE asha (gray0): 35→23 [0.1ms]
[2026-05-08 19:34:21] MOVE chetan (lawn green): 109→110 [0.1ms]
[2026-05-08 19:34:22] MOVE asha (gray0): 116→117 [0.3ms]
[2026-05-08 19:34:23] MOVE chetan (lawn green): 110→109 [0.1ms]
[2026-05-08 19:34:23] MOVE asha (gray0): 117→114 [0.3ms]
[2026-05-08 19:34:24] MOVE chetan (lawn green): 109→110 [0.1ms]
[2026-05-08 19:34:25] MOVE asha (gray0): 114→113 [0.1ms]
[2026-05-08 19:34:26] MOVE chetan (lawn green): 110→109 [0.1ms]
[2026-05-08 19:34:26] MOVE asha (gray0): 23→10 [0.1ms]
[2026-05-08 19:34:27] MOVE chetan (lawn green): 109→110 [0.1ms]
[2026-05-08 19:34:28] MOVE asha (gray0): 113→112 [0.1ms]
[2026-05-08 19:34:29] MOVE chetan (lawn green): 110→109 [0.1ms]
[2026-05-08 19:34:30] MOVE asha (gray0): 112→113 [0.1ms]
[2026-05-08 19:34:30] MOVE chetan (lawn green): 109→97 [0.1ms]
[2026-05-08 19:34:31] MOVE asha (gray0): 113→117 [0.1ms]
[2026-05-08 19:34:32] MOVE chetan (lawn green): 97→110 [0.1ms]
[2026-05-08 19:34:33] MOVE asha (gray0): 10→11 [0.1ms]
[2026-05-08 19:34:33] MOVE chetan (lawn green): 110→109 [0.1ms]
[2026-05-08 19:34:34] MOVE asha (gray0): 11→10 [0.1ms]
[2026-05-08 19:34:35] MOVE chetan (lawn green): 83→73 [0.2ms]
[2026-05-08 19:34:36] MOVE asha (gray0): 117→113 [0.1ms]
[2026-05-08 19:34:37] MOVE chetan (lawn green): 1→0 [0.1ms]
[2026-05-08 19:34:37] MOVE asha (gray0): 113→116 [0.1ms]
[2026-05-08 19:34:38] MOVE chetan (lawn green): 109→110 [0.4ms]
[2026-05-08 19:34:39] MOVE asha (gray0): 116→119 [0.1ms]
[2026-05-08 19:34:39] MOVE chetan (lawn green): 73→83 [0.1ms]
[2026-05-08 19:34:40] MOVE asha (gray0): 119→120 [0.1ms]
[2026-05-08 19:34:41] MOVE chetan (lawn green): 110→109 [0.1ms]
[2026-05-08 19:34:42] MOVE asha (gray0): 120→119 [0.1ms]
[2026-05-08 19:34:42] MOVE chetan (lawn green): 109→110 [0.1ms]
[2026-05-08 19:34:43] MOVE asha (gray0): 119→116 [0.2ms]
[2026-05-08 19:34:44] MOVE chetan (lawn green): 110→97 [0.1ms]
[2026-05-08 19:34:45] MOVE asha (gray0): 116→115 [0.1ms]
[2026-05-08 19:34:46] MOVE chetan (lawn green): 97→110 [0.1ms]
[2026-05-08 19:34:46] MOVE asha (gray0): 115→118 [0.1ms]
[2026-05-08 19:34:47] MOVE chetan (lawn green): 83→95 [0.1ms]
[2026-05-08 19:34:48] MOVE asha (gray0): 118→119 [0.1ms]
[2026-05-08 19:34:49] MOVE chetan (lawn green): 110→97 [0.1ms]
[2026-05-08 19:34:49] MOVE asha (gray0): 119→118 [0.1ms]
[2026-05-08 19:34:50] MOVE chetan (lawn green): 97→110 [0.1ms]
[2026-05-08 19:34:51] MOVE asha (gray0): 118→120 [0.1ms]
[2026-05-08 19:34:52] MOVE chetan (lawn green): 0→1 [0.2ms]
[2026-05-08 19:34:52] MOVE asha (gray0): 111→66 [0.1ms]
[2026-05-08 19:34:53] MOVE chetan (lawn green): 95→108 [0.1ms]
[2026-05-08 19:34:54] MOVE asha (gray0): 66→57 [0.1ms]
[2026-05-08 19:34:55] MOVE chetan (lawn green): 110→109 [0.2ms]
[2026-05-08 19:34:56] MOVE asha (gray0): 120→119 [0.1ms]
[2026-05-08 19:34:56] MOVE chetan (lawn green): 54→64 [0.1ms]
[2026-05-08 19:34:57] MOVE asha (gray0): 119→120 [0.2ms]
[2026-05-08 19:34:58] MOVE chetan (lawn green): 109→110 [0.1ms]
[2026-05-08 19:34:59] MOVE asha (gray0): 120→119 [0.1ms]
[2026-05-08 19:35:00] MOVE chetan (lawn green): 110→109 [0.1ms]
[2026-05-08 19:35:00] MOVE asha (gray0): 57→67 [0.1ms]
[2026-05-08 19:35:01] MOVE chetan (lawn green): 109→110 [0.1ms]
[2026-05-08 19:35:02] MOVE asha (gray0): 119→118 [0.1ms]
[2026-05-08 19:35:03] MOVE chetan (lawn green): 110→109 [0.1ms]
[2026-05-08 19:35:03] MOVE asha (gray0): 118→119 [0.1ms]
[2026-05-08 19:35:04] MOVE chetan (lawn green): 109→107 [0.2ms]
[2026-05-08 19:35:05] MOVE asha (gray0): 119→117 [0.1ms]
[2026-05-08 19:35:06] MOVE chetan (lawn green): 107→106 [0.1ms]
[2026-05-08 19:35:06] MOVE asha (gray0): 117→119 [0.2ms]
[2026-05-08 19:35:07] MOVE chetan (lawn green): 106→93 [0.1ms]
[2026-05-08 19:35:08] MOVE asha (gray0): 119→120 [0.1ms]
[2026-05-08 19:35:09] MOVE chetan (lawn green): 93→92 [0.1ms]
[2026-05-08 19:35:09] MOVE asha (gray0): 120→119 [0.1ms]
[2026-05-08 19:35:10] MOVE chetan (lawn green): 92→104 [0.1ms]
[2026-05-08 19:35:11] MOVE asha (gray0): 119→118 [0.1ms]
[2026-05-08 19:35:12] MOVE chetan (lawn green): 104→112 [0.1ms]
[2026-05-08 19:35:13] MOVE asha (gray0): 118→120 [0.1ms]
[2026-05-08 19:35:13] MOVE chetan (lawn green): 112→116 [0.2ms]
[2026-05-08 19:35:14] MOVE asha (gray0): 120→118 [0.1ms]
[2026-05-08 19:35:15] MOVE chetan (lawn green): 116→117 [0.1ms]
[2026-05-08 19:35:16] MOVE asha (gray0): 118→120 [0.1ms]
[2026-05-08 19:35:16] MOVE chetan (lawn green): 117→119 [0.1ms]
[2026-05-08 19:35:17] MOVE asha (gray0): 67→68 [0.1ms]
[2026-05-08 19:35:18] MOVE chetan (lawn green): 119→118 [0.1ms]
[2026-05-08 19:35:19] MOVE asha (gray0): 120→119 [0.2ms]
[2026-05-08 19:35:20] MOVE chetan (lawn green): 118→120 [0.1ms]
[2026-05-08 19:35:20] MOVE asha (gray0): 119→118 [0.1ms]
[2026-05-08 19:35:21] MOVE chetan (lawn green): 120→119 [0.1ms]
[2026-05-08 19:35:22] MOVE asha (gray0): 118→120 [0.1ms]
[2026-05-08 19:35:23] MOVE chetan (lawn green): 108→109 [0.1ms]
[2026-05-08 19:35:23] MOVE asha (gray0): 68→69 [0.1ms]
[2026-05-08 19:35:24] MOVE chetan (lawn green): 43→31 [0.1ms]
[2026-05-08 19:35:25] MOVE asha (gray0): 69→68 [0.1ms]
[2026-05-08 19:35:25] MOVE chetan (lawn green): 119→117 [0.2ms]
[2026-05-08 19:35:26] MOVE asha (gray0): 120→119 [0.2ms]
[2026-05-08 19:35:27] MOVE chetan (lawn green): 117→120 [0.2ms]
[2026-05-08 19:35:28] MOVE asha (gray0): 119→118 [0.1ms]
[2026-05-08 19:35:28] MOVE chetan (lawn green): 31→32 [0.1ms]
[2026-05-08 19:35:29] MOVE asha (gray0): 118→119 [0.1ms]
[2026-05-08 19:35:30] MOVE chetan (lawn green): 120→117 [0.1ms]
[2026-05-08 19:35:30] MOVE asha (gray0): 119→114 [0.3ms]
[2026-05-08 19:35:31] MOVE chetan (lawn green): 117→119 [0.1ms]
[2026-05-08 19:35:32] MOVE asha (gray0): 114→117 [0.1ms]
[2026-05-08 19:35:32] MOVE chetan (lawn green): 119→120 [0.1ms]
[2026-05-08 19:35:33] MOVE asha (gray0): 117→116 [0.1ms]
[2026-05-08 19:35:34] MOVE chetan (lawn green): 109→110 [0.1ms]
[2026-05-08 19:35:35] MOVE asha (gray0): 116→119 [0.4ms]
[2026-05-08 19:35:35] MOVE chetan (lawn green): 120→118 [0.1ms]
[2026-05-08 19:35:36] MOVE asha (gray0): 119→117 [0.1ms]
[2026-05-08 19:35:37] MOVE chetan (lawn green): 118→116 [0.1ms]
[2026-05-08 19:35:38] MOVE asha (gray0): 117→115 [0.1ms]
[2026-05-08 19:35:38] MOVE chetan (lawn green): 116→119 [0.1ms]
[2026-05-08 19:35:39] MOVE asha (gray0): 115→118 [0.1ms]
[2026-05-08 19:35:40] MOVE chetan (lawn green): 119→120 [0.1ms]
[2026-05-08 19:35:41] MOVE asha (gray0): 118→119 [0.1ms]
[2026-05-08 19:35:41] MOVE chetan (lawn green): 1→0 [0.1ms]
[2026-05-08 19:35:42] MOVE asha (gray0): 119→118 [0.1ms]
[2026-05-08 19:35:43] MOVE chetan (lawn green): 32→55 [0.2ms]
[2026-05-08 19:35:44] MOVE asha (gray0): 118→116 [0.2ms]
[2026-05-08 19:35:45] MOVE chetan (lawn green): 120→119 [0.1ms]
[2026-05-08 19:35:45] MOVE asha (gray0): 116→117 [0.1ms]
[2026-05-08 19:35:46] MOVE chetan (lawn green): 119→118 [0.1ms]
[2026-05-08 19:35:47] MOVE asha (gray0): 117→119 [0.3ms]
[2026-05-08 19:35:48] MOVE chetan (lawn green): 118→120 [0.1ms]
[2026-05-08 19:35:48] MOVE asha (gray0): 10→11 [0.1ms]
[2026-05-08 19:35:49] MOVE chetan (lawn green): 120→117 [0.2ms]
[2026-05-08 19:35:50] MOVE asha (gray0): 119→120 [0.1ms]
[2026-05-08 19:35:51] MOVE chetan (lawn green): 53→63 [0.1ms]
[2026-05-08 19:35:51] MOVE asha (gray0): 120→119 [0.1ms]
[2026-05-08 19:35:52] MOVE chetan (lawn green): 117→120 [0.1ms]
[2026-05-08 19:35:53] MOVE asha (gray0): 119→118 [0.1ms]
[2026-05-08 19:35:54] MOVE chetan (lawn green): 120→119 [0.1ms]
[2026-05-08 19:35:54] MOVE asha (gray0): 118→116 [0.2ms]
[2026-05-08 19:35:55] MOVE chetan (lawn green): 119→120 [0.1ms]
[2026-05-08 19:35:56] MOVE asha (gray0): 116→118 [0.1ms]
[2026-05-08 19:35:57] MOVE chetan (lawn green): 120→115 [0.1ms]
[2026-05-08 19:35:57] MOVE asha (gray0): 118→120 [0.1ms]
[2026-05-08 19:35:58] MOVE chetan (lawn green): 115→118 [0.1ms]
[2026-05-08 19:35:59] MOVE asha (gray0): 120→119 [0.1ms]
[2026-05-08 19:36:00] MOVE chetan (lawn green): 118→120 [0.1ms]
[2026-05-08 19:36:01] MOVE asha (gray0): 119→116 [0.2ms]
[2026-05-08 19:36:01] MOVE chetan (lawn green): 120→119 [0.1ms]
[2026-05-08 19:36:02] MOVE asha (gray0): 116→117 [0.1ms]
[2026-05-08 19:36:03] MOVE chetan (lawn green): 119→120 [0.1ms]
[2026-05-08 19:36:04] MOVE asha (gray0): 11→10 [0.2ms]
[2026-05-08 19:36:04] MOVE chetan (lawn green): 120→119 [0.1ms]
[2026-05-08 19:36:05] MOVE asha (gray0): 117→120 [0.1ms]
[2026-05-08 19:36:06] MOVE chetan (lawn green): 119→118 [0.1ms]
[2026-05-08 19:36:07] MOVE asha (gray0): 120→119 [0.2ms]
[2026-05-08 19:36:08] MOVE chetan (lawn green): 118→120 [0.1ms]
[2026-05-08 19:36:09] MOVE asha (gray0): 119→117 [0.2ms]
[2026-05-08 19:36:09] MOVE chetan (lawn green): 110→109 [0.2ms]
[2026-05-08 19:36:10] MOVE asha (gray0): 117→119 [0.1ms]
[2026-05-08 19:36:11] MOVE chetan (lawn green): 120→118 [0.1ms]
[2026-05-08 19:36:12] MOVE asha (gray0): 119→120 [0.1ms]
[2026-05-08 19:36:12] MOVE chetan (lawn green): 118→116 [0.1ms]
[2026-05-08 19:36:13] MOVE asha (gray0): 120→119 [0.1ms]
[2026-05-08 19:36:14] MOVE chetan (lawn green): 116→117 [0.1ms]
[2026-05-08 19:36:15] MOVE asha (gray0): 119→114 [0.1ms]
[2026-05-08 19:36:16] MOVE chetan (lawn green): 117→113 [0.1ms]
[2026-05-08 19:36:17] MOVE asha (gray0): 114→112 [0.1ms]
[2026-05-08 19:36:17] MOVE chetan (lawn green): 113→117 [0.1ms]
[2026-05-08 19:36:18] MOVE asha (gray0): 112→116 [0.1ms]
[2026-05-08 19:36:19] MOVE chetan (lawn green): 117→114 [0.1ms]
[2026-05-08 19:36:20] MOVE asha (gray0): 116→119 [0.1ms]
[2026-05-08 19:36:20] MOVE chetan (lawn green): 114→106 [0.6ms]
[2026-05-08 19:36:21] MOVE asha (gray0): 119→118 [0.1ms]
[2026-05-08 19:36:22] MOVE chetan (lawn green): 106→94 [0.1ms]
[2026-05-08 19:36:23] MOVE asha (gray0): 118→120 [0.1ms]
[2026-05-08 19:36:24] MOVE chetan (lawn green): 94→106 [0.1ms]
[2026-05-08 19:36:24] MOVE asha (gray0): 10→11 [0.1ms]
[2026-05-08 19:36:25] MOVE chetan (lawn green): 106→94 [0.2ms]
[2026-05-08 19:36:26] MOVE asha (gray0): 120→119 [0.1ms]
[2026-05-08 19:36:27] MOVE chetan (lawn green): 94→106 [0.1ms]
[2026-05-08 19:36:28] MOVE asha (gray0): 11→10 [0.1ms]
[2026-05-08 19:36:28] MOVE chetan (lawn green): 0→1 [0.1ms]
[2026-05-08 19:36:29] MOVE asha (gray0): 119→120 [0.1ms]
[2026-05-08 19:36:30] MOVE chetan (lawn green): 106→107 [0.1ms]
[2026-05-08 19:36:31] MOVE asha (gray0): 120→119 [0.1ms]
[2026-05-08 19:36:31] MOVE chetan (lawn green): 107→106 [0.1ms]
[2026-05-08 19:36:32] MOVE asha (gray0): 119→118 [0.1ms]
[2026-05-08 19:36:33] MOVE chetan (lawn green): 1→0 [0.1ms]
[2026-05-08 19:36:34] MOVE asha (gray0): 10→11 [0.2ms]
[2026-05-08 19:36:34] MOVE chetan (lawn green): 109→96 [0.2ms]
[2026-05-08 19:36:35] MOVE asha (gray0): 118→116 [0.1ms]
[2026-05-08 19:36:36] MOVE chetan (lawn green): 96→109 [0.2ms]
[2026-05-08 19:36:37] MOVE asha (gray0): 116→118 [0.1ms]
[2026-05-08 19:36:37] MOVE chetan (lawn green): 106→114 [0.1ms]
[2026-05-08 19:36:38] MOVE asha (gray0): 118→119 [0.2ms]
[2026-05-08 19:36:39] MOVE chetan (lawn green): 114→117 [0.1ms]
[2026-05-08 19:36:40] MOVE asha (gray0): 119→120 [0.1ms]
[2026-05-08 19:36:40] MOVE chetan (lawn green): 117→119 [0.1ms]
[2026-05-08 19:36:41] MOVE asha (gray0): 120→118 [0.1ms]
[2026-05-08 19:36:42] MOVE chetan (lawn green): 119→117 [0.1ms]
[2026-05-08 19:36:43] MOVE asha (gray0): 118→119 [0.1ms]
[2026-05-08 19:36:43] MOVE chetan (lawn green): 117→116 [0.2ms]
[2026-05-08 19:36:44] MOVE asha (gray0): 119→117 [0.1ms]
[2026-05-08 19:36:45] MOVE chetan (lawn green): 109→96 [0.1ms]
[2026-05-08 19:36:46] MOVE asha (gray0): 117→119 [0.1ms]
[2026-05-08 19:36:47] MOVE chetan (lawn green): 116→112 [0.1ms]
[2026-05-08 19:36:47] MOVE asha (gray0): 119→118 [0.1ms]
[2026-05-08 19:36:48] MOVE chetan (lawn green): 112→116 [0.1ms]
[2026-05-08 19:36:49] MOVE asha (gray0): 118→120 [0.1ms]
[2026-05-08 19:36:50] MOVE chetan (lawn green): 116→119 [0.1ms]
[2026-05-08 19:36:50] MOVE asha (gray0): 120→118 [0.2ms]
[2026-05-08 19:36:51] MOVE chetan (lawn green): 119→120 [0.1ms]
[2026-05-08 19:36:52] MOVE asha (gray0): 118→119 [0.1ms]
[2026-05-08 19:36:52] MOVE chetan (lawn green): 120→118 [0.1ms]
[2026-05-08 19:36:53] MOVE asha (gray0): 119→120 [0.1ms]
[2026-05-08 19:36:54] MOVE chetan (lawn green): 0→1 [0.1ms]
[2026-05-08 19:36:55] MOVE asha (gray0): 120→115 [0.2ms]
[2026-05-08 19:36:55] MOVE chetan (lawn green): 118→87 [0.2ms]
[2026-05-08 19:36:56] MOVE asha (gray0): 115→118 [0.1ms]
[2026-05-08 19:36:57] MOVE chetan (lawn green): 87→111 [0.1ms]
[2026-05-08 19:36:58] MOVE asha (gray0): 118→119 [0.1ms]
[2026-05-08 19:36:59] MOVE chetan (lawn green): 111→112 [0.1ms]
[2026-05-08 19:36:59] MOVE asha (gray0): 119→120 [0.1ms]
[2026-05-08 19:37:00] MOVE chetan (lawn green): 112→116 [0.1ms]
[2026-05-08 19:37:01] MOVE asha (gray0): 120→119 [0.1ms]
[2026-05-08 19:37:02] MOVE chetan (lawn green): 1→0 [0.1ms]
[2026-05-08 19:37:02] MOVE asha (gray0): 11→10 [0.2ms]
[2026-05-08 19:37:03] MOVE chetan (lawn green): 116→118 [0.2ms]
[2026-05-08 19:37:04] MOVE asha (gray0): 119→120 [0.1ms]
[2026-05-08 19:37:05] MOVE chetan (lawn green): 118→119 [0.1ms]
[2026-05-08 19:37:05] MOVE asha (gray0): 120→118 [0.1ms]
[2026-05-08 19:37:06] MOVE chetan (lawn green): 119→117 [0.1ms]
[2026-05-08 19:37:07] MOVE asha (gray0): 118→120 [0.1ms]
[2026-05-08 19:37:08] MOVE chetan (lawn green): 20→33 [0.1ms]
[2026-05-08 19:37:08] MOVE asha (gray0): 120→119 [0.1ms]
[2026-05-08 19:37:09] MOVE chetan (lawn green): 117→113 [0.1ms]
[2026-05-08 19:37:10] MOVE asha (gray0): 119→118 [0.1ms]
[2026-05-08 19:37:11] MOVE chetan (lawn green): 113→114 [0.1ms]
[2026-05-08 19:37:12] MOVE asha (gray0): 118→116 [0.1ms]
[2026-05-08 19:37:12] MOVE chetan (lawn green): 114→117 [0.2ms]
[2026-05-08 19:37:13] MOVE asha (gray0): 116→119 [0.2ms]
[2026-05-08 19:37:14] MOVE chetan (lawn green): 117→120 [0.2ms]
[2026-05-08 19:37:15] MOVE asha (gray0): 119→118 [0.1ms]
[2026-05-08 19:37:15] MOVE chetan (lawn green): 120→119 [0.1ms]
[2026-05-08 19:37:16] MOVE asha (gray0): 118→120 [0.1ms]
[2026-05-08 19:37:17] MOVE chetan (lawn green): 119→118 [0.1ms]
[2026-05-08 19:37:18] MOVE asha (gray0): 120→119 [0.1ms]
[2026-05-08 19:37:18] MOVE chetan (lawn green): 118→120 [0.1ms]
[2026-05-08 19:37:19] MOVE asha (gray0): 119→117 [0.1ms]
[2026-05-08 19:37:20] MOVE chetan (lawn green): 120→119 [0.1ms]
[2026-05-08 19:37:21] MOVE asha (gray0): 117→116 [0.1ms]
[2026-05-08 19:37:21] MOVE chetan (lawn green): 119→118 [0.1ms]
[2026-05-08 19:37:22] MOVE asha (gray0): 68→69 [0.1ms]
[2026-05-08 19:37:23] MOVE chetan (lawn green): 118→120 [0.1ms]
[2026-05-08 19:37:24] MOVE asha (gray0): 116→119 [0.1ms]
[2026-05-08 19:37:25] MOVE chetan (lawn green): 120→118 [0.1ms]
[2026-05-08 19:37:25] MOVE asha (gray0): 119→117 [0.1ms]
[2026-05-08 19:37:26] MOVE chetan (lawn green): 118→120 [0.2ms]
[2026-05-08 19:37:27] MOVE asha (gray0): 10→11 [0.2ms]
[2026-05-08 19:37:28] MOVE chetan (lawn green): 120→119 [0.1ms]
[2026-05-08 19:37:28] MOVE asha (gray0): 117→114 [0.2ms]
[2026-05-08 19:37:29] MOVE chetan (lawn green): 119→117 [0.1ms]
[2026-05-08 19:37:30] MOVE asha (gray0): 114→106 [0.1ms]
[2026-05-08 19:37:31] MOVE chetan (lawn green): 117→119 [0.1ms]
[2026-05-08 19:37:32] MOVE asha (gray0): 106→114 [0.1ms]
[2026-05-08 19:37:32] MOVE chetan (lawn green): 96→97 [0.1ms]
[2026-05-08 19:37:33] MOVE asha (gray0): 114→113 [0.2ms]
[2026-05-08 19:37:34] MOVE chetan (lawn green): 55→53 [0.1ms]
[2026-05-08 19:37:35] MOVE asha (gray0): 113→117 [0.1ms]
[2026-05-08 19:37:36] MOVE chetan (lawn green): 119→118 [0.1ms]
[2026-05-08 19:37:37] MOVE asha (gray0): 69→59 [0.1ms]
[2026-05-08 19:37:37] MOVE chetan (lawn green): 118→119 [0.1ms]
[2026-05-08 19:37:38] MOVE asha (gray0): 59→69 [0.1ms]
[2026-05-08 19:37:39] MOVE chetan (lawn green): 53→73 [0.1ms]
[2026-05-08 19:37:40] MOVE asha (gray0): 117→116 [0.2ms]
[2026-05-08 19:37:40] MOVE chetan (lawn green): 119→120 [0.4ms]
[2026-05-08 19:37:41] MOVE asha (gray0): 116→115 [0.1ms]
[2026-05-08 19:37:42] MOVE chetan (lawn green): 120→119 [0.1ms]
[2026-05-08 19:37:42] MOVE asha (gray0): 115→116 [0.1ms]
[2026-05-08 19:37:43] MOVE chetan (lawn green): 119→112 [0.1ms]
[2026-05-08 19:37:44] MOVE asha (gray0): 116→119 [0.1ms]
[2026-05-08 19:37:45] MOVE chetan (lawn green): 112→116 [0.1ms]
[2026-05-08 19:37:46] MOVE asha (gray0): 119→120 [0.1ms]
[2026-05-08 19:37:47] MOVE chetan (lawn green): 116→118 [0.2ms]
[2026-05-08 19:37:47] MOVE asha (gray0): 120→119 [0.1ms]
[2026-05-08 19:37:48] MOVE chetan (lawn green): 118→120 [0.1ms]
[2026-05-08 19:37:49] MOVE asha (gray0): 11→10 [0.1ms]
[2026-05-08 19:37:50] MOVE chetan (lawn green): 97→109 [0.2ms]
[2026-05-08 19:37:50] MOVE asha (gray0): 119→118 [0.1ms]
[2026-05-08 19:37:51] MOVE chetan (lawn green): 120→115 [0.2ms]
[2026-05-08 19:37:52] MOVE asha (gray0): 118→119 [0.1ms]
[2026-05-08 19:37:52] MOVE chetan (lawn green): 115→118 [0.1ms]
[2026-05-08 19:37:53] MOVE asha (gray0): 119→120 [0.2ms]
[2026-05-08 19:37:54] MOVE chetan (lawn green): 118→119 [0.2ms]
[2026-05-08 19:37:54] MOVE asha (gray0): 120→118 [0.1ms]
[2026-05-08 19:37:55] MOVE chetan (lawn green): 0→1 [0.2ms]
[2026-05-08 19:37:56] MOVE asha (gray0): 118→116 [0.2ms]
[2026-05-08 19:37:57] MOVE chetan (lawn green): 119→117 [0.3ms]
[2026-05-08 19:37:57] MOVE asha (gray0): 116→119 [0.1ms]
[2026-05-08 19:37:58] MOVE chetan (lawn green): 117→114 [0.2ms]
[2026-05-08 19:37:59] MOVE asha (gray0): 119→120 [0.1ms]
[2026-05-08 19:38:00] MOVE chetan (lawn green): 109→108 [0.1ms]
[2026-05-08 19:38:01] MOVE asha (gray0): 120→119 [0.1ms]
[2026-05-08 19:38:01] MOVE chetan (lawn green): 114→113 [0.3ms]
[2026-05-08 19:38:02] MOVE asha (gray0): 119→117 [0.1ms]
[2026-05-08 19:38:03] MOVE chetan (lawn green): 113→114 [0.2ms]
[2026-05-08 19:38:04] MOVE asha (gray0): 117→106 [0.1ms]
[2026-05-08 19:38:04] MOVE chetan (lawn green): 114→117 [0.1ms]
[2026-05-08 19:38:05] MOVE asha (gray0): 106→105 [0.4ms]
[2026-05-08 19:38:06] MOVE chetan (lawn green): 117→119 [0.1ms]
[2026-05-08 19:38:07] MOVE asha (gray0): 105→114 [0.1ms]
[2026-05-08 19:38:07] MOVE chetan (lawn green): 119→118 [0.1ms]
[2026-05-08 19:38:08] MOVE asha (gray0): 69→79 [0.1ms]
[2026-05-08 19:38:09] MOVE chetan (lawn green): 118→116 [0.1ms]
[2026-05-08 19:38:10] MOVE asha (gray0): 114→113 [0.1ms]
[2026-05-08 19:38:10] MOVE chetan (lawn green): 116→119 [0.1ms]
[2026-05-08 19:38:11] MOVE asha (gray0): 113→114 [0.1ms]
[2026-05-08 19:38:12] MOVE chetan (lawn green): 1→0 [0.1ms]
[2026-05-08 19:38:13] MOVE asha (gray0): 114→117 [0.1ms]
[2026-05-08 19:38:14] MOVE chetan (lawn green): 119→120 [0.1ms]
[2026-05-08 19:38:14] MOVE asha (gray0): 117→119 [0.1ms]
[2026-05-08 19:38:15] MOVE chetan (lawn green): 108→95 [0.1ms]
[2026-05-08 19:38:16] MOVE asha (gray0): 119→118 [0.2ms]
[2026-05-08 19:38:17] MOVE chetan (lawn green): 34→45 [0.1ms]
[2026-05-08 19:38:17] MOVE asha (gray0): 79→69 [0.1ms]
[2026-05-08 19:38:18] MOVE chetan (lawn green): 120→119 [0.1ms]
[2026-05-08 19:38:19] MOVE asha (gray0): 118→120 [0.2ms]
[2026-05-08 19:38:20] MOVE chetan (lawn green): 95→96 [0.1ms]
[2026-05-08 19:38:21] MOVE asha (gray0): 120→117 [0.2ms]
[2026-05-08 19:38:21] MOVE chetan (lawn green): 63→72 [0.1ms]
[2026-05-08 19:38:22] MOVE asha (gray0): 117→116 [0.2ms]
[2026-05-08 19:38:23] MOVE chetan (lawn green): 119→118 [0.2ms]
[2026-05-08 19:38:24] MOVE asha (gray0): 116→119 [0.2ms]
[2026-05-08 19:38:24] MOVE chetan (lawn green): 118→115 [0.1ms]
[2026-05-08 19:38:25] MOVE asha (gray0): 69→80 [0.1ms]
[2026-05-08 19:38:26] MOVE chetan (lawn green): 115→112 [0.1ms]
[2026-05-08 19:38:27] MOVE asha (gray0): 119→116 [0.1ms]
[2026-05-08 19:38:27] MOVE chetan (lawn green): 112→103 [0.1ms]
[2026-05-08 19:38:28] MOVE asha (gray0): 116→119 [0.1ms]
[2026-05-08 19:38:29] MOVE chetan (lawn green): 103→112 [0.1ms]
[2026-05-08 19:38:30] MOVE asha (gray0): 80→92 [0.1ms]
[2026-05-08 19:38:31] MOVE chetan (lawn green): 112→111 [0.1ms]
[2026-05-08 19:38:31] MOVE asha (gray0): 119→118 [0.1ms]
[2026-05-08 19:38:32] MOVE chetan (lawn green): 111→115 [0.1ms]
[2026-05-08 19:38:33] MOVE asha (gray0): 118→116 [0.1ms]
[2026-05-08 19:38:34] MOVE chetan (lawn green): 115→117 [0.3ms]
[2026-05-08 19:38:35] MOVE asha (gray0): 116→119 [0.2ms]
[2026-05-08 19:38:35] MOVE chetan (lawn green): 117→116 [0.1ms]
[2026-05-08 19:38:36] MOVE asha (gray0): 92→93 [0.1ms]
[2026-05-08 19:38:37] MOVE chetan (lawn green): 116→117 [0.1ms]
[2026-05-08 19:38:38] MOVE asha (gray0): 119→120 [0.1ms]
[2026-05-08 19:38:38] MOVE chetan (lawn green): 117→119 [0.1ms]
[2026-05-08 19:38:39] MOVE asha (gray0): 120→117 [0.1ms]
[2026-05-08 19:38:40] MOVE chetan (lawn green): 119→118 [0.1ms]
[2026-05-08 19:38:41] MOVE asha (gray0): 117→114 [0.1ms]
[2026-05-08 19:38:41] SCORE chetan (lawn green): Final=110.0, Time=0.0, Moves(260)=0.0, Pins(0)=0.0, Dist=110.0
[2026-05-08 19:38:41] SCORE asha (gray0): Final=110.0, Time=0.0, Moves(260)=0.0, Pins(0)=0.0, Dist=110.0
[2026-05-08 19:38:41] GAME TIME LIMIT REACHED.
[2026-05-08 19:38:41] SCORE chetan (lawn green): Final=110.0, Time=0.0, Moves(260)=0.0, Pins(0)=0.0, Dist=110.0
[2026-05-08 19:38:41] SCORE asha (gray0): Final=110.0, Time=0.0, Moves(260)=0.0, Pins(0)=0.0, Dist=110.0
[2026-05-08 19:38:41] GAME TIME LIMIT REACHED.
[2026-05-08 19:38:42] SCORE chetan (lawn green): Final=110.0, Time=0.0, Moves(260)=0.0, Pins(0)=0.0, Dist=110.0
[2026-05-08 19:38:42] SCORE asha (gray0): Final=110.0, Time=0.0, Moves(260)=0.0, Pins(0)=0.0, Dist=110.0
[2026-05-08 19:38:42] GAME TIME LIMIT REACHED.
